[lvl_health]
health="14"
[lvl_objects_72]
obj_item="0"
obj_asset="782"
obj_y="0"
obj_x="0"
[lvl_objects_71]
obj_item="0"
obj_asset="1602"
obj_y="880"
obj_x="0"
[lvl_objects_70]
obj_item="0"
obj_asset="1498"
obj_y="392"
obj_x="448"
[lvl_objects_69]
obj_item="0"
obj_asset="1498"
obj_y="392"
obj_x="768"
[lvl_objects_68]
obj_item="0"
obj_asset="1498"
obj_y="392"
obj_x="576"
[lvl_objects_67]
obj_item="0"
obj_asset="1498"
obj_y="392"
obj_x="640"
[lvl_objects_66]
obj_item="0"
obj_asset="1602"
obj_y="912"
obj_x="384"
[lvl_objects_65]
obj_item="0"
obj_asset="1601"
obj_y="912"
obj_x="640"
[lvl_objects_64]
obj_item="0"
obj_asset="1601"
obj_y="880"
obj_x="768"
[lvl_objects_63]
obj_item="0"
obj_asset="1612"
obj_y="1048"
obj_x="128"
[lvl_objects_62]
obj_item="0"
obj_asset="1600"
obj_y="984"
obj_x="128"
[lvl_objects_61]
obj_item="0"
obj_asset="1591"
obj_y="920"
obj_x="128"
[lvl_objects_60]
obj_item="0"
obj_asset="1599"
obj_y="392"
obj_x="64"
[lvl_objects_59]
obj_item="0"
obj_asset="1600"
obj_y="456"
obj_x="64"
[lvl_objects_58]
obj_item="0"
obj_asset="1599"
obj_y="520"
obj_x="64"
[lvl_objects_57]
obj_item="0"
obj_asset="1599"
obj_y="648"
obj_x="64"
[lvl_objects_56]
obj_item="0"
obj_asset="1600"
obj_y="584"
obj_x="64"
[lvl_objects_55]
obj_item="0"
obj_asset="1612"
obj_y="264"
obj_x="64"
[lvl_objects_54]
obj_item="0"
obj_asset="1612"
obj_y="264"
obj_x="0"
[lvl_objects_53]
obj_item="0"
obj_asset="1600"
obj_y="392"
obj_x="0"
[lvl_objects_52]
obj_item="0"
obj_asset="1599"
obj_y="456"
obj_x="0"
[lvl_objects_51]
obj_item="0"
obj_asset="1600"
obj_y="520"
obj_x="0"
[lvl_objects_50]
obj_item="0"
obj_asset="1600"
obj_y="648"
obj_x="0"
[lvl_objects_49]
obj_item="0"
obj_asset="1599"
obj_y="584"
obj_x="0"
[lvl_objects_48]
obj_item="0"
obj_asset="1599"
obj_y="1080"
obj_x="960"
[lvl_objects_47]
obj_item="0"
obj_asset="1599"
obj_y="1080"
obj_x="896"
[lvl_objects_46]
obj_item="0"
obj_asset="1597"
obj_y="1080"
obj_x="1024"
[lvl_objects_45]
obj_item="0"
obj_asset="1612"
obj_y="1048"
obj_x="192"
[lvl_objects_44]
obj_item="0"
obj_asset="1612"
obj_y="1048"
obj_x="256"
[lvl_objects_43]
obj_item="0"
obj_asset="1612"
obj_y="1048"
obj_x="320"
[lvl_objects_42]
obj_item="0"
obj_asset="1597"
obj_y="1016"
obj_x="1024"
[lvl_objects_41]
obj_item="0"
obj_asset="1599"
obj_y="1016"
obj_x="512"
[lvl_objects_40]
obj_item="0"
obj_asset="1599"
obj_y="1016"
obj_x="576"
[lvl_objects_39]
obj_item="0"
obj_asset="1599"
obj_y="1016"
obj_x="960"
[lvl_objects_38]
obj_item="0"
obj_asset="1599"
obj_y="1016"
obj_x="896"
[lvl_objects_37]
obj_item="0"
obj_asset="1599"
obj_y="984"
obj_x="192"
[lvl_objects_36]
obj_item="0"
obj_asset="1600"
obj_y="984"
obj_x="256"
[lvl_objects_35]
obj_item="0"
obj_asset="1599"
obj_y="984"
obj_x="320"
[lvl_objects_34]
obj_item="0"
obj_asset="1591"
obj_y="920"
obj_x="192"
[lvl_objects_33]
obj_item="0"
obj_asset="1612"
obj_y="264"
obj_x="384"
[lvl_objects_32]
obj_item="0"
obj_asset="1612"
obj_y="264"
obj_x="320"
[lvl_objects_31]
obj_item="0"
obj_asset="1591"
obj_y="920"
obj_x="256"
[lvl_objects_30]
obj_item="0"
obj_asset="1599"
obj_y="392"
obj_x="320"
[lvl_objects_29]
obj_item="0"
obj_asset="1591"
obj_y="920"
obj_x="320"
[lvl_objects_28]
obj_item="0"
obj_asset="1599"
obj_y="520"
obj_x="320"
[lvl_objects_27]
obj_item="0"
obj_asset="1599"
obj_y="648"
obj_x="320"
[lvl_objects_26]
obj_item="0"
obj_asset="1600"
obj_y="584"
obj_x="320"
[lvl_objects_25]
obj_item="0"
obj_asset="1600"
obj_y="456"
obj_x="320"
[lvl_objects_24]
obj_item="0"
obj_asset="1590"
obj_y="888"
obj_x="1280"
[lvl_objects_23]
obj_item="0"
obj_asset="1600"
obj_y="392"
obj_x="384"
[lvl_objects_22]
obj_item="0"
obj_asset="1600"
obj_y="520"
obj_x="384"
[lvl_objects_21]
obj_item="0"
obj_asset="1600"
obj_y="648"
obj_x="384"
[lvl_objects_20]
obj_item="0"
obj_asset="1599"
obj_y="584"
obj_x="384"
[lvl_objects_19]
obj_item="0"
obj_asset="1599"
obj_y="456"
obj_x="384"
[lvl_objects_18]
obj_item="0"
obj_asset="1589"
obj_y="888"
obj_x="1088"
[lvl_objects_17]
obj_item="0"
obj_asset="1597"
obj_y="952"
obj_x="1024"
[lvl_objects_16]
obj_item="0"
obj_asset="1596"
obj_y="888"
obj_x="1024"
[lvl_objects_15]
obj_item="0"
obj_asset="1591"
obj_y="952"
obj_x="512"
[lvl_objects_14]
obj_item="0"
obj_asset="1591"
obj_y="952"
obj_x="576"
[lvl_objects_13]
obj_item="0"
obj_asset="1599"
obj_y="952"
obj_x="960"
[lvl_objects_12]
obj_item="0"
obj_asset="1599"
obj_y="952"
obj_x="960"
[lvl_objects_11]
obj_item="0"
obj_asset="1599"
obj_y="952"
obj_x="896"
[lvl_objects_10]
obj_item="0"
obj_asset="1591"
obj_y="888"
obj_x="960"
[lvl_objects_9]
obj_item="0"
obj_asset="1591"
obj_y="888"
obj_x="896"
[lvl_objects_8]
obj_item="0"
obj_asset="1590"
obj_y="520"
obj_x="864"
[lvl_objects_7]
obj_item="0"
obj_asset="1182"
obj_y="760"
obj_x="568"
[lvl_objects_6]
obj_item="0"
obj_asset="125"
obj_y="519"
obj_x="864"
[lvl_objects_5]
obj_item="0"
obj_asset="1621"
obj_y="704"
obj_x="704"
[lvl_objects_4]
obj_item="0"
obj_asset="224"
obj_y="844"
obj_x="1216"
[lvl_objects_3]
obj_item="0"
obj_asset="129"
obj_y="456"
obj_x="224"
[lvl_objects_2]
obj_ignore="-1"
[lvl_objects_1]
obj_item="0"
obj_asset="696"
obj_y="464"
obj_x="608"
[lvl_objects_0]
obj_ignore="-1"
[lvl_tiles_173]
tile_asset="1530"
tile_yscale="1"
tile_xscale="1"
tile_alpha="1"
tile_depth="-5"
tile_y="520"
tile_x="896"
[lvl_tiles_172]
tile_asset="1583"
tile_yscale="1"
tile_xscale="1"
tile_alpha="1"
tile_depth="-1"
tile_y="1064"
tile_x="0"
[lvl_tiles_171]
tile_asset="1583"
tile_yscale="1"
tile_xscale="1"
tile_alpha="1"
tile_depth="-1"
tile_y="952"
tile_x="0"
[lvl_tiles_170]
tile_ignore="-1"
[lvl_tiles_169]
tile_asset="1526"
tile_yscale="1"
tile_xscale="1"
tile_alpha="1"
tile_depth="0"
tile_y="520"
tile_x="832"
[lvl_tiles_168]
tile_asset="1525"
tile_yscale="1"
tile_xscale="1"
tile_alpha="0"
tile_depth="0"
tile_y="520"
tile_x="864"
[lvl_tiles_167]
tile_asset="1586"
tile_yscale="1"
tile_xscale="1"
tile_alpha="1"
tile_depth="0"
tile_y="584"
tile_x="992"
[lvl_tiles_166]
tile_asset="1586"
tile_yscale="1"
tile_xscale="1"
tile_alpha="1"
tile_depth="0"
tile_y="520"
tile_x="928"
[lvl_tiles_165]
tile_asset="1586"
tile_yscale="1"
tile_xscale="1"
tile_alpha="1"
tile_depth="0"
tile_y="520"
tile_x="1056"
[lvl_tiles_164]
tile_asset="1586"
tile_yscale="1"
tile_xscale="1"
tile_alpha="1"
tile_depth="0"
tile_y="456"
tile_x="992"
[lvl_tiles_163]
tile_asset="1586"
tile_yscale="1"
tile_xscale="1"
tile_alpha="1"
tile_depth="0"
tile_y="392"
tile_x="1056"
[lvl_tiles_162]
tile_asset="1586"
tile_yscale="1"
tile_xscale="1"
tile_alpha="1"
tile_depth="0"
tile_y="392"
tile_x="928"
[lvl_tiles_161]
tile_asset="1586"
tile_yscale="1"
tile_xscale="1"
tile_alpha="1"
tile_depth="0"
tile_y="328"
tile_x="992"
[lvl_tiles_160]
tile_asset="1582"
tile_yscale="1"
tile_xscale="1"
tile_alpha="1"
tile_depth="0"
tile_y="328"
tile_x="1056"
[lvl_tiles_159]
tile_asset="1582"
tile_yscale="1"
tile_xscale="1"
tile_alpha="1"
tile_depth="0"
tile_y="328"
tile_x="928"
[lvl_tiles_158]
tile_asset="1582"
tile_yscale="1"
tile_xscale="1"
tile_alpha="1"
tile_depth="0"
tile_y="392"
tile_x="992"
[lvl_tiles_157]
tile_asset="1582"
tile_yscale="1"
tile_xscale="1"
tile_alpha="1"
tile_depth="0"
tile_y="456"
tile_x="1056"
[lvl_tiles_156]
tile_asset="1582"
tile_yscale="1"
tile_xscale="1"
tile_alpha="1"
tile_depth="0"
tile_y="456"
tile_x="928"
[lvl_tiles_155]
tile_asset="1582"
tile_yscale="1"
tile_xscale="1"
tile_alpha="1"
tile_depth="0"
tile_y="584"
tile_x="1056"
[lvl_tiles_154]
tile_asset="1582"
tile_yscale="1"
tile_xscale="1"
tile_alpha="1"
tile_depth="0"
tile_y="520"
tile_x="992"
[lvl_tiles_153]
tile_asset="1582"
tile_yscale="1"
tile_xscale="1"
tile_alpha="1"
tile_depth="0"
tile_y="584"
tile_x="928"
[lvl_tiles_152]
tile_asset="1530"
tile_yscale="1"
tile_xscale="1"
tile_alpha="1"
tile_depth="0"
tile_y="584"
tile_x="896"
[lvl_tiles_151]
tile_ignore="-1"
[lvl_tiles_150]
tile_ignore="-1"
[lvl_tiles_149]
tile_ignore="-1"
[lvl_tiles_148]
tile_ignore="-1"
[lvl_tiles_147]
tile_asset="1530"
tile_yscale="1"
tile_xscale="1"
tile_alpha="1"
tile_depth="0"
tile_y="328"
tile_x="576"
[lvl_tiles_146]
tile_asset="1529"
tile_yscale="1"
tile_xscale="1"
tile_alpha="1"
tile_depth="0"
tile_y="328"
tile_x="608"
[lvl_tiles_145]
tile_asset="1529"
tile_yscale="1"
tile_xscale="1"
tile_alpha="1"
tile_depth="0"
tile_y="328"
tile_x="672"
[lvl_tiles_144]
tile_asset="1529"
tile_yscale="1"
tile_xscale="1"
tile_alpha="1"
tile_depth="0"
tile_y="328"
tile_x="736"
[lvl_tiles_143]
tile_asset="1529"
tile_yscale="1"
tile_xscale="1"
tile_alpha="1"
tile_depth="0"
tile_y="328"
tile_x="800"
[lvl_tiles_142]
tile_asset="1529"
tile_yscale="1"
tile_xscale="1"
tile_alpha="1"
tile_depth="0"
tile_y="328"
tile_x="864"
[lvl_tiles_141]
tile_asset="1529"
tile_yscale="1"
tile_xscale="1"
tile_alpha="1"
tile_depth="0"
tile_y="328"
tile_x="864"
[lvl_tiles_140]
tile_asset="1530"
tile_yscale="1"
tile_xscale="1"
tile_alpha="1"
tile_depth="0"
tile_y="392"
tile_x="896"
[lvl_tiles_139]
tile_asset="1530"
tile_yscale="1"
tile_xscale="1"
tile_alpha="1"
tile_depth="0"
tile_y="456"
tile_x="896"
[lvl_tiles_138]
tile_asset="1532"
tile_yscale="1"
tile_xscale="1"
tile_alpha="0"
tile_depth="0"
tile_y="1080"
tile_x="960"
[lvl_tiles_137]
tile_asset="1532"
tile_yscale="1"
tile_xscale="1"
tile_alpha="0"
tile_depth="0"
tile_y="1080"
tile_x="896"
[lvl_tiles_136]
tile_asset="1530"
tile_yscale="1"
tile_xscale="1"
tile_alpha="1"
tile_depth="0"
tile_y="1080"
tile_x="864"
[lvl_tiles_135]
tile_asset="1530"
tile_yscale="1"
tile_xscale="1"
tile_alpha="1"
tile_depth="0"
tile_y="1016"
tile_x="864"
[lvl_tiles_134]
tile_asset="1530"
tile_yscale="1"
tile_xscale="1"
tile_alpha="1"
tile_depth="0"
tile_y="952"
tile_x="864"
[lvl_tiles_133]
tile_asset="1532"
tile_yscale="1"
tile_xscale="1"
tile_alpha="1"
tile_depth="0"
tile_y="1016"
tile_x="896"
[lvl_tiles_132]
tile_asset="1532"
tile_yscale="1"
tile_xscale="1"
tile_alpha="1"
tile_depth="0"
tile_y="1016"
tile_x="960"
[lvl_tiles_131]
tile_asset="1532"
tile_yscale="1"
tile_xscale="1"
tile_alpha="1"
tile_depth="0"
tile_y="952"
tile_x="896"
[lvl_tiles_130]
tile_asset="1532"
tile_yscale="1"
tile_xscale="1"
tile_alpha="1"
tile_depth="0"
tile_y="952"
tile_x="960"
[lvl_tiles_129]
tile_asset="1532"
tile_yscale="1"
tile_xscale="1"
tile_alpha="0"
tile_depth="0"
tile_y="952"
tile_x="960"
[lvl_tiles_128]
tile_asset="1542"
tile_yscale="1"
tile_xscale="1"
tile_alpha="0"
tile_depth="0"
tile_y="1080"
tile_x="1024"
[lvl_tiles_127]
tile_asset="1542"
tile_yscale="1"
tile_xscale="1"
tile_alpha="0"
tile_depth="0"
tile_y="1016"
tile_x="1024"
[lvl_tiles_126]
tile_asset="1542"
tile_yscale="1"
tile_xscale="1"
tile_alpha="0"
tile_depth="0"
tile_y="952"
tile_x="1024"
[lvl_tiles_125]
tile_asset="1528"
tile_yscale="1"
tile_xscale="1"
tile_alpha="1"
tile_depth="0"
tile_y="1080"
tile_x="1312"
[lvl_tiles_124]
tile_asset="1528"
tile_yscale="1"
tile_xscale="1"
tile_alpha="1"
tile_depth="0"
tile_y="1016"
tile_x="1312"
[lvl_tiles_123]
tile_asset="1528"
tile_yscale="1"
tile_xscale="1"
tile_alpha="1"
tile_depth="0"
tile_y="952"
tile_x="1312"
[lvl_tiles_122]
tile_asset="1528"
tile_yscale="1"
tile_xscale="1"
tile_alpha="1"
tile_depth="0"
tile_y="952"
tile_x="1312"
[lvl_tiles_121]
tile_asset="1527"
tile_yscale="1"
tile_xscale="1"
tile_alpha="1"
tile_depth="0"
tile_y="1080"
tile_x="1088"
[lvl_tiles_120]
tile_asset="1527"
tile_yscale="1"
tile_xscale="1"
tile_alpha="1"
tile_depth="0"
tile_y="1016"
tile_x="1088"
[lvl_tiles_119]
tile_asset="1527"
tile_yscale="1"
tile_xscale="1"
tile_alpha="1"
tile_depth="0"
tile_y="952"
tile_x="1088"
[lvl_tiles_118]
tile_asset="1527"
tile_yscale="1"
tile_xscale="1"
tile_alpha="1"
tile_depth="0"
tile_y="952"
tile_x="1088"
[lvl_tiles_117]
tile_asset="1525"
tile_yscale="1"
tile_xscale="1"
tile_alpha="0"
tile_depth="0"
tile_y="888"
tile_x="1280"
[lvl_tiles_116]
tile_asset="1524"
tile_yscale="1"
tile_xscale="1"
tile_alpha="1"
tile_depth="0"
tile_y="888"
tile_x="1216"
[lvl_tiles_115]
tile_asset="1524"
tile_yscale="1"
tile_xscale="1"
tile_alpha="1"
tile_depth="0"
tile_y="888"
tile_x="1152"
[lvl_tiles_114]
tile_asset="1523"
tile_yscale="1"
tile_xscale="1"
tile_alpha="0"
tile_depth="0"
tile_y="888"
tile_x="1088"
[lvl_tiles_113]
tile_asset="1537"
tile_yscale="1"
tile_xscale="1"
tile_alpha="0"
tile_depth="0"
tile_y="888"
tile_x="1024"
[lvl_tiles_112]
tile_asset="1536"
tile_yscale="1"
tile_xscale="1"
tile_alpha="0"
tile_depth="0"
tile_y="888"
tile_x="960"
[lvl_tiles_111]
tile_asset="1536"
tile_yscale="1"
tile_xscale="1"
tile_alpha="0"
tile_depth="0"
tile_y="888"
tile_x="896"
[lvl_tiles_110]
tile_asset="1529"
tile_yscale="1"
tile_xscale="1"
tile_alpha="1"
tile_depth="0"
tile_y="1112"
tile_x="128"
[lvl_tiles_109]
tile_asset="1529"
tile_yscale="1"
tile_xscale="1"
tile_alpha="1"
tile_depth="0"
tile_y="1112"
tile_x="192"
[lvl_tiles_108]
tile_asset="1529"
tile_yscale="1"
tile_xscale="1"
tile_alpha="1"
tile_depth="0"
tile_y="1112"
tile_x="256"
[lvl_tiles_107]
tile_asset="1529"
tile_yscale="1"
tile_xscale="1"
tile_alpha="1"
tile_depth="0"
tile_y="1112"
tile_x="320"
[lvl_tiles_106]
tile_asset="1529"
tile_yscale="1"
tile_xscale="1"
tile_alpha="1"
tile_depth="0"
tile_y="1112"
tile_x="320"
[lvl_tiles_105]
tile_asset="1529"
tile_yscale="1"
tile_xscale="1"
tile_alpha="1"
tile_depth="0"
tile_y="1144"
tile_x="576"
[lvl_tiles_104]
tile_asset="1529"
tile_yscale="1"
tile_xscale="1"
tile_alpha="1"
tile_depth="0"
tile_y="1144"
tile_x="512"
[lvl_tiles_103]
tile_asset="1529"
tile_yscale="1"
tile_xscale="1"
tile_alpha="1"
tile_depth="0"
tile_y="1080"
tile_x="576"
[lvl_tiles_102]
tile_asset="1529"
tile_yscale="1"
tile_xscale="1"
tile_alpha="1"
tile_depth="0"
tile_y="1080"
tile_x="512"
[lvl_tiles_101]
tile_asset="1529"
tile_yscale="1"
tile_xscale="1"
tile_alpha="1"
tile_depth="0"
tile_y="1080"
tile_x="512"
[lvl_tiles_100]
tile_asset="1532"
tile_yscale="1"
tile_xscale="1"
tile_alpha="0"
tile_depth="0"
tile_y="1016"
tile_x="576"
[lvl_tiles_99]
tile_asset="1532"
tile_yscale="1"
tile_xscale="1"
tile_alpha="0"
tile_depth="0"
tile_y="1016"
tile_x="512"
[lvl_tiles_98]
tile_asset="1587"
tile_yscale="1"
tile_xscale="1"
tile_alpha="1"
tile_depth="0"
tile_y="648"
tile_x="448"
[lvl_tiles_97]
tile_asset="1529"
tile_yscale="1"
tile_xscale="1"
tile_alpha="1"
tile_depth="0"
tile_y="264"
tile_x="512"
[lvl_tiles_96]
tile_asset="1529"
tile_yscale="1"
tile_xscale="1"
tile_alpha="1"
tile_depth="0"
tile_y="264"
tile_x="448"
[lvl_tiles_95]
tile_asset="1529"
tile_yscale="1"
tile_xscale="1"
tile_alpha="1"
tile_depth="0"
tile_y="328"
tile_x="512"
[lvl_tiles_94]
tile_asset="1529"
tile_yscale="1"
tile_xscale="1"
tile_alpha="1"
tile_depth="0"
tile_y="328"
tile_x="448"
[lvl_tiles_93]
tile_asset="1529"
tile_yscale="1"
tile_xscale="1"
tile_alpha="1"
tile_depth="0"
tile_y="392"
tile_x="512"
[lvl_tiles_92]
tile_asset="1529"
tile_yscale="1"
tile_xscale="1"
tile_alpha="1"
tile_depth="0"
tile_y="392"
tile_x="448"
[lvl_tiles_91]
tile_asset="1529"
tile_yscale="1"
tile_xscale="1"
tile_alpha="1"
tile_depth="0"
tile_y="456"
tile_x="512"
[lvl_tiles_90]
tile_asset="1529"
tile_yscale="1"
tile_xscale="1"
tile_alpha="1"
tile_depth="0"
tile_y="456"
tile_x="448"
[lvl_tiles_89]
tile_asset="1529"
tile_yscale="1"
tile_xscale="1"
tile_alpha="1"
tile_depth="0"
tile_y="520"
tile_x="512"
[lvl_tiles_88]
tile_asset="1529"
tile_yscale="1"
tile_xscale="1"
tile_alpha="1"
tile_depth="0"
tile_y="520"
tile_x="448"
[lvl_tiles_87]
tile_asset="1529"
tile_yscale="1"
tile_xscale="1"
tile_alpha="1"
tile_depth="0"
tile_y="584"
tile_x="512"
[lvl_tiles_86]
tile_asset="1529"
tile_yscale="1"
tile_xscale="1"
tile_alpha="1"
tile_depth="0"
tile_y="584"
tile_x="448"
[lvl_tiles_85]
tile_asset="1536"
tile_yscale="1"
tile_xscale="1"
tile_alpha="0"
tile_depth="0"
tile_y="952"
tile_x="576"
[lvl_tiles_84]
tile_asset="1536"
tile_yscale="1"
tile_xscale="1"
tile_alpha="0"
tile_depth="0"
tile_y="952"
tile_x="512"
[lvl_tiles_83]
tile_asset="1587"
tile_yscale="1"
tile_xscale="1"
tile_alpha="1"
tile_depth="0"
tile_y="712"
tile_x="0"
[lvl_tiles_82]
tile_asset="1587"
tile_yscale="1"
tile_xscale="1"
tile_alpha="1"
tile_depth="0"
tile_y="712"
tile_x="320"
[lvl_tiles_81]
tile_asset="1533"
tile_yscale="1"
tile_xscale="1"
tile_alpha="0"
tile_depth="0"
tile_y="648"
tile_x="384"
[lvl_tiles_80]
tile_asset="1533"
tile_yscale="1"
tile_xscale="1"
tile_alpha="0"
tile_depth="0"
tile_y="584"
tile_x="320"
[lvl_tiles_79]
tile_asset="1533"
tile_yscale="1"
tile_xscale="1"
tile_alpha="0"
tile_depth="0"
tile_y="520"
tile_x="384"
[lvl_tiles_78]
tile_asset="1533"
tile_yscale="1"
tile_xscale="1"
tile_alpha="0"
tile_depth="0"
tile_y="392"
tile_x="384"
[lvl_tiles_77]
tile_asset="1533"
tile_yscale="1"
tile_xscale="1"
tile_alpha="0"
tile_depth="0"
tile_y="456"
tile_x="320"
[lvl_tiles_76]
tile_asset="1533"
tile_yscale="1"
tile_xscale="1"
tile_alpha="0"
tile_depth="0"
tile_y="392"
tile_x="0"
[lvl_tiles_75]
tile_asset="1533"
tile_yscale="1"
tile_xscale="1"
tile_alpha="0"
tile_depth="0"
tile_y="456"
tile_x="64"
[lvl_tiles_74]
tile_asset="1533"
tile_yscale="1"
tile_xscale="1"
tile_alpha="0"
tile_depth="0"
tile_y="520"
tile_x="0"
[lvl_tiles_73]
tile_asset="1533"
tile_yscale="1"
tile_xscale="1"
tile_alpha="0"
tile_depth="0"
tile_y="584"
tile_x="64"
[lvl_tiles_72]
tile_asset="1533"
tile_yscale="1"
tile_xscale="1"
tile_alpha="0"
tile_depth="0"
tile_y="648"
tile_x="0"
[lvl_tiles_71]
tile_asset="1532"
tile_yscale="1"
tile_xscale="1"
tile_alpha="0"
tile_depth="0"
tile_y="648"
tile_x="64"
[lvl_tiles_70]
tile_asset="1532"
tile_yscale="1"
tile_xscale="1"
tile_alpha="0"
tile_depth="0"
tile_y="584"
tile_x="0"
[lvl_tiles_69]
tile_asset="1532"
tile_yscale="1"
tile_xscale="1"
tile_alpha="0"
tile_depth="0"
tile_y="520"
tile_x="64"
[lvl_tiles_68]
tile_asset="1532"
tile_yscale="1"
tile_xscale="1"
tile_alpha="0"
tile_depth="0"
tile_y="456"
tile_x="0"
[lvl_tiles_67]
tile_asset="1532"
tile_yscale="1"
tile_xscale="1"
tile_alpha="0"
tile_depth="0"
tile_y="392"
tile_x="64"
[lvl_tiles_66]
tile_asset="1532"
tile_yscale="1"
tile_xscale="1"
tile_alpha="0"
tile_depth="0"
tile_y="648"
tile_x="320"
[lvl_tiles_65]
tile_asset="1532"
tile_yscale="1"
tile_xscale="1"
tile_alpha="0"
tile_depth="0"
tile_y="584"
tile_x="384"
[lvl_tiles_64]
tile_asset="1532"
tile_yscale="1"
tile_xscale="1"
tile_alpha="0"
tile_depth="0"
tile_y="520"
tile_x="320"
[lvl_tiles_63]
tile_asset="1532"
tile_yscale="1"
tile_xscale="1"
tile_alpha="0"
tile_depth="0"
tile_y="456"
tile_x="384"
[lvl_tiles_62]
tile_asset="1532"
tile_yscale="1"
tile_xscale="1"
tile_alpha="0"
tile_depth="0"
tile_y="392"
tile_x="320"
[lvl_tiles_61]
tile_asset="1529"
tile_yscale="1"
tile_xscale="1"
tile_alpha="1"
tile_depth="0"
tile_y="328"
tile_x="384"
[lvl_tiles_60]
tile_asset="1611"
tile_yscale="1"
tile_xscale="1"
tile_alpha="0"
tile_depth="0"
tile_y="264"
tile_x="384"
[lvl_tiles_59]
tile_asset="1611"
tile_yscale="1"
tile_xscale="1"
tile_alpha="0"
tile_depth="0"
tile_y="264"
tile_x="320"
[lvl_tiles_58]
tile_asset="1611"
tile_yscale="1"
tile_xscale="1"
tile_alpha="0"
tile_depth="0"
tile_y="264"
tile_x="0"
[lvl_tiles_57]
tile_asset="1611"
tile_yscale="1"
tile_xscale="1"
tile_alpha="0"
tile_depth="0"
tile_y="264"
tile_x="64"
[lvl_tiles_56]
tile_asset="1529"
tile_yscale="1"
tile_xscale="1"
tile_alpha="1"
tile_depth="0"
tile_y="264"
tile_x="256"
[lvl_tiles_55]
tile_asset="1529"
tile_yscale="1"
tile_xscale="1"
tile_alpha="1"
tile_depth="0"
tile_y="264"
tile_x="192"
[lvl_tiles_54]
tile_asset="1529"
tile_yscale="1"
tile_xscale="1"
tile_alpha="1"
tile_depth="0"
tile_y="264"
tile_x="128"
[lvl_tiles_53]
tile_asset="1529"
tile_yscale="1"
tile_xscale="1"
tile_alpha="1"
tile_depth="0"
tile_y="264"
tile_x="128"
[lvl_tiles_52]
tile_asset="1529"
tile_yscale="1"
tile_xscale="1"
tile_alpha="1"
tile_depth="0"
tile_y="328"
tile_x="320"
[lvl_tiles_51]
tile_asset="1582"
tile_yscale="1"
tile_xscale="1"
tile_alpha="1"
tile_depth="0"
tile_y="328"
tile_x="256"
[lvl_tiles_50]
tile_asset="1582"
tile_yscale="1"
tile_xscale="1"
tile_alpha="1"
tile_depth="0"
tile_y="328"
tile_x="192"
[lvl_tiles_49]
tile_asset="1582"
tile_yscale="1"
tile_xscale="1"
tile_alpha="1"
tile_depth="0"
tile_y="328"
tile_x="128"
[lvl_tiles_48]
tile_asset="1529"
tile_yscale="1"
tile_xscale="1"
tile_alpha="1"
tile_depth="0"
tile_y="328"
tile_x="64"
[lvl_tiles_47]
tile_asset="1529"
tile_yscale="1"
tile_xscale="1"
tile_alpha="1"
tile_depth="0"
tile_y="328"
tile_x="0"
[lvl_tiles_46]
tile_asset="1611"
tile_yscale="1"
tile_xscale="1"
tile_alpha="0"
tile_depth="0"
tile_y="1048"
tile_x="128"
[lvl_tiles_45]
tile_asset="1611"
tile_yscale="1"
tile_xscale="1"
tile_alpha="1"
tile_depth="0"
tile_y="1048"
tile_x="320"
[lvl_tiles_44]
tile_asset="1611"
tile_yscale="1"
tile_xscale="1"
tile_alpha="1"
tile_depth="0"
tile_y="1048"
tile_x="256"
[lvl_tiles_43]
tile_asset="1611"
tile_yscale="1"
tile_xscale="1"
tile_alpha="1"
tile_depth="0"
tile_y="1048"
tile_x="192"
[lvl_tiles_42]
tile_asset="1532"
tile_yscale="1"
tile_xscale="1"
tile_alpha="0"
tile_depth="0"
tile_y="984"
tile_x="320"
[lvl_tiles_41]
tile_asset="1532"
tile_yscale="1"
tile_xscale="1"
tile_alpha="0"
tile_depth="0"
tile_y="984"
tile_x="192"
[lvl_tiles_40]
tile_asset="1533"
tile_yscale="1"
tile_xscale="1"
tile_alpha="0"
tile_depth="0"
tile_y="984"
tile_x="256"
[lvl_tiles_39]
tile_asset="1533"
tile_yscale="1"
tile_xscale="1"
tile_alpha="0"
tile_depth="0"
tile_y="984"
tile_x="128"
[lvl_tiles_38]
tile_asset="1536"
tile_yscale="1"
tile_xscale="1"
tile_alpha="1"
tile_depth="0"
tile_y="920"
tile_x="320"
[lvl_tiles_37]
tile_asset="1536"
tile_yscale="1"
tile_xscale="1"
tile_alpha="1"
tile_depth="0"
tile_y="920"
tile_x="256"
[lvl_tiles_36]
tile_asset="1536"
tile_yscale="1"
tile_xscale="1"
tile_alpha="1"
tile_depth="0"
tile_y="920"
tile_x="192"
[lvl_tiles_35]
tile_asset="1536"
tile_yscale="1"
tile_xscale="1"
tile_alpha="1"
tile_depth="0"
tile_y="920"
tile_x="128"
[lvl_tiles_34]
tile_asset="1568"
tile_yscale="1"
tile_xscale="1"
tile_alpha="0"
tile_depth="1"
tile_y="704"
tile_x="704"
[lvl_tiles_33]
tile_asset="1567"
tile_yscale="1"
tile_xscale="1"
tile_alpha="1"
tile_depth="1"
tile_y="792"
tile_x="512"
[lvl_tiles_32]
tile_asset="1548"
tile_yscale="1"
tile_xscale="1"
tile_alpha="0"
tile_depth="1"
tile_y="880"
tile_x="768"
[lvl_tiles_31]
tile_asset="1548"
tile_yscale="1"
tile_xscale="1"
tile_alpha="0"
tile_depth="1"
tile_y="912"
tile_x="640"
[lvl_tiles_30]
tile_asset="1549"
tile_yscale="1"
tile_xscale="1"
tile_alpha="0"
tile_depth="1"
tile_y="912"
tile_x="384"
[lvl_tiles_29]
tile_asset="1549"
tile_yscale="1"
tile_xscale="1"
tile_alpha="0"
tile_depth="1"
tile_y="880"
tile_x="0"
[lvl_tiles_28]
tile_asset="1630"
tile_yscale="1"
tile_xscale="1"
tile_alpha="1"
tile_depth="4"
tile_y="672"
tile_x="440"
[lvl_tiles_27]
tile_asset="1630"
tile_yscale="1"
tile_xscale="1"
tile_alpha="1"
tile_depth="4"
tile_y="704"
tile_x="440"
[lvl_tiles_26]
tile_asset="1630"
tile_yscale="1"
tile_xscale="1"
tile_alpha="1"
tile_depth="4"
tile_y="704"
tile_x="296"
[lvl_tiles_25]
tile_asset="1630"
tile_yscale="1"
tile_xscale="1"
tile_alpha="1"
tile_depth="4"
tile_y="384"
tile_x="296"
[lvl_tiles_24]
tile_asset="1630"
tile_yscale="1"
tile_xscale="1"
tile_alpha="1"
tile_depth="4"
tile_y="416"
tile_x="296"
[lvl_tiles_23]
tile_asset="1630"
tile_yscale="1"
tile_xscale="1"
tile_alpha="1"
tile_depth="4"
tile_y="448"
tile_x="296"
[lvl_tiles_22]
tile_asset="1630"
tile_yscale="1"
tile_xscale="1"
tile_alpha="1"
tile_depth="4"
tile_y="480"
tile_x="296"
[lvl_tiles_21]
tile_asset="1630"
tile_yscale="1"
tile_xscale="1"
tile_alpha="1"
tile_depth="4"
tile_y="512"
tile_x="296"
[lvl_tiles_20]
tile_asset="1630"
tile_yscale="1"
tile_xscale="1"
tile_alpha="1"
tile_depth="4"
tile_y="544"
tile_x="296"
[lvl_tiles_19]
tile_asset="1630"
tile_yscale="1"
tile_xscale="1"
tile_alpha="1"
tile_depth="4"
tile_y="576"
tile_x="296"
[lvl_tiles_18]
tile_asset="1630"
tile_yscale="1"
tile_xscale="1"
tile_alpha="1"
tile_depth="4"
tile_y="608"
tile_x="296"
[lvl_tiles_17]
tile_asset="1630"
tile_yscale="1"
tile_xscale="1"
tile_alpha="1"
tile_depth="4"
tile_y="640"
tile_x="296"
[lvl_tiles_16]
tile_asset="1630"
tile_yscale="1"
tile_xscale="1"
tile_alpha="1"
tile_depth="4"
tile_y="672"
tile_x="296"
[lvl_tiles_15]
tile_asset="1630"
tile_yscale="1"
tile_xscale="1"
tile_alpha="1"
tile_depth="4"
tile_y="384"
tile_x="120"
[lvl_tiles_14]
tile_asset="1630"
tile_yscale="1"
tile_xscale="1"
tile_alpha="1"
tile_depth="4"
tile_y="416"
tile_x="120"
[lvl_tiles_13]
tile_asset="1630"
tile_yscale="1"
tile_xscale="1"
tile_alpha="1"
tile_depth="4"
tile_y="448"
tile_x="120"
[lvl_tiles_12]
tile_asset="1630"
tile_yscale="1"
tile_xscale="1"
tile_alpha="1"
tile_depth="4"
tile_y="480"
tile_x="120"
[lvl_tiles_11]
tile_asset="1630"
tile_yscale="1"
tile_xscale="1"
tile_alpha="1"
tile_depth="4"
tile_y="512"
tile_x="120"
[lvl_tiles_10]
tile_asset="1630"
tile_yscale="1"
tile_xscale="1"
tile_alpha="1"
tile_depth="4"
tile_y="544"
tile_x="120"
[lvl_tiles_9]
tile_asset="1630"
tile_yscale="1"
tile_xscale="1"
tile_alpha="1"
tile_depth="4"
tile_y="576"
tile_x="120"
[lvl_tiles_8]
tile_asset="1630"
tile_yscale="1"
tile_xscale="1"
tile_alpha="1"
tile_depth="4"
tile_y="608"
tile_x="120"
[lvl_tiles_7]
tile_asset="1630"
tile_yscale="1"
tile_xscale="1"
tile_alpha="1"
tile_depth="4"
tile_y="640"
tile_x="120"
[lvl_tiles_6]
tile_asset="1630"
tile_yscale="1"
tile_xscale="1"
tile_alpha="1"
tile_depth="4"
tile_y="672"
tile_x="120"
[lvl_tiles_5]
tile_asset="1630"
tile_yscale="1"
tile_xscale="1"
tile_alpha="1"
tile_depth="4"
tile_y="704"
tile_x="120"
[lvl_tiles_4]
tile_asset="1630"
tile_yscale="1"
tile_xscale="1"
tile_alpha="1"
tile_depth="4"
tile_y="704"
tile_x="120"
[lvl_tiles_3]
tile_asset="1577"
tile_yscale="1"
tile_xscale="1"
tile_alpha="1"
tile_depth="4"
tile_y="888"
tile_x="176"
[lvl_tiles_2]
tile_asset="1584"
tile_yscale="1"
tile_xscale="1"
tile_alpha="1"
tile_depth="4"
tile_y="776"
tile_x="64"
[lvl_tiles_1]
tile_asset="1584"
tile_yscale="1"
tile_xscale="1"
tile_alpha="1"
tile_depth="4"
tile_y="776"
tile_x="320"
[lvl_tiles_0]
tile_ignore="-1"
[lvl_hd]
lvl_npc_count="0"
lvl_obj_count="73"
lvl_tile_count="174"
version_number="1228"
lvl_best_time="600000"
lvl_char="All"
lvl_win_condition="2"
lvl_weather="0"
lvl_description=""
lvl_author="Vela"
lvl_name="BeihaiBay1"
