[lvl_hd]
lvl_name="cutscene1"
lvl_author="Amy"
lvl_description="Cutscene Intro"
lvl_weather="0"
lvl_win_condition="0"
lvl_char="All"
lvl_best_time="600000"
version_number="1083"
lvl_tile_count="86"
lvl_obj_count="12"
[lvl_tiles_0]
tile_x="380"
tile_y="4168"
tile_depth="8"
tile_alpha="1"
tile_xscale="1"
tile_yscale="1"
tile_asset="421"
[lvl_tiles_1]
tile_x="256"
tile_y="3998"
tile_depth="7"
tile_alpha="1"
tile_xscale="1"
tile_yscale="1"
tile_asset="331"
[lvl_tiles_2]
tile_x="304"
tile_y="4156"
tile_depth="7"
tile_alpha="1"
tile_xscale="1"
tile_yscale="1"
tile_asset="416"
[lvl_tiles_3]
tile_x="264"
tile_y="4156"
tile_depth="7"
tile_alpha="1"
tile_xscale="1"
tile_yscale="1"
tile_asset="416"
[lvl_tiles_4]
tile_x="112"
tile_y="4084"
tile_depth="7"
tile_alpha="1"
tile_xscale="1"
tile_yscale="1"
tile_asset="416"
[lvl_tiles_5]
tile_x="308"
tile_y="4202"
tile_depth="7"
tile_alpha="1"
tile_xscale="1"
tile_yscale="1"
tile_asset="455"
[lvl_tiles_6]
tile_x="160"
tile_y="4200"
tile_depth="7"
tile_alpha="1"
tile_xscale="-1"
tile_yscale="1"
tile_asset="456"
[lvl_tiles_7]
tile_x="108"
tile_y="4032"
tile_depth="6"
tile_alpha="1"
tile_xscale="1"
tile_yscale="1"
tile_asset="77"
[lvl_tiles_8]
tile_x="160"
tile_y="4208"
tile_depth="5"
tile_alpha="1"
tile_xscale="1"
tile_yscale="1"
tile_asset="414"
[lvl_tiles_9]
tile_x="160"
tile_y="4208"
tile_depth="5"
tile_alpha="1"
tile_xscale="1"
tile_yscale="1"
tile_asset="414"
[lvl_tiles_10]
tile_x="192"
tile_y="4208"
tile_depth="5"
tile_alpha="1"
tile_xscale="1"
tile_yscale="1"
tile_asset="414"
[lvl_tiles_11]
tile_x="224"
tile_y="4208"
tile_depth="5"
tile_alpha="1"
tile_xscale="1"
tile_yscale="1"
tile_asset="414"
[lvl_tiles_12]
tile_x="256"
tile_y="4208"
tile_depth="5"
tile_alpha="1"
tile_xscale="1"
tile_yscale="1"
tile_asset="414"
[lvl_tiles_13]
tile_x="288"
tile_y="4208"
tile_depth="5"
tile_alpha="1"
tile_xscale="1"
tile_yscale="1"
tile_asset="414"
[lvl_tiles_14]
tile_x="0"
tile_y="4128"
tile_depth="5"
tile_alpha="1"
tile_xscale="1"
tile_yscale="1"
tile_asset="331"
[lvl_tiles_15]
tile_x="112"
tile_y="4122"
tile_depth="5"
tile_alpha="1"
tile_xscale="1"
tile_yscale="1"
tile_asset="324"
[lvl_tiles_16]
tile_x="112"
tile_y="4122"
tile_depth="5"
tile_alpha="1"
tile_xscale="1"
tile_yscale="1"
tile_asset="324"
[lvl_tiles_17]
tile_x="240"
tile_y="4122"
tile_depth="5"
tile_alpha="1"
tile_xscale="1"
tile_yscale="1"
tile_asset="324"
[lvl_tiles_18]
tile_x="112"
tile_y="3994"
tile_depth="5"
tile_alpha="1"
tile_xscale="1"
tile_yscale="1"
tile_asset="324"
[lvl_tiles_19]
tile_x="240"
tile_y="3994"
tile_depth="5"
tile_alpha="1"
tile_xscale="1"
tile_yscale="1"
tile_asset="324"
[lvl_tiles_20]
tile_x="368"
tile_y="4208"
tile_depth="5"
tile_alpha="1"
tile_xscale="1"
tile_yscale="1"
tile_asset="414"
[lvl_tiles_21]
tile_x="368"
tile_y="4208"
tile_depth="5"
tile_alpha="1"
tile_xscale="1"
tile_yscale="1"
tile_asset="414"
[lvl_tiles_22]
tile_x="400"
tile_y="4208"
tile_depth="5"
tile_alpha="1"
tile_xscale="1"
tile_yscale="1"
tile_asset="414"
[lvl_tiles_23]
tile_x="396"
tile_y="4048"
tile_depth="5"
tile_alpha="1"
tile_xscale="1"
tile_yscale="1"
tile_asset="412"
[lvl_tiles_24]
tile_x="396"
tile_y="4048"
tile_depth="5"
tile_alpha="1"
tile_xscale="1"
tile_yscale="1"
tile_asset="412"
[lvl_tiles_25]
tile_x="396"
tile_y="4000"
tile_depth="5"
tile_alpha="1"
tile_xscale="1"
tile_yscale="1"
tile_asset="412"
[lvl_tiles_26]
tile_x="396"
tile_y="3952"
tile_depth="5"
tile_alpha="1"
tile_xscale="1"
tile_yscale="1"
tile_asset="412"
[lvl_tiles_27]
tile_x="560"
tile_y="4204"
tile_depth="5"
tile_alpha="1"
tile_xscale="1"
tile_yscale="1"
tile_asset="414"
[lvl_tiles_28]
tile_x="560"
tile_y="4204"
tile_depth="5"
tile_alpha="1"
tile_xscale="1"
tile_yscale="1"
tile_asset="414"
[lvl_tiles_29]
tile_x="592"
tile_y="4204"
tile_depth="5"
tile_alpha="1"
tile_xscale="1"
tile_yscale="1"
tile_asset="414"
[lvl_tiles_30]
tile_x="624"
tile_y="4204"
tile_depth="5"
tile_alpha="1"
tile_xscale="1"
tile_yscale="1"
tile_asset="414"
[lvl_tiles_31]
tile_x="656"
tile_y="4204"
tile_depth="5"
tile_alpha="1"
tile_xscale="1"
tile_yscale="1"
tile_asset="273"
[lvl_tiles_32]
tile_x="784"
tile_y="4188"
tile_depth="5"
tile_alpha="1"
tile_xscale="1"
tile_yscale="1"
tile_asset="328"
[lvl_tiles_33]
tile_x="784"
tile_y="4108"
tile_depth="5"
tile_alpha="1"
tile_xscale="1"
tile_yscale="1"
tile_asset="329"
[lvl_tiles_34]
tile_x="0"
tile_y="4248"
tile_depth="4"
tile_alpha="1"
tile_xscale="1"
tile_yscale="1"
tile_asset="322"
[lvl_tiles_35]
tile_x="128"
tile_y="4248"
tile_depth="4"
tile_alpha="1"
tile_xscale="1"
tile_yscale="1"
tile_asset="322"
[lvl_tiles_36]
tile_x="128"
tile_y="4248"
tile_depth="4"
tile_alpha="1"
tile_xscale="1"
tile_yscale="1"
tile_asset="322"
[lvl_tiles_37]
tile_x="256"
tile_y="4248"
tile_depth="4"
tile_alpha="1"
tile_xscale="1"
tile_yscale="1"
tile_asset="322"
[lvl_tiles_38]
tile_x="384"
tile_y="4248"
tile_depth="4"
tile_alpha="1"
tile_xscale="1"
tile_yscale="1"
tile_asset="322"
[lvl_tiles_39]
tile_x="512"
tile_y="4248"
tile_depth="4"
tile_alpha="1"
tile_xscale="1"
tile_yscale="1"
tile_asset="322"
[lvl_tiles_40]
tile_x="0"
tile_y="4276"
tile_depth="4"
tile_alpha="1"
tile_xscale="1"
tile_yscale="1"
tile_asset="323"
[lvl_tiles_41]
tile_x="0"
tile_y="4276"
tile_depth="4"
tile_alpha="1"
tile_xscale="1"
tile_yscale="1"
tile_asset="323"
[lvl_tiles_42]
tile_x="128"
tile_y="4276"
tile_depth="4"
tile_alpha="1"
tile_xscale="1"
tile_yscale="1"
tile_asset="323"
[lvl_tiles_43]
tile_x="256"
tile_y="4276"
tile_depth="4"
tile_alpha="1"
tile_xscale="1"
tile_yscale="1"
tile_asset="323"
[lvl_tiles_44]
tile_x="384"
tile_y="4276"
tile_depth="4"
tile_alpha="1"
tile_xscale="1"
tile_yscale="1"
tile_asset="323"
[lvl_tiles_45]
tile_x="512"
tile_y="4276"
tile_depth="4"
tile_alpha="1"
tile_xscale="1"
tile_yscale="1"
tile_asset="323"
[lvl_tiles_46]
tile_x="640"
tile_y="4276"
tile_depth="4"
tile_alpha="1"
tile_xscale="1"
tile_yscale="1"
tile_asset="323"
[lvl_tiles_47]
tile_x="0"
tile_y="3872"
tile_depth="4"
tile_alpha="1"
tile_xscale="1"
tile_yscale="1"
tile_asset="331"
[lvl_tiles_48]
tile_x="0"
tile_y="4000"
tile_depth="4"
tile_alpha="1"
tile_xscale="1"
tile_yscale="1"
tile_asset="332"
[lvl_tiles_49]
tile_x="704"
tile_y="4308"
tile_depth="4"
tile_alpha="1"
tile_xscale="1"
tile_yscale="1"
tile_asset="323"
[lvl_tiles_50]
tile_x="704"
tile_y="4308"
tile_depth="4"
tile_alpha="1"
tile_xscale="1"
tile_yscale="1"
tile_asset="323"
[lvl_tiles_51]
tile_x="576"
tile_y="4308"
tile_depth="4"
tile_alpha="1"
tile_xscale="1"
tile_yscale="1"
tile_asset="323"
[lvl_tiles_52]
tile_x="448"
tile_y="4308"
tile_depth="4"
tile_alpha="1"
tile_xscale="1"
tile_yscale="1"
tile_asset="323"
[lvl_tiles_53]
tile_x="320"
tile_y="4308"
tile_depth="4"
tile_alpha="1"
tile_xscale="1"
tile_yscale="1"
tile_asset="323"
[lvl_tiles_54]
tile_x="192"
tile_y="4308"
tile_depth="4"
tile_alpha="1"
tile_xscale="1"
tile_yscale="1"
tile_asset="323"
[lvl_tiles_55]
tile_x="64"
tile_y="4308"
tile_depth="4"
tile_alpha="1"
tile_xscale="1"
tile_yscale="1"
tile_asset="323"
[lvl_tiles_56]
tile_x="-64"
tile_y="4308"
tile_depth="4"
tile_alpha="1"
tile_xscale="1"
tile_yscale="1"
tile_asset="323"
[lvl_tiles_57]
tile_x="112"
tile_y="3978"
tile_depth="4"
tile_alpha="1"
tile_xscale="1"
tile_yscale="1"
tile_asset="321"
[lvl_tiles_58]
tile_x="112"
tile_y="3978"
tile_depth="4"
tile_alpha="1"
tile_xscale="1"
tile_yscale="1"
tile_asset="321"
[lvl_tiles_59]
tile_x="160"
tile_y="3978"
tile_depth="4"
tile_alpha="1"
tile_xscale="1"
tile_yscale="1"
tile_asset="321"
[lvl_tiles_60]
tile_x="208"
tile_y="3978"
tile_depth="4"
tile_alpha="1"
tile_xscale="1"
tile_yscale="1"
tile_asset="321"
[lvl_tiles_61]
tile_x="256"
tile_y="3978"
tile_depth="4"
tile_alpha="1"
tile_xscale="1"
tile_yscale="1"
tile_asset="321"
[lvl_tiles_62]
tile_x="320"
tile_y="3978"
tile_depth="4"
tile_alpha="1"
tile_xscale="1"
tile_yscale="1"
tile_asset="321"
[lvl_tiles_63]
tile_x="304"
tile_y="3978"
tile_depth="4"
tile_alpha="1"
tile_xscale="1"
tile_yscale="1"
tile_asset="321"
[lvl_tiles_64]
tile_x="640"
tile_y="4276"
tile_depth="4"
tile_alpha="1"
tile_xscale="1"
tile_yscale="1"
tile_asset="323"
[lvl_tiles_65]
tile_x="768"
tile_y="4276"
tile_depth="4"
tile_alpha="1"
tile_xscale="1"
tile_yscale="1"
tile_asset="323"
[lvl_tiles_66]
tile_x="896"
tile_y="4276"
tile_depth="4"
tile_alpha="1"
tile_xscale="1"
tile_yscale="1"
tile_asset="323"
[lvl_tiles_67]
tile_x="704"
tile_y="4308"
tile_depth="4"
tile_alpha="1"
tile_xscale="1"
tile_yscale="1"
tile_asset="323"
[lvl_tiles_68]
tile_x="832"
tile_y="4308"
tile_depth="4"
tile_alpha="1"
tile_xscale="1"
tile_yscale="1"
tile_asset="323"
[lvl_tiles_69]
tile_x="960"
tile_y="4308"
tile_depth="4"
tile_alpha="1"
tile_xscale="1"
tile_yscale="1"
tile_asset="323"
[lvl_tiles_70]
tile_x="512"
tile_y="4248"
tile_depth="4"
tile_alpha="1"
tile_xscale="1"
tile_yscale="1"
tile_asset="322"
[lvl_tiles_71]
tile_x="640"
tile_y="4248"
tile_depth="4"
tile_alpha="1"
tile_xscale="1"
tile_yscale="1"
tile_asset="322"
[lvl_tiles_72]
tile_x="768"
tile_y="4248"
tile_depth="4"
tile_alpha="1"
tile_xscale="1"
tile_yscale="1"
tile_asset="322"
[lvl_tiles_73]
tile_x="896"
tile_y="4248"
tile_depth="4"
tile_alpha="1"
tile_xscale="1"
tile_yscale="1"
tile_asset="322"
[lvl_tiles_74]
tile_x="656"
tile_y="4140"
tile_depth="4"
tile_alpha="1"
tile_xscale="1"
tile_yscale="1"
tile_asset="273"
[lvl_tiles_75]
tile_x="656"
tile_y="4076"
tile_depth="4"
tile_alpha="1"
tile_xscale="1"
tile_yscale="1"
tile_asset="273"
[lvl_tiles_76]
tile_x="656"
tile_y="4012"
tile_depth="4"
tile_alpha="1"
tile_xscale="1"
tile_yscale="1"
tile_asset="273"
[lvl_tiles_77]
tile_x="32"
tile_y="4144"
tile_depth="-1"
tile_alpha="1"
tile_xscale="1"
tile_yscale="1"
tile_asset="429"
[lvl_tiles_78]
tile_x="332"
tile_y="4196"
tile_depth="-1"
tile_alpha="1"
tile_xscale="1"
tile_yscale="1"
tile_asset="406"
[lvl_tiles_79]
tile_x="388"
tile_y="4092"
tile_depth="-1"
tile_alpha="1"
tile_xscale="1"
tile_yscale="1"
tile_asset="409"
[lvl_tiles_80]
tile_x="12"
tile_y="4052"
tile_depth="-1"
tile_alpha="1"
tile_xscale="1"
tile_yscale="1"
tile_asset="458"
[lvl_tiles_81]
tile_x="364"
tile_y="4224"
tile_depth="-1"
tile_alpha="1"
tile_xscale="1"
tile_yscale="1"
tile_asset="408"
[lvl_tiles_82]
tile_x="72"
tile_y="4178"
tile_depth="-2"
tile_alpha="1"
tile_xscale="1"
tile_yscale="1"
tile_asset="462"
[lvl_tiles_83]
tile_x="100"
tile_y="4244"
tile_depth="-3"
tile_alpha="1"
tile_xscale="1"
tile_yscale="-1"
tile_asset="438"
[lvl_tiles_84]
tile_x="96"
tile_y="4212"
tile_depth="-3"
tile_alpha="1"
tile_xscale="1"
tile_yscale="1"
tile_asset="459"
[lvl_tiles_85]
tile_x="112"
tile_y="4220"
tile_depth="-3"
tile_alpha="1"
tile_xscale="1"
tile_yscale="1"
tile_asset="460"
[lvl_objects_0]
obj_ignore="-1"
[lvl_objects_1]
obj_ignore="-1"
[lvl_objects_2]
obj_x="0"
obj_y="4408"
obj_asset="136"
obj_item="0"
[lvl_objects_3]
obj_x="0"
obj_y="4072"
obj_asset="132"
obj_item="0"
[lvl_objects_4]
obj_ignore="-1"
[lvl_objects_5]
obj_ignore="-1"
[lvl_objects_6]
obj_x="80"
obj_y="4260"
obj_asset="464"
obj_item="0"
[lvl_objects_7]
obj_x="144"
obj_y="4260"
obj_asset="465"
obj_item="0"
[lvl_objects_8]
obj_x="432"
obj_y="4068"
obj_asset="451"
obj_item="0"
[lvl_objects_9]
obj_x="432"
obj_y="3948"
obj_asset="451"
obj_item="0"
[lvl_objects_10]
obj_x="432"
obj_y="4188"
obj_asset="452"
obj_item="0"
[lvl_objects_11]
obj_x="0"
obj_y="0"
obj_asset="269"
obj_item="0"
[lvl_health]
health="14"
[lvl_npcs_0]
npc_x="504"
npc_y="4260"
npc_object="4"
npc_emotion="3"
npc_direction="1"
npc_string_0=""
npc_string_1=""
[lvl_npcs_1]
npc_x="616"
npc_y="4260"
npc_object="9"
npc_emotion="1"
npc_direction="1"
npc_string_0=""
npc_string_1=""
[lvl_npcs_2]
npc_ignore="-1"
[lvl_npcs_3]
npc_ignore="-1"
[lvl_npcs_4]
npc_ignore="-1"
[lvl_npcs_5]
npc_ignore="-1"
[lvl_npcs_6]
npc_ignore="-1"
[lvl_npcs_7]
npc_ignore="-1"
[lvl_npcs_8]
npc_ignore="-1"
[lvl_npcs_9]
npc_ignore="-1"
[lvl_npcs_10]
npc_ignore="-1"
[lvl_npcs_11]
npc_ignore="-1"
[lvl_npcs_12]
npc_ignore="-1"
[lvl_npcs_13]
npc_ignore="-1"
[lvl_npcs_14]
npc_ignore="-1"
[lvl_npcs_15]
npc_ignore="-1"
[lvl_npcs_16]
npc_ignore="-1"
[lvl_npcs_17]
npc_ignore="-1"
[lvl_npcs_18]
npc_ignore="-1"
[lvl_npcs_19]
npc_ignore="-1"
[lvl_npcs_20]
npc_ignore="-1"
[lvl_npcs_21]
npc_ignore="-1"
[lvl_npcs_22]
npc_ignore="-1"
[lvl_npcs_23]
npc_ignore="-1"
[lvl_npcs_24]
npc_ignore="-1"
[lvl_npcs_25]
npc_ignore="-1"
[lvl_npcs_26]
npc_ignore="-1"
[lvl_npcs_27]
npc_ignore="-1"
[lvl_npcs_28]
npc_ignore="-1"
[lvl_npcs_29]
npc_ignore="-1"
[lvl_npcs_30]
npc_ignore="-1"
[lvl_npcs_31]
npc_ignore="-1"
[lvl_npcs_32]
npc_ignore="-1"
[lvl_npcs_33]
npc_ignore="-1"
[lvl_npcs_34]
npc_ignore="-1"
[lvl_npcs_35]
npc_ignore="-1"
[lvl_npcs_36]
npc_ignore="-1"
[lvl_npcs_37]
npc_ignore="-1"
[lvl_npcs_38]
npc_ignore="-1"
[lvl_npcs_39]
npc_ignore="-1"
[lvl_npcs_40]
npc_ignore="-1"
[lvl_npcs_41]
npc_ignore="-1"
[lvl_npcs_42]
npc_ignore="-1"
[lvl_npcs_43]
npc_ignore="-1"
[lvl_npcs_44]
npc_ignore="-1"
[lvl_npcs_45]
npc_ignore="-1"
[lvl_npcs_46]
npc_ignore="-1"
[lvl_npcs_47]
npc_ignore="-1"
[lvl_npcs_48]
npc_ignore="-1"
[lvl_npcs_49]
npc_ignore="-1"
[lvl_npcs_50]
npc_ignore="-1"
[lvl_npcs_51]
npc_ignore="-1"
[lvl_npcs_52]
npc_ignore="-1"
[lvl_npcs_53]
npc_ignore="-1"
[lvl_npcs_54]
npc_ignore="-1"
[lvl_npcs_55]
npc_ignore="-1"
[lvl_npcs_56]
npc_ignore="-1"
[lvl_npcs_57]
npc_ignore="-1"
[lvl_npcs_58]
npc_ignore="-1"
[lvl_npcs_59]
npc_ignore="-1"
[lvl_npcs_60]
npc_ignore="-1"
[lvl_npcs_61]
npc_ignore="-1"
[lvl_npcs_62]
npc_ignore="-1"
[lvl_npcs_63]
npc_ignore="-1"
[lvl_npcs_64]
npc_ignore="-1"
[lvl_npcs_65]
npc_ignore="-1"
[lvl_npcs_66]
npc_ignore="-1"
[lvl_npcs_67]
npc_ignore="-1"
[lvl_npcs_68]
npc_ignore="-1"
[lvl_npcs_69]
npc_ignore="-1"
[lvl_npcs_70]
npc_ignore="-1"
[lvl_npcs_71]
npc_ignore="-1"
[lvl_npcs_72]
npc_ignore="-1"
[lvl_npcs_73]
npc_ignore="-1"
[lvl_npcs_74]
npc_ignore="-1"
[lvl_npcs_75]
npc_ignore="-1"
[lvl_npcs_76]
npc_ignore="-1"
[lvl_npcs_77]
npc_ignore="-1"
[lvl_npcs_78]
npc_ignore="-1"
[lvl_npcs_79]
npc_ignore="-1"
[lvl_npcs_80]
npc_ignore="-1"
[lvl_npcs_81]
npc_ignore="-1"
[lvl_npcs_82]
npc_ignore="-1"
[lvl_npcs_83]
npc_ignore="-1"
[lvl_npcs_84]
npc_ignore="-1"
[lvl_npcs_85]
npc_ignore="-1"
[lvl_npcs_86]
npc_ignore="-1"
[lvl_npcs_87]
npc_ignore="-1"
[lvl_npcs_88]
npc_ignore="-1"
[lvl_npcs_89]
npc_ignore="-1"
[lvl_npcs_90]
npc_ignore="-1"
[lvl_npcs_91]
npc_ignore="-1"
[lvl_npcs_92]
npc_ignore="-1"
[lvl_npcs_93]
npc_ignore="-1"
[lvl_npcs_94]
npc_ignore="-1"
[lvl_npcs_95]
npc_ignore="-1"
[lvl_npcs_96]
npc_ignore="-1"
[lvl_npcs_97]
npc_ignore="-1"
[lvl_npcs_98]
npc_ignore="-1"
[lvl_npcs_99]
npc_ignore="-1"
[lvl_npcs_100]
npc_ignore="-1"
[lvl_npcs_101]
npc_ignore="-1"
[lvl_npcs_102]
npc_ignore="-1"
[lvl_npcs_103]
npc_ignore="-1"
[lvl_npcs_104]
npc_ignore="-1"
[lvl_npcs_105]
npc_ignore="-1"
[lvl_npcs_106]
npc_ignore="-1"
[lvl_npcs_107]
npc_ignore="-1"
[lvl_npcs_108]
npc_ignore="-1"
[lvl_npcs_109]
npc_ignore="-1"
[lvl_npcs_110]
npc_ignore="-1"
[lvl_npcs_111]
npc_ignore="-1"
[lvl_npcs_112]
npc_ignore="-1"
[lvl_npcs_113]
npc_ignore="-1"
[lvl_npcs_114]
npc_ignore="-1"
[lvl_npcs_115]
npc_ignore="-1"
[lvl_npcs_116]
npc_ignore="-1"
[lvl_npcs_117]
npc_ignore="-1"
[lvl_npcs_118]
npc_ignore="-1"
[lvl_npcs_119]
npc_ignore="-1"
[lvl_npcs_120]
npc_ignore="-1"
[lvl_npcs_121]
npc_ignore="-1"
[lvl_npcs_122]
npc_ignore="-1"
[lvl_npcs_123]
npc_ignore="-1"
[lvl_npcs_124]
npc_ignore="-1"
[lvl_npcs_125]
npc_ignore="-1"
[lvl_npcs_126]
npc_ignore="-1"
[lvl_npcs_127]
npc_ignore="-1"
[lvl_npcs_128]
npc_ignore="-1"
