[lvl_health]
health="14"
[lvl_objects_4]
obj_item="0"
obj_asset="217"
obj_y="0"
obj_x="0"
[lvl_objects_3]
obj_item="0"
obj_asset="132"
obj_y="128"
obj_x="12088"
[lvl_objects_2]
obj_item="0"
obj_asset="134"
obj_y="208"
obj_x="12008"
[lvl_objects_1]
obj_ignore="-1"
[lvl_objects_0]
obj_ignore="-1"
[lvl_tiles_208]
tile_asset="65"
tile_yscale="1"
tile_xscale="1"
tile_alpha="1"
tile_depth="-2"
tile_y="448"
tile_x="12012"
[lvl_tiles_207]
tile_asset="76"
tile_yscale="1"
tile_xscale="1"
tile_alpha="1"
tile_depth="-2"
tile_y="48"
tile_x="12352"
[lvl_tiles_206]
tile_asset="76"
tile_yscale="1"
tile_xscale="1"
tile_alpha="1"
tile_depth="-2"
tile_y="48"
tile_x="12264"
[lvl_tiles_205]
tile_asset="76"
tile_yscale="1"
tile_xscale="1"
tile_alpha="1"
tile_depth="-2"
tile_y="80"
tile_x="12304"
[lvl_tiles_204]
tile_asset="76"
tile_yscale="1"
tile_xscale="1"
tile_alpha="1"
tile_depth="-2"
tile_y="88"
tile_x="12240"
[lvl_tiles_203]
tile_asset="186"
tile_yscale="1"
tile_xscale="1"
tile_alpha="1"
tile_depth="-1"
tile_y="384"
tile_x="12120"
[lvl_tiles_202]
tile_asset="186"
tile_yscale="1"
tile_xscale="1"
tile_alpha="1"
tile_depth="-1"
tile_y="320"
tile_x="12120"
[lvl_tiles_201]
tile_asset="186"
tile_yscale="1"
tile_xscale="1"
tile_alpha="1"
tile_depth="-1"
tile_y="320"
tile_x="12248"
[lvl_tiles_200]
tile_asset="186"
tile_yscale="1"
tile_xscale="1"
tile_alpha="1"
tile_depth="-1"
tile_y="384"
tile_x="12248"
[lvl_tiles_199]
tile_asset="53"
tile_yscale="1"
tile_xscale="1"
tile_alpha="1"
tile_depth="-1"
tile_y="272"
tile_x="12088"
[lvl_tiles_198]
tile_asset="53"
tile_yscale="1"
tile_xscale="1"
tile_alpha="1"
tile_depth="-1"
tile_y="272"
tile_x="12152"
[lvl_tiles_197]
tile_asset="53"
tile_yscale="1"
tile_xscale="1"
tile_alpha="1"
tile_depth="-1"
tile_y="272"
tile_x="12216"
[lvl_tiles_196]
tile_asset="53"
tile_yscale="1"
tile_xscale="1"
tile_alpha="1"
tile_depth="-1"
tile_y="272"
tile_x="12280"
[lvl_tiles_195]
tile_asset="53"
tile_yscale="1"
tile_xscale="1"
tile_alpha="1"
tile_depth="-1"
tile_y="272"
tile_x="12280"
[lvl_tiles_194]
tile_asset="65"
tile_yscale="1"
tile_xscale="1"
tile_alpha="1"
tile_depth="-1"
tile_y="448"
tile_x="12060"
[lvl_tiles_193]
tile_asset="73"
tile_yscale="1"
tile_xscale="1"
tile_alpha="1"
tile_depth="-1"
tile_y="228"
tile_x="12403"
[lvl_tiles_192]
tile_asset="67"
tile_yscale="1"
tile_xscale="1"
tile_alpha="1"
tile_depth="-1"
tile_y="352"
tile_x="12368"
[lvl_tiles_191]
tile_asset="65"
tile_yscale="1"
tile_xscale="1"
tile_alpha="1"
tile_depth="-1"
tile_y="128"
tile_x="12280"
[lvl_tiles_190]
tile_asset="28"
tile_yscale="1"
tile_xscale="1"
tile_alpha="1"
tile_depth="0"
tile_y="384"
tile_x="11948"
[lvl_tiles_189]
tile_asset="22"
tile_yscale="1"
tile_xscale="1"
tile_alpha="1"
tile_depth="0"
tile_y="448"
tile_x="11948"
[lvl_tiles_188]
tile_asset="22"
tile_yscale="1"
tile_xscale="1"
tile_alpha="1"
tile_depth="0"
tile_y="320"
tile_x="11948"
[lvl_tiles_187]
tile_asset="22"
tile_yscale="1"
tile_xscale="1"
tile_alpha="1"
tile_depth="0"
tile_y="320"
tile_x="11948"
[lvl_tiles_186]
tile_asset="825"
tile_yscale="1"
tile_xscale="1"
tile_alpha="1"
tile_depth="0"
tile_y="288"
tile_x="11960"
[lvl_tiles_185]
tile_asset="796"
tile_yscale="1"
tile_xscale="1"
tile_alpha="1"
tile_depth="0"
tile_y="288"
tile_x="11832"
[lvl_tiles_184]
tile_asset="1"
tile_yscale="1"
tile_xscale="1"
tile_alpha="1"
tile_depth="0"
tile_y="480"
tile_x="12364"
[lvl_tiles_183]
tile_asset="1"
tile_yscale="1"
tile_xscale="1"
tile_alpha="1"
tile_depth="0"
tile_y="480"
tile_x="12348"
[lvl_tiles_182]
tile_asset="1"
tile_yscale="1"
tile_xscale="1"
tile_alpha="1"
tile_depth="0"
tile_y="480"
tile_x="12332"
[lvl_tiles_181]
tile_asset="1"
tile_yscale="1"
tile_xscale="1"
tile_alpha="1"
tile_depth="0"
tile_y="480"
tile_x="12316"
[lvl_tiles_180]
tile_asset="1"
tile_yscale="1"
tile_xscale="1"
tile_alpha="1"
tile_depth="0"
tile_y="480"
tile_x="12300"
[lvl_tiles_179]
tile_asset="1"
tile_yscale="1"
tile_xscale="1"
tile_alpha="1"
tile_depth="0"
tile_y="480"
tile_x="12284"
[lvl_tiles_178]
tile_asset="1"
tile_yscale="1"
tile_xscale="1"
tile_alpha="1"
tile_depth="0"
tile_y="480"
tile_x="12268"
[lvl_tiles_177]
tile_asset="1"
tile_yscale="1"
tile_xscale="1"
tile_alpha="1"
tile_depth="0"
tile_y="480"
tile_x="12252"
[lvl_tiles_176]
tile_asset="1"
tile_yscale="1"
tile_xscale="1"
tile_alpha="1"
tile_depth="0"
tile_y="480"
tile_x="12236"
[lvl_tiles_175]
tile_asset="1"
tile_yscale="1"
tile_xscale="1"
tile_alpha="1"
tile_depth="0"
tile_y="480"
tile_x="12220"
[lvl_tiles_174]
tile_asset="1"
tile_yscale="1"
tile_xscale="1"
tile_alpha="1"
tile_depth="0"
tile_y="480"
tile_x="12204"
[lvl_tiles_173]
tile_asset="1"
tile_yscale="1"
tile_xscale="1"
tile_alpha="1"
tile_depth="0"
tile_y="480"
tile_x="12188"
[lvl_tiles_172]
tile_asset="1"
tile_yscale="1"
tile_xscale="1"
tile_alpha="1"
tile_depth="0"
tile_y="480"
tile_x="12172"
[lvl_tiles_171]
tile_asset="1"
tile_yscale="1"
tile_xscale="1"
tile_alpha="1"
tile_depth="0"
tile_y="480"
tile_x="12156"
[lvl_tiles_170]
tile_asset="1"
tile_yscale="1"
tile_xscale="1"
tile_alpha="1"
tile_depth="0"
tile_y="480"
tile_x="12140"
[lvl_tiles_169]
tile_asset="1"
tile_yscale="1"
tile_xscale="1"
tile_alpha="1"
tile_depth="0"
tile_y="480"
tile_x="12124"
[lvl_tiles_168]
tile_asset="1"
tile_yscale="1"
tile_xscale="1"
tile_alpha="1"
tile_depth="0"
tile_y="480"
tile_x="12108"
[lvl_tiles_167]
tile_asset="1"
tile_yscale="1"
tile_xscale="1"
tile_alpha="1"
tile_depth="0"
tile_y="480"
tile_x="12092"
[lvl_tiles_166]
tile_asset="1"
tile_yscale="1"
tile_xscale="1"
tile_alpha="1"
tile_depth="0"
tile_y="480"
tile_x="12076"
[lvl_tiles_165]
tile_asset="1"
tile_yscale="1"
tile_xscale="1"
tile_alpha="1"
tile_depth="0"
tile_y="480"
tile_x="12060"
[lvl_tiles_164]
tile_asset="1"
tile_yscale="1"
tile_xscale="1"
tile_alpha="1"
tile_depth="0"
tile_y="480"
tile_x="12044"
[lvl_tiles_163]
tile_asset="1"
tile_yscale="1"
tile_xscale="1"
tile_alpha="1"
tile_depth="0"
tile_y="480"
tile_x="12028"
[lvl_tiles_162]
tile_asset="1"
tile_yscale="1"
tile_xscale="1"
tile_alpha="1"
tile_depth="0"
tile_y="480"
tile_x="12012"
[lvl_tiles_161]
tile_asset="1"
tile_yscale="1"
tile_xscale="1"
tile_alpha="1"
tile_depth="0"
tile_y="480"
tile_x="12012"
[lvl_tiles_160]
tile_asset="3"
tile_yscale="1"
tile_xscale="1"
tile_alpha="1"
tile_depth="0"
tile_y="416"
tile_x="12528"
[lvl_tiles_159]
tile_asset="29"
tile_yscale="1"
tile_xscale="1"
tile_alpha="1"
tile_depth="0"
tile_y="416"
tile_x="12560"
[lvl_tiles_158]
tile_asset="29"
tile_yscale="1"
tile_xscale="1"
tile_alpha="1"
tile_depth="0"
tile_y="416"
tile_x="12496"
[lvl_tiles_157]
tile_asset="29"
tile_yscale="1"
tile_xscale="1"
tile_alpha="1"
tile_depth="0"
tile_y="352"
tile_x="12528"
[lvl_tiles_156]
tile_asset="3"
tile_yscale="1"
tile_xscale="1"
tile_alpha="1"
tile_depth="0"
tile_y="352"
tile_x="12560"
[lvl_tiles_155]
tile_asset="3"
tile_yscale="1"
tile_xscale="1"
tile_alpha="1"
tile_depth="0"
tile_y="352"
tile_x="12496"
[lvl_tiles_154]
tile_asset="0"
tile_yscale="1"
tile_xscale="1"
tile_alpha="1"
tile_depth="0"
tile_y="320"
tile_x="12560"
[lvl_tiles_153]
tile_asset="3"
tile_yscale="1"
tile_xscale="1"
tile_alpha="1"
tile_depth="0"
tile_y="384"
tile_x="12432"
[lvl_tiles_152]
tile_asset="7"
tile_yscale="1"
tile_xscale="1"
tile_alpha="1"
tile_depth="0"
tile_y="320"
tile_x="12528"
[lvl_tiles_151]
tile_asset="0"
tile_yscale="1"
tile_xscale="1"
tile_alpha="1"
tile_depth="0"
tile_y="288"
tile_x="12536"
[lvl_tiles_150]
tile_asset="7"
tile_yscale="1"
tile_xscale="1"
tile_alpha="1"
tile_depth="0"
tile_y="288"
tile_x="12504"
[lvl_tiles_149]
tile_asset="14"
tile_yscale="1"
tile_xscale="1"
tile_alpha="1"
tile_depth="0"
tile_y="160"
tile_x="12448"
[lvl_tiles_148]
tile_asset="14"
tile_yscale="1"
tile_xscale="1"
tile_alpha="1"
tile_depth="0"
tile_y="256"
tile_x="12448"
[lvl_tiles_147]
tile_asset="14"
tile_yscale="1"
tile_xscale="1"
tile_alpha="1"
tile_depth="0"
tile_y="224"
tile_x="12448"
[lvl_tiles_146]
tile_asset="14"
tile_yscale="1"
tile_xscale="1"
tile_alpha="1"
tile_depth="0"
tile_y="192"
tile_x="12448"
[lvl_tiles_145]
tile_asset="15"
tile_yscale="1"
tile_xscale="1"
tile_alpha="1"
tile_depth="0"
tile_y="256"
tile_x="12384"
[lvl_tiles_144]
tile_asset="15"
tile_yscale="1"
tile_xscale="1"
tile_alpha="1"
tile_depth="0"
tile_y="224"
tile_x="12384"
[lvl_tiles_143]
tile_asset="15"
tile_yscale="1"
tile_xscale="1"
tile_alpha="1"
tile_depth="0"
tile_y="192"
tile_x="12384"
[lvl_tiles_142]
tile_asset="15"
tile_yscale="1"
tile_xscale="1"
tile_alpha="1"
tile_depth="0"
tile_y="160"
tile_x="12384"
[lvl_tiles_141]
tile_asset="15"
tile_yscale="1"
tile_xscale="1"
tile_alpha="1"
tile_depth="0"
tile_y="160"
tile_x="12384"
[lvl_tiles_140]
tile_asset="220"
tile_yscale="1"
tile_xscale="1"
tile_alpha="1"
tile_depth="0"
tile_y="160"
tile_x="12424"
[lvl_tiles_139]
tile_asset="220"
tile_yscale="1"
tile_xscale="1"
tile_alpha="1"
tile_depth="0"
tile_y="160"
tile_x="12400"
[lvl_tiles_138]
tile_asset="220"
tile_yscale="1"
tile_xscale="1"
tile_alpha="1"
tile_depth="0"
tile_y="224"
tile_x="12424"
[lvl_tiles_137]
tile_asset="220"
tile_yscale="1"
tile_xscale="1"
tile_alpha="1"
tile_depth="0"
tile_y="224"
tile_x="12400"
[lvl_tiles_136]
tile_asset="220"
tile_yscale="1"
tile_xscale="1"
tile_alpha="1"
tile_depth="0"
tile_y="224"
tile_x="12400"
[lvl_tiles_135]
tile_asset="3"
tile_yscale="1"
tile_xscale="1"
tile_alpha="1"
tile_depth="0"
tile_y="448"
tile_x="12400"
[lvl_tiles_134]
tile_asset="29"
tile_yscale="1"
tile_xscale="1"
tile_alpha="1"
tile_depth="0"
tile_y="448"
tile_x="12368"
[lvl_tiles_133]
tile_asset="0"
tile_yscale="1"
tile_xscale="1"
tile_alpha="1"
tile_depth="0"
tile_y="416"
tile_x="12368"
[lvl_tiles_132]
tile_asset="22"
tile_yscale="1"
tile_xscale="1"
tile_alpha="1"
tile_depth="0"
tile_y="448"
tile_x="12344"
[lvl_tiles_131]
tile_asset="29"
tile_yscale="1"
tile_xscale="1"
tile_alpha="1"
tile_depth="0"
tile_y="352"
tile_x="12400"
[lvl_tiles_130]
tile_asset="3"
tile_yscale="1"
tile_xscale="1"
tile_alpha="1"
tile_depth="0"
tile_y="352"
tile_x="12368"
[lvl_tiles_129]
tile_asset="29"
tile_yscale="1"
tile_xscale="1"
tile_alpha="1"
tile_depth="0"
tile_y="448"
tile_x="12432"
[lvl_tiles_128]
tile_asset="0"
tile_yscale="1"
tile_xscale="1"
tile_alpha="1"
tile_depth="0"
tile_y="320"
tile_x="12464"
[lvl_tiles_127]
tile_asset="29"
tile_yscale="1"
tile_xscale="1"
tile_alpha="1"
tile_depth="0"
tile_y="320"
tile_x="12432"
[lvl_tiles_126]
tile_asset="0"
tile_yscale="1"
tile_xscale="1"
tile_alpha="1"
tile_depth="0"
tile_y="288"
tile_x="12440"
[lvl_tiles_125]
tile_asset="7"
tile_yscale="1"
tile_xscale="1"
tile_alpha="1"
tile_depth="0"
tile_y="288"
tile_x="12408"
[lvl_tiles_124]
tile_asset="0"
tile_yscale="1"
tile_xscale="1"
tile_alpha="1"
tile_depth="0"
tile_y="288"
tile_x="12344"
[lvl_tiles_123]
tile_asset="28"
tile_yscale="1"
tile_xscale="1"
tile_alpha="1"
tile_depth="0"
tile_y="384"
tile_x="12344"
[lvl_tiles_122]
tile_asset="22"
tile_yscale="1"
tile_xscale="1"
tile_alpha="1"
tile_depth="0"
tile_y="320"
tile_x="12344"
[lvl_tiles_121]
tile_asset="22"
tile_yscale="1"
tile_xscale="1"
tile_alpha="1"
tile_depth="0"
tile_y="320"
tile_x="12344"
[lvl_tiles_120]
tile_asset="6"
tile_yscale="1"
tile_xscale="1"
tile_alpha="1"
tile_depth="0"
tile_y="288"
tile_x="12216"
[lvl_tiles_119]
tile_asset="6"
tile_yscale="1"
tile_xscale="1"
tile_alpha="1"
tile_depth="0"
tile_y="288"
tile_x="12088"
[lvl_tiles_118]
tile_asset="6"
tile_yscale="1"
tile_xscale="1"
tile_alpha="1"
tile_depth="0"
tile_y="288"
tile_x="12088"
[lvl_tiles_117]
tile_asset="89"
tile_yscale="1"
tile_xscale="1"
tile_alpha="1"
tile_depth="1"
tile_y="256"
tile_x="12488"
[lvl_tiles_116]
tile_asset="89"
tile_yscale="1"
tile_xscale="1"
tile_alpha="1"
tile_depth="1"
tile_y="224"
tile_x="12488"
[lvl_tiles_115]
tile_asset="89"
tile_yscale="1"
tile_xscale="1"
tile_alpha="1"
tile_depth="1"
tile_y="192"
tile_x="12488"
[lvl_tiles_114]
tile_asset="89"
tile_yscale="1"
tile_xscale="1"
tile_alpha="1"
tile_depth="1"
tile_y="160"
tile_x="12488"
[lvl_tiles_113]
tile_asset="89"
tile_yscale="1"
tile_xscale="1"
tile_alpha="1"
tile_depth="1"
tile_y="160"
tile_x="12488"
[lvl_tiles_112]
tile_asset="68"
tile_yscale="1"
tile_xscale="1"
tile_alpha="1"
tile_depth="4"
tile_y="320"
tile_x="12248"
[lvl_tiles_111]
tile_asset="70"
tile_yscale="1"
tile_xscale="1"
tile_alpha="1"
tile_depth="4"
tile_y="264"
tile_x="11832"
[lvl_tiles_110]
tile_asset="70"
tile_yscale="1"
tile_xscale="1"
tile_alpha="1"
tile_depth="4"
tile_y="264"
tile_x="11896"
[lvl_tiles_109]
tile_asset="70"
tile_yscale="1"
tile_xscale="1"
tile_alpha="1"
tile_depth="4"
tile_y="264"
tile_x="11960"
[lvl_tiles_108]
tile_asset="70"
tile_yscale="1"
tile_xscale="1"
tile_alpha="1"
tile_depth="4"
tile_y="264"
tile_x="12024"
[lvl_tiles_107]
tile_asset="70"
tile_yscale="1"
tile_xscale="1"
tile_alpha="1"
tile_depth="4"
tile_y="264"
tile_x="12024"
[lvl_tiles_106]
tile_asset="61"
tile_yscale="1"
tile_xscale="1"
tile_alpha="1"
tile_depth="4"
tile_y="432"
tile_x="12320"
[lvl_tiles_105]
tile_asset="61"
tile_yscale="1"
tile_xscale="1"
tile_alpha="1"
tile_depth="4"
tile_y="416"
tile_x="12320"
[lvl_tiles_104]
tile_asset="61"
tile_yscale="1"
tile_xscale="1"
tile_alpha="1"
tile_depth="4"
tile_y="400"
tile_x="12320"
[lvl_tiles_103]
tile_asset="61"
tile_yscale="1"
tile_xscale="1"
tile_alpha="1"
tile_depth="4"
tile_y="384"
tile_x="12320"
[lvl_tiles_102]
tile_asset="61"
tile_yscale="1"
tile_xscale="1"
tile_alpha="1"
tile_depth="4"
tile_y="368"
tile_x="12320"
[lvl_tiles_101]
tile_asset="61"
tile_yscale="1"
tile_xscale="1"
tile_alpha="1"
tile_depth="4"
tile_y="352"
tile_x="12320"
[lvl_tiles_100]
tile_asset="61"
tile_yscale="1"
tile_xscale="1"
tile_alpha="1"
tile_depth="4"
tile_y="336"
tile_x="12320"
[lvl_tiles_99]
tile_asset="61"
tile_yscale="1"
tile_xscale="1"
tile_alpha="1"
tile_depth="4"
tile_y="320"
tile_x="12320"
[lvl_tiles_98]
tile_asset="61"
tile_yscale="1"
tile_xscale="1"
tile_alpha="1"
tile_depth="4"
tile_y="320"
tile_x="12320"
[lvl_tiles_97]
tile_asset="79"
tile_yscale="1"
tile_xscale="1"
tile_alpha="1"
tile_depth="4"
tile_y="344"
tile_x="12080"
[lvl_tiles_96]
tile_asset="79"
tile_yscale="1"
tile_xscale="1"
tile_alpha="1"
tile_depth="4"
tile_y="344"
tile_x="12200"
[lvl_tiles_95]
tile_asset="61"
tile_yscale="1"
tile_xscale="1"
tile_alpha="1"
tile_depth="4"
tile_y="432"
tile_x="12056"
[lvl_tiles_94]
tile_asset="61"
tile_yscale="1"
tile_xscale="1"
tile_alpha="1"
tile_depth="4"
tile_y="416"
tile_x="12056"
[lvl_tiles_93]
tile_asset="61"
tile_yscale="1"
tile_xscale="1"
tile_alpha="1"
tile_depth="4"
tile_y="400"
tile_x="12056"
[lvl_tiles_92]
tile_asset="61"
tile_yscale="1"
tile_xscale="1"
tile_alpha="1"
tile_depth="4"
tile_y="384"
tile_x="12056"
[lvl_tiles_91]
tile_asset="61"
tile_yscale="1"
tile_xscale="1"
tile_alpha="1"
tile_depth="4"
tile_y="368"
tile_x="12056"
[lvl_tiles_90]
tile_asset="61"
tile_yscale="1"
tile_xscale="1"
tile_alpha="1"
tile_depth="4"
tile_y="352"
tile_x="12056"
[lvl_tiles_89]
tile_asset="61"
tile_yscale="1"
tile_xscale="1"
tile_alpha="1"
tile_depth="4"
tile_y="336"
tile_x="12056"
[lvl_tiles_88]
tile_asset="61"
tile_yscale="1"
tile_xscale="1"
tile_alpha="1"
tile_depth="4"
tile_y="320"
tile_x="12056"
[lvl_tiles_87]
tile_asset="61"
tile_yscale="1"
tile_xscale="1"
tile_alpha="1"
tile_depth="4"
tile_y="320"
tile_x="12056"
[lvl_tiles_86]
tile_asset="78"
tile_yscale="1"
tile_xscale="1"
tile_alpha="1"
tile_depth="4"
tile_y="208"
tile_x="12344"
[lvl_tiles_85]
tile_asset="72"
tile_yscale="1"
tile_xscale="1"
tile_alpha="1"
tile_depth="4"
tile_y="159"
tile_x="12289"
[lvl_tiles_84]
tile_asset="61"
tile_yscale="1"
tile_xscale="1"
tile_alpha="1"
tile_depth="4"
tile_y="272"
tile_x="12544"
[lvl_tiles_83]
tile_asset="61"
tile_yscale="1"
tile_xscale="1"
tile_alpha="1"
tile_depth="4"
tile_y="256"
tile_x="12544"
[lvl_tiles_82]
tile_asset="61"
tile_yscale="1"
tile_xscale="1"
tile_alpha="1"
tile_depth="4"
tile_y="240"
tile_x="12544"
[lvl_tiles_81]
tile_asset="61"
tile_yscale="1"
tile_xscale="1"
tile_alpha="1"
tile_depth="4"
tile_y="224"
tile_x="12544"
[lvl_tiles_80]
tile_asset="61"
tile_yscale="1"
tile_xscale="1"
tile_alpha="1"
tile_depth="4"
tile_y="208"
tile_x="12544"
[lvl_tiles_79]
tile_asset="61"
tile_yscale="1"
tile_xscale="1"
tile_alpha="1"
tile_depth="4"
tile_y="192"
tile_x="12544"
[lvl_tiles_78]
tile_asset="61"
tile_yscale="1"
tile_xscale="1"
tile_alpha="1"
tile_depth="4"
tile_y="176"
tile_x="12544"
[lvl_tiles_77]
tile_asset="61"
tile_yscale="1"
tile_xscale="1"
tile_alpha="1"
tile_depth="4"
tile_y="160"
tile_x="12544"
[lvl_tiles_76]
tile_asset="61"
tile_yscale="1"
tile_xscale="1"
tile_alpha="1"
tile_depth="4"
tile_y="160"
tile_x="12544"
[lvl_tiles_75]
tile_asset="61"
tile_yscale="1"
tile_xscale="1"
tile_alpha="1"
tile_depth="4"
tile_y="128"
tile_x="12096"
[lvl_tiles_74]
tile_asset="61"
tile_yscale="1"
tile_xscale="1"
tile_alpha="1"
tile_depth="4"
tile_y="144"
tile_x="12096"
[lvl_tiles_73]
tile_asset="61"
tile_yscale="1"
tile_xscale="1"
tile_alpha="1"
tile_depth="4"
tile_y="160"
tile_x="12096"
[lvl_tiles_72]
tile_asset="61"
tile_yscale="1"
tile_xscale="1"
tile_alpha="1"
tile_depth="4"
tile_y="176"
tile_x="12096"
[lvl_tiles_71]
tile_asset="61"
tile_yscale="1"
tile_xscale="1"
tile_alpha="1"
tile_depth="4"
tile_y="192"
tile_x="12096"
[lvl_tiles_70]
tile_asset="61"
tile_yscale="1"
tile_xscale="1"
tile_alpha="1"
tile_depth="4"
tile_y="208"
tile_x="12096"
[lvl_tiles_69]
tile_asset="61"
tile_yscale="1"
tile_xscale="1"
tile_alpha="1"
tile_depth="4"
tile_y="224"
tile_x="12096"
[lvl_tiles_68]
tile_asset="61"
tile_yscale="1"
tile_xscale="1"
tile_alpha="1"
tile_depth="4"
tile_y="240"
tile_x="12096"
[lvl_tiles_67]
tile_asset="61"
tile_yscale="1"
tile_xscale="1"
tile_alpha="1"
tile_depth="4"
tile_y="256"
tile_x="12096"
[lvl_tiles_66]
tile_asset="61"
tile_yscale="1"
tile_xscale="1"
tile_alpha="1"
tile_depth="4"
tile_y="272"
tile_x="12096"
[lvl_tiles_65]
tile_asset="61"
tile_yscale="1"
tile_xscale="1"
tile_alpha="1"
tile_depth="4"
tile_y="272"
tile_x="12096"
[lvl_tiles_64]
tile_asset="61"
tile_yscale="1"
tile_xscale="1"
tile_alpha="1"
tile_depth="4"
tile_y="128"
tile_x="12320"
[lvl_tiles_63]
tile_asset="61"
tile_yscale="1"
tile_xscale="1"
tile_alpha="1"
tile_depth="4"
tile_y="144"
tile_x="12320"
[lvl_tiles_62]
tile_asset="61"
tile_yscale="1"
tile_xscale="1"
tile_alpha="1"
tile_depth="4"
tile_y="160"
tile_x="12320"
[lvl_tiles_61]
tile_asset="61"
tile_yscale="1"
tile_xscale="1"
tile_alpha="1"
tile_depth="4"
tile_y="176"
tile_x="12320"
[lvl_tiles_60]
tile_asset="61"
tile_yscale="1"
tile_xscale="1"
tile_alpha="1"
tile_depth="4"
tile_y="192"
tile_x="12320"
[lvl_tiles_59]
tile_asset="61"
tile_yscale="1"
tile_xscale="1"
tile_alpha="1"
tile_depth="4"
tile_y="208"
tile_x="12320"
[lvl_tiles_58]
tile_asset="61"
tile_yscale="1"
tile_xscale="1"
tile_alpha="1"
tile_depth="4"
tile_y="224"
tile_x="12320"
[lvl_tiles_57]
tile_asset="61"
tile_yscale="1"
tile_xscale="1"
tile_alpha="1"
tile_depth="4"
tile_y="240"
tile_x="12320"
[lvl_tiles_56]
tile_asset="61"
tile_yscale="1"
tile_xscale="1"
tile_alpha="1"
tile_depth="4"
tile_y="256"
tile_x="12320"
[lvl_tiles_55]
tile_asset="61"
tile_yscale="1"
tile_xscale="1"
tile_alpha="1"
tile_depth="4"
tile_y="272"
tile_x="12320"
[lvl_tiles_54]
tile_asset="61"
tile_yscale="1"
tile_xscale="1"
tile_alpha="1"
tile_depth="4"
tile_y="272"
tile_x="12320"
[lvl_tiles_53]
tile_asset="71"
tile_yscale="1"
tile_xscale="1"
tile_alpha="1"
tile_depth="4"
tile_y="320"
tile_x="12408"
[lvl_tiles_52]
tile_asset="71"
tile_yscale="1"
tile_xscale="1"
tile_alpha="1"
tile_depth="4"
tile_y="320"
tile_x="12376"
[lvl_tiles_51]
tile_asset="68"
tile_yscale="1"
tile_xscale="1"
tile_alpha="1"
tile_depth="4"
tile_y="320"
tile_x="12120"
[lvl_tiles_50]
tile_asset="70"
tile_yscale="1"
tile_xscale="1"
tile_alpha="1"
tile_depth="5"
tile_y="264"
tile_x="12088"
[lvl_tiles_49]
tile_asset="70"
tile_yscale="1"
tile_xscale="1"
tile_alpha="1"
tile_depth="5"
tile_y="264"
tile_x="12152"
[lvl_tiles_48]
tile_asset="70"
tile_yscale="1"
tile_xscale="1"
tile_alpha="1"
tile_depth="5"
tile_y="264"
tile_x="12216"
[lvl_tiles_47]
tile_asset="70"
tile_yscale="1"
tile_xscale="1"
tile_alpha="1"
tile_depth="5"
tile_y="264"
tile_x="12280"
[lvl_tiles_46]
tile_asset="70"
tile_yscale="1"
tile_xscale="1"
tile_alpha="1"
tile_depth="5"
tile_y="264"
tile_x="12280"
[lvl_tiles_45]
tile_asset="189"
tile_yscale="1"
tile_xscale="1"
tile_alpha="1"
tile_depth="6"
tile_y="330"
tile_x="12248"
[lvl_tiles_44]
tile_asset="189"
tile_yscale="1"
tile_xscale="1"
tile_alpha="1"
tile_depth="6"
tile_y="314"
tile_x="12152"
[lvl_tiles_43]
tile_asset="189"
tile_yscale="1"
tile_xscale="1"
tile_alpha="1"
tile_depth="6"
tile_y="314"
tile_x="12248"
[lvl_tiles_42]
tile_asset="189"
tile_yscale="1"
tile_xscale="1"
tile_alpha="1"
tile_depth="6"
tile_y="330"
tile_x="12152"
[lvl_tiles_41]
tile_asset="189"
tile_yscale="1"
tile_xscale="1"
tile_alpha="1"
tile_depth="6"
tile_y="330"
tile_x="12024"
[lvl_tiles_40]
tile_asset="189"
tile_yscale="1"
tile_xscale="1"
tile_alpha="1"
tile_depth="6"
tile_y="314"
tile_x="11832"
[lvl_tiles_39]
tile_asset="189"
tile_yscale="1"
tile_xscale="1"
tile_alpha="1"
tile_depth="6"
tile_y="314"
tile_x="11928"
[lvl_tiles_38]
tile_asset="189"
tile_yscale="1"
tile_xscale="1"
tile_alpha="1"
tile_depth="6"
tile_y="314"
tile_x="12024"
[lvl_tiles_37]
tile_asset="189"
tile_yscale="1"
tile_xscale="1"
tile_alpha="1"
tile_depth="6"
tile_y="330"
tile_x="11832"
[lvl_tiles_36]
tile_asset="189"
tile_yscale="1"
tile_xscale="1"
tile_alpha="1"
tile_depth="6"
tile_y="330"
tile_x="11928"
[lvl_tiles_35]
tile_asset="64"
tile_yscale="1"
tile_xscale="1"
tile_alpha="1"
tile_depth="6"
tile_y="280"
tile_x="12512"
[lvl_tiles_34]
tile_asset="64"
tile_yscale="1"
tile_xscale="1"
tile_alpha="1"
tile_depth="6"
tile_y="280"
tile_x="12448"
[lvl_tiles_33]
tile_asset="64"
tile_yscale="1"
tile_xscale="1"
tile_alpha="1"
tile_depth="6"
tile_y="280"
tile_x="12384"
[lvl_tiles_32]
tile_asset="64"
tile_yscale="1"
tile_xscale="1"
tile_alpha="1"
tile_depth="6"
tile_y="280"
tile_x="12320"
[lvl_tiles_31]
tile_asset="64"
tile_yscale="1"
tile_xscale="1"
tile_alpha="1"
tile_depth="6"
tile_y="280"
tile_x="12320"
[lvl_tiles_30]
tile_asset="69"
tile_yscale="1"
tile_xscale="1"
tile_alpha="1"
tile_depth="7"
tile_y="284"
tile_x="11829"
[lvl_tiles_29]
tile_asset="69"
tile_yscale="1"
tile_xscale="1"
tile_alpha="1"
tile_depth="7"
tile_y="284"
tile_x="11846"
[lvl_tiles_28]
tile_asset="69"
tile_yscale="1"
tile_xscale="1"
tile_alpha="1"
tile_depth="7"
tile_y="284"
tile_x="11863"
[lvl_tiles_27]
tile_asset="69"
tile_yscale="1"
tile_xscale="1"
tile_alpha="1"
tile_depth="7"
tile_y="284"
tile_x="11880"
[lvl_tiles_26]
tile_asset="69"
tile_yscale="1"
tile_xscale="1"
tile_alpha="1"
tile_depth="7"
tile_y="284"
tile_x="11897"
[lvl_tiles_25]
tile_asset="69"
tile_yscale="1"
tile_xscale="1"
tile_alpha="1"
tile_depth="7"
tile_y="284"
tile_x="11914"
[lvl_tiles_24]
tile_asset="69"
tile_yscale="1"
tile_xscale="1"
tile_alpha="1"
tile_depth="7"
tile_y="284"
tile_x="11931"
[lvl_tiles_23]
tile_asset="69"
tile_yscale="1"
tile_xscale="1"
tile_alpha="1"
tile_depth="7"
tile_y="284"
tile_x="11931"
[lvl_tiles_22]
tile_asset="69"
tile_yscale="1"
tile_xscale="1"
tile_alpha="1"
tile_depth="7"
tile_y="284"
tile_x="11972"
[lvl_tiles_21]
tile_asset="69"
tile_yscale="1"
tile_xscale="1"
tile_alpha="1"
tile_depth="7"
tile_y="284"
tile_x="11989"
[lvl_tiles_20]
tile_asset="69"
tile_yscale="1"
tile_xscale="1"
tile_alpha="1"
tile_depth="7"
tile_y="284"
tile_x="12006"
[lvl_tiles_19]
tile_asset="69"
tile_yscale="1"
tile_xscale="1"
tile_alpha="1"
tile_depth="7"
tile_y="284"
tile_x="12023"
[lvl_tiles_18]
tile_asset="69"
tile_yscale="1"
tile_xscale="1"
tile_alpha="1"
tile_depth="7"
tile_y="284"
tile_x="12040"
[lvl_tiles_17]
tile_asset="69"
tile_yscale="1"
tile_xscale="1"
tile_alpha="1"
tile_depth="7"
tile_y="284"
tile_x="12040"
[lvl_tiles_16]
tile_asset="69"
tile_yscale="1"
tile_xscale="1"
tile_alpha="1"
tile_depth="7"
tile_y="284"
tile_x="12072"
[lvl_tiles_15]
tile_asset="69"
tile_yscale="1"
tile_xscale="1"
tile_alpha="1"
tile_depth="7"
tile_y="284"
tile_x="12089"
[lvl_tiles_14]
tile_asset="69"
tile_yscale="1"
tile_xscale="1"
tile_alpha="1"
tile_depth="7"
tile_y="284"
tile_x="12106"
[lvl_tiles_13]
tile_asset="69"
tile_yscale="1"
tile_xscale="1"
tile_alpha="1"
tile_depth="7"
tile_y="284"
tile_x="12123"
[lvl_tiles_12]
tile_asset="69"
tile_yscale="1"
tile_xscale="1"
tile_alpha="1"
tile_depth="7"
tile_y="284"
tile_x="12140"
[lvl_tiles_11]
tile_asset="69"
tile_yscale="1"
tile_xscale="1"
tile_alpha="1"
tile_depth="7"
tile_y="284"
tile_x="12157"
[lvl_tiles_10]
tile_asset="69"
tile_yscale="1"
tile_xscale="1"
tile_alpha="1"
tile_depth="7"
tile_y="284"
tile_x="12174"
[lvl_tiles_9]
tile_asset="69"
tile_yscale="1"
tile_xscale="1"
tile_alpha="1"
tile_depth="7"
tile_y="284"
tile_x="12191"
[lvl_tiles_8]
tile_asset="69"
tile_yscale="1"
tile_xscale="1"
tile_alpha="1"
tile_depth="7"
tile_y="284"
tile_x="12208"
[lvl_tiles_7]
tile_asset="69"
tile_yscale="1"
tile_xscale="1"
tile_alpha="1"
tile_depth="7"
tile_y="284"
tile_x="12225"
[lvl_tiles_6]
tile_asset="69"
tile_yscale="1"
tile_xscale="1"
tile_alpha="1"
tile_depth="7"
tile_y="284"
tile_x="12242"
[lvl_tiles_5]
tile_asset="69"
tile_yscale="1"
tile_xscale="1"
tile_alpha="1"
tile_depth="7"
tile_y="284"
tile_x="12259"
[lvl_tiles_4]
tile_asset="69"
tile_yscale="1"
tile_xscale="1"
tile_alpha="1"
tile_depth="7"
tile_y="284"
tile_x="12276"
[lvl_tiles_3]
tile_asset="69"
tile_yscale="1"
tile_xscale="1"
tile_alpha="1"
tile_depth="7"
tile_y="284"
tile_x="12293"
[lvl_tiles_2]
tile_asset="69"
tile_yscale="1"
tile_xscale="1"
tile_alpha="1"
tile_depth="7"
tile_y="284"
tile_x="12310"
[lvl_tiles_1]
tile_asset="69"
tile_yscale="1"
tile_xscale="1"
tile_alpha="1"
tile_depth="7"
tile_y="284"
tile_x="12327"
[lvl_tiles_0]
tile_asset="69"
tile_yscale="1"
tile_xscale="1"
tile_alpha="1"
tile_depth="7"
tile_y="284"
tile_x="12327"
[lvl_hd]
lvl_npc_count="0"
lvl_obj_count="5"
lvl_tile_count="209"
version_number="1123"
lvl_best_time="600000"
lvl_char="All"
lvl_win_condition="0"
lvl_weather="0"
lvl_description=""
lvl_author="Ms. Heropants"
lvl_name="cutscene3"
