[lvl_health]
health="14"
[lvl_objects_13]
obj_item="0"
obj_asset="217"
obj_y="0"
obj_x="0"
[lvl_objects_12]
obj_item="0"
obj_asset="236"
obj_y="476"
obj_x="354"
[lvl_objects_11]
obj_item="0"
obj_asset="236"
obj_y="292"
obj_x="4096"
[lvl_objects_10]
obj_item="0"
obj_asset="380"
obj_y="0"
obj_x="4400"
[lvl_objects_9]
obj_item="0"
obj_asset="601"
obj_y="376"
obj_x="3728"
[lvl_objects_8]
obj_item="0"
obj_asset="601"
obj_y="376"
obj_x="3632"
[lvl_objects_7]
obj_item="0"
obj_asset="601"
obj_y="376"
obj_x="3280"
[lvl_objects_6]
obj_item="0"
obj_asset="601"
obj_y="376"
obj_x="3956"
[lvl_npcs_1]
npc_emotion_1="0"
npc_emotion_0="0"
spade_string_1=""
spade_string_0=""
milla_string_1=""
milla_string_0=""
carol_string_1=""
carol_string_0=""
lilac_string_1=""
lilac_string_0=""
npc_string_1=""
npc_string_0=""
npc_direction="1"
npc_emotion="0"
npc_object="8"
npc_y="376"
npc_x="3456"
[lvl_objects_5]
obj_ignore="-1"
[lvl_npcs_0]
npc_emotion_1="0"
npc_emotion_0="0"
spade_string_1=""
spade_string_0=""
milla_string_1=""
milla_string_0=""
carol_string_1=""
carol_string_0=""
lilac_string_1=""
lilac_string_0=""
npc_string_1=""
npc_string_0="Sash Lilac and #Carol Tea's room"
npc_direction="1"
npc_emotion="0"
npc_object="7"
npc_y="376"
npc_x="3904"
[lvl_objects_4]
obj_ignore="-1"
[lvl_objects_3]
obj_item="0"
obj_asset="135"
obj_y="2240"
obj_x="7938"
[lvl_objects_2]
obj_ignore="-1"
[lvl_objects_1]
obj_item="0"
obj_asset="457"
obj_y="806"
obj_x="354"
[lvl_objects_0]
obj_ignore="-1"
[lvl_tiles_110]
tile_asset="16"
tile_yscale="1"
tile_xscale="1"
tile_alpha="1"
tile_depth="-2"
tile_y="664"
tile_x="482"
[lvl_tiles_109]
tile_asset="419"
tile_yscale="1"
tile_xscale="1"
tile_alpha="1"
tile_depth="-1"
tile_y="774"
tile_x="88"
[lvl_tiles_108]
tile_asset="931"
tile_yscale="1"
tile_xscale="1"
tile_alpha="1"
tile_depth="-1"
tile_y="600"
tile_x="450"
[lvl_tiles_107]
tile_asset="931"
tile_yscale="1"
tile_xscale="1"
tile_alpha="1"
tile_depth="-1"
tile_y="632"
tile_x="450"
[lvl_tiles_106]
tile_asset="73"
tile_yscale="1"
tile_xscale="1"
tile_alpha="1"
tile_depth="-1"
tile_y="746"
tile_x="42"
[lvl_tiles_105]
tile_asset="6"
tile_yscale="1"
tile_xscale="1"
tile_alpha="1"
tile_depth="-1"
tile_y="664"
tile_x="448"
[lvl_tiles_104]
tile_asset="20"
tile_yscale="1"
tile_xscale="1"
tile_alpha="1"
tile_depth="-1"
tile_y="806"
tile_x="2"
[lvl_tiles_103]
tile_asset="16"
tile_yscale="1"
tile_xscale="1"
tile_alpha="1"
tile_depth="-1"
tile_y="806"
tile_x="482"
[lvl_tiles_102]
tile_asset="16"
tile_yscale="1"
tile_xscale="1"
tile_alpha="1"
tile_depth="-1"
tile_y="528"
tile_x="482"
[lvl_tiles_101]
tile_asset="79"
tile_yscale="1"
tile_xscale="1"
tile_alpha="1"
tile_depth="-1"
tile_y="130"
tile_x="3952"
[lvl_tiles_100]
tile_asset="79"
tile_yscale="1"
tile_xscale="1"
tile_alpha="1"
tile_depth="-1"
tile_y="130"
tile_x="3696"
[lvl_tiles_99]
tile_ignore="-1"
[lvl_tiles_98]
tile_ignore="-1"
[lvl_tiles_97]
tile_ignore="-1"
[lvl_tiles_96]
tile_ignore="-1"
[lvl_tiles_95]
tile_asset="825"
tile_yscale="1"
tile_xscale="1"
tile_alpha="1"
tile_depth="0"
tile_y="838"
tile_x="354"
[lvl_tiles_94]
tile_asset="894"
tile_yscale="1"
tile_xscale="1"
tile_alpha="1"
tile_depth="0"
tile_y="656"
tile_x="482"
[lvl_tiles_93]
tile_asset="14"
tile_yscale="1"
tile_xscale="1"
tile_alpha="1"
tile_depth="0"
tile_y="664"
tile_x="450"
[lvl_tiles_92]
tile_asset="14"
tile_yscale="1"
tile_xscale="1"
tile_alpha="1"
tile_depth="0"
tile_y="664"
tile_x="466"
[lvl_tiles_91]
tile_asset="15"
tile_yscale="1"
tile_xscale="1"
tile_alpha="1"
tile_depth="0"
tile_y="664"
tile_x="434"
[lvl_tiles_90]
tile_asset="25"
tile_yscale="1"
tile_xscale="1"
tile_alpha="1"
tile_depth="0"
tile_y="806"
tile_x="34"
[lvl_tiles_89]
tile_asset="25"
tile_yscale="1"
tile_xscale="1"
tile_alpha="1"
tile_depth="0"
tile_y="806"
tile_x="-30"
[lvl_tiles_88]
tile_asset="0"
tile_yscale="1"
tile_xscale="1"
tile_alpha="1"
tile_depth="0"
tile_y="806"
tile_x="98"
[lvl_tiles_87]
tile_asset="25"
tile_yscale="1"
tile_xscale="1"
tile_alpha="1"
tile_depth="0"
tile_y="806"
tile_x="162"
[lvl_tiles_86]
tile_asset="20"
tile_yscale="1"
tile_xscale="1"
tile_alpha="1"
tile_depth="0"
tile_y="806"
tile_x="226"
[lvl_tiles_85]
tile_asset="25"
tile_yscale="1"
tile_xscale="1"
tile_alpha="1"
tile_depth="0"
tile_y="806"
tile_x="258"
[lvl_tiles_84]
tile_asset="20"
tile_yscale="1"
tile_xscale="1"
tile_alpha="1"
tile_depth="0"
tile_y="806"
tile_x="322"
[lvl_tiles_83]
tile_asset="894"
tile_yscale="1"
tile_xscale="1"
tile_alpha="1"
tile_depth="0"
tile_y="528"
tile_x="482"
[lvl_tiles_82]
tile_asset="894"
tile_yscale="1"
tile_xscale="1"
tile_alpha="1"
tile_depth="0"
tile_y="784"
tile_x="482"
[lvl_tiles_81]
tile_asset="14"
tile_yscale="1"
tile_xscale="1"
tile_alpha="1"
tile_depth="0"
tile_y="496"
tile_x="512"
[lvl_tiles_80]
tile_asset="6"
tile_yscale="1"
tile_xscale="1"
tile_alpha="1"
tile_depth="0"
tile_y="496"
tile_x="0"
[lvl_tiles_79]
tile_asset="6"
tile_yscale="1"
tile_xscale="1"
tile_alpha="1"
tile_depth="0"
tile_y="496"
tile_x="384"
[lvl_tiles_78]
tile_asset="6"
tile_yscale="1"
tile_xscale="1"
tile_alpha="1"
tile_depth="0"
tile_y="496"
tile_x="256"
[lvl_tiles_77]
tile_asset="6"
tile_yscale="1"
tile_xscale="1"
tile_alpha="1"
tile_depth="0"
tile_y="496"
tile_x="128"
[lvl_tiles_76]
tile_asset="908"
tile_yscale="1"
tile_xscale="1"
tile_alpha="1"
tile_depth="0"
tile_y="536"
tile_x="4000"
[lvl_tiles_75]
tile_asset="908"
tile_yscale="1"
tile_xscale="1"
tile_alpha="1"
tile_depth="0"
tile_y="536"
tile_x="3936"
[lvl_tiles_74]
tile_asset="905"
tile_yscale="1"
tile_xscale="1"
tile_alpha="1"
tile_depth="0"
tile_y="408"
tile_x="3936"
[lvl_tiles_73]
tile_asset="16"
tile_yscale="1"
tile_xscale="1"
tile_alpha="1"
tile_depth="0"
tile_y="312"
tile_x="4224"
[lvl_tiles_72]
tile_asset="16"
tile_yscale="1"
tile_xscale="1"
tile_alpha="1"
tile_depth="0"
tile_y="376"
tile_x="4064"
[lvl_tiles_71]
tile_asset="190"
tile_yscale="1"
tile_xscale="1"
tile_alpha="1"
tile_depth="0"
tile_y="376"
tile_x="3936"
[lvl_tiles_70]
tile_asset="16"
tile_yscale="1"
tile_xscale="1"
tile_alpha="1"
tile_depth="0"
tile_y="376"
tile_x="3904"
[lvl_tiles_69]
tile_asset="190"
tile_yscale="1"
tile_xscale="1"
tile_alpha="1"
tile_depth="0"
tile_y="376"
tile_x="3776"
[lvl_tiles_68]
tile_asset="16"
tile_yscale="1"
tile_xscale="1"
tile_alpha="1"
tile_depth="0"
tile_y="376"
tile_x="3744"
[lvl_tiles_67]
tile_asset="190"
tile_yscale="1"
tile_xscale="1"
tile_alpha="1"
tile_depth="0"
tile_y="376"
tile_x="3616"
[lvl_tiles_66]
tile_asset="16"
tile_yscale="1"
tile_xscale="1"
tile_alpha="1"
tile_depth="0"
tile_y="376"
tile_x="3584"
[lvl_tiles_65]
tile_asset="190"
tile_yscale="1"
tile_xscale="1"
tile_alpha="1"
tile_depth="0"
tile_y="376"
tile_x="3456"
[lvl_tiles_64]
tile_asset="16"
tile_yscale="1"
tile_xscale="1"
tile_alpha="1"
tile_depth="0"
tile_y="376"
tile_x="3424"
[lvl_tiles_63]
tile_asset="908"
tile_yscale="1"
tile_xscale="1"
tile_alpha="1"
tile_depth="0"
tile_y="536"
tile_x="3360"
[lvl_tiles_62]
tile_asset="908"
tile_yscale="1"
tile_xscale="1"
tile_alpha="1"
tile_depth="0"
tile_y="536"
tile_x="3296"
[lvl_tiles_61]
tile_asset="905"
tile_yscale="1"
tile_xscale="1"
tile_alpha="1"
tile_depth="0"
tile_y="408"
tile_x="3296"
[lvl_tiles_60]
tile_asset="190"
tile_yscale="1"
tile_xscale="1"
tile_alpha="1"
tile_depth="0"
tile_y="376"
tile_x="3296"
[lvl_tiles_59]
tile_asset="16"
tile_yscale="1"
tile_xscale="1"
tile_alpha="1"
tile_depth="0"
tile_y="376"
tile_x="3264"
[lvl_tiles_58]
tile_asset="53"
tile_yscale="1"
tile_xscale="1"
tile_alpha="1"
tile_depth="1"
tile_y="614"
tile_x="0"
[lvl_tiles_57]
tile_asset="53"
tile_yscale="1"
tile_xscale="1"
tile_alpha="1"
tile_depth="1"
tile_y="614"
tile_x="64"
[lvl_tiles_56]
tile_asset="38"
tile_yscale="1"
tile_xscale="1"
tile_alpha="1"
tile_depth="1"
tile_y="476"
tile_x="354"
[lvl_tiles_55]
tile_asset="89"
tile_yscale="1"
tile_xscale="1"
tile_alpha="1"
tile_depth="1"
tile_y="664"
tile_x="394"
[lvl_tiles_54]
tile_asset="89"
tile_yscale="1"
tile_xscale="1"
tile_alpha="1"
tile_depth="1"
tile_y="696"
tile_x="394"
[lvl_tiles_53]
tile_asset="53"
tile_yscale="1"
tile_xscale="1"
tile_alpha="1"
tile_depth="1"
tile_y="360"
tile_x="4032"
[lvl_tiles_52]
tile_asset="39"
tile_yscale="1"
tile_xscale="1"
tile_alpha="1"
tile_depth="1"
tile_y="292"
tile_x="4096"
[lvl_tiles_51]
tile_asset="64"
tile_yscale="1"
tile_xscale="1"
tile_alpha="1"
tile_depth="4"
tile_y="806"
tile_x="354"
[lvl_tiles_50]
tile_asset="64"
tile_yscale="1"
tile_xscale="1"
tile_alpha="1"
tile_depth="4"
tile_y="828"
tile_x="418"
[lvl_tiles_49]
tile_asset="64"
tile_yscale="1"
tile_xscale="1"
tile_alpha="1"
tile_depth="4"
tile_y="828"
tile_x="354"
[lvl_tiles_48]
tile_asset="64"
tile_yscale="1"
tile_xscale="1"
tile_alpha="1"
tile_depth="4"
tile_y="817"
tile_x="418"
[lvl_tiles_47]
tile_asset="64"
tile_yscale="1"
tile_xscale="1"
tile_alpha="1"
tile_depth="4"
tile_y="817"
tile_x="354"
[lvl_tiles_46]
tile_asset="64"
tile_yscale="1"
tile_xscale="1"
tile_alpha="1"
tile_depth="4"
tile_y="806"
tile_x="418"
[lvl_tiles_45]
tile_asset="66"
tile_yscale="1"
tile_xscale="1"
tile_alpha="1"
tile_depth="4"
tile_y="536"
tile_x="434"
[lvl_tiles_44]
tile_asset="932"
tile_yscale="1"
tile_xscale="1"
tile_alpha="1"
tile_depth="4"
tile_y="774"
tile_x="258"
[lvl_tiles_43]
tile_asset="940"
tile_yscale="1"
tile_xscale="1"
tile_alpha="1"
tile_depth="4"
tile_y="758"
tile_x="128"
[lvl_tiles_42]
tile_asset="36"
tile_yscale="1"
tile_xscale="1"
tile_alpha="1"
tile_depth="4"
tile_y="644"
tile_x="450"
[lvl_tiles_41]
tile_asset="897"
tile_yscale="1"
tile_xscale="1"
tile_alpha="1"
tile_depth="4"
tile_y="160"
tile_x="3244"
[lvl_tiles_40]
tile_asset="68"
tile_yscale="1"
tile_xscale="1"
tile_alpha="1"
tile_depth="4"
tile_y="32"
tile_x="3244"
[lvl_tiles_39]
tile_asset="71"
tile_yscale="1"
tile_xscale="1"
tile_alpha="1"
tile_depth="4"
tile_y="536"
tile_x="3752"
[lvl_tiles_38]
tile_asset="71"
tile_yscale="-1"
tile_xscale="1"
tile_alpha="1"
tile_depth="4"
tile_y="536"
tile_x="3752"
[lvl_tiles_37]
tile_asset="71"
tile_yscale="1"
tile_xscale="1"
tile_alpha="1"
tile_depth="4"
tile_y="408"
tile_x="3752"
[lvl_tiles_36]
tile_asset="71"
tile_yscale="1"
tile_xscale="1"
tile_alpha="1"
tile_depth="4"
tile_y="536"
tile_x="3592"
[lvl_tiles_35]
tile_asset="71"
tile_yscale="-1"
tile_xscale="1"
tile_alpha="1"
tile_depth="4"
tile_y="536"
tile_x="3592"
[lvl_tiles_34]
tile_asset="71"
tile_yscale="1"
tile_xscale="1"
tile_alpha="1"
tile_depth="4"
tile_y="408"
tile_x="3592"
[lvl_tiles_33]
tile_asset="897"
tile_yscale="1"
tile_xscale="1"
tile_alpha="1"
tile_depth="4"
tile_y="536"
tile_x="3648"
[lvl_tiles_32]
tile_asset="68"
tile_yscale="1"
tile_xscale="1"
tile_alpha="1"
tile_depth="4"
tile_y="408"
tile_x="3648"
[lvl_tiles_31]
tile_asset="320"
tile_yscale="1"
tile_xscale="1"
tile_alpha="1"
tile_depth="4"
tile_y="536"
tile_x="4064"
[lvl_tiles_30]
tile_asset="910"
tile_yscale="1"
tile_xscale="1"
tile_alpha="1"
tile_depth="4"
tile_y="408"
tile_x="4064"
[lvl_tiles_29]
tile_asset="924"
tile_yscale="1"
tile_xscale="1"
tile_alpha="1"
tile_depth="4"
tile_y="408"
tile_x="3840"
[lvl_tiles_28]
tile_asset="945"
tile_yscale="1"
tile_xscale="1"
tile_alpha="1"
tile_depth="4"
tile_y="344"
tile_x="3328"
[lvl_tiles_27]
tile_asset="66"
tile_yscale="1"
tile_xscale="1"
tile_alpha="1"
tile_depth="4"
tile_y="120"
tile_x="3808"
[lvl_tiles_26]
tile_asset="66"
tile_yscale="1"
tile_xscale="1"
tile_alpha="1"
tile_depth="4"
tile_y="120"
tile_x="3744"
[lvl_tiles_25]
tile_asset="66"
tile_yscale="1"
tile_xscale="1"
tile_alpha="1"
tile_depth="4"
tile_y="120"
tile_x="3872"
[lvl_tiles_24]
tile_asset="66"
tile_yscale="1"
tile_xscale="1"
tile_alpha="1"
tile_depth="4"
tile_y="248"
tile_x="3872"
[lvl_tiles_23]
tile_asset="66"
tile_yscale="1"
tile_xscale="1"
tile_alpha="1"
tile_depth="4"
tile_y="248"
tile_x="3744"
[lvl_tiles_22]
tile_asset="66"
tile_yscale="1"
tile_xscale="1"
tile_alpha="1"
tile_depth="4"
tile_y="248"
tile_x="3552"
[lvl_tiles_21]
tile_asset="66"
tile_yscale="1"
tile_xscale="1"
tile_alpha="1"
tile_depth="4"
tile_y="248"
tile_x="3424"
[lvl_tiles_20]
tile_asset="79"
tile_yscale="1"
tile_xscale="1"
tile_alpha="1"
tile_depth="4"
tile_y="258"
tile_x="3634"
[lvl_tiles_19]
tile_asset="79"
tile_yscale="1"
tile_xscale="1"
tile_alpha="1"
tile_depth="4"
tile_y="258"
tile_x="3378"
[lvl_tiles_18]
tile_asset="64"
tile_yscale="1"
tile_xscale="1"
tile_alpha="1"
tile_depth="4"
tile_y="248"
tile_x="3616"
[lvl_tiles_17]
tile_asset="64"
tile_yscale="1"
tile_xscale="1"
tile_alpha="1"
tile_depth="4"
tile_y="248"
tile_x="3360"
[lvl_tiles_16]
tile_asset="65"
tile_yscale="1"
tile_xscale="1"
tile_alpha="1"
tile_depth="4"
tile_y="216"
tile_x="3360"
[lvl_tiles_15]
tile_asset="923"
tile_yscale="1"
tile_xscale="1"
tile_alpha="1"
tile_depth="4"
tile_y="408"
tile_x="3424"
[lvl_tiles_14]
tile_asset="933"
tile_yscale="1"
tile_xscale="1"
tile_alpha="1"
tile_depth="4"
tile_y="536"
tile_x="3264"
[lvl_tiles_13]
tile_asset="910"
tile_yscale="1"
tile_xscale="1"
tile_alpha="1"
tile_depth="4"
tile_y="408"
tile_x="3264"
[lvl_tiles_12]
tile_asset="897"
tile_yscale="1"
tile_xscale="1"
tile_alpha="1"
tile_depth="5"
tile_y="656"
tile_x="164"
[lvl_tiles_11]
tile_asset="66"
tile_yscale="1"
tile_xscale="1"
tile_alpha="1"
tile_depth="5"
tile_y="678"
tile_x="0"
[lvl_tiles_10]
tile_asset="66"
tile_yscale="1"
tile_xscale="1"
tile_alpha="1"
tile_depth="5"
tile_y="550"
tile_x="64"
[lvl_tiles_9]
tile_asset="66"
tile_yscale="1"
tile_xscale="1"
tile_alpha="1"
tile_depth="5"
tile_y="550"
tile_x="0"
[lvl_tiles_8]
tile_asset="66"
tile_yscale="1"
tile_xscale="1"
tile_alpha="1"
tile_depth="5"
tile_y="678"
tile_x="64"
[lvl_tiles_7]
tile_asset="891"
tile_yscale="1"
tile_xscale="1"
tile_alpha="1"
tile_depth="5"
tile_y="248"
tile_x="3488"
[lvl_tiles_6]
tile_asset="891"
tile_yscale="1"
tile_xscale="1"
tile_alpha="1"
tile_depth="5"
tile_y="248"
tile_x="3808"
[lvl_tiles_5]
tile_asset="897"
tile_yscale="1"
tile_xscale="1"
tile_alpha="1"
tile_depth="6"
tile_y="656"
tile_x="276"
[lvl_tiles_4]
tile_asset="68"
tile_yscale="1"
tile_xscale="1"
tile_alpha="1"
tile_depth="6"
tile_y="528"
tile_x="276"
[lvl_tiles_3]
tile_asset="68"
tile_yscale="1"
tile_xscale="1"
tile_alpha="1"
tile_depth="6"
tile_y="528"
tile_x="164"
[lvl_tiles_2]
tile_asset="66"
tile_yscale="1"
tile_xscale="1"
tile_alpha="1"
tile_depth="6"
tile_y="422"
tile_x="0"
[lvl_tiles_1]
tile_asset="66"
tile_yscale="1"
tile_xscale="1"
tile_alpha="1"
tile_depth="6"
tile_y="422"
tile_x="64"
[lvl_tiles_0]
tile_ignore="-1"
[lvl_hd]
lvl_npc_count="2"
lvl_obj_count="14"
lvl_tile_count="111"
version_number="1188"
lvl_best_time="600000"
lvl_char="All"
lvl_win_condition="0"
lvl_weather="0"
lvl_description=""
lvl_author="Ms. Heropants"
lvl_name="cutscene 7"
