[lvl_health]
health="14"
[lvl_objects_4]
obj_item="0"
obj_asset="625"
obj_y="0"
obj_x="0"
[lvl_objects_3]
obj_item="0"
obj_asset="1344"
obj_y="2380"
obj_x="15600"
[lvl_objects_2]
obj_item="0"
obj_asset="136"
obj_y="2800"
obj_x="15464"
[lvl_objects_1]
obj_ignore="-1"
[lvl_objects_0]
obj_ignore="-1"
[lvl_tiles_7]
tile_asset="1250"
tile_yscale="1"
tile_xscale="1"
tile_alpha="1"
tile_depth="0"
tile_y="2384"
tile_x="15392"
[lvl_tiles_6]
tile_asset="1250"
tile_yscale="1"
tile_xscale="1"
tile_alpha="1"
tile_depth="0"
tile_y="2384"
tile_x="15648"
[lvl_tiles_5]
tile_asset="1250"
tile_yscale="1"
tile_xscale="1"
tile_alpha="1"
tile_depth="0"
tile_y="2384"
tile_x="15520"
[lvl_tiles_4]
tile_asset="1255"
tile_yscale="1"
tile_xscale="1"
tile_alpha="1"
tile_depth="1"
tile_y="2352"
tile_x="15776"
[lvl_tiles_3]
tile_asset="1342"
tile_yscale="1"
tile_xscale="1"
tile_alpha="1"
tile_depth="4"
tile_y="2360"
tile_x="15616"
[lvl_tiles_2]
tile_asset="1340"
tile_yscale="1"
tile_xscale="1"
tile_alpha="1"
tile_depth="4"
tile_y="2320"
tile_x="15640"
[lvl_tiles_1]
tile_asset="1293"
tile_yscale="1"
tile_xscale="1"
tile_alpha="1"
tile_depth="4"
tile_y="2256"
tile_x="15400"
[lvl_tiles_0]
tile_ignore="-1"
[lvl_hd]
lvl_npc_count="0"
lvl_obj_count="5"
lvl_tile_count="8"
version_number="1209"
lvl_best_time="600000"
lvl_char="All"
lvl_win_condition="0"
lvl_weather="0"
lvl_description=""
lvl_author="Vela"
lvl_name="cutscene10"
