[lvl_health]
health="14"
[lvl_objects_12]
obj_item="0"
obj_asset="240"
obj_y="0"
obj_x="0"
[lvl_objects_11]
obj_item="0"
obj_asset="453"
obj_y="2416"
obj_x="7896"
[lvl_objects_10]
obj_item="0"
obj_asset="453"
obj_y="2160"
obj_x="7944"
[lvl_objects_9]
obj_item="0"
obj_asset="453"
obj_y="1904"
obj_x="7920"
[lvl_objects_8]
obj_item="0"
obj_asset="453"
obj_y="1332"
obj_x="8024"
[lvl_objects_7]
obj_item="0"
obj_asset="453"
obj_y="2800"
obj_x="7944"
[lvl_objects_6]
obj_item="0"
obj_asset="453"
obj_y="3056"
obj_x="7944"
[lvl_objects_5]
obj_item="0"
obj_asset="1369"
obj_y="3312"
obj_x="7632"
[lvl_objects_4]
obj_item="0"
obj_asset="1369"
obj_y="3312"
obj_x="7552"
[lvl_objects_3]
obj_item="0"
obj_asset="133"
obj_y="3344"
obj_x="7400"
[lvl_objects_2]
obj_item="0"
obj_asset="136"
obj_y="4280"
obj_x="0"
[lvl_objects_1]
obj_ignore="-1"
[lvl_objects_0]
obj_ignore="-1"
[lvl_tiles_163]
tile_asset="632"
tile_yscale="1"
tile_xscale="1"
tile_alpha="1"
tile_depth="-5"
tile_y="3296"
tile_x="7800"
[lvl_tiles_162]
tile_asset="632"
tile_yscale="1"
tile_xscale="1"
tile_alpha="1"
tile_depth="-5"
tile_y="3296"
tile_x="7680"
[lvl_tiles_161]
tile_asset="630"
tile_yscale="1"
tile_xscale="1"
tile_alpha="1"
tile_depth="-5"
tile_y="3312"
tile_x="7568"
[lvl_tiles_160]
tile_asset="630"
tile_yscale="1"
tile_xscale="1"
tile_alpha="1"
tile_depth="-5"
tile_y="3312"
tile_x="7696"
[lvl_tiles_159]
tile_asset="726"
tile_yscale="1"
tile_xscale="1"
tile_alpha="1"
tile_depth="-3"
tile_y="3137"
tile_x="7476"
[lvl_tiles_158]
tile_asset="723"
tile_yscale="1"
tile_xscale="1"
tile_alpha="1"
tile_depth="-3"
tile_y="3137"
tile_x="7413"
[lvl_tiles_157]
tile_asset="727"
tile_yscale="1"
tile_xscale="1"
tile_alpha="1"
tile_depth="-2"
tile_y="3172"
tile_x="7476"
[lvl_tiles_156]
tile_asset="724"
tile_yscale="1"
tile_xscale="1"
tile_alpha="1"
tile_depth="-2"
tile_y="3172"
tile_x="7397"
[lvl_tiles_155]
tile_asset="632"
tile_yscale="1"
tile_xscale="1"
tile_alpha="1"
tile_depth="-2"
tile_y="3296"
tile_x="7680"
[lvl_tiles_154]
tile_asset="632"
tile_yscale="1"
tile_xscale="1"
tile_alpha="1"
tile_depth="-2"
tile_y="3296"
tile_x="7816"
[lvl_tiles_153]
tile_asset="632"
tile_yscale="1"
tile_xscale="1"
tile_alpha="1"
tile_depth="-2"
tile_y="3296"
tile_x="7888"
[lvl_tiles_152]
tile_asset="717"
tile_yscale="1"
tile_xscale="1"
tile_alpha="1"
tile_depth="-1"
tile_y="1872"
tile_x="7872"
[lvl_tiles_151]
tile_asset="717"
tile_yscale="1"
tile_xscale="1"
tile_alpha="1"
tile_depth="-1"
tile_y="2384"
tile_x="7928"
[lvl_tiles_150]
tile_asset="717"
tile_yscale="1"
tile_xscale="1"
tile_alpha="1"
tile_depth="-1"
tile_y="3024"
tile_x="7888"
[lvl_tiles_149]
tile_asset="713"
tile_yscale="1"
tile_xscale="1"
tile_alpha="1"
tile_depth="-1"
tile_y="2896"
tile_x="7928"
[lvl_tiles_148]
tile_asset="713"
tile_yscale="1"
tile_xscale="1"
tile_alpha="1"
tile_depth="-1"
tile_y="2640"
tile_x="7872"
[lvl_tiles_147]
tile_asset="713"
tile_yscale="1"
tile_xscale="1"
tile_alpha="1"
tile_depth="-1"
tile_y="2000"
tile_x="7872"
[lvl_tiles_146]
tile_asset="713"
tile_yscale="1"
tile_xscale="1"
tile_alpha="1"
tile_depth="-1"
tile_y="1744"
tile_x="7936"
[lvl_tiles_145]
tile_asset="743"
tile_yscale="1"
tile_xscale="1"
tile_alpha="1"
tile_depth="-1"
tile_y="1344"
tile_x="8040"
[lvl_tiles_144]
tile_asset="714"
tile_yscale="1"
tile_xscale="1"
tile_alpha="1"
tile_depth="-1"
tile_y="1328"
tile_x="7864"
[lvl_tiles_143]
tile_asset="709"
tile_yscale="1"
tile_xscale="1"
tile_alpha="1"
tile_depth="-1"
tile_y="1040"
tile_x="8112"
[lvl_tiles_142]
tile_asset="709"
tile_yscale="1"
tile_xscale="1"
tile_alpha="1"
tile_depth="-1"
tile_y="1104"
tile_x="8112"
[lvl_tiles_141]
tile_asset="709"
tile_yscale="1"
tile_xscale="1"
tile_alpha="1"
tile_depth="-1"
tile_y="1168"
tile_x="8112"
[lvl_tiles_140]
tile_asset="709"
tile_yscale="1"
tile_xscale="1"
tile_alpha="1"
tile_depth="-1"
tile_y="1232"
tile_x="8112"
[lvl_tiles_139]
tile_asset="709"
tile_yscale="1"
tile_xscale="1"
tile_alpha="1"
tile_depth="-1"
tile_y="1296"
tile_x="8112"
[lvl_tiles_138]
tile_asset="717"
tile_yscale="1"
tile_xscale="1"
tile_alpha="1"
tile_depth="-1"
tile_y="3280"
tile_x="7872"
[lvl_tiles_137]
tile_asset="733"
tile_yscale="1"
tile_xscale="1"
tile_alpha="1"
tile_depth="-1"
tile_y="3248"
tile_x="7912"
[lvl_tiles_136]
tile_asset="680"
tile_yscale="1"
tile_xscale="1"
tile_alpha="1"
tile_depth="-1"
tile_y="3184"
tile_x="7952"
[lvl_tiles_135]
tile_asset="728"
tile_yscale="1"
tile_xscale="1"
tile_alpha="1"
tile_depth="-1"
tile_y="3190"
tile_x="7476"
[lvl_tiles_134]
tile_asset="725"
tile_yscale="1"
tile_xscale="1"
tile_alpha="1"
tile_depth="-1"
tile_y="3190"
tile_x="7421"
[lvl_tiles_133]
tile_asset="630"
tile_yscale="1"
tile_xscale="1"
tile_alpha="1"
tile_depth="-1"
tile_y="3312"
tile_x="7952"
[lvl_tiles_132]
tile_asset="630"
tile_yscale="1"
tile_xscale="1"
tile_alpha="1"
tile_depth="-1"
tile_y="3312"
tile_x="7824"
[lvl_tiles_131]
tile_asset="631"
tile_yscale="1"
tile_xscale="1"
tile_alpha="1"
tile_depth="0"
tile_y="3184"
tile_x="8112"
[lvl_tiles_130]
tile_asset="631"
tile_yscale="1"
tile_xscale="1"
tile_alpha="1"
tile_depth="0"
tile_y="3056"
tile_x="8112"
[lvl_tiles_129]
tile_asset="631"
tile_yscale="1"
tile_xscale="1"
tile_alpha="1"
tile_depth="0"
tile_y="2928"
tile_x="8112"
[lvl_tiles_128]
tile_asset="631"
tile_yscale="1"
tile_xscale="1"
tile_alpha="1"
tile_depth="0"
tile_y="2800"
tile_x="8112"
[lvl_tiles_127]
tile_asset="631"
tile_yscale="1"
tile_xscale="1"
tile_alpha="1"
tile_depth="0"
tile_y="2672"
tile_x="8112"
[lvl_tiles_126]
tile_asset="631"
tile_yscale="1"
tile_xscale="1"
tile_alpha="1"
tile_depth="0"
tile_y="2544"
tile_x="8112"
[lvl_tiles_125]
tile_asset="631"
tile_yscale="1"
tile_xscale="1"
tile_alpha="1"
tile_depth="0"
tile_y="2416"
tile_x="8112"
[lvl_tiles_124]
tile_asset="631"
tile_yscale="1"
tile_xscale="1"
tile_alpha="1"
tile_depth="0"
tile_y="2288"
tile_x="8112"
[lvl_tiles_123]
tile_asset="631"
tile_yscale="1"
tile_xscale="1"
tile_alpha="1"
tile_depth="0"
tile_y="2160"
tile_x="8112"
[lvl_tiles_122]
tile_asset="631"
tile_yscale="1"
tile_xscale="1"
tile_alpha="1"
tile_depth="0"
tile_y="2032"
tile_x="8112"
[lvl_tiles_121]
tile_asset="631"
tile_yscale="1"
tile_xscale="1"
tile_alpha="1"
tile_depth="0"
tile_y="1904"
tile_x="8112"
[lvl_tiles_120]
tile_asset="631"
tile_yscale="1"
tile_xscale="1"
tile_alpha="1"
tile_depth="0"
tile_y="1776"
tile_x="8112"
[lvl_tiles_119]
tile_asset="631"
tile_yscale="1"
tile_xscale="1"
tile_alpha="1"
tile_depth="0"
tile_y="1648"
tile_x="8112"
[lvl_tiles_118]
tile_asset="631"
tile_yscale="1"
tile_xscale="1"
tile_alpha="1"
tile_depth="0"
tile_y="1520"
tile_x="8112"
[lvl_tiles_117]
tile_asset="631"
tile_yscale="1"
tile_xscale="1"
tile_alpha="1"
tile_depth="0"
tile_y="1392"
tile_x="8112"
[lvl_tiles_116]
tile_asset="631"
tile_yscale="1"
tile_xscale="1"
tile_alpha="1"
tile_depth="0"
tile_y="1392"
tile_x="8112"
[lvl_tiles_115]
tile_asset="630"
tile_yscale="1"
tile_xscale="1"
tile_alpha="1"
tile_depth="0"
tile_y="1360"
tile_x="8112"
[lvl_tiles_114]
tile_asset="630"
tile_yscale="1"
tile_xscale="1"
tile_alpha="1"
tile_depth="0"
tile_y="1360"
tile_x="7984"
[lvl_tiles_113]
tile_asset="630"
tile_yscale="1"
tile_xscale="1"
tile_alpha="1"
tile_depth="0"
tile_y="1360"
tile_x="7856"
[lvl_tiles_112]
tile_asset="679"
tile_yscale="1"
tile_xscale="1"
tile_alpha="1"
tile_depth="0"
tile_y="1360"
tile_x="7824"
[lvl_tiles_111]
tile_asset="680"
tile_yscale="1"
tile_xscale="1"
tile_alpha="1"
tile_depth="0"
tile_y="1392"
tile_x="7824"
[lvl_tiles_110]
tile_asset="680"
tile_yscale="1"
tile_xscale="1"
tile_alpha="1"
tile_depth="0"
tile_y="1520"
tile_x="7824"
[lvl_tiles_109]
tile_asset="680"
tile_yscale="1"
tile_xscale="1"
tile_alpha="1"
tile_depth="0"
tile_y="1648"
tile_x="7824"
[lvl_tiles_108]
tile_asset="680"
tile_yscale="1"
tile_xscale="1"
tile_alpha="1"
tile_depth="0"
tile_y="1776"
tile_x="7824"
[lvl_tiles_107]
tile_asset="680"
tile_yscale="1"
tile_xscale="1"
tile_alpha="1"
tile_depth="0"
tile_y="1904"
tile_x="7824"
[lvl_tiles_106]
tile_asset="680"
tile_yscale="1"
tile_xscale="1"
tile_alpha="1"
tile_depth="0"
tile_y="2032"
tile_x="7824"
[lvl_tiles_105]
tile_asset="680"
tile_yscale="1"
tile_xscale="1"
tile_alpha="1"
tile_depth="0"
tile_y="2160"
tile_x="7824"
[lvl_tiles_104]
tile_asset="680"
tile_yscale="1"
tile_xscale="1"
tile_alpha="1"
tile_depth="0"
tile_y="2288"
tile_x="7824"
[lvl_tiles_103]
tile_asset="680"
tile_yscale="1"
tile_xscale="1"
tile_alpha="1"
tile_depth="0"
tile_y="2416"
tile_x="7824"
[lvl_tiles_102]
tile_asset="680"
tile_yscale="1"
tile_xscale="1"
tile_alpha="1"
tile_depth="0"
tile_y="2544"
tile_x="7824"
[lvl_tiles_101]
tile_asset="680"
tile_yscale="1"
tile_xscale="1"
tile_alpha="1"
tile_depth="0"
tile_y="2672"
tile_x="7824"
[lvl_tiles_100]
tile_asset="680"
tile_yscale="1"
tile_xscale="1"
tile_alpha="1"
tile_depth="0"
tile_y="2800"
tile_x="7824"
[lvl_tiles_99]
tile_asset="680"
tile_yscale="1"
tile_xscale="1"
tile_alpha="1"
tile_depth="0"
tile_y="2928"
tile_x="7824"
[lvl_tiles_98]
tile_asset="680"
tile_yscale="1"
tile_xscale="1"
tile_alpha="1"
tile_depth="0"
tile_y="2928"
tile_x="7824"
[lvl_tiles_97]
tile_asset="631"
tile_yscale="1"
tile_xscale="1"
tile_alpha="1"
tile_depth="0"
tile_y="1392"
tile_x="7984"
[lvl_tiles_96]
tile_asset="631"
tile_yscale="1"
tile_xscale="1"
tile_alpha="1"
tile_depth="0"
tile_y="1392"
tile_x="7856"
[lvl_tiles_95]
tile_asset="631"
tile_yscale="1"
tile_xscale="1"
tile_alpha="1"
tile_depth="0"
tile_y="1520"
tile_x="7984"
[lvl_tiles_94]
tile_asset="631"
tile_yscale="1"
tile_xscale="1"
tile_alpha="1"
tile_depth="0"
tile_y="1648"
tile_x="7984"
[lvl_tiles_93]
tile_asset="631"
tile_yscale="1"
tile_xscale="1"
tile_alpha="1"
tile_depth="0"
tile_y="1648"
tile_x="7856"
[lvl_tiles_92]
tile_asset="631"
tile_yscale="1"
tile_xscale="1"
tile_alpha="1"
tile_depth="0"
tile_y="1776"
tile_x="7984"
[lvl_tiles_91]
tile_asset="631"
tile_yscale="1"
tile_xscale="1"
tile_alpha="1"
tile_depth="0"
tile_y="1904"
tile_x="7984"
[lvl_tiles_90]
tile_asset="631"
tile_yscale="1"
tile_xscale="1"
tile_alpha="1"
tile_depth="0"
tile_y="1904"
tile_x="7856"
[lvl_tiles_89]
tile_asset="631"
tile_yscale="1"
tile_xscale="1"
tile_alpha="1"
tile_depth="0"
tile_y="2032"
tile_x="7984"
[lvl_tiles_88]
tile_asset="631"
tile_yscale="1"
tile_xscale="1"
tile_alpha="1"
tile_depth="0"
tile_y="2160"
tile_x="7984"
[lvl_tiles_87]
tile_asset="631"
tile_yscale="1"
tile_xscale="1"
tile_alpha="1"
tile_depth="0"
tile_y="2160"
tile_x="7856"
[lvl_tiles_86]
tile_asset="631"
tile_yscale="1"
tile_xscale="1"
tile_alpha="1"
tile_depth="0"
tile_y="2288"
tile_x="7984"
[lvl_tiles_85]
tile_asset="631"
tile_yscale="1"
tile_xscale="1"
tile_alpha="1"
tile_depth="0"
tile_y="2416"
tile_x="7984"
[lvl_tiles_84]
tile_asset="631"
tile_yscale="1"
tile_xscale="1"
tile_alpha="1"
tile_depth="0"
tile_y="2416"
tile_x="7856"
[lvl_tiles_83]
tile_asset="631"
tile_yscale="1"
tile_xscale="1"
tile_alpha="1"
tile_depth="0"
tile_y="2544"
tile_x="7984"
[lvl_tiles_82]
tile_asset="631"
tile_yscale="1"
tile_xscale="1"
tile_alpha="1"
tile_depth="0"
tile_y="2544"
tile_x="7856"
[lvl_tiles_81]
tile_asset="631"
tile_yscale="1"
tile_xscale="1"
tile_alpha="1"
tile_depth="0"
tile_y="2672"
tile_x="7984"
[lvl_tiles_80]
tile_asset="631"
tile_yscale="1"
tile_xscale="1"
tile_alpha="1"
tile_depth="0"
tile_y="2800"
tile_x="7984"
[lvl_tiles_79]
tile_asset="631"
tile_yscale="1"
tile_xscale="1"
tile_alpha="1"
tile_depth="0"
tile_y="2800"
tile_x="7856"
[lvl_tiles_78]
tile_asset="631"
tile_yscale="1"
tile_xscale="1"
tile_alpha="1"
tile_depth="0"
tile_y="2928"
tile_x="7984"
[lvl_tiles_77]
tile_asset="891"
tile_yscale="1"
tile_xscale="1"
tile_alpha="1"
tile_depth="0"
tile_y="3184"
tile_x="7856"
[lvl_tiles_76]
tile_asset="630"
tile_yscale="1"
tile_xscale="1"
tile_alpha="1"
tile_depth="0"
tile_y="3312"
tile_x="8336"
[lvl_tiles_75]
tile_asset="630"
tile_yscale="1"
tile_xscale="1"
tile_alpha="1"
tile_depth="0"
tile_y="3312"
tile_x="8208"
[lvl_tiles_74]
tile_asset="631"
tile_yscale="1"
tile_xscale="1"
tile_alpha="1"
tile_depth="0"
tile_y="3056"
tile_x="7984"
[lvl_tiles_73]
tile_asset="630"
tile_yscale="1"
tile_xscale="1"
tile_alpha="1"
tile_depth="0"
tile_y="3312"
tile_x="8080"
[lvl_tiles_72]
tile_asset="631"
tile_yscale="1"
tile_xscale="1"
tile_alpha="1"
tile_depth="0"
tile_y="3056"
tile_x="7856"
[lvl_tiles_71]
tile_asset="680"
tile_yscale="1"
tile_xscale="1"
tile_alpha="1"
tile_depth="0"
tile_y="3056"
tile_x="7824"
[lvl_tiles_70]
tile_asset="680"
tile_yscale="1"
tile_xscale="1"
tile_alpha="1"
tile_depth="0"
tile_y="3184"
tile_x="7824"
[lvl_tiles_69]
tile_asset="630"
tile_yscale="1"
tile_xscale="1"
tile_alpha="1"
tile_depth="0"
tile_y="3312"
tile_x="7696"
[lvl_tiles_68]
tile_asset="630"
tile_yscale="1"
tile_xscale="1"
tile_alpha="1"
tile_depth="0"
tile_y="3312"
tile_x="7568"
[lvl_tiles_67]
tile_asset="630"
tile_yscale="1"
tile_xscale="1"
tile_alpha="1"
tile_depth="0"
tile_y="3312"
tile_x="7440"
[lvl_tiles_66]
tile_asset="630"
tile_yscale="1"
tile_xscale="1"
tile_alpha="1"
tile_depth="0"
tile_y="3312"
tile_x="7312"
[lvl_tiles_65]
tile_asset="630"
tile_yscale="1"
tile_xscale="1"
tile_alpha="1"
tile_depth="0"
tile_y="3312"
tile_x="7312"
[lvl_tiles_64]
tile_asset="712"
tile_yscale="1"
tile_xscale="1"
tile_alpha="1"
tile_depth="4"
tile_y="1584"
tile_x="7856"
[lvl_tiles_63]
tile_asset="712"
tile_yscale="1"
tile_xscale="1"
tile_alpha="1"
tile_depth="4"
tile_y="1520"
tile_x="7856"
[lvl_tiles_62]
tile_asset="712"
tile_yscale="1"
tile_xscale="1"
tile_alpha="1"
tile_depth="4"
tile_y="1840"
tile_x="7856"
[lvl_tiles_61]
tile_asset="712"
tile_yscale="1"
tile_xscale="1"
tile_alpha="1"
tile_depth="4"
tile_y="1776"
tile_x="7856"
[lvl_tiles_60]
tile_asset="712"
tile_yscale="1"
tile_xscale="1"
tile_alpha="1"
tile_depth="4"
tile_y="2096"
tile_x="7856"
[lvl_tiles_59]
tile_asset="712"
tile_yscale="1"
tile_xscale="1"
tile_alpha="1"
tile_depth="4"
tile_y="2032"
tile_x="7856"
[lvl_tiles_58]
tile_asset="712"
tile_yscale="1"
tile_xscale="1"
tile_alpha="1"
tile_depth="4"
tile_y="2352"
tile_x="7856"
[lvl_tiles_57]
tile_asset="712"
tile_yscale="1"
tile_xscale="1"
tile_alpha="1"
tile_depth="4"
tile_y="2288"
tile_x="7856"
[lvl_tiles_56]
tile_asset="712"
tile_yscale="1"
tile_xscale="1"
tile_alpha="1"
tile_depth="4"
tile_y="2736"
tile_x="7856"
[lvl_tiles_55]
tile_asset="712"
tile_yscale="1"
tile_xscale="1"
tile_alpha="1"
tile_depth="4"
tile_y="2672"
tile_x="7856"
[lvl_tiles_54]
tile_asset="712"
tile_yscale="1"
tile_xscale="1"
tile_alpha="1"
tile_depth="4"
tile_y="2992"
tile_x="7856"
[lvl_tiles_53]
tile_asset="712"
tile_yscale="1"
tile_xscale="1"
tile_alpha="1"
tile_depth="4"
tile_y="2928"
tile_x="7856"
[lvl_tiles_52]
tile_asset="708"
tile_yscale="1"
tile_xscale="1"
tile_alpha="1"
tile_depth="4"
tile_y="1120"
tile_x="7824"
[lvl_tiles_51]
tile_asset="708"
tile_yscale="1"
tile_xscale="1"
tile_alpha="1"
tile_depth="4"
tile_y="1184"
tile_x="7824"
[lvl_tiles_50]
tile_asset="708"
tile_yscale="1"
tile_xscale="1"
tile_alpha="1"
tile_depth="4"
tile_y="1248"
tile_x="7824"
[lvl_tiles_49]
tile_asset="708"
tile_yscale="1"
tile_xscale="1"
tile_alpha="1"
tile_depth="4"
tile_y="1312"
tile_x="7824"
[lvl_tiles_48]
tile_asset="708"
tile_yscale="1"
tile_xscale="1"
tile_alpha="1"
tile_depth="4"
tile_y="1312"
tile_x="7824"
[lvl_tiles_47]
tile_asset="658"
tile_yscale="1"
tile_xscale="1"
tile_alpha="1"
tile_depth="4"
tile_y="1328"
tile_x="7840"
[lvl_tiles_46]
tile_asset="658"
tile_yscale="1"
tile_xscale="1"
tile_alpha="1"
tile_depth="4"
tile_y="1328"
tile_x="8080"
[lvl_tiles_45]
tile_asset="658"
tile_yscale="1"
tile_xscale="1"
tile_alpha="1"
tile_depth="4"
tile_y="1328"
tile_x="8000"
[lvl_tiles_44]
tile_asset="658"
tile_yscale="1"
tile_xscale="1"
tile_alpha="1"
tile_depth="4"
tile_y="1328"
tile_x="7920"
[lvl_tiles_43]
tile_asset="722"
tile_yscale="1"
tile_xscale="1"
tile_alpha="1"
tile_depth="4"
tile_y="3184"
tile_x="7464"
[lvl_tiles_42]
tile_asset="737"
tile_yscale="1"
tile_xscale="1"
tile_alpha="1"
tile_depth="4"
tile_y="3200"
tile_x="7521"
[lvl_tiles_41]
tile_asset="737"
tile_yscale="1"
tile_xscale="1"
tile_alpha="1"
tile_depth="4"
tile_y="3156"
tile_x="7410"
[lvl_tiles_40]
tile_asset="736"
tile_yscale="1"
tile_xscale="1"
tile_alpha="1"
tile_depth="4"
tile_y="3248"
tile_x="7704"
[lvl_tiles_39]
tile_asset="738"
tile_yscale="1"
tile_xscale="1"
tile_alpha="1"
tile_depth="5"
tile_y="1624"
tile_x="7888"
[lvl_tiles_38]
tile_asset="737"
tile_yscale="1"
tile_xscale="1"
tile_alpha="1"
tile_depth="5"
tile_y="1624"
tile_x="7864"
[lvl_tiles_37]
tile_asset="737"
tile_yscale="1"
tile_xscale="1"
tile_alpha="1"
tile_depth="5"
tile_y="1624"
tile_x="7936"
[lvl_tiles_36]
tile_asset="737"
tile_yscale="1"
tile_xscale="1"
tile_alpha="1"
tile_depth="5"
tile_y="1808"
tile_x="7968"
[lvl_tiles_35]
tile_asset="737"
tile_yscale="1"
tile_xscale="1"
tile_alpha="1"
tile_depth="5"
tile_y="1880"
tile_x="7944"
[lvl_tiles_34]
tile_asset="738"
tile_yscale="1"
tile_xscale="1"
tile_alpha="1"
tile_depth="5"
tile_y="2136"
tile_x="7880"
[lvl_tiles_33]
tile_asset="631"
tile_yscale="1"
tile_xscale="1"
tile_alpha="1"
tile_depth="5"
tile_y="3184"
tile_x="7984"
[lvl_tiles_32]
tile_asset="632"
tile_yscale="1"
tile_xscale="1"
tile_alpha="1"
tile_depth="5"
tile_y="3296"
tile_x="8016"
[lvl_tiles_31]
tile_asset="632"
tile_yscale="1"
tile_xscale="1"
tile_alpha="1"
tile_depth="5"
tile_y="3296"
tile_x="7696"
[lvl_tiles_30]
tile_asset="632"
tile_yscale="1"
tile_xscale="1"
tile_alpha="1"
tile_depth="5"
tile_y="3296"
tile_x="7568"
[lvl_tiles_29]
tile_asset="632"
tile_yscale="1"
tile_xscale="1"
tile_alpha="1"
tile_depth="5"
tile_y="3296"
tile_x="7440"
[lvl_tiles_28]
tile_asset="632"
tile_yscale="1"
tile_xscale="1"
tile_alpha="1"
tile_depth="5"
tile_y="3296"
tile_x="7312"
[lvl_tiles_27]
tile_asset="632"
tile_yscale="1"
tile_xscale="1"
tile_alpha="1"
tile_depth="5"
tile_y="3296"
tile_x="7312"
[lvl_tiles_26]
tile_asset="738"
tile_yscale="1"
tile_xscale="1"
tile_alpha="1"
tile_depth="6"
tile_y="1608"
tile_x="7872"
[lvl_tiles_25]
tile_asset="738"
tile_yscale="1"
tile_xscale="1"
tile_alpha="1"
tile_depth="6"
tile_y="1608"
tile_x="7944"
[lvl_tiles_24]
tile_asset="738"
tile_yscale="1"
tile_xscale="1"
tile_alpha="1"
tile_depth="6"
tile_y="1624"
tile_x="7912"
[lvl_tiles_23]
tile_asset="738"
tile_yscale="1"
tile_xscale="1"
tile_alpha="1"
tile_depth="6"
tile_y="1632"
tile_x="7952"
[lvl_tiles_22]
tile_asset="720"
tile_yscale="1"
tile_xscale="1"
tile_alpha="1"
tile_depth="6"
tile_y="3280"
tile_x="7312"
[lvl_tiles_21]
tile_asset="720"
tile_yscale="1"
tile_xscale="1"
tile_alpha="1"
tile_depth="6"
tile_y="3280"
tile_x="7344"
[lvl_tiles_20]
tile_asset="720"
tile_yscale="1"
tile_xscale="1"
tile_alpha="1"
tile_depth="6"
tile_y="3280"
tile_x="7376"
[lvl_tiles_19]
tile_asset="720"
tile_yscale="1"
tile_xscale="1"
tile_alpha="1"
tile_depth="6"
tile_y="3280"
tile_x="7408"
[lvl_tiles_18]
tile_asset="720"
tile_yscale="1"
tile_xscale="1"
tile_alpha="1"
tile_depth="6"
tile_y="3280"
tile_x="7440"
[lvl_tiles_17]
tile_asset="720"
tile_yscale="1"
tile_xscale="1"
tile_alpha="1"
tile_depth="6"
tile_y="3280"
tile_x="7440"
[lvl_tiles_16]
tile_asset="737"
tile_yscale="1"
tile_xscale="1"
tile_alpha="1"
tile_depth="7"
tile_y="1608"
tile_x="7936"
[lvl_tiles_15]
tile_asset="737"
tile_yscale="1"
tile_xscale="1"
tile_alpha="1"
tile_depth="7"
tile_y="1608"
tile_x="7904"
[lvl_tiles_14]
tile_asset="198"
tile_yscale="1"
tile_xscale="1"
tile_alpha="1"
tile_depth="8"
tile_y="1520"
tile_x="7856"
[lvl_tiles_13]
tile_asset="198"
tile_yscale="1"
tile_xscale="1"
tile_alpha="1"
tile_depth="8"
tile_y="2928"
tile_x="7856"
[lvl_tiles_12]
tile_asset="198"
tile_yscale="1"
tile_xscale="1"
tile_alpha="1"
tile_depth="8"
tile_y="2672"
tile_x="7856"
[lvl_tiles_11]
tile_asset="198"
tile_yscale="1"
tile_xscale="1"
tile_alpha="1"
tile_depth="8"
tile_y="2288"
tile_x="7856"
[lvl_tiles_10]
tile_asset="198"
tile_yscale="1"
tile_xscale="1"
tile_alpha="1"
tile_depth="8"
tile_y="2032"
tile_x="7856"
[lvl_tiles_9]
tile_asset="198"
tile_yscale="1"
tile_xscale="1"
tile_alpha="1"
tile_depth="8"
tile_y="1776"
tile_x="7856"
[lvl_tiles_8]
tile_asset="780"
tile_yscale="1"
tile_xscale="1"
tile_alpha="1"
tile_depth="8"
tile_y="1584"
tile_x="7928"
[lvl_tiles_7]
tile_asset="775"
tile_yscale="1"
tile_xscale="1"
tile_alpha="1"
tile_depth="8"
tile_y="1584"
tile_x="7856"
[lvl_tiles_6]
tile_asset="631"
tile_yscale="1"
tile_xscale="1"
tile_alpha="1"
tile_depth="9"
tile_y="1520"
tile_x="7856"
[lvl_tiles_5]
tile_asset="631"
tile_yscale="1"
tile_xscale="1"
tile_alpha="1"
tile_depth="9"
tile_y="1776"
tile_x="7856"
[lvl_tiles_4]
tile_asset="631"
tile_yscale="1"
tile_xscale="1"
tile_alpha="1"
tile_depth="9"
tile_y="2032"
tile_x="7856"
[lvl_tiles_3]
tile_asset="631"
tile_yscale="1"
tile_xscale="1"
tile_alpha="1"
tile_depth="9"
tile_y="2288"
tile_x="7856"
[lvl_tiles_2]
tile_asset="631"
tile_yscale="1"
tile_xscale="1"
tile_alpha="1"
tile_depth="9"
tile_y="2672"
tile_x="7856"
[lvl_tiles_1]
tile_asset="631"
tile_yscale="1"
tile_xscale="1"
tile_alpha="1"
tile_depth="9"
tile_y="2928"
tile_x="7856"
[lvl_tiles_0]
tile_ignore="-1"
[lvl_hd]
lvl_npc_count="0"
lvl_obj_count="13"
lvl_tile_count="164"
version_number="1211"
lvl_best_time="600000"
lvl_char="All"
lvl_win_condition="0"
lvl_weather="0"
lvl_description=""
lvl_author="Vela"
lvl_name="cutscene 12"
