[lvl_health]
health="14"
[lvl_objects_4]
obj_item="0"
obj_asset="229"
obj_y="0"
obj_x="0"
[lvl_objects_3]
obj_item="0"
obj_asset="380"
obj_y="0"
obj_x="4400"
[lvl_objects_2]
obj_item="0"
obj_asset="136"
obj_y="3032"
obj_x="0"
[lvl_objects_1]
obj_ignore="-1"
[lvl_objects_0]
obj_ignore="-1"
[lvl_tiles_165]
tile_asset="185"
tile_yscale="1"
tile_xscale="1"
tile_alpha="1"
tile_depth="-3"
tile_y="2856"
tile_x="2642"
[lvl_tiles_164]
tile_asset="185"
tile_yscale="1"
tile_xscale="1"
tile_alpha="1"
tile_depth="-3"
tile_y="2856"
tile_x="2610"
[lvl_tiles_163]
tile_asset="185"
tile_yscale="1"
tile_xscale="1"
tile_alpha="1"
tile_depth="-3"
tile_y="2856"
tile_x="2546"
[lvl_tiles_162]
tile_asset="185"
tile_yscale="1"
tile_xscale="1"
tile_alpha="1"
tile_depth="-3"
tile_y="2856"
tile_x="2514"
[lvl_tiles_161]
tile_asset="185"
tile_yscale="1"
tile_xscale="1"
tile_alpha="1"
tile_depth="-3"
tile_y="2856"
tile_x="2450"
[lvl_tiles_160]
tile_asset="185"
tile_yscale="1"
tile_xscale="1"
tile_alpha="1"
tile_depth="-3"
tile_y="2856"
tile_x="2418"
[lvl_tiles_159]
tile_asset="186"
tile_yscale="1"
tile_xscale="1"
tile_alpha="1"
tile_depth="-2"
tile_y="2856"
tile_x="2418"
[lvl_tiles_158]
tile_asset="186"
tile_yscale="1"
tile_xscale="1"
tile_alpha="1"
tile_depth="-2"
tile_y="2856"
tile_x="2514"
[lvl_tiles_157]
tile_asset="186"
tile_yscale="1"
tile_xscale="1"
tile_alpha="1"
tile_depth="-2"
tile_y="2856"
tile_x="2610"
[lvl_tiles_156]
tile_asset="62"
tile_yscale="1"
tile_xscale="1"
tile_alpha="1"
tile_depth="-2"
tile_y="2697"
tile_x="2418"
[lvl_tiles_155]
tile_asset="62"
tile_yscale="1"
tile_xscale="1"
tile_alpha="1"
tile_depth="-2"
tile_y="2697"
tile_x="2514"
[lvl_tiles_154]
tile_asset="62"
tile_yscale="1"
tile_xscale="1"
tile_alpha="1"
tile_depth="-2"
tile_y="2697"
tile_x="2610"
[lvl_tiles_153]
tile_asset="14"
tile_yscale="1"
tile_xscale="1"
tile_alpha="1"
tile_depth="-1"
tile_y="2824"
tile_x="2994"
[lvl_tiles_152]
tile_asset="186"
tile_yscale="1"
tile_xscale="1"
tile_alpha="1"
tile_depth="-1"
tile_y="2984"
tile_x="2610"
[lvl_tiles_151]
tile_asset="186"
tile_yscale="1"
tile_xscale="1"
tile_alpha="1"
tile_depth="-1"
tile_y="2984"
tile_x="2514"
[lvl_tiles_150]
tile_asset="186"
tile_yscale="1"
tile_xscale="1"
tile_alpha="1"
tile_depth="-1"
tile_y="2984"
tile_x="2418"
[lvl_tiles_149]
tile_asset="186"
tile_yscale="1"
tile_xscale="1"
tile_alpha="1"
tile_depth="-1"
tile_y="2920"
tile_x="2610"
[lvl_tiles_148]
tile_asset="186"
tile_yscale="1"
tile_xscale="1"
tile_alpha="1"
tile_depth="-1"
tile_y="2920"
tile_x="2514"
[lvl_tiles_147]
tile_asset="186"
tile_yscale="1"
tile_xscale="1"
tile_alpha="1"
tile_depth="-1"
tile_y="2856"
tile_x="2418"
[lvl_tiles_146]
tile_asset="186"
tile_yscale="1"
tile_xscale="1"
tile_alpha="1"
tile_depth="-1"
tile_y="2920"
tile_x="2418"
[lvl_tiles_145]
tile_asset="186"
tile_yscale="1"
tile_xscale="1"
tile_alpha="1"
tile_depth="-1"
tile_y="2856"
tile_x="2610"
[lvl_tiles_144]
tile_asset="186"
tile_yscale="1"
tile_xscale="1"
tile_alpha="1"
tile_depth="-1"
tile_y="2856"
tile_x="2514"
[lvl_tiles_143]
tile_asset="64"
tile_yscale="1"
tile_xscale="1"
tile_alpha="1"
tile_depth="-1"
tile_y="2696"
tile_x="2610"
[lvl_tiles_142]
tile_asset="64"
tile_yscale="1"
tile_xscale="1"
tile_alpha="1"
tile_depth="-1"
tile_y="2696"
tile_x="2482"
[lvl_tiles_141]
tile_ignore="-1"
[lvl_tiles_140]
tile_asset="894"
tile_yscale="1"
tile_xscale="1"
tile_alpha="1"
tile_depth="0"
tile_y="2984"
tile_x="2964"
[lvl_tiles_139]
tile_asset="14"
tile_yscale="1"
tile_xscale="1"
tile_alpha="1"
tile_depth="0"
tile_y="2952"
tile_x="3000"
[lvl_tiles_138]
tile_asset="14"
tile_yscale="1"
tile_xscale="1"
tile_alpha="1"
tile_depth="0"
tile_y="2920"
tile_x="3000"
[lvl_tiles_137]
tile_asset="220"
tile_yscale="1"
tile_xscale="1"
tile_alpha="1"
tile_depth="0"
tile_y="2920"
tile_x="2976"
[lvl_tiles_136]
tile_asset="220"
tile_yscale="1"
tile_xscale="1"
tile_alpha="1"
tile_depth="0"
tile_y="2920"
tile_x="2952"
[lvl_tiles_135]
tile_asset="220"
tile_yscale="1"
tile_xscale="1"
tile_alpha="1"
tile_depth="0"
tile_y="2920"
tile_x="2928"
[lvl_tiles_134]
tile_asset="220"
tile_yscale="1"
tile_xscale="1"
tile_alpha="1"
tile_depth="0"
tile_y="2920"
tile_x="2904"
[lvl_tiles_133]
tile_asset="220"
tile_yscale="1"
tile_xscale="1"
tile_alpha="1"
tile_depth="0"
tile_y="2920"
tile_x="2880"
[lvl_tiles_132]
tile_asset="220"
tile_yscale="1"
tile_xscale="1"
tile_alpha="1"
tile_depth="0"
tile_y="2920"
tile_x="2880"
[lvl_tiles_131]
tile_asset="8"
tile_yscale="1"
tile_xscale="1"
tile_alpha="1"
tile_depth="0"
tile_y="3016"
tile_x="2802"
[lvl_tiles_130]
tile_asset="8"
tile_yscale="1"
tile_xscale="1"
tile_alpha="1"
tile_depth="0"
tile_y="2952"
tile_x="2802"
[lvl_tiles_129]
tile_asset="8"
tile_yscale="1"
tile_xscale="1"
tile_alpha="1"
tile_depth="0"
tile_y="2888"
tile_x="2802"
[lvl_tiles_128]
tile_asset="8"
tile_yscale="1"
tile_xscale="1"
tile_alpha="1"
tile_depth="0"
tile_y="2888"
tile_x="2802"
[lvl_tiles_127]
tile_asset="10"
tile_yscale="1"
tile_xscale="1"
tile_alpha="1"
tile_depth="0"
tile_y="2856"
tile_x="2802"
[lvl_tiles_126]
tile_asset="13"
tile_yscale="1"
tile_xscale="1"
tile_alpha="1"
tile_depth="0"
tile_y="2856"
tile_x="2738"
[lvl_tiles_125]
tile_asset="9"
tile_yscale="1"
tile_xscale="1"
tile_alpha="1"
tile_depth="0"
tile_y="2888"
tile_x="2706"
[lvl_tiles_124]
tile_asset="11"
tile_yscale="1"
tile_xscale="1"
tile_alpha="1"
tile_depth="0"
tile_y="2856"
tile_x="2706"
[lvl_tiles_123]
tile_asset="16"
tile_yscale="1"
tile_xscale="1"
tile_alpha="1"
tile_depth="0"
tile_y="2536"
tile_x="2738"
[lvl_tiles_122]
tile_asset="18"
tile_yscale="1"
tile_xscale="1"
tile_alpha="1"
tile_depth="0"
tile_y="3048"
tile_x="3104"
[lvl_tiles_121]
tile_asset="18"
tile_yscale="1"
tile_xscale="1"
tile_alpha="1"
tile_depth="0"
tile_y="2984"
tile_x="3104"
[lvl_tiles_120]
tile_asset="18"
tile_yscale="1"
tile_xscale="1"
tile_alpha="1"
tile_depth="0"
tile_y="2920"
tile_x="3104"
[lvl_tiles_119]
tile_asset="18"
tile_yscale="1"
tile_xscale="1"
tile_alpha="1"
tile_depth="0"
tile_y="2856"
tile_x="3104"
[lvl_tiles_118]
tile_asset="18"
tile_yscale="1"
tile_xscale="1"
tile_alpha="1"
tile_depth="0"
tile_y="2856"
tile_x="3104"
[lvl_tiles_117]
tile_asset="190"
tile_yscale="1"
tile_xscale="1"
tile_alpha="1"
tile_depth="0"
tile_y="2824"
tile_x="2994"
[lvl_tiles_116]
tile_asset="14"
tile_yscale="1"
tile_xscale="1"
tile_alpha="1"
tile_depth="0"
tile_y="3080"
tile_x="2880"
[lvl_tiles_115]
tile_asset="14"
tile_yscale="1"
tile_xscale="1"
tile_alpha="1"
tile_depth="0"
tile_y="3048"
tile_x="2880"
[lvl_tiles_114]
tile_asset="14"
tile_yscale="1"
tile_xscale="1"
tile_alpha="1"
tile_depth="0"
tile_y="3016"
tile_x="2880"
[lvl_tiles_113]
tile_asset="14"
tile_yscale="1"
tile_xscale="1"
tile_alpha="1"
tile_depth="0"
tile_y="2984"
tile_x="2880"
[lvl_tiles_112]
tile_asset="14"
tile_yscale="1"
tile_xscale="1"
tile_alpha="1"
tile_depth="0"
tile_y="2888"
tile_x="2880"
[lvl_tiles_111]
tile_asset="14"
tile_yscale="1"
tile_xscale="1"
tile_alpha="1"
tile_depth="0"
tile_y="2856"
tile_x="2880"
[lvl_tiles_110]
tile_asset="14"
tile_yscale="1"
tile_xscale="1"
tile_alpha="1"
tile_depth="0"
tile_y="2856"
tile_x="2880"
[lvl_tiles_109]
tile_asset="15"
tile_yscale="1"
tile_xscale="1"
tile_alpha="1"
tile_depth="0"
tile_y="3080"
tile_x="2840"
[lvl_tiles_108]
tile_asset="15"
tile_yscale="1"
tile_xscale="1"
tile_alpha="1"
tile_depth="0"
tile_y="3048"
tile_x="2840"
[lvl_tiles_107]
tile_asset="15"
tile_yscale="1"
tile_xscale="1"
tile_alpha="1"
tile_depth="0"
tile_y="3016"
tile_x="2840"
[lvl_tiles_106]
tile_asset="15"
tile_yscale="1"
tile_xscale="1"
tile_alpha="1"
tile_depth="0"
tile_y="2984"
tile_x="2840"
[lvl_tiles_105]
tile_asset="15"
tile_yscale="1"
tile_xscale="1"
tile_alpha="1"
tile_depth="0"
tile_y="2952"
tile_x="2840"
[lvl_tiles_104]
tile_asset="15"
tile_yscale="1"
tile_xscale="1"
tile_alpha="1"
tile_depth="0"
tile_y="2920"
tile_x="2840"
[lvl_tiles_103]
tile_asset="15"
tile_yscale="1"
tile_xscale="1"
tile_alpha="1"
tile_depth="0"
tile_y="2888"
tile_x="2840"
[lvl_tiles_102]
tile_asset="15"
tile_yscale="1"
tile_xscale="1"
tile_alpha="1"
tile_depth="0"
tile_y="2856"
tile_x="2840"
[lvl_tiles_101]
tile_asset="15"
tile_yscale="1"
tile_xscale="1"
tile_alpha="1"
tile_depth="0"
tile_y="2856"
tile_x="2840"
[lvl_tiles_100]
tile_asset="220"
tile_yscale="1"
tile_xscale="1"
tile_alpha="1"
tile_depth="0"
tile_y="3048"
tile_x="2856"
[lvl_tiles_99]
tile_asset="220"
tile_yscale="1"
tile_xscale="1"
tile_alpha="1"
tile_depth="0"
tile_y="2984"
tile_x="2856"
[lvl_tiles_98]
tile_asset="220"
tile_yscale="1"
tile_xscale="1"
tile_alpha="1"
tile_depth="0"
tile_y="2920"
tile_x="2856"
[lvl_tiles_97]
tile_asset="220"
tile_yscale="1"
tile_xscale="1"
tile_alpha="1"
tile_depth="0"
tile_y="2856"
tile_x="2856"
[lvl_tiles_96]
tile_asset="220"
tile_yscale="1"
tile_xscale="1"
tile_alpha="1"
tile_depth="0"
tile_y="2856"
tile_x="2856"
[lvl_tiles_95]
tile_asset="6"
tile_yscale="1"
tile_xscale="1"
tile_alpha="1"
tile_depth="0"
tile_y="2824"
tile_x="2866"
[lvl_tiles_94]
tile_asset="6"
tile_yscale="1"
tile_xscale="1"
tile_alpha="1"
tile_depth="0"
tile_y="2824"
tile_x="2738"
[lvl_tiles_93]
tile_asset="20"
tile_yscale="1"
tile_xscale="1"
tile_alpha="1"
tile_depth="0"
tile_y="2824"
tile_x="2706"
[lvl_tiles_92]
tile_asset="190"
tile_yscale="1"
tile_xscale="1"
tile_alpha="1"
tile_depth="0"
tile_y="2536"
tile_x="2354"
[lvl_tiles_91]
tile_asset="190"
tile_yscale="1"
tile_xscale="1"
tile_alpha="1"
tile_depth="0"
tile_y="2536"
tile_x="2482"
[lvl_tiles_90]
tile_asset="190"
tile_yscale="1"
tile_xscale="1"
tile_alpha="1"
tile_depth="0"
tile_y="2536"
tile_x="2610"
[lvl_tiles_89]
tile_asset="190"
tile_yscale="1"
tile_xscale="1"
tile_alpha="1"
tile_depth="0"
tile_y="2536"
tile_x="2610"
[lvl_tiles_88]
tile_asset="29"
tile_yscale="1"
tile_xscale="1"
tile_alpha="1"
tile_depth="0"
tile_y="2984"
tile_x="2674"
[lvl_tiles_87]
tile_asset="29"
tile_yscale="1"
tile_xscale="1"
tile_alpha="1"
tile_depth="0"
tile_y="2984"
tile_x="2482"
[lvl_tiles_86]
tile_asset="3"
tile_yscale="1"
tile_xscale="1"
tile_alpha="1"
tile_depth="0"
tile_y="2984"
tile_x="2578"
[lvl_tiles_85]
tile_asset="3"
tile_yscale="1"
tile_xscale="1"
tile_alpha="1"
tile_depth="0"
tile_y="2920"
tile_x="2674"
[lvl_tiles_84]
tile_asset="29"
tile_yscale="1"
tile_xscale="1"
tile_alpha="1"
tile_depth="0"
tile_y="2920"
tile_x="2578"
[lvl_tiles_83]
tile_asset="3"
tile_yscale="1"
tile_xscale="1"
tile_alpha="1"
tile_depth="0"
tile_y="2856"
tile_x="2578"
[lvl_tiles_82]
tile_asset="3"
tile_yscale="1"
tile_xscale="1"
tile_alpha="1"
tile_depth="0"
tile_y="2920"
tile_x="2482"
[lvl_tiles_81]
tile_asset="29"
tile_yscale="1"
tile_xscale="1"
tile_alpha="1"
tile_depth="0"
tile_y="2856"
tile_x="2674"
[lvl_tiles_80]
tile_asset="29"
tile_yscale="1"
tile_xscale="1"
tile_alpha="1"
tile_depth="0"
tile_y="2856"
tile_x="2482"
[lvl_tiles_79]
tile_asset="7"
tile_yscale="1"
tile_xscale="1"
tile_alpha="1"
tile_depth="0"
tile_y="2824"
tile_x="2674"
[lvl_tiles_78]
tile_asset="0"
tile_yscale="1"
tile_xscale="1"
tile_alpha="1"
tile_depth="0"
tile_y="2824"
tile_x="2610"
[lvl_tiles_77]
tile_asset="7"
tile_yscale="1"
tile_xscale="1"
tile_alpha="1"
tile_depth="0"
tile_y="2824"
tile_x="2578"
[lvl_tiles_76]
tile_asset="0"
tile_yscale="1"
tile_xscale="1"
tile_alpha="1"
tile_depth="0"
tile_y="2824"
tile_x="2514"
[lvl_tiles_75]
tile_asset="3"
tile_yscale="1"
tile_xscale="1"
tile_alpha="1"
tile_depth="0"
tile_y="2984"
tile_x="2386"
[lvl_tiles_74]
tile_asset="29"
tile_yscale="1"
tile_xscale="1"
tile_alpha="1"
tile_depth="0"
tile_y="2920"
tile_x="2386"
[lvl_tiles_73]
tile_asset="3"
tile_yscale="1"
tile_xscale="1"
tile_alpha="1"
tile_depth="0"
tile_y="2856"
tile_x="2386"
[lvl_tiles_72]
tile_asset="7"
tile_yscale="1"
tile_xscale="1"
tile_alpha="1"
tile_depth="0"
tile_y="2824"
tile_x="2482"
[lvl_tiles_71]
tile_asset="0"
tile_yscale="1"
tile_xscale="1"
tile_alpha="1"
tile_depth="0"
tile_y="2824"
tile_x="2418"
[lvl_tiles_70]
tile_asset="7"
tile_yscale="1"
tile_xscale="1"
tile_alpha="1"
tile_depth="0"
tile_y="2824"
tile_x="2386"
[lvl_tiles_69]
tile_asset="53"
tile_yscale="1"
tile_xscale="1"
tile_alpha="1"
tile_depth="1"
tile_y="2520"
tile_x="2386"
[lvl_tiles_68]
tile_asset="53"
tile_yscale="1"
tile_xscale="1"
tile_alpha="1"
tile_depth="1"
tile_y="2640"
tile_x="2802"
[lvl_tiles_67]
tile_asset="53"
tile_yscale="1"
tile_xscale="1"
tile_alpha="1"
tile_depth="1"
tile_y="2640"
tile_x="2738"
[lvl_tiles_66]
tile_asset="53"
tile_yscale="1"
tile_xscale="1"
tile_alpha="1"
tile_depth="1"
tile_y="2808"
tile_x="3058"
[lvl_tiles_65]
tile_asset="90"
tile_yscale="1"
tile_xscale="1"
tile_alpha="1"
tile_depth="1"
tile_y="2676"
tile_x="2776"
[lvl_tiles_64]
tile_asset="89"
tile_yscale="1"
tile_xscale="1"
tile_alpha="1"
tile_depth="1"
tile_y="2536"
tile_x="2770"
[lvl_tiles_63]
tile_asset="89"
tile_yscale="1"
tile_xscale="1"
tile_alpha="1"
tile_depth="1"
tile_y="2568"
tile_x="2770"
[lvl_tiles_62]
tile_asset="945"
tile_yscale="1"
tile_xscale="1"
tile_alpha="1"
tile_depth="4"
tile_y="2792"
tile_x="3060"
[lvl_tiles_61]
tile_asset="61"
tile_yscale="1"
tile_xscale="1"
tile_alpha="1"
tile_depth="4"
tile_y="2560"
tile_x="2738"
[lvl_tiles_60]
tile_asset="61"
tile_yscale="1"
tile_xscale="1"
tile_alpha="1"
tile_depth="4"
tile_y="2576"
tile_x="2738"
[lvl_tiles_59]
tile_asset="61"
tile_yscale="1"
tile_xscale="1"
tile_alpha="1"
tile_depth="4"
tile_y="2592"
tile_x="2738"
[lvl_tiles_58]
tile_asset="61"
tile_yscale="1"
tile_xscale="1"
tile_alpha="1"
tile_depth="4"
tile_y="2608"
tile_x="2738"
[lvl_tiles_57]
tile_asset="61"
tile_yscale="1"
tile_xscale="1"
tile_alpha="1"
tile_depth="4"
tile_y="2624"
tile_x="2738"
[lvl_tiles_56]
tile_asset="61"
tile_yscale="1"
tile_xscale="1"
tile_alpha="1"
tile_depth="4"
tile_y="2640"
tile_x="2738"
[lvl_tiles_55]
tile_asset="61"
tile_yscale="1"
tile_xscale="1"
tile_alpha="1"
tile_depth="4"
tile_y="2640"
tile_x="2738"
[lvl_tiles_54]
tile_asset="71"
tile_yscale="1"
tile_xscale="1"
tile_alpha="1"
tile_depth="4"
tile_y="2864"
tile_x="2972"
[lvl_tiles_53]
tile_asset="71"
tile_yscale="-1"
tile_xscale="1"
tile_alpha="1"
tile_depth="4"
tile_y="2864"
tile_x="2972"
[lvl_tiles_52]
tile_asset="71"
tile_yscale="1"
tile_xscale="1"
tile_alpha="1"
tile_depth="4"
tile_y="2736"
tile_x="2972"
[lvl_tiles_51]
tile_asset="71"
tile_yscale="-1"
tile_xscale="1"
tile_alpha="1"
tile_depth="4"
tile_y="2736"
tile_x="2972"
[lvl_tiles_50]
tile_asset="71"
tile_yscale="1"
tile_xscale="1"
tile_alpha="1"
tile_depth="4"
tile_y="2608"
tile_x="2972"
[lvl_tiles_49]
tile_asset="71"
tile_yscale="-1"
tile_xscale="1"
tile_alpha="1"
tile_depth="4"
tile_y="2608"
tile_x="2972"
[lvl_tiles_48]
tile_asset="71"
tile_yscale="1"
tile_xscale="1"
tile_alpha="1"
tile_depth="4"
tile_y="2480"
tile_x="2972"
[lvl_tiles_47]
tile_asset="71"
tile_yscale="-1"
tile_xscale="1"
tile_alpha="1"
tile_depth="4"
tile_y="2480"
tile_x="2972"
[lvl_tiles_46]
tile_asset="78"
tile_yscale="1"
tile_xscale="1"
tile_alpha="1"
tile_depth="4"
tile_y="2744"
tile_x="2782"
[lvl_tiles_45]
tile_asset="9"
tile_yscale="1"
tile_xscale="1"
tile_alpha="1"
tile_depth="4"
tile_y="3048"
tile_x="2706"
[lvl_tiles_44]
tile_asset="9"
tile_yscale="1"
tile_xscale="1"
tile_alpha="1"
tile_depth="4"
tile_y="2984"
tile_x="2706"
[lvl_tiles_43]
tile_asset="9"
tile_yscale="1"
tile_xscale="1"
tile_alpha="1"
tile_depth="4"
tile_y="2920"
tile_x="2706"
[lvl_tiles_42]
tile_asset="61"
tile_yscale="1"
tile_xscale="1"
tile_alpha="1"
tile_depth="4"
tile_y="2676"
tile_x="2850"
[lvl_tiles_41]
tile_asset="61"
tile_yscale="1"
tile_xscale="1"
tile_alpha="1"
tile_depth="4"
tile_y="2820"
tile_x="2850"
[lvl_tiles_40]
tile_asset="61"
tile_yscale="1"
tile_xscale="1"
tile_alpha="1"
tile_depth="4"
tile_y="2804"
tile_x="2850"
[lvl_tiles_39]
tile_asset="61"
tile_yscale="1"
tile_xscale="1"
tile_alpha="1"
tile_depth="4"
tile_y="2788"
tile_x="2850"
[lvl_tiles_38]
tile_asset="61"
tile_yscale="1"
tile_xscale="1"
tile_alpha="1"
tile_depth="4"
tile_y="2772"
tile_x="2850"
[lvl_tiles_37]
tile_asset="61"
tile_yscale="1"
tile_xscale="1"
tile_alpha="1"
tile_depth="4"
tile_y="2756"
tile_x="2850"
[lvl_tiles_36]
tile_asset="61"
tile_yscale="1"
tile_xscale="1"
tile_alpha="1"
tile_depth="4"
tile_y="2740"
tile_x="2850"
[lvl_tiles_35]
tile_asset="61"
tile_yscale="1"
tile_xscale="1"
tile_alpha="1"
tile_depth="4"
tile_y="2724"
tile_x="2850"
[lvl_tiles_34]
tile_asset="61"
tile_yscale="1"
tile_xscale="1"
tile_alpha="1"
tile_depth="4"
tile_y="2708"
tile_x="2850"
[lvl_tiles_33]
tile_asset="61"
tile_yscale="1"
tile_xscale="1"
tile_alpha="1"
tile_depth="4"
tile_y="2692"
tile_x="2850"
[lvl_tiles_32]
tile_asset="61"
tile_yscale="1"
tile_xscale="1"
tile_alpha="1"
tile_depth="4"
tile_y="2820"
tile_x="2738"
[lvl_tiles_31]
tile_asset="61"
tile_yscale="1"
tile_xscale="1"
tile_alpha="1"
tile_depth="4"
tile_y="2804"
tile_x="2738"
[lvl_tiles_30]
tile_asset="61"
tile_yscale="1"
tile_xscale="1"
tile_alpha="1"
tile_depth="4"
tile_y="2788"
tile_x="2738"
[lvl_tiles_29]
tile_asset="61"
tile_yscale="1"
tile_xscale="1"
tile_alpha="1"
tile_depth="4"
tile_y="2772"
tile_x="2738"
[lvl_tiles_28]
tile_asset="61"
tile_yscale="1"
tile_xscale="1"
tile_alpha="1"
tile_depth="4"
tile_y="2756"
tile_x="2738"
[lvl_tiles_27]
tile_asset="61"
tile_yscale="1"
tile_xscale="1"
tile_alpha="1"
tile_depth="4"
tile_y="2740"
tile_x="2738"
[lvl_tiles_26]
tile_asset="61"
tile_yscale="1"
tile_xscale="1"
tile_alpha="1"
tile_depth="4"
tile_y="2724"
tile_x="2738"
[lvl_tiles_25]
tile_asset="61"
tile_yscale="1"
tile_xscale="1"
tile_alpha="1"
tile_depth="4"
tile_y="2708"
tile_x="2738"
[lvl_tiles_24]
tile_asset="61"
tile_yscale="1"
tile_xscale="1"
tile_alpha="1"
tile_depth="4"
tile_y="2692"
tile_x="2738"
[lvl_tiles_23]
tile_asset="61"
tile_yscale="1"
tile_xscale="1"
tile_alpha="1"
tile_depth="4"
tile_y="2676"
tile_x="2738"
[lvl_tiles_22]
tile_asset="61"
tile_yscale="1"
tile_xscale="1"
tile_alpha="1"
tile_depth="4"
tile_y="2676"
tile_x="2738"
[lvl_tiles_21]
tile_asset="67"
tile_yscale="1"
tile_xscale="1"
tile_alpha="1"
tile_depth="4"
tile_y="2600"
tile_x="2674"
[lvl_tiles_20]
tile_asset="67"
tile_yscale="1"
tile_xscale="1"
tile_alpha="1"
tile_depth="4"
tile_y="2600"
tile_x="2546"
[lvl_tiles_19]
tile_asset="67"
tile_yscale="1"
tile_xscale="1"
tile_alpha="1"
tile_depth="4"
tile_y="2600"
tile_x="2418"
[lvl_tiles_18]
tile_asset="68"
tile_yscale="1"
tile_xscale="1"
tile_alpha="1"
tile_depth="4"
tile_y="2984"
tile_x="2418"
[lvl_tiles_17]
tile_asset="68"
tile_yscale="1"
tile_xscale="1"
tile_alpha="1"
tile_depth="4"
tile_y="2984"
tile_x="2610"
[lvl_tiles_16]
tile_asset="68"
tile_yscale="1"
tile_xscale="1"
tile_alpha="1"
tile_depth="4"
tile_y="2856"
tile_x="2610"
[lvl_tiles_15]
tile_asset="68"
tile_yscale="1"
tile_xscale="1"
tile_alpha="1"
tile_depth="4"
tile_y="2984"
tile_x="2514"
[lvl_tiles_14]
tile_asset="68"
tile_yscale="1"
tile_xscale="1"
tile_alpha="1"
tile_depth="4"
tile_y="2856"
tile_x="2514"
[lvl_tiles_13]
tile_asset="68"
tile_yscale="1"
tile_xscale="1"
tile_alpha="1"
tile_depth="4"
tile_y="2856"
tile_x="2418"
[lvl_tiles_12]
tile_asset="891"
tile_yscale="1"
tile_xscale="1"
tile_alpha="1"
tile_depth="5"
tile_y="2984"
tile_x="2738"
[lvl_tiles_11]
tile_asset="891"
tile_yscale="1"
tile_xscale="1"
tile_alpha="1"
tile_depth="5"
tile_y="2856"
tile_x="2736"
[lvl_tiles_10]
tile_asset="66"
tile_yscale="1"
tile_xscale="1"
tile_alpha="1"
tile_depth="5"
tile_y="2568"
tile_x="2482"
[lvl_tiles_9]
tile_asset="66"
tile_yscale="1"
tile_xscale="1"
tile_alpha="1"
tile_depth="5"
tile_y="2568"
tile_x="2610"
[lvl_tiles_8]
tile_asset="68"
tile_yscale="1"
tile_xscale="1"
tile_alpha="1"
tile_depth="5"
tile_y="2568"
tile_x="2674"
[lvl_tiles_7]
tile_asset="68"
tile_yscale="1"
tile_xscale="1"
tile_alpha="1"
tile_depth="5"
tile_y="2568"
tile_x="2546"
[lvl_tiles_6]
tile_asset="68"
tile_yscale="1"
tile_xscale="1"
tile_alpha="1"
tile_depth="5"
tile_y="2568"
tile_x="2418"
[lvl_tiles_5]
tile_asset="68"
tile_yscale="1"
tile_xscale="1"
tile_alpha="1"
tile_depth="5"
tile_y="2696"
tile_x="2674"
[lvl_tiles_4]
tile_asset="66"
tile_yscale="1"
tile_xscale="1"
tile_alpha="1"
tile_depth="5"
tile_y="2696"
tile_x="2610"
[lvl_tiles_3]
tile_asset="68"
tile_yscale="1"
tile_xscale="1"
tile_alpha="1"
tile_depth="5"
tile_y="2696"
tile_x="2546"
[lvl_tiles_2]
tile_asset="66"
tile_yscale="1"
tile_xscale="1"
tile_alpha="1"
tile_depth="5"
tile_y="2696"
tile_x="2482"
[lvl_tiles_1]
tile_asset="68"
tile_yscale="1"
tile_xscale="1"
tile_alpha="1"
tile_depth="5"
tile_y="2696"
tile_x="2418"
[lvl_tiles_0]
tile_ignore="-1"
[lvl_hd]
lvl_npc_count="0"
lvl_obj_count="5"
lvl_tile_count="166"
version_number="1209"
lvl_best_time="600000"
lvl_char="All"
lvl_win_condition="0"
lvl_weather="0"
lvl_description=""
lvl_author="Vela"
lvl_name="cutscene 11"
