[lvl_health]
health="14"
[lvl_objects_8]
obj_item="0"
obj_asset="217"
obj_y="0"
obj_x="0"
[lvl_objects_7]
obj_item="0"
obj_asset="453"
obj_y="4104"
obj_x="5008"
[lvl_objects_6]
obj_item="0"
obj_asset="453"
obj_y="4104"
obj_x="5200"
[lvl_objects_5]
obj_item="0"
obj_asset="453"
obj_y="4104"
obj_x="5128"
[lvl_objects_4]
obj_item="0"
obj_asset="601"
obj_y="4240"
obj_x="5208"
[lvl_objects_3]
obj_item="0"
obj_asset="135"
obj_y="4226"
obj_x="5478"
[lvl_objects_2]
obj_item="0"
obj_asset="136"
obj_y="4272"
obj_x="4840"
[lvl_objects_1]
obj_ignore="-1"
[lvl_objects_0]
obj_ignore="-1"
[lvl_tiles_79]
tile_asset="15"
tile_yscale="1"
tile_xscale="1"
tile_alpha="1"
tile_depth="-2"
tile_y="4240"
tile_x="5464"
[lvl_tiles_78]
tile_asset="14"
tile_yscale="1"
tile_xscale="1"
tile_alpha="1"
tile_depth="-2"
tile_y="4240"
tile_x="5224"
[lvl_tiles_77]
tile_asset="81"
tile_yscale="1"
tile_xscale="1"
tile_alpha="1"
tile_depth="-1"
tile_y="4195"
tile_x="5224"
[lvl_tiles_76]
tile_asset="81"
tile_yscale="1"
tile_xscale="-1"
tile_alpha="1"
tile_depth="-1"
tile_y="4195"
tile_x="5480"
[lvl_tiles_75]
tile_asset="80"
tile_yscale="1"
tile_xscale="-1"
tile_alpha="1"
tile_depth="-1"
tile_y="4181"
tile_x="5480"
[lvl_tiles_74]
tile_asset="3"
tile_yscale="1"
tile_xscale="1"
tile_alpha="1"
tile_depth="0"
tile_y="4360"
tile_x="5176"
[lvl_tiles_73]
tile_asset="3"
tile_yscale="1"
tile_xscale="1"
tile_alpha="1"
tile_depth="0"
tile_y="4296"
tile_x="5176"
[lvl_tiles_72]
tile_asset="3"
tile_yscale="1"
tile_xscale="1"
tile_alpha="1"
tile_depth="0"
tile_y="4296"
tile_x="5176"
[lvl_tiles_71]
tile_asset="3"
tile_yscale="1"
tile_xscale="1"
tile_alpha="1"
tile_depth="0"
tile_y="4360"
tile_x="5048"
[lvl_tiles_70]
tile_asset="3"
tile_yscale="1"
tile_xscale="1"
tile_alpha="1"
tile_depth="0"
tile_y="4296"
tile_x="5048"
[lvl_tiles_69]
tile_asset="3"
tile_yscale="1"
tile_xscale="1"
tile_alpha="1"
tile_depth="0"
tile_y="4296"
tile_x="5048"
[lvl_tiles_68]
tile_asset="3"
tile_yscale="1"
tile_xscale="1"
tile_alpha="1"
tile_depth="0"
tile_y="4336"
tile_x="4840"
[lvl_tiles_67]
tile_asset="3"
tile_yscale="1"
tile_xscale="1"
tile_alpha="1"
tile_depth="0"
tile_y="4336"
tile_x="4904"
[lvl_tiles_66]
tile_asset="29"
tile_yscale="1"
tile_xscale="1"
tile_alpha="1"
tile_depth="0"
tile_y="4336"
tile_x="4936"
[lvl_tiles_65]
tile_asset="29"
tile_yscale="1"
tile_xscale="1"
tile_alpha="1"
tile_depth="0"
tile_y="4336"
tile_x="4872"
[lvl_tiles_64]
tile_asset="3"
tile_yscale="1"
tile_xscale="1"
tile_alpha="1"
tile_depth="0"
tile_y="4272"
tile_x="4872"
[lvl_tiles_63]
tile_asset="3"
tile_yscale="1"
tile_xscale="1"
tile_alpha="1"
tile_depth="0"
tile_y="4272"
tile_x="4936"
[lvl_tiles_62]
tile_asset="29"
tile_yscale="1"
tile_xscale="1"
tile_alpha="1"
tile_depth="0"
tile_y="4272"
tile_x="4904"
[lvl_tiles_61]
tile_asset="29"
tile_yscale="1"
tile_xscale="1"
tile_alpha="1"
tile_depth="0"
tile_y="4272"
tile_x="4840"
[lvl_tiles_60]
tile_asset="29"
tile_yscale="1"
tile_xscale="1"
tile_alpha="1"
tile_depth="0"
tile_y="4272"
tile_x="4840"
[lvl_tiles_59]
tile_asset="24"
tile_yscale="1"
tile_xscale="1"
tile_alpha="1"
tile_depth="0"
tile_y="4272"
tile_x="4968"
[lvl_tiles_58]
tile_asset="24"
tile_yscale="1"
tile_xscale="1"
tile_alpha="1"
tile_depth="0"
tile_y="4272"
tile_x="5032"
[lvl_tiles_57]
tile_asset="24"
tile_yscale="1"
tile_xscale="1"
tile_alpha="1"
tile_depth="0"
tile_y="4272"
tile_x="5096"
[lvl_tiles_56]
tile_asset="24"
tile_yscale="1"
tile_xscale="1"
tile_alpha="1"
tile_depth="0"
tile_y="4272"
tile_x="5160"
[lvl_tiles_55]
tile_asset="24"
tile_yscale="1"
tile_xscale="1"
tile_alpha="1"
tile_depth="0"
tile_y="4272"
tile_x="5160"
[lvl_tiles_54]
tile_asset="6"
tile_yscale="1"
tile_xscale="1"
tile_alpha="1"
tile_depth="0"
tile_y="4240"
tile_x="4840"
[lvl_tiles_53]
tile_asset="6"
tile_yscale="1"
tile_xscale="1"
tile_alpha="1"
tile_depth="0"
tile_y="4240"
tile_x="5096"
[lvl_tiles_52]
tile_asset="6"
tile_yscale="1"
tile_xscale="1"
tile_alpha="1"
tile_depth="0"
tile_y="4240"
tile_x="4968"
[lvl_tiles_51]
tile_asset="92"
tile_yscale="1"
tile_xscale="1"
tile_alpha="1"
tile_depth="1"
tile_y="4234"
tile_x="5416"
[lvl_tiles_50]
tile_asset="92"
tile_yscale="1"
tile_xscale="1"
tile_alpha="1"
tile_depth="1"
tile_y="4234"
tile_x="5352"
[lvl_tiles_49]
tile_asset="92"
tile_yscale="1"
tile_xscale="1"
tile_alpha="1"
tile_depth="1"
tile_y="4234"
tile_x="5288"
[lvl_tiles_48]
tile_asset="92"
tile_yscale="1"
tile_xscale="1"
tile_alpha="1"
tile_depth="1"
tile_y="4234"
tile_x="5224"
[lvl_tiles_47]
tile_asset="92"
tile_yscale="1"
tile_xscale="1"
tile_alpha="1"
tile_depth="1"
tile_y="4234"
tile_x="5224"
[lvl_tiles_46]
tile_asset="71"
tile_yscale="-1"
tile_xscale="1"
tile_alpha="1"
tile_depth="4"
tile_y="4400"
tile_x="5464"
[lvl_tiles_45]
tile_asset="71"
tile_yscale="1"
tile_xscale="1"
tile_alpha="1"
tile_depth="4"
tile_y="4272"
tile_x="5464"
[lvl_tiles_44]
tile_asset="71"
tile_yscale="1"
tile_xscale="1"
tile_alpha="1"
tile_depth="4"
tile_y="4016"
tile_x="5092"
[lvl_tiles_43]
tile_asset="71"
tile_yscale="1"
tile_xscale="1"
tile_alpha="1"
tile_depth="4"
tile_y="4016"
tile_x="5156"
[lvl_tiles_42]
tile_asset="71"
tile_yscale="-1"
tile_xscale="1"
tile_alpha="1"
tile_depth="4"
tile_y="4400"
tile_x="5220"
[lvl_tiles_41]
tile_asset="71"
tile_yscale="1"
tile_xscale="1"
tile_alpha="1"
tile_depth="4"
tile_y="4272"
tile_x="5220"
[lvl_tiles_40]
tile_asset="71"
tile_yscale="1"
tile_xscale="1"
tile_alpha="1"
tile_depth="4"
tile_y="4272"
tile_x="5220"
[lvl_tiles_39]
tile_asset="80"
tile_yscale="1"
tile_xscale="1"
tile_alpha="1"
tile_depth="4"
tile_y="4181"
tile_x="5224"
[lvl_tiles_38]
tile_asset="195"
tile_yscale="1"
tile_xscale="1"
tile_alpha="1"
tile_depth="4"
tile_y="4208"
tile_x="5064"
[lvl_tiles_37]
tile_asset="195"
tile_yscale="1"
tile_xscale="1"
tile_alpha="1"
tile_depth="4"
tile_y="4176"
tile_x="5064"
[lvl_tiles_36]
tile_asset="195"
tile_yscale="1"
tile_xscale="1"
tile_alpha="1"
tile_depth="4"
tile_y="4144"
tile_x="5064"
[lvl_tiles_35]
tile_asset="195"
tile_yscale="1"
tile_xscale="1"
tile_alpha="1"
tile_depth="4"
tile_y="4112"
tile_x="5064"
[lvl_tiles_34]
tile_asset="195"
tile_yscale="1"
tile_xscale="1"
tile_alpha="1"
tile_depth="4"
tile_y="4208"
tile_x="5032"
[lvl_tiles_33]
tile_asset="195"
tile_yscale="1"
tile_xscale="1"
tile_alpha="1"
tile_depth="4"
tile_y="4176"
tile_x="5032"
[lvl_tiles_32]
tile_asset="195"
tile_yscale="1"
tile_xscale="1"
tile_alpha="1"
tile_depth="4"
tile_y="4144"
tile_x="5032"
[lvl_tiles_31]
tile_asset="195"
tile_yscale="1"
tile_xscale="1"
tile_alpha="1"
tile_depth="4"
tile_y="4112"
tile_x="5032"
[lvl_tiles_30]
tile_asset="66"
tile_yscale="1"
tile_xscale="1"
tile_alpha="1"
tile_depth="4"
tile_y="4112"
tile_x="5096"
[lvl_tiles_29]
tile_asset="66"
tile_yscale="1"
tile_xscale="1"
tile_alpha="1"
tile_depth="4"
tile_y="4112"
tile_x="4968"
[lvl_tiles_28]
tile_asset="79"
tile_yscale="1"
tile_xscale="1"
tile_alpha="1"
tile_depth="4"
tile_y="4122"
tile_x="5178"
[lvl_tiles_27]
tile_asset="79"
tile_yscale="1"
tile_xscale="1"
tile_alpha="1"
tile_depth="4"
tile_y="4122"
tile_x="4922"
[lvl_tiles_26]
tile_asset="64"
tile_yscale="1"
tile_xscale="1"
tile_alpha="1"
tile_depth="4"
tile_y="4112"
tile_x="5160"
[lvl_tiles_25]
tile_asset="64"
tile_yscale="1"
tile_xscale="1"
tile_alpha="1"
tile_depth="4"
tile_y="4112"
tile_x="4904"
[lvl_tiles_24]
tile_asset="65"
tile_yscale="1"
tile_xscale="1"
tile_alpha="1"
tile_depth="4"
tile_y="4080"
tile_x="4904"
[lvl_tiles_23]
tile_asset="61"
tile_yscale="1"
tile_xscale="1"
tile_alpha="1"
tile_depth="5"
tile_y="4064"
tile_x="5064"
[lvl_tiles_22]
tile_asset="61"
tile_yscale="1"
tile_xscale="1"
tile_alpha="1"
tile_depth="5"
tile_y="4048"
tile_x="5064"
[lvl_tiles_21]
tile_asset="61"
tile_yscale="1"
tile_xscale="1"
tile_alpha="1"
tile_depth="5"
tile_y="4032"
tile_x="5064"
[lvl_tiles_20]
tile_asset="61"
tile_yscale="1"
tile_xscale="1"
tile_alpha="1"
tile_depth="5"
tile_y="4016"
tile_x="5064"
[lvl_tiles_19]
tile_asset="61"
tile_yscale="1"
tile_xscale="1"
tile_alpha="1"
tile_depth="5"
tile_y="4000"
tile_x="5064"
[lvl_tiles_18]
tile_asset="70"
tile_yscale="1"
tile_xscale="1"
tile_alpha="1"
tile_depth="5"
tile_y="4216"
tile_x="4936"
[lvl_tiles_17]
tile_asset="70"
tile_yscale="1"
tile_xscale="1"
tile_alpha="1"
tile_depth="5"
tile_y="4216"
tile_x="4864"
[lvl_tiles_16]
tile_asset="60"
tile_yscale="1"
tile_xscale="-1"
tile_alpha="1"
tile_depth="8"
tile_y="4189"
tile_x="5224"
[lvl_tiles_15]
tile_asset="61"
tile_yscale="1"
tile_xscale="1"
tile_alpha="1"
tile_depth="8"
tile_y="4000"
tile_x="4852"
[lvl_tiles_14]
tile_asset="61"
tile_yscale="1"
tile_xscale="1"
tile_alpha="1"
tile_depth="8"
tile_y="4016"
tile_x="4852"
[lvl_tiles_13]
tile_asset="61"
tile_yscale="1"
tile_xscale="1"
tile_alpha="1"
tile_depth="8"
tile_y="4032"
tile_x="4852"
[lvl_tiles_12]
tile_asset="61"
tile_yscale="1"
tile_xscale="1"
tile_alpha="1"
tile_depth="8"
tile_y="4048"
tile_x="4852"
[lvl_tiles_11]
tile_asset="61"
tile_yscale="1"
tile_xscale="1"
tile_alpha="1"
tile_depth="8"
tile_y="4064"
tile_x="4852"
[lvl_tiles_10]
tile_asset="61"
tile_yscale="1"
tile_xscale="1"
tile_alpha="1"
tile_depth="8"
tile_y="4080"
tile_x="4852"
[lvl_tiles_9]
tile_asset="61"
tile_yscale="1"
tile_xscale="1"
tile_alpha="1"
tile_depth="8"
tile_y="4096"
tile_x="4852"
[lvl_tiles_8]
tile_asset="61"
tile_yscale="1"
tile_xscale="1"
tile_alpha="1"
tile_depth="8"
tile_y="4112"
tile_x="4852"
[lvl_tiles_7]
tile_asset="61"
tile_yscale="1"
tile_xscale="1"
tile_alpha="1"
tile_depth="8"
tile_y="4128"
tile_x="4852"
[lvl_tiles_6]
tile_asset="61"
tile_yscale="1"
tile_xscale="1"
tile_alpha="1"
tile_depth="8"
tile_y="4144"
tile_x="4852"
[lvl_tiles_5]
tile_asset="61"
tile_yscale="1"
tile_xscale="1"
tile_alpha="1"
tile_depth="8"
tile_y="4160"
tile_x="4852"
[lvl_tiles_4]
tile_asset="61"
tile_yscale="1"
tile_xscale="1"
tile_alpha="1"
tile_depth="8"
tile_y="4176"
tile_x="4852"
[lvl_tiles_3]
tile_asset="61"
tile_yscale="1"
tile_xscale="1"
tile_alpha="1"
tile_depth="8"
tile_y="4192"
tile_x="4852"
[lvl_tiles_2]
tile_asset="61"
tile_yscale="1"
tile_xscale="1"
tile_alpha="1"
tile_depth="8"
tile_y="4208"
tile_x="4852"
[lvl_tiles_1]
tile_asset="61"
tile_yscale="1"
tile_xscale="1"
tile_alpha="1"
tile_depth="8"
tile_y="4224"
tile_x="4852"
[lvl_tiles_0]
tile_asset="61"
tile_yscale="1"
tile_xscale="1"
tile_alpha="1"
tile_depth="8"
tile_y="4224"
tile_x="4852"
[lvl_hd]
lvl_npc_count="0"
lvl_obj_count="9"
lvl_tile_count="80"
version_number="1129"
lvl_best_time="600000"
lvl_char="All"
lvl_win_condition="0"
lvl_weather="0"
lvl_description=""
lvl_author="Amy"
lvl_name="cutscene4"
