[lvl_health]
health="14"
[lvl_objects_92]
obj_item="0"
obj_asset="240"
obj_y="0"
obj_x="0"
[lvl_objects_91]
obj_item="0"
obj_asset="1229"
obj_y="4192"
obj_x="4348"
[lvl_objects_90]
obj_item="0"
obj_asset="236"
obj_y="4108"
obj_x="2368"
[lvl_objects_89]
obj_item="0"
obj_asset="236"
obj_y="4172"
obj_x="2240"
[lvl_objects_88]
obj_item="0"
obj_asset="236"
obj_y="3820"
obj_x="2412"
[lvl_objects_87]
obj_item="0"
obj_asset="236"
obj_y="3820"
obj_x="2220"
[lvl_objects_86]
obj_item="0"
obj_asset="948"
obj_y="3824"
obj_x="1770"
[lvl_objects_85]
obj_item="0"
obj_asset="236"
obj_y="3756"
obj_x="2092"
[lvl_objects_84]
obj_item="0"
obj_asset="236"
obj_y="3692"
obj_x="1964"
[lvl_objects_83]
obj_item="0"
obj_asset="1227"
obj_y="3664"
obj_x="1908"
[lvl_objects_82]
obj_item="0"
obj_asset="1226"
obj_y="3664"
obj_x="1856"
[lvl_objects_81]
obj_item="0"
obj_asset="236"
obj_y="3556"
obj_x="2476"
[lvl_objects_80]
obj_item="0"
obj_asset="236"
obj_y="3556"
obj_x="2092"
[lvl_objects_79]
obj_item="0"
obj_asset="236"
obj_y="3504"
obj_x="1616"
[lvl_objects_78]
obj_item="0"
obj_asset="236"
obj_y="3492"
obj_x="1964"
[lvl_objects_77]
obj_item="0"
obj_asset="236"
obj_y="3492"
obj_x="2604"
[lvl_objects_76]
obj_item="0"
obj_asset="1227"
obj_y="4080"
obj_x="480"
[lvl_objects_75]
obj_item="0"
obj_asset="1226"
obj_y="4080"
obj_x="320"
[lvl_objects_74]
obj_item="0"
obj_asset="236"
obj_y="3680"
obj_x="4148"
[lvl_objects_73]
obj_item="0"
obj_asset="236"
obj_y="3616"
obj_x="4276"
[lvl_objects_72]
obj_item="0"
obj_asset="1228"
obj_y="3716"
obj_x="4104"
[lvl_objects_71]
obj_item="0"
obj_asset="1228"
obj_y="3716"
obj_x="4032"
[lvl_objects_70]
obj_item="0"
obj_asset="236"
obj_y="3872"
obj_x="3016"
[lvl_objects_69]
obj_item="0"
obj_asset="236"
obj_y="3872"
obj_x="2864"
[lvl_objects_68]
obj_item="0"
obj_asset="1228"
obj_y="4080"
obj_x="2764"
[lvl_objects_67]
obj_item="0"
obj_asset="257"
obj_y="4476"
obj_x="1996"
[lvl_objects_66]
obj_item="0"
obj_asset="257"
obj_y="4476"
obj_x="1964"
[lvl_objects_65]
obj_item="0"
obj_asset="242"
obj_y="3840"
obj_x="1770"
[lvl_objects_64]
obj_item="0"
obj_asset="434"
obj_y="3808"
obj_x="1516"
[lvl_objects_63]
obj_item="0"
obj_asset="434"
obj_y="3808"
obj_x="1456"
[lvl_objects_62]
obj_item="0"
obj_asset="465"
obj_y="4128"
obj_x="728"
[lvl_objects_61]
obj_item="0"
obj_asset="464"
obj_y="4128"
obj_x="656"
[lvl_objects_60]
obj_item="0"
obj_asset="249"
obj_y="3968"
obj_x="432"
[lvl_objects_59]
obj_item="0"
obj_asset="249"
obj_y="3936"
obj_x="416"
[lvl_objects_58]
obj_item="0"
obj_asset="249"
obj_y="3936"
obj_x="384"
[lvl_objects_57]
obj_item="0"
obj_asset="249"
obj_y="3968"
obj_x="400"
[lvl_objects_56]
obj_item="0"
obj_asset="249"
obj_y="3968"
obj_x="368"
[lvl_objects_55]
obj_item="0"
obj_asset="241"
obj_y="3732"
obj_x="4428"
[lvl_objects_54]
obj_item="0"
obj_asset="241"
obj_y="3732"
obj_x="4508"
[lvl_objects_53]
obj_item="0"
obj_asset="943"
obj_y="3796"
obj_x="4972"
[lvl_objects_52]
obj_item="0"
obj_asset="249"
obj_y="3572"
obj_x="4972"
[lvl_objects_51]
obj_item="0"
obj_asset="249"
obj_y="3604"
obj_x="4972"
[lvl_objects_50]
obj_item="0"
obj_asset="943"
obj_y="3728"
obj_x="4972"
[lvl_objects_49]
obj_item="0"
obj_asset="241"
obj_y="3840"
obj_x="3268"
[lvl_objects_48]
obj_item="0"
obj_asset="252"
obj_y="3824"
obj_x="2876"
[lvl_objects_47]
obj_item="0"
obj_asset="887"
obj_y="3924"
obj_x="4084"
[lvl_objects_46]
obj_item="0"
obj_asset="434"
obj_y="4128"
obj_x="2988"
[lvl_objects_45]
obj_item="0"
obj_asset="1409"
obj_y="4024"
obj_x="4272"
[lvl_objects_44]
obj_item="0"
obj_asset="1409"
obj_y="4024"
obj_x="4520"
[lvl_npcs_15]
npc_emotion_1="0"
npc_emotion_0="7"
spade_string_1=""
spade_string_0=""
milla_string_1=""
milla_string_0=""
carol_string_1=""
carol_string_0=""
lilac_string_1=""
lilac_string_0=""
npc_string_1=""
npc_string_0="So... How about #those hotdogs? #Ice cream?"
npc_direction="1"
npc_emotion="7"
npc_object="2"
npc_y="4192"
npc_x="4520"
[lvl_objects_43]
obj_ignore="-1"
[lvl_objects_42]
obj_item="0"
obj_asset="1409"
obj_y="3932"
obj_x="4632"
[lvl_npcs_14]
npc_emotion_1="1"
npc_emotion_0="1"
spade_string_1=""
spade_string_0=""
milla_string_1=""
milla_string_0=""
carol_string_1=""
carol_string_0=""
lilac_string_1=""
lilac_string_0=""
npc_string_1="Will that be #Shang Mu or #Parusa style?"
npc_string_0="Weekend special #on Inarizushi!"
npc_direction="-1"
npc_emotion="1"
npc_object="11"
npc_y="4192"
npc_x="4616"
[lvl_objects_41]
obj_ignore="-1"
[lvl_npcs_13]
npc_emotion_1="1"
npc_emotion_0="0"
spade_string_1=""
spade_string_0=""
milla_string_1=""
milla_string_0="*If I dream hard #enough, can I be #a palm tree?*"
carol_string_1=""
carol_string_0=""
lilac_string_1=""
lilac_string_0=""
npc_string_1=""
npc_string_0=""
npc_direction="1"
npc_emotion="0"
npc_object="8"
npc_y="4128"
npc_x="1176"
[lvl_objects_40]
obj_ignore="-1"
[lvl_npcs_12]
npc_emotion_1="3"
npc_emotion_0="3"
spade_string_1=""
spade_string_0=""
milla_string_1=""
milla_string_0=""
carol_string_1=""
carol_string_0=""
lilac_string_1=""
lilac_string_0=""
npc_string_1="That fish was all #outta water and #manners!"
npc_string_0="Yun's lucky ya #made it, kiddo!"
npc_direction="1"
npc_emotion="3"
npc_object="32"
npc_y="3808"
npc_x="1700"
[lvl_objects_39]
obj_ignore="-1"
[lvl_objects_38]
obj_item="0"
obj_asset="125"
obj_y="3807"
obj_x="1924"
[lvl_objects_37]
obj_ignore="-1"
[lvl_objects_36]
obj_ignore="-1"
[lvl_npcs_11]
npc_emotion_1="4"
npc_emotion_0="3"
spade_string_1=""
spade_string_0="Sorry! I'm #looking for #somebody else..."
milla_string_1=""
milla_string_0=""
carol_string_1=""
carol_string_0=""
lilac_string_1=""
lilac_string_0=""
npc_string_1="Feel free to #interview with me #any time!"
npc_string_0="You three are #doing great work #out there!"
npc_direction="1"
npc_emotion="3"
npc_object="50"
npc_y="3700"
npc_x="3796"
[lvl_objects_35]
obj_ignore="-1"
[lvl_objects_34]
obj_item="0"
obj_asset="1409"
obj_y="4128"
obj_x="692"
[lvl_npcs_10]
npc_emotion_1="0"
npc_emotion_0="1"
spade_string_1=""
spade_string_0=""
milla_string_1=""
milla_string_0=""
carol_string_1=""
carol_string_0=""
lilac_string_1=""
lilac_string_0=""
npc_string_1=""
npc_string_0="Hehe! I made my #own sand castle!"
npc_direction="1"
npc_emotion="1"
npc_object="10"
npc_y="4096"
npc_x="568"
[lvl_objects_33]
obj_ignore="-1"
[lvl_npcs_9]
npc_emotion_1="3"
npc_emotion_0="3"
spade_string_1=""
spade_string_0=""
milla_string_1=""
milla_string_0=""
carol_string_1=""
carol_string_0=""
lilac_string_1=""
lilac_string_0=""
npc_string_1="The seagulls ate #my fireworks!"
npc_string_0="Okay, I think I #did something #TOO stupid!"
npc_direction="-1"
npc_emotion="3"
npc_object="54"
npc_y="3968"
npc_x="528"
[lvl_objects_32]
obj_ignore="-1"
[lvl_objects_31]
obj_ignore="-1"
[lvl_objects_30]
obj_ignore="-1"
[lvl_objects_29]
obj_item="0"
obj_asset="1409"
obj_y="4024"
obj_x="4736"
[lvl_objects_28]
obj_item="0"
obj_asset="1409"
obj_y="4052"
obj_x="4924"
[lvl_objects_27]
obj_item="0"
obj_asset="862"
obj_y="4172"
obj_x="4932"
[lvl_objects_26]
obj_item="0"
obj_asset="125"
obj_y="3603"
obj_x="5004"
[lvl_objects_25]
obj_ignore="-1"
[lvl_objects_24]
obj_ignore="-1"
[lvl_npcs_8]
npc_emotion_1="1"
npc_emotion_0="0"
spade_string_1=""
spade_string_0=""
milla_string_1=""
milla_string_0=""
carol_string_1=""
carol_string_0=""
lilac_string_1=""
lilac_string_0=""
npc_string_1="I don't know #what I'm sellin' #either!"
npc_string_0="Don't look at me, #pal!"
npc_direction="1"
npc_emotion="0"
npc_object="20"
npc_y="3840"
npc_x="2588"
[lvl_objects_23]
obj_ignore="-1"
[lvl_objects_22]
obj_item="0"
obj_asset="1409"
obj_y="3840"
obj_x="3150"
[lvl_objects_21]
obj_item="0"
obj_asset="1409"
obj_y="3860"
obj_x="3424"
[lvl_objects_20]
obj_item="0"
obj_asset="1409"
obj_y="3860"
obj_x="3628"
[lvl_npcs_7]
npc_emotion_1="2"
npc_emotion_0="1"
spade_string_1="Don't make me #call security, #pal!"
spade_string_0="I saw the way #you looked at my #oranges!"
milla_string_1=""
milla_string_0=""
carol_string_1=""
carol_string_0=""
lilac_string_1=""
lilac_string_0=""
npc_string_1=""
npc_string_0="Good noon! Need #some refreshing #fruits?"
npc_direction="1"
npc_emotion="1"
npc_object="18"
npc_y="4104"
npc_x="2620"
[lvl_objects_19]
obj_ignore="-1"
[lvl_npcs_6]
npc_emotion_1="1"
npc_emotion_0="0"
spade_string_1=""
spade_string_0=""
milla_string_1="*me wanna a #mini-me!*"
milla_string_0="*oi, Milla! could i #have an orange #as a friend?*"
carol_string_1=""
carol_string_0=""
lilac_string_1=""
lilac_string_0=""
npc_string_1=""
npc_string_0=""
npc_direction="1"
npc_emotion="0"
npc_object="41"
npc_y="4128"
npc_x="2728"
[lvl_objects_18]
obj_ignore="-1"
[lvl_objects_17]
obj_ignore="-1"
[lvl_npcs_5]
npc_emotion_1="0"
npc_emotion_0="3"
spade_string_1=""
spade_string_0=""
milla_string_1=""
milla_string_0=""
carol_string_1=""
carol_string_0=""
lilac_string_1=""
lilac_string_0=""
npc_string_1=""
npc_string_0="I never told her #I have a fear of #water..."
npc_direction="-1"
npc_emotion="3"
npc_object="42"
npc_y="4192"
npc_x="4152"
[lvl_objects_16]
obj_ignore="-1"
[lvl_npcs_4]
npc_emotion_1="0"
npc_emotion_0="3"
spade_string_1=""
spade_string_0=""
milla_string_1=""
milla_string_0=""
carol_string_1=""
carol_string_0=""
lilac_string_1=""
lilac_string_0=""
npc_string_1=""
npc_string_0="Big sis! Show me #how to work this #thing!"
npc_direction="-1"
npc_emotion="3"
npc_object="40"
npc_y="4256"
npc_x="3904"
[lvl_objects_15]
obj_ignore="-1"
[lvl_objects_14]
obj_item="0"
obj_asset="1417"
obj_y="4468"
obj_x="3532"
[lvl_npcs_3]
npc_emotion_1="2"
npc_emotion_0="1"
spade_string_1=""
spade_string_0=""
milla_string_1=""
milla_string_0=""
carol_string_1=""
carol_string_0=""
lilac_string_1=""
lilac_string_0=""
npc_string_1="Still not a true #gamer?!"
npc_string_0="Try our new #gamer-petrol ice #cream!"
npc_direction="1"
npc_emotion="1"
npc_object="82"
npc_y="4184"
npc_x="3292"
[lvl_objects_13]
obj_ignore="-1"
[lvl_npcs_2]
npc_emotion_1="0"
npc_emotion_0="1"
spade_string_1=""
spade_string_0=""
milla_string_1=""
milla_string_0=""
carol_string_1=""
carol_string_0=""
lilac_string_1=""
lilac_string_0=""
npc_string_1=""
npc_string_0="ICE CREAM ICE #CREAM I SCREAM #FOR ICE CREAM!!!"
npc_direction="1"
npc_emotion="1"
npc_object="64"
npc_y="4192"
npc_x="3208"
[lvl_objects_12]
obj_ignore="-1"
[lvl_npcs_1]
npc_emotion_1="0"
npc_emotion_0="1"
spade_string_1=""
spade_string_0=""
milla_string_1=""
milla_string_0=""
carol_string_1=""
carol_string_0=""
lilac_string_1=""
lilac_string_0=""
npc_string_1=""
npc_string_0="Oh, what's a #single dad to do?"
npc_direction="1"
npc_emotion="1"
npc_object="65"
npc_y="4192"
npc_x="3112"
[lvl_objects_11]
obj_ignore="-1"
[lvl_npcs_0]
npc_emotion_1="5"
npc_emotion_0="3"
spade_string_1=""
spade_string_0=""
milla_string_1=""
milla_string_0=""
carol_string_1=""
carol_string_0=""
lilac_string_1=""
lilac_string_0=""
npc_string_1="*disgusted cat #noises*"
npc_string_0="None of these #taste like #chicken!"
npc_direction="-1"
npc_emotion="3"
npc_object="44"
npc_y="4128"
npc_x="2944"
[lvl_objects_10]
obj_ignore="-1"
[lvl_objects_9]
obj_item="0"
obj_asset="134"
obj_y="4096"
obj_x="0"
[lvl_objects_8]
obj_item="0"
obj_asset="133"
obj_y="4492"
obj_x="1872"
[lvl_objects_7]
obj_item="0"
obj_asset="135"
obj_y="4152"
obj_x="5544"
[lvl_objects_6]
obj_item="0"
obj_asset="132"
obj_y="3512"
obj_x="1832"
[lvl_objects_5]
obj_item="0"
obj_asset="129"
obj_y="4128"
obj_x="100"
[lvl_objects_4]
obj_item="0"
obj_asset="136"
obj_y="4160"
obj_x="592"
[lvl_objects_3]
obj_ignore="-1"
[lvl_objects_2]
obj_item="0"
obj_asset="705"
obj_y="4181.10"
obj_x="4372"
[lvl_objects_1]
obj_ignore="-1"
[lvl_objects_0]
obj_ignore="-1"
[lvl_tiles_600]
tile_asset="776"
tile_yscale="1"
tile_xscale="-1"
tile_alpha="1"
tile_depth="-5"
tile_y="4128"
tile_x="4952"
[lvl_tiles_599]
tile_asset="779"
tile_yscale="1"
tile_xscale="1"
tile_alpha="1"
tile_depth="-5"
tile_y="4128"
tile_x="3272"
[lvl_tiles_598]
tile_asset="777"
tile_yscale="1"
tile_xscale="1"
tile_alpha="1"
tile_depth="-5"
tile_y="4128"
tile_x="3132"
[lvl_tiles_597]
tile_asset="775"
tile_yscale="1"
tile_xscale="1"
tile_alpha="1"
tile_depth="-5"
tile_y="4064"
tile_x="2604"
[lvl_tiles_596]
tile_asset="776"
tile_yscale="1"
tile_xscale="1"
tile_alpha="1"
tile_depth="-5"
tile_y="4064"
tile_x="2860"
[lvl_tiles_595]
tile_asset="726"
tile_yscale="1"
tile_xscale="1"
tile_alpha="1"
tile_depth="-3"
tile_y="4017"
tile_x="4820"
[lvl_tiles_594]
tile_asset="723"
tile_yscale="1"
tile_xscale="1"
tile_alpha="1"
tile_depth="-3"
tile_y="4017"
tile_x="4757"
[lvl_tiles_593]
tile_asset="726"
tile_yscale="1"
tile_xscale="1"
tile_alpha="1"
tile_depth="-3"
tile_y="4017"
tile_x="5028"
[lvl_tiles_592]
tile_asset="723"
tile_yscale="1"
tile_xscale="1"
tile_alpha="1"
tile_depth="-3"
tile_y="4017"
tile_x="4965"
[lvl_tiles_591]
tile_asset="726"
tile_yscale="1"
tile_xscale="1"
tile_alpha="1"
tile_depth="-3"
tile_y="3953"
tile_x="1100"
[lvl_tiles_590]
tile_asset="723"
tile_yscale="1"
tile_xscale="1"
tile_alpha="1"
tile_depth="-3"
tile_y="3953"
tile_x="1037"
[lvl_tiles_589]
tile_asset="726"
tile_yscale="1"
tile_xscale="1"
tile_alpha="1"
tile_depth="-3"
tile_y="3953"
tile_x="196"
[lvl_tiles_588]
tile_asset="723"
tile_yscale="1"
tile_xscale="1"
tile_alpha="1"
tile_depth="-3"
tile_y="3953"
tile_x="133"
[lvl_tiles_587]
tile_asset="727"
tile_yscale="1"
tile_xscale="1"
tile_alpha="1"
tile_depth="-2"
tile_y="4052"
tile_x="4820"
[lvl_tiles_586]
tile_asset="724"
tile_yscale="1"
tile_xscale="1"
tile_alpha="1"
tile_depth="-2"
tile_y="4052"
tile_x="4741"
[lvl_tiles_585]
tile_asset="727"
tile_yscale="1"
tile_xscale="1"
tile_alpha="1"
tile_depth="-2"
tile_y="4052"
tile_x="5028"
[lvl_tiles_584]
tile_asset="724"
tile_yscale="1"
tile_xscale="1"
tile_alpha="1"
tile_depth="-2"
tile_y="4052"
tile_x="4949"
[lvl_tiles_583]
tile_asset="727"
tile_yscale="1"
tile_xscale="1"
tile_alpha="1"
tile_depth="-2"
tile_y="3988"
tile_x="1100"
[lvl_tiles_582]
tile_asset="724"
tile_yscale="1"
tile_xscale="1"
tile_alpha="1"
tile_depth="-2"
tile_y="3988"
tile_x="1021"
[lvl_tiles_581]
tile_asset="727"
tile_yscale="1"
tile_xscale="1"
tile_alpha="1"
tile_depth="-2"
tile_y="3988"
tile_x="196"
[lvl_tiles_580]
tile_asset="724"
tile_yscale="1"
tile_xscale="1"
tile_alpha="1"
tile_depth="-2"
tile_y="3988"
tile_x="117"
[lvl_tiles_579]
tile_asset="890"
tile_yscale="1"
tile_xscale="1"
tile_alpha="1"
tile_depth="-1"
tile_y="3908"
tile_x="2792"
[lvl_tiles_578]
tile_asset="889"
tile_yscale="1"
tile_xscale="1"
tile_alpha="1"
tile_depth="-1"
tile_y="3656"
tile_x="5308"
[lvl_tiles_577]
tile_asset="890"
tile_yscale="1"
tile_xscale="1"
tile_alpha="1"
tile_depth="-1"
tile_y="3804"
tile_x="5164"
[lvl_tiles_576]
tile_asset="428"
tile_yscale="1"
tile_xscale="1"
tile_alpha="1"
tile_depth="-1"
tile_y="3540"
tile_x="5168"
[lvl_tiles_575]
tile_asset="428"
tile_yscale="1"
tile_xscale="1"
tile_alpha="1"
tile_depth="-1"
tile_y="3728"
tile_x="4868"
[lvl_tiles_574]
tile_asset="742"
tile_yscale="1"
tile_xscale="1"
tile_alpha="1"
tile_depth="-1"
tile_y="4472"
tile_x="1860"
[lvl_tiles_573]
tile_asset="736"
tile_yscale="1"
tile_xscale="1"
tile_alpha="1"
tile_depth="-1"
tile_y="4128"
tile_x="4200"
[lvl_tiles_572]
tile_asset="728"
tile_yscale="1"
tile_xscale="1"
tile_alpha="1"
tile_depth="-1"
tile_y="4070"
tile_x="4820"
[lvl_tiles_571]
tile_asset="725"
tile_yscale="1"
tile_xscale="1"
tile_alpha="1"
tile_depth="-1"
tile_y="4070"
tile_x="4765"
[lvl_tiles_570]
tile_asset="728"
tile_yscale="1"
tile_xscale="1"
tile_alpha="1"
tile_depth="-1"
tile_y="4070"
tile_x="5028"
[lvl_tiles_569]
tile_asset="725"
tile_yscale="1"
tile_xscale="1"
tile_alpha="1"
tile_depth="-1"
tile_y="4070"
tile_x="4973"
[lvl_tiles_568]
tile_asset="728"
tile_yscale="1"
tile_xscale="1"
tile_alpha="1"
tile_depth="-1"
tile_y="4006"
tile_x="1100"
[lvl_tiles_567]
tile_asset="725"
tile_yscale="1"
tile_xscale="1"
tile_alpha="1"
tile_depth="-1"
tile_y="4006"
tile_x="1045"
[lvl_tiles_566]
tile_asset="632"
tile_yscale="1"
tile_xscale="1"
tile_alpha="1"
tile_depth="-1"
tile_y="4112"
tile_x="640"
[lvl_tiles_565]
tile_asset="632"
tile_yscale="1"
tile_xscale="1"
tile_alpha="1"
tile_depth="-1"
tile_y="4112"
tile_x="792"
[lvl_tiles_564]
tile_asset="728"
tile_yscale="1"
tile_xscale="1"
tile_alpha="1"
tile_depth="-1"
tile_y="4006"
tile_x="196"
[lvl_tiles_563]
tile_asset="725"
tile_yscale="1"
tile_xscale="1"
tile_alpha="1"
tile_depth="-1"
tile_y="4006"
tile_x="141"
[lvl_tiles_562]
tile_asset="632"
tile_yscale="1"
tile_xscale="1"
tile_alpha="1"
tile_depth="-1"
tile_y="4112"
tile_x="0"
[lvl_tiles_561]
tile_asset="632"
tile_yscale="1"
tile_xscale="1"
tile_alpha="1"
tile_depth="-1"
tile_y="4112"
tile_x="128"
[lvl_tiles_560]
tile_asset="632"
tile_yscale="1"
tile_xscale="1"
tile_alpha="1"
tile_depth="-1"
tile_y="4112"
tile_x="256"
[lvl_tiles_559]
tile_asset="632"
tile_yscale="1"
tile_xscale="1"
tile_alpha="1"
tile_depth="-1"
tile_y="4112"
tile_x="384"
[lvl_tiles_558]
tile_asset="632"
tile_yscale="1"
tile_xscale="1"
tile_alpha="1"
tile_depth="-1"
tile_y="4112"
tile_x="512"
[lvl_tiles_557]
tile_asset="632"
tile_yscale="1"
tile_xscale="1"
tile_alpha="1"
tile_depth="-1"
tile_y="4112"
tile_x="512"
[lvl_tiles_556]
tile_ignore="-1"
[lvl_tiles_555]
tile_ignore="-1"
[lvl_tiles_554]
tile_ignore="-1"
[lvl_tiles_553]
tile_ignore="-1"
[lvl_tiles_552]
tile_ignore="-1"
[lvl_tiles_551]
tile_ignore="-1"
[lvl_tiles_550]
tile_ignore="-1"
[lvl_tiles_549]
tile_ignore="-1"
[lvl_tiles_548]
tile_ignore="-1"
[lvl_tiles_547]
tile_ignore="-1"
[lvl_tiles_546]
tile_ignore="-1"
[lvl_tiles_545]
tile_ignore="-1"
[lvl_tiles_544]
tile_ignore="-1"
[lvl_tiles_543]
tile_ignore="-1"
[lvl_tiles_542]
tile_ignore="-1"
[lvl_tiles_541]
tile_ignore="-1"
[lvl_tiles_540]
tile_asset="665"
tile_yscale="1"
tile_xscale="1"
tile_alpha="1"
tile_depth="0"
tile_y="3860"
tile_x="3748"
[lvl_tiles_539]
tile_asset="664"
tile_yscale="1"
tile_xscale="1"
tile_alpha="1"
tile_depth="0"
tile_y="3860"
tile_x="3884"
[lvl_tiles_538]
tile_asset="663"
tile_yscale="1"
tile_xscale="1"
tile_alpha="1"
tile_depth="0"
tile_y="3860"
tile_x="3756"
[lvl_tiles_537]
tile_asset="665"
tile_yscale="1"
tile_xscale="1"
tile_alpha="1"
tile_depth="0"
tile_y="3700"
tile_x="3748"
[lvl_tiles_536]
tile_asset="664"
tile_yscale="1"
tile_xscale="1"
tile_alpha="1"
tile_depth="0"
tile_y="3700"
tile_x="3884"
[lvl_tiles_535]
tile_asset="663"
tile_yscale="1"
tile_xscale="1"
tile_alpha="1"
tile_depth="0"
tile_y="3700"
tile_x="3756"
[lvl_tiles_534]
tile_asset="664"
tile_yscale="1"
tile_xscale="1"
tile_alpha="1"
tile_depth="0"
tile_y="3732"
tile_x="4532"
[lvl_tiles_533]
tile_asset="665"
tile_yscale="1"
tile_xscale="1"
tile_alpha="1"
tile_depth="0"
tile_y="3732"
tile_x="4396"
[lvl_tiles_532]
tile_asset="663"
tile_yscale="1"
tile_xscale="1"
tile_alpha="1"
tile_depth="0"
tile_y="3732"
tile_x="4404"
[lvl_tiles_531]
tile_asset="663"
tile_yscale="1"
tile_xscale="1"
tile_alpha="1"
tile_depth="0"
tile_y="3636"
tile_x="4404"
[lvl_tiles_530]
tile_asset="663"
tile_yscale="1"
tile_xscale="1"
tile_alpha="1"
tile_depth="0"
tile_y="3636"
tile_x="4532"
[lvl_tiles_529]
tile_asset="664"
tile_yscale="1"
tile_xscale="1"
tile_alpha="1"
tile_depth="0"
tile_y="3924"
tile_x="4148"
[lvl_tiles_528]
tile_asset="665"
tile_yscale="1"
tile_xscale="1"
tile_alpha="1"
tile_depth="0"
tile_y="3924"
tile_x="4012"
[lvl_tiles_527]
tile_asset="663"
tile_yscale="1"
tile_xscale="1"
tile_alpha="1"
tile_depth="0"
tile_y="3924"
tile_x="4020"
[lvl_tiles_526]
tile_asset="665"
tile_yscale="1"
tile_xscale="1"
tile_alpha="1"
tile_depth="0"
tile_y="3764"
tile_x="4012"
[lvl_tiles_525]
tile_asset="663"
tile_yscale="1"
tile_xscale="1"
tile_alpha="1"
tile_depth="0"
tile_y="3764"
tile_x="4020"
[lvl_tiles_524]
tile_asset="767"
tile_yscale="1"
tile_xscale="1"
tile_alpha="1"
tile_depth="0"
tile_y="3764"
tile_x="4700"
[lvl_tiles_523]
tile_asset="766"
tile_yscale="1"
tile_xscale="1"
tile_alpha="1"
tile_depth="0"
tile_y="3380"
tile_x="4700"
[lvl_tiles_522]
tile_asset="766"
tile_yscale="1"
tile_xscale="1"
tile_alpha="1"
tile_depth="0"
tile_y="3508"
tile_x="4700"
[lvl_tiles_521]
tile_asset="766"
tile_yscale="1"
tile_xscale="1"
tile_alpha="1"
tile_depth="0"
tile_y="3636"
tile_x="4700"
[lvl_tiles_520]
tile_asset="765"
tile_yscale="1"
tile_xscale="1"
tile_alpha="1"
tile_depth="0"
tile_y="3636"
tile_x="5284"
[lvl_tiles_519]
tile_asset="765"
tile_yscale="1"
tile_xscale="1"
tile_alpha="1"
tile_depth="0"
tile_y="3636"
tile_x="5540"
[lvl_tiles_518]
tile_asset="765"
tile_yscale="1"
tile_xscale="1"
tile_alpha="1"
tile_depth="0"
tile_y="3636"
tile_x="5412"
[lvl_tiles_517]
tile_asset="765"
tile_yscale="1"
tile_xscale="1"
tile_alpha="1"
tile_depth="0"
tile_y="3764"
tile_x="5124"
[lvl_tiles_516]
tile_asset="766"
tile_yscale="1"
tile_xscale="1"
tile_alpha="1"
tile_depth="0"
tile_y="3892"
tile_x="5252"
[lvl_tiles_515]
tile_asset="766"
tile_yscale="1"
tile_xscale="1"
tile_alpha="1"
tile_depth="0"
tile_y="3764"
tile_x="5252"
[lvl_tiles_514]
tile_asset="766"
tile_yscale="1"
tile_xscale="1"
tile_alpha="1"
tile_depth="0"
tile_y="3508"
tile_x="5252"
[lvl_tiles_513]
tile_asset="766"
tile_yscale="1"
tile_xscale="1"
tile_alpha="1"
tile_depth="0"
tile_y="3636"
tile_x="5252"
[lvl_tiles_512]
tile_asset="766"
tile_yscale="1"
tile_xscale="1"
tile_alpha="1"
tile_depth="0"
tile_y="3764"
tile_x="5252"
[lvl_tiles_511]
tile_asset="665"
tile_yscale="1"
tile_xscale="1"
tile_alpha="1"
tile_depth="0"
tile_y="3860"
tile_x="5084"
[lvl_tiles_510]
tile_asset="706"
tile_yscale="1"
tile_xscale="1"
tile_alpha="1"
tile_depth="0"
tile_y="3860"
tile_x="5092"
[lvl_tiles_509]
tile_asset="765"
tile_yscale="1"
tile_xscale="1"
tile_alpha="1"
tile_depth="0"
tile_y="3892"
tile_x="5124"
[lvl_tiles_508]
tile_asset="765"
tile_yscale="1"
tile_xscale="1"
tile_alpha="1"
tile_depth="0"
tile_y="3380"
tile_x="5124"
[lvl_tiles_507]
tile_asset="765"
tile_yscale="1"
tile_xscale="1"
tile_alpha="1"
tile_depth="0"
tile_y="3508"
tile_x="5124"
[lvl_tiles_506]
tile_asset="765"
tile_yscale="1"
tile_xscale="1"
tile_alpha="1"
tile_depth="0"
tile_y="3636"
tile_x="5124"
[lvl_tiles_505]
tile_asset="765"
tile_yscale="1"
tile_xscale="1"
tile_alpha="1"
tile_depth="0"
tile_y="3316"
tile_x="4828"
[lvl_tiles_504]
tile_asset="765"
tile_yscale="1"
tile_xscale="1"
tile_alpha="1"
tile_depth="0"
tile_y="3444"
tile_x="4828"
[lvl_tiles_503]
tile_asset="765"
tile_yscale="1"
tile_xscale="1"
tile_alpha="1"
tile_depth="0"
tile_y="3572"
tile_x="4828"
[lvl_tiles_502]
tile_asset="765"
tile_yscale="1"
tile_xscale="1"
tile_alpha="1"
tile_depth="0"
tile_y="3700"
tile_x="4828"
[lvl_tiles_501]
tile_asset="664"
tile_yscale="1"
tile_xscale="1"
tile_alpha="1"
tile_depth="0"
tile_y="3604"
tile_x="5020"
[lvl_tiles_500]
tile_asset="706"
tile_yscale="1"
tile_xscale="1"
tile_alpha="1"
tile_depth="0"
tile_y="3604"
tile_x="4956"
[lvl_tiles_499]
tile_asset="706"
tile_yscale="1"
tile_xscale="1"
tile_alpha="1"
tile_depth="0"
tile_y="3604"
tile_x="4988"
[lvl_tiles_498]
tile_asset="665"
tile_yscale="1"
tile_xscale="1"
tile_alpha="1"
tile_depth="0"
tile_y="4020"
tile_x="5028"
[lvl_tiles_497]
tile_asset="663"
tile_yscale="1"
tile_xscale="1"
tile_alpha="1"
tile_depth="0"
tile_y="4020"
tile_x="5420"
[lvl_tiles_496]
tile_asset="663"
tile_yscale="1"
tile_xscale="1"
tile_alpha="1"
tile_depth="0"
tile_y="4020"
tile_x="5292"
[lvl_tiles_495]
tile_asset="663"
tile_yscale="1"
tile_xscale="1"
tile_alpha="1"
tile_depth="0"
tile_y="4020"
tile_x="5164"
[lvl_tiles_494]
tile_asset="663"
tile_yscale="1"
tile_xscale="1"
tile_alpha="1"
tile_depth="0"
tile_y="4020"
tile_x="5036"
[lvl_tiles_493]
tile_asset="663"
tile_yscale="1"
tile_xscale="1"
tile_alpha="1"
tile_depth="0"
tile_y="4020"
tile_x="5036"
[lvl_tiles_492]
tile_asset="760"
tile_yscale="1"
tile_xscale="1"
tile_alpha="1"
tile_depth="0"
tile_y="3416"
tile_x="3308"
[lvl_tiles_491]
tile_asset="758"
tile_yscale="1"
tile_xscale="1"
tile_alpha="1"
tile_depth="0"
tile_y="3512"
tile_x="3116"
[lvl_tiles_490]
tile_asset="758"
tile_yscale="1"
tile_xscale="1"
tile_alpha="1"
tile_depth="0"
tile_y="3512"
tile_x="2988"
[lvl_tiles_489]
tile_asset="758"
tile_yscale="1"
tile_xscale="1"
tile_alpha="1"
tile_depth="0"
tile_y="3512"
tile_x="2860"
[lvl_tiles_488]
tile_asset="758"
tile_yscale="1"
tile_xscale="1"
tile_alpha="1"
tile_depth="0"
tile_y="3512"
tile_x="2860"
[lvl_tiles_487]
tile_asset="760"
tile_yscale="1"
tile_xscale="1"
tile_alpha="1"
tile_depth="0"
tile_y="3416"
tile_x="3244"
[lvl_tiles_486]
tile_asset="760"
tile_yscale="1"
tile_xscale="1"
tile_alpha="1"
tile_depth="0"
tile_y="3416"
tile_x="2796"
[lvl_tiles_485]
tile_asset="760"
tile_yscale="1"
tile_xscale="1"
tile_alpha="1"
tile_depth="0"
tile_y="3416"
tile_x="2732"
[lvl_tiles_484]
tile_asset="760"
tile_yscale="1"
tile_xscale="1"
tile_alpha="1"
tile_depth="0"
tile_y="3416"
tile_x="1900"
[lvl_tiles_483]
tile_asset="663"
tile_yscale="1"
tile_xscale="1"
tile_alpha="1"
tile_depth="0"
tile_y="3640"
tile_x="2348"
[lvl_tiles_482]
tile_asset="663"
tile_yscale="1"
tile_xscale="1"
tile_alpha="1"
tile_depth="0"
tile_y="3640"
tile_x="2220"
[lvl_tiles_481]
tile_asset="760"
tile_yscale="1"
tile_xscale="1"
tile_alpha="1"
tile_depth="0"
tile_y="3432"
tile_x="1768"
[lvl_tiles_480]
tile_asset="758"
tile_yscale="1"
tile_xscale="1"
tile_alpha="1"
tile_depth="0"
tile_y="3648"
tile_x="1548"
[lvl_tiles_479]
tile_asset="765"
tile_yscale="1"
tile_xscale="1"
tile_alpha="1"
tile_depth="0"
tile_y="3424"
tile_x="1420"
[lvl_tiles_478]
tile_asset="765"
tile_yscale="1"
tile_xscale="1"
tile_alpha="1"
tile_depth="0"
tile_y="3552"
tile_x="1420"
[lvl_tiles_477]
tile_asset="759"
tile_yscale="1"
tile_xscale="1"
tile_alpha="1"
tile_depth="0"
tile_y="3744"
tile_x="1844"
[lvl_tiles_476]
tile_asset="664"
tile_yscale="1"
tile_xscale="1"
tile_alpha="1"
tile_depth="0"
tile_y="3968"
tile_x="3300"
[lvl_tiles_475]
tile_asset="706"
tile_yscale="1"
tile_xscale="1"
tile_alpha="1"
tile_depth="0"
tile_y="3968"
tile_x="3152"
[lvl_tiles_474]
tile_asset="706"
tile_yscale="1"
tile_xscale="1"
tile_alpha="1"
tile_depth="0"
tile_y="3968"
tile_x="3172"
[lvl_tiles_473]
tile_asset="706"
tile_yscale="1"
tile_xscale="1"
tile_alpha="1"
tile_depth="0"
tile_y="3968"
tile_x="3204"
[lvl_tiles_472]
tile_asset="706"
tile_yscale="1"
tile_xscale="1"
tile_alpha="1"
tile_depth="0"
tile_y="3968"
tile_x="3236"
[lvl_tiles_471]
tile_asset="706"
tile_yscale="1"
tile_xscale="1"
tile_alpha="1"
tile_depth="0"
tile_y="3968"
tile_x="3268"
[lvl_tiles_470]
tile_asset="706"
tile_yscale="1"
tile_xscale="1"
tile_alpha="1"
tile_depth="0"
tile_y="3968"
tile_x="3268"
[lvl_tiles_469]
tile_asset="760"
tile_yscale="1"
tile_xscale="1"
tile_alpha="1"
tile_depth="0"
tile_y="3840"
tile_x="3236"
[lvl_tiles_468]
tile_asset="631"
tile_yscale="1"
tile_xscale="1"
tile_alpha="1"
tile_depth="0"
tile_y="4480"
tile_x="5416"
[lvl_tiles_467]
tile_asset="631"
tile_yscale="1"
tile_xscale="1"
tile_alpha="1"
tile_depth="0"
tile_y="4480"
tile_x="5288"
[lvl_tiles_466]
tile_asset="631"
tile_yscale="1"
tile_xscale="1"
tile_alpha="1"
tile_depth="0"
tile_y="4480"
tile_x="5160"
[lvl_tiles_465]
tile_asset="631"
tile_yscale="1"
tile_xscale="1"
tile_alpha="1"
tile_depth="0"
tile_y="4480"
tile_x="5032"
[lvl_tiles_464]
tile_asset="631"
tile_yscale="1"
tile_xscale="1"
tile_alpha="1"
tile_depth="0"
tile_y="4480"
tile_x="4904"
[lvl_tiles_463]
tile_asset="631"
tile_yscale="1"
tile_xscale="1"
tile_alpha="1"
tile_depth="0"
tile_y="4480"
tile_x="4776"
[lvl_tiles_462]
tile_asset="631"
tile_yscale="1"
tile_xscale="1"
tile_alpha="1"
tile_depth="0"
tile_y="4480"
tile_x="4648"
[lvl_tiles_461]
tile_asset="631"
tile_yscale="1"
tile_xscale="1"
tile_alpha="1"
tile_depth="0"
tile_y="4480"
tile_x="4520"
[lvl_tiles_460]
tile_asset="631"
tile_yscale="1"
tile_xscale="1"
tile_alpha="1"
tile_depth="0"
tile_y="4480"
tile_x="4392"
[lvl_tiles_459]
tile_asset="631"
tile_yscale="1"
tile_xscale="1"
tile_alpha="1"
tile_depth="0"
tile_y="4480"
tile_x="4392"
[lvl_tiles_458]
tile_asset="630"
tile_yscale="1"
tile_xscale="1"
tile_alpha="1"
tile_depth="0"
tile_y="4192"
tile_x="4776"
[lvl_tiles_457]
tile_asset="630"
tile_yscale="1"
tile_xscale="1"
tile_alpha="1"
tile_depth="0"
tile_y="4192"
tile_x="5032"
[lvl_tiles_456]
tile_asset="630"
tile_yscale="1"
tile_xscale="1"
tile_alpha="1"
tile_depth="0"
tile_y="4192"
tile_x="4904"
[lvl_tiles_455]
tile_asset="630"
tile_yscale="1"
tile_xscale="1"
tile_alpha="1"
tile_depth="0"
tile_y="4192"
tile_x="5416"
[lvl_tiles_454]
tile_asset="630"
tile_yscale="1"
tile_xscale="1"
tile_alpha="1"
tile_depth="0"
tile_y="4192"
tile_x="5288"
[lvl_tiles_453]
tile_asset="630"
tile_yscale="1"
tile_xscale="1"
tile_alpha="1"
tile_depth="0"
tile_y="4192"
tile_x="5160"
[lvl_tiles_452]
tile_asset="631"
tile_yscale="1"
tile_xscale="1"
tile_alpha="1"
tile_depth="0"
tile_y="4224"
tile_x="5032"
[lvl_tiles_451]
tile_asset="631"
tile_yscale="1"
tile_xscale="1"
tile_alpha="1"
tile_depth="0"
tile_y="4224"
tile_x="4904"
[lvl_tiles_450]
tile_asset="631"
tile_yscale="1"
tile_xscale="1"
tile_alpha="1"
tile_depth="0"
tile_y="4352"
tile_x="5416"
[lvl_tiles_449]
tile_asset="631"
tile_yscale="1"
tile_xscale="1"
tile_alpha="1"
tile_depth="0"
tile_y="4352"
tile_x="5288"
[lvl_tiles_448]
tile_asset="631"
tile_yscale="1"
tile_xscale="1"
tile_alpha="1"
tile_depth="0"
tile_y="4352"
tile_x="5160"
[lvl_tiles_447]
tile_asset="631"
tile_yscale="1"
tile_xscale="1"
tile_alpha="1"
tile_depth="0"
tile_y="4352"
tile_x="5032"
[lvl_tiles_446]
tile_asset="631"
tile_yscale="1"
tile_xscale="1"
tile_alpha="1"
tile_depth="0"
tile_y="4352"
tile_x="4904"
[lvl_tiles_445]
tile_asset="631"
tile_yscale="1"
tile_xscale="1"
tile_alpha="1"
tile_depth="0"
tile_y="4224"
tile_x="5416"
[lvl_tiles_444]
tile_asset="631"
tile_yscale="1"
tile_xscale="1"
tile_alpha="1"
tile_depth="0"
tile_y="4224"
tile_x="5288"
[lvl_tiles_443]
tile_asset="631"
tile_yscale="1"
tile_xscale="1"
tile_alpha="1"
tile_depth="0"
tile_y="4224"
tile_x="5160"
[lvl_tiles_442]
tile_asset="631"
tile_yscale="1"
tile_xscale="1"
tile_alpha="1"
tile_depth="0"
tile_y="4352"
tile_x="4264"
[lvl_tiles_441]
tile_asset="631"
tile_yscale="1"
tile_xscale="1"
tile_alpha="1"
tile_depth="0"
tile_y="4352"
tile_x="4776"
[lvl_tiles_440]
tile_asset="631"
tile_yscale="1"
tile_xscale="1"
tile_alpha="1"
tile_depth="0"
tile_y="4352"
tile_x="4648"
[lvl_tiles_439]
tile_asset="631"
tile_yscale="1"
tile_xscale="1"
tile_alpha="1"
tile_depth="0"
tile_y="4352"
tile_x="4520"
[lvl_tiles_438]
tile_asset="631"
tile_yscale="1"
tile_xscale="1"
tile_alpha="1"
tile_depth="0"
tile_y="4352"
tile_x="4392"
[lvl_tiles_437]
tile_asset="631"
tile_yscale="1"
tile_xscale="1"
tile_alpha="1"
tile_depth="0"
tile_y="4352"
tile_x="4392"
[lvl_tiles_436]
tile_asset="706"
tile_yscale="1"
tile_xscale="1"
tile_alpha="1"
tile_depth="0"
tile_y="4480"
tile_x="3264"
[lvl_tiles_435]
tile_asset="706"
tile_yscale="1"
tile_xscale="1"
tile_alpha="1"
tile_depth="0"
tile_y="4480"
tile_x="3272"
[lvl_tiles_434]
tile_asset="679"
tile_yscale="1"
tile_xscale="1"
tile_alpha="1"
tile_depth="0"
tile_y="4468"
tile_x="3304"
[lvl_tiles_433]
tile_asset="630"
tile_yscale="1"
tile_xscale="1"
tile_alpha="1"
tile_depth="0"
tile_y="4468"
tile_x="3336"
[lvl_tiles_432]
tile_asset="630"
tile_yscale="1"
tile_xscale="1"
tile_alpha="1"
tile_depth="0"
tile_y="4468"
tile_x="3464"
[lvl_tiles_431]
tile_asset="630"
tile_yscale="1"
tile_xscale="1"
tile_alpha="1"
tile_depth="0"
tile_y="4468"
tile_x="3592"
[lvl_tiles_430]
tile_asset="630"
tile_yscale="1"
tile_xscale="1"
tile_alpha="1"
tile_depth="0"
tile_y="4468"
tile_x="3720"
[lvl_tiles_429]
tile_asset="630"
tile_yscale="1"
tile_xscale="1"
tile_alpha="1"
tile_depth="0"
tile_y="4468"
tile_x="3720"
[lvl_tiles_428]
tile_asset="680"
tile_yscale="1"
tile_xscale="1"
tile_alpha="1"
tile_depth="0"
tile_y="4480"
tile_x="3072"
[lvl_tiles_427]
tile_asset="680"
tile_yscale="1"
tile_xscale="1"
tile_alpha="1"
tile_depth="0"
tile_y="4352"
tile_x="3072"
[lvl_tiles_426]
tile_asset="680"
tile_yscale="1"
tile_xscale="1"
tile_alpha="1"
tile_depth="0"
tile_y="4224"
tile_x="3072"
[lvl_tiles_425]
tile_asset="677"
tile_yscale="1"
tile_xscale="1"
tile_alpha="1"
tile_depth="0"
tile_y="4480"
tile_x="3232"
[lvl_tiles_424]
tile_asset="677"
tile_yscale="1"
tile_xscale="1"
tile_alpha="1"
tile_depth="0"
tile_y="4352"
tile_x="3232"
[lvl_tiles_423]
tile_asset="677"
tile_yscale="1"
tile_xscale="1"
tile_alpha="1"
tile_depth="0"
tile_y="4224"
tile_x="3232"
[lvl_tiles_422]
tile_asset="631"
tile_yscale="1"
tile_xscale="1"
tile_alpha="1"
tile_depth="0"
tile_y="4480"
tile_x="3104"
[lvl_tiles_421]
tile_asset="631"
tile_yscale="1"
tile_xscale="1"
tile_alpha="1"
tile_depth="0"
tile_y="4352"
tile_x="3104"
[lvl_tiles_420]
tile_asset="631"
tile_yscale="1"
tile_xscale="1"
tile_alpha="1"
tile_depth="0"
tile_y="4224"
tile_x="3104"
[lvl_tiles_419]
tile_asset="631"
tile_yscale="1"
tile_xscale="1"
tile_alpha="1"
tile_depth="0"
tile_y="4224"
tile_x="3104"
[lvl_tiles_418]
tile_asset="680"
tile_yscale="1"
tile_xscale="1"
tile_alpha="1"
tile_depth="0"
tile_y="4416"
tile_x="3848"
[lvl_tiles_417]
tile_asset="680"
tile_yscale="1"
tile_xscale="1"
tile_alpha="1"
tile_depth="0"
tile_y="4288"
tile_x="3848"
[lvl_tiles_416]
tile_asset="679"
tile_yscale="1"
tile_xscale="1"
tile_alpha="1"
tile_depth="0"
tile_y="4256"
tile_x="3848"
[lvl_tiles_415]
tile_asset="631"
tile_yscale="1"
tile_xscale="1"
tile_alpha="1"
tile_depth="0"
tile_y="4288"
tile_x="4008"
[lvl_tiles_414]
tile_asset="631"
tile_yscale="1"
tile_xscale="1"
tile_alpha="1"
tile_depth="0"
tile_y="4416"
tile_x="4008"
[lvl_tiles_413]
tile_asset="631"
tile_yscale="1"
tile_xscale="1"
tile_alpha="1"
tile_depth="0"
tile_y="4416"
tile_x="3880"
[lvl_tiles_412]
tile_asset="631"
tile_yscale="1"
tile_xscale="1"
tile_alpha="1"
tile_depth="0"
tile_y="4288"
tile_x="3880"
[lvl_tiles_411]
tile_asset="630"
tile_yscale="1"
tile_xscale="1"
tile_alpha="1"
tile_depth="0"
tile_y="4256"
tile_x="3880"
[lvl_tiles_410]
tile_asset="631"
tile_yscale="1"
tile_xscale="1"
tile_alpha="1"
tile_depth="0"
tile_y="4480"
tile_x="4264"
[lvl_tiles_409]
tile_asset="631"
tile_yscale="1"
tile_xscale="1"
tile_alpha="1"
tile_depth="0"
tile_y="4480"
tile_x="4136"
[lvl_tiles_408]
tile_asset="631"
tile_yscale="1"
tile_xscale="1"
tile_alpha="1"
tile_depth="0"
tile_y="4352"
tile_x="4136"
[lvl_tiles_407]
tile_asset="630"
tile_yscale="1"
tile_xscale="1"
tile_alpha="1"
tile_depth="0"
tile_y="4192"
tile_x="4264"
[lvl_tiles_406]
tile_asset="630"
tile_yscale="1"
tile_xscale="1"
tile_alpha="1"
tile_depth="0"
tile_y="4192"
tile_x="4648"
[lvl_tiles_405]
tile_asset="630"
tile_yscale="1"
tile_xscale="1"
tile_alpha="1"
tile_depth="0"
tile_y="4192"
tile_x="4520"
[lvl_tiles_404]
tile_asset="630"
tile_yscale="1"
tile_xscale="1"
tile_alpha="1"
tile_depth="0"
tile_y="4192"
tile_x="4392"
[lvl_tiles_403]
tile_asset="631"
tile_yscale="1"
tile_xscale="1"
tile_alpha="1"
tile_depth="0"
tile_y="4224"
tile_x="4776"
[lvl_tiles_402]
tile_asset="631"
tile_yscale="1"
tile_xscale="1"
tile_alpha="1"
tile_depth="0"
tile_y="4224"
tile_x="4648"
[lvl_tiles_401]
tile_asset="631"
tile_yscale="1"
tile_xscale="1"
tile_alpha="1"
tile_depth="0"
tile_y="4224"
tile_x="4520"
[lvl_tiles_400]
tile_asset="631"
tile_yscale="1"
tile_xscale="1"
tile_alpha="1"
tile_depth="0"
tile_y="4224"
tile_x="4392"
[lvl_tiles_399]
tile_asset="631"
tile_yscale="1"
tile_xscale="1"
tile_alpha="1"
tile_depth="0"
tile_y="4224"
tile_x="4264"
[lvl_tiles_398]
tile_asset="631"
tile_yscale="1"
tile_xscale="1"
tile_alpha="1"
tile_depth="0"
tile_y="4224"
tile_x="4264"
[lvl_tiles_397]
tile_asset="631"
tile_yscale="1"
tile_xscale="1"
tile_alpha="1"
tile_depth="0"
tile_y="4224"
tile_x="4136"
[lvl_tiles_396]
tile_asset="630"
tile_yscale="1"
tile_xscale="1"
tile_alpha="1"
tile_depth="0"
tile_y="4192"
tile_x="4136"
[lvl_tiles_395]
tile_asset="665"
tile_yscale="1"
tile_xscale="1"
tile_alpha="1"
tile_depth="0"
tile_y="3808"
tile_x="1412"
[lvl_tiles_394]
tile_asset="663"
tile_yscale="1"
tile_xscale="1"
tile_alpha="1"
tile_depth="0"
tile_y="3808"
tile_x="1420"
[lvl_tiles_393]
tile_asset="664"
tile_yscale="1"
tile_xscale="1"
tile_alpha="1"
tile_depth="0"
tile_y="4192"
tile_x="3360"
[lvl_tiles_392]
tile_asset="663"
tile_yscale="1"
tile_xscale="1"
tile_alpha="1"
tile_depth="0"
tile_y="4192"
tile_x="2976"
[lvl_tiles_391]
tile_asset="663"
tile_yscale="1"
tile_xscale="1"
tile_alpha="1"
tile_depth="0"
tile_y="4192"
tile_x="3232"
[lvl_tiles_390]
tile_asset="663"
tile_yscale="1"
tile_xscale="1"
tile_alpha="1"
tile_depth="0"
tile_y="4192"
tile_x="3104"
[lvl_tiles_389]
tile_asset="664"
tile_yscale="1"
tile_xscale="1"
tile_alpha="1"
tile_depth="0"
tile_y="3808"
tile_x="1932"
[lvl_tiles_388]
tile_asset="663"
tile_yscale="1"
tile_xscale="1"
tile_alpha="1"
tile_depth="0"
tile_y="3808"
tile_x="1804"
[lvl_tiles_387]
tile_asset="663"
tile_yscale="1"
tile_xscale="1"
tile_alpha="1"
tile_depth="0"
tile_y="3808"
tile_x="1676"
[lvl_tiles_386]
tile_asset="664"
tile_yscale="1"
tile_xscale="1"
tile_alpha="1"
tile_depth="0"
tile_y="3840"
tile_x="2924"
[lvl_tiles_385]
tile_asset="663"
tile_yscale="1"
tile_xscale="1"
tile_alpha="1"
tile_depth="0"
tile_y="3840"
tile_x="2540"
[lvl_tiles_384]
tile_asset="663"
tile_yscale="1"
tile_xscale="1"
tile_alpha="1"
tile_depth="0"
tile_y="3840"
tile_x="2796"
[lvl_tiles_383]
tile_asset="663"
tile_yscale="1"
tile_xscale="1"
tile_alpha="1"
tile_depth="0"
tile_y="3840"
tile_x="2668"
[lvl_tiles_382]
tile_asset="664"
tile_yscale="1"
tile_xscale="1"
tile_alpha="1"
tile_depth="0"
tile_y="4128"
tile_x="3008"
[lvl_tiles_381]
tile_asset="663"
tile_yscale="1"
tile_xscale="1"
tile_alpha="1"
tile_depth="0"
tile_y="4128"
tile_x="2880"
[lvl_tiles_380]
tile_asset="663"
tile_yscale="1"
tile_xscale="1"
tile_alpha="1"
tile_depth="0"
tile_y="4128"
tile_x="2496"
[lvl_tiles_379]
tile_asset="663"
tile_yscale="1"
tile_xscale="1"
tile_alpha="1"
tile_depth="0"
tile_y="4128"
tile_x="2624"
[lvl_tiles_378]
tile_asset="663"
tile_yscale="1"
tile_xscale="1"
tile_alpha="1"
tile_depth="0"
tile_y="4128"
tile_x="2752"
[lvl_tiles_377]
tile_asset="665"
tile_yscale="1"
tile_xscale="1"
tile_alpha="1"
tile_depth="0"
tile_y="3712"
tile_x="1828"
[lvl_tiles_376]
tile_asset="663"
tile_yscale="1"
tile_xscale="1"
tile_alpha="1"
tile_depth="0"
tile_y="3712"
tile_x="1836"
[lvl_tiles_375]
tile_asset="758"
tile_yscale="1"
tile_xscale="1"
tile_alpha="1"
tile_depth="0"
tile_y="3808"
tile_x="1548"
[lvl_tiles_374]
tile_asset="759"
tile_yscale="1"
tile_xscale="1"
tile_alpha="1"
tile_depth="0"
tile_y="3904"
tile_x="2348"
[lvl_tiles_373]
tile_asset="758"
tile_yscale="1"
tile_xscale="1"
tile_alpha="1"
tile_depth="0"
tile_y="3840"
tile_x="3108"
[lvl_tiles_372]
tile_asset="765"
tile_yscale="1"
tile_xscale="1"
tile_alpha="1"
tile_depth="0"
tile_y="3872"
tile_x="2752"
[lvl_tiles_371]
tile_asset="759"
tile_yscale="1"
tile_xscale="1"
tile_alpha="1"
tile_depth="0"
tile_y="4160"
tile_x="2912"
[lvl_tiles_370]
tile_asset="766"
tile_yscale="1"
tile_xscale="1"
tile_alpha="1"
tile_depth="0"
tile_y="4416"
tile_x="2164"
[lvl_tiles_369]
tile_asset="766"
tile_yscale="1"
tile_xscale="1"
tile_alpha="1"
tile_depth="0"
tile_y="4288"
tile_x="2164"
[lvl_tiles_368]
tile_asset="676"
tile_yscale="1"
tile_xscale="1"
tile_alpha="1"
tile_depth="0"
tile_y="4416"
tile_x="2896"
[lvl_tiles_367]
tile_asset="679"
tile_yscale="1"
tile_xscale="1"
tile_alpha="1"
tile_depth="0"
tile_y="4416"
tile_x="2480"
[lvl_tiles_366]
tile_asset="630"
tile_yscale="1"
tile_xscale="1"
tile_alpha="1"
tile_depth="0"
tile_y="4416"
tile_x="2768"
[lvl_tiles_365]
tile_asset="630"
tile_yscale="1"
tile_xscale="1"
tile_alpha="1"
tile_depth="0"
tile_y="4416"
tile_x="2640"
[lvl_tiles_364]
tile_asset="630"
tile_yscale="1"
tile_xscale="1"
tile_alpha="1"
tile_depth="0"
tile_y="4416"
tile_x="2512"
[lvl_tiles_363]
tile_asset="630"
tile_yscale="1"
tile_xscale="1"
tile_alpha="1"
tile_depth="0"
tile_y="4416"
tile_x="2512"
[lvl_tiles_362]
tile_asset="767"
tile_yscale="1"
tile_xscale="1"
tile_alpha="1"
tile_depth="0"
tile_y="4256"
tile_x="2112"
[lvl_tiles_361]
tile_asset="630"
tile_yscale="1"
tile_xscale="1"
tile_alpha="1"
tile_depth="0"
tile_y="4128"
tile_x="640"
[lvl_tiles_360]
tile_asset="630"
tile_yscale="1"
tile_xscale="1"
tile_alpha="1"
tile_depth="0"
tile_y="4128"
tile_x="768"
[lvl_tiles_359]
tile_asset="758"
tile_yscale="1"
tile_xscale="1"
tile_alpha="1"
tile_depth="0"
tile_y="3968"
tile_x="416"
[lvl_tiles_358]
tile_asset="758"
tile_yscale="1"
tile_xscale="1"
tile_alpha="1"
tile_depth="0"
tile_y="3968"
tile_x="288"
[lvl_tiles_357]
tile_asset="630"
tile_yscale="1"
tile_xscale="1"
tile_alpha="1"
tile_depth="0"
tile_y="4492"
tile_x="2368"
[lvl_tiles_356]
tile_asset="630"
tile_yscale="1"
tile_xscale="1"
tile_alpha="1"
tile_depth="0"
tile_y="4492"
tile_x="2240"
[lvl_tiles_355]
tile_asset="630"
tile_yscale="1"
tile_xscale="1"
tile_alpha="1"
tile_depth="0"
tile_y="4492"
tile_x="2112"
[lvl_tiles_354]
tile_asset="630"
tile_yscale="1"
tile_xscale="1"
tile_alpha="1"
tile_depth="0"
tile_y="4492"
tile_x="1984"
[lvl_tiles_353]
tile_asset="630"
tile_yscale="1"
tile_xscale="1"
tile_alpha="1"
tile_depth="0"
tile_y="4492"
tile_x="1856"
[lvl_tiles_352]
tile_asset="631"
tile_yscale="1"
tile_xscale="1"
tile_alpha="1"
tile_depth="0"
tile_y="4480"
tile_x="1280"
[lvl_tiles_351]
tile_asset="631"
tile_yscale="1"
tile_xscale="1"
tile_alpha="1"
tile_depth="0"
tile_y="4480"
tile_x="1408"
[lvl_tiles_350]
tile_asset="677"
tile_yscale="1"
tile_xscale="1"
tile_alpha="1"
tile_depth="0"
tile_y="4480"
tile_x="1536"
[lvl_tiles_349]
tile_asset="677"
tile_yscale="1"
tile_xscale="1"
tile_alpha="1"
tile_depth="0"
tile_y="4480"
tile_x="1696"
[lvl_tiles_348]
tile_asset="631"
tile_yscale="1"
tile_xscale="1"
tile_alpha="1"
tile_depth="0"
tile_y="4480"
tile_x="1568"
[lvl_tiles_347]
tile_asset="631"
tile_yscale="1"
tile_xscale="1"
tile_alpha="1"
tile_depth="0"
tile_y="4352"
tile_x="1568"
[lvl_tiles_346]
tile_asset="677"
tile_yscale="1"
tile_xscale="1"
tile_alpha="1"
tile_depth="0"
tile_y="4352"
tile_x="1696"
[lvl_tiles_345]
tile_asset="676"
tile_yscale="1"
tile_xscale="1"
tile_alpha="1"
tile_depth="0"
tile_y="4320"
tile_x="1696"
[lvl_tiles_344]
tile_asset="677"
tile_yscale="1"
tile_xscale="1"
tile_alpha="1"
tile_depth="0"
tile_y="4352"
tile_x="1536"
[lvl_tiles_343]
tile_asset="631"
tile_yscale="1"
tile_xscale="1"
tile_alpha="1"
tile_depth="0"
tile_y="4352"
tile_x="1408"
[lvl_tiles_342]
tile_asset="631"
tile_yscale="1"
tile_xscale="1"
tile_alpha="1"
tile_depth="0"
tile_y="4352"
tile_x="1280"
[lvl_tiles_341]
tile_asset="631"
tile_yscale="1"
tile_xscale="1"
tile_alpha="1"
tile_depth="0"
tile_y="4224"
tile_x="1280"
[lvl_tiles_340]
tile_asset="631"
tile_yscale="1"
tile_xscale="1"
tile_alpha="1"
tile_depth="0"
tile_y="4224"
tile_x="1408"
[lvl_tiles_339]
tile_asset="631"
tile_yscale="1"
tile_xscale="1"
tile_alpha="1"
tile_depth="0"
tile_y="4224"
tile_x="1408"
[lvl_tiles_338]
tile_asset="677"
tile_yscale="1"
tile_xscale="1"
tile_alpha="1"
tile_depth="0"
tile_y="4224"
tile_x="1536"
[lvl_tiles_337]
tile_asset="676"
tile_yscale="1"
tile_xscale="1"
tile_alpha="1"
tile_depth="0"
tile_y="4192"
tile_x="1536"
[lvl_tiles_336]
tile_asset="630"
tile_yscale="1"
tile_xscale="1"
tile_alpha="1"
tile_depth="0"
tile_y="4192"
tile_x="1408"
[lvl_tiles_335]
tile_asset="631"
tile_yscale="1"
tile_xscale="1"
tile_alpha="1"
tile_depth="0"
tile_y="4288"
tile_x="1152"
[lvl_tiles_334]
tile_asset="631"
tile_yscale="1"
tile_xscale="1"
tile_alpha="1"
tile_depth="0"
tile_y="4288"
tile_x="-128"
[lvl_tiles_333]
tile_asset="631"
tile_yscale="1"
tile_xscale="1"
tile_alpha="1"
tile_depth="0"
tile_y="4288"
tile_x="0"
[lvl_tiles_332]
tile_asset="631"
tile_yscale="1"
tile_xscale="1"
tile_alpha="1"
tile_depth="0"
tile_y="4288"
tile_x="128"
[lvl_tiles_331]
tile_asset="631"
tile_yscale="1"
tile_xscale="1"
tile_alpha="1"
tile_depth="0"
tile_y="4288"
tile_x="256"
[lvl_tiles_330]
tile_asset="631"
tile_yscale="1"
tile_xscale="1"
tile_alpha="1"
tile_depth="0"
tile_y="4288"
tile_x="384"
[lvl_tiles_329]
tile_asset="631"
tile_yscale="1"
tile_xscale="1"
tile_alpha="1"
tile_depth="0"
tile_y="4288"
tile_x="512"
[lvl_tiles_328]
tile_asset="631"
tile_yscale="1"
tile_xscale="1"
tile_alpha="1"
tile_depth="0"
tile_y="4288"
tile_x="640"
[lvl_tiles_327]
tile_asset="631"
tile_yscale="1"
tile_xscale="1"
tile_alpha="1"
tile_depth="0"
tile_y="4288"
tile_x="768"
[lvl_tiles_326]
tile_asset="631"
tile_yscale="1"
tile_xscale="1"
tile_alpha="1"
tile_depth="0"
tile_y="4288"
tile_x="896"
[lvl_tiles_325]
tile_asset="631"
tile_yscale="1"
tile_xscale="1"
tile_alpha="1"
tile_depth="0"
tile_y="4288"
tile_x="1024"
[lvl_tiles_324]
tile_asset="631"
tile_yscale="1"
tile_xscale="1"
tile_alpha="1"
tile_depth="0"
tile_y="4160"
tile_x="1152"
[lvl_tiles_323]
tile_asset="631"
tile_yscale="1"
tile_xscale="1"
tile_alpha="1"
tile_depth="0"
tile_y="4160"
tile_x="1024"
[lvl_tiles_322]
tile_asset="631"
tile_yscale="1"
tile_xscale="1"
tile_alpha="1"
tile_depth="0"
tile_y="4160"
tile_x="896"
[lvl_tiles_321]
tile_asset="630"
tile_yscale="1"
tile_xscale="1"
tile_alpha="1"
tile_depth="0"
tile_y="4128"
tile_x="1152"
[lvl_tiles_320]
tile_asset="630"
tile_yscale="1"
tile_xscale="1"
tile_alpha="1"
tile_depth="0"
tile_y="4128"
tile_x="0"
[lvl_tiles_319]
tile_asset="630"
tile_yscale="1"
tile_xscale="1"
tile_alpha="1"
tile_depth="0"
tile_y="4128"
tile_x="128"
[lvl_tiles_318]
tile_asset="630"
tile_yscale="1"
tile_xscale="1"
tile_alpha="1"
tile_depth="0"
tile_y="4128"
tile_x="256"
[lvl_tiles_317]
tile_asset="630"
tile_yscale="1"
tile_xscale="1"
tile_alpha="1"
tile_depth="0"
tile_y="4128"
tile_x="384"
[lvl_tiles_316]
tile_asset="630"
tile_yscale="1"
tile_xscale="1"
tile_alpha="1"
tile_depth="0"
tile_y="4128"
tile_x="512"
[lvl_tiles_315]
tile_asset="631"
tile_yscale="1"
tile_xscale="1"
tile_alpha="1"
tile_depth="0"
tile_y="4160"
tile_x="768"
[lvl_tiles_314]
tile_asset="631"
tile_yscale="1"
tile_xscale="1"
tile_alpha="1"
tile_depth="0"
tile_y="4160"
tile_x="640"
[lvl_tiles_313]
tile_asset="631"
tile_yscale="1"
tile_xscale="1"
tile_alpha="1"
tile_depth="0"
tile_y="4160"
tile_x="512"
[lvl_tiles_312]
tile_asset="631"
tile_yscale="1"
tile_xscale="1"
tile_alpha="1"
tile_depth="0"
tile_y="4160"
tile_x="384"
[lvl_tiles_311]
tile_asset="631"
tile_yscale="1"
tile_xscale="1"
tile_alpha="1"
tile_depth="0"
tile_y="4160"
tile_x="256"
[lvl_tiles_310]
tile_asset="631"
tile_yscale="1"
tile_xscale="1"
tile_alpha="1"
tile_depth="0"
tile_y="4160"
tile_x="128"
[lvl_tiles_309]
tile_asset="631"
tile_yscale="1"
tile_xscale="1"
tile_alpha="1"
tile_depth="0"
tile_y="4160"
tile_x="0"
[lvl_tiles_308]
tile_asset="631"
tile_yscale="1"
tile_xscale="1"
tile_alpha="1"
tile_depth="0"
tile_y="4160"
tile_x="0"
[lvl_tiles_307]
tile_asset="643"
tile_yscale="1"
tile_xscale="1"
tile_alpha="1"
tile_depth="1"
tile_y="4452"
tile_x="1728"
[lvl_tiles_306]
tile_asset="643"
tile_yscale="1"
tile_xscale="1"
tile_alpha="1"
tile_depth="1"
tile_y="4280"
tile_x="1568"
[lvl_tiles_305]
tile_asset="643"
tile_yscale="1"
tile_xscale="1"
tile_alpha="1"
tile_depth="1"
tile_y="4088"
tile_x="1024"
[lvl_tiles_304]
tile_asset="642"
tile_yscale="1"
tile_xscale="1"
tile_alpha="1"
tile_depth="1"
tile_y="4088"
tile_x="896"
[lvl_tiles_303]
tile_asset="671"
tile_yscale="1"
tile_xscale="1"
tile_alpha="1"
tile_depth="1"
tile_y="3764"
tile_x="3972"
[lvl_tiles_302]
tile_asset="671"
tile_yscale="1"
tile_xscale="1"
tile_alpha="1"
tile_depth="1"
tile_y="3828"
tile_x="3972"
[lvl_tiles_301]
tile_asset="671"
tile_yscale="1"
tile_xscale="1"
tile_alpha="1"
tile_depth="1"
tile_y="3796"
tile_x="3972"
[lvl_tiles_300]
tile_asset="704"
tile_yscale="1"
tile_xscale="1"
tile_alpha="0.10"
tile_depth="1"
tile_y="3756"
tile_x="4052"
[lvl_tiles_299]
tile_asset="704"
tile_yscale="1"
tile_xscale="1"
tile_alpha="0.10"
tile_depth="1"
tile_y="3628"
tile_x="4404"
[lvl_tiles_298]
tile_asset="762"
tile_yscale="1"
tile_xscale="1"
tile_alpha="1"
tile_depth="1"
tile_y="3680"
tile_x="4148"
[lvl_tiles_297]
tile_asset="762"
tile_yscale="1"
tile_xscale="1"
tile_alpha="1"
tile_depth="1"
tile_y="3616"
tile_x="4276"
[lvl_tiles_296]
tile_asset="671"
tile_yscale="1"
tile_xscale="1"
tile_alpha="1"
tile_depth="1"
tile_y="3700"
tile_x="4660"
[lvl_tiles_295]
tile_asset="671"
tile_yscale="1"
tile_xscale="1"
tile_alpha="1"
tile_depth="1"
tile_y="3636"
tile_x="4660"
[lvl_tiles_294]
tile_asset="671"
tile_yscale="1"
tile_xscale="1"
tile_alpha="1"
tile_depth="1"
tile_y="3668"
tile_x="4660"
[lvl_tiles_293]
tile_asset="672"
tile_yscale="1"
tile_xscale="1"
tile_alpha="1"
tile_depth="1"
tile_y="3818"
tile_x="4864"
[lvl_tiles_292]
tile_asset="671"
tile_yscale="1"
tile_xscale="1"
tile_alpha="1"
tile_depth="1"
tile_y="3668"
tile_x="5084"
[lvl_tiles_291]
tile_asset="671"
tile_yscale="1"
tile_xscale="1"
tile_alpha="1"
tile_depth="1"
tile_y="3636"
tile_x="5084"
[lvl_tiles_290]
tile_asset="671"
tile_yscale="1"
tile_xscale="1"
tile_alpha="1"
tile_depth="1"
tile_y="3604"
tile_x="5084"
[lvl_tiles_289]
tile_asset="671"
tile_yscale="1"
tile_xscale="1"
tile_alpha="1"
tile_depth="1"
tile_y="3604"
tile_x="5084"
[lvl_tiles_288]
tile_asset="672"
tile_yscale="1"
tile_xscale="1"
tile_alpha="1"
tile_depth="1"
tile_y="3626"
tile_x="4962"
[lvl_tiles_287]
tile_asset="53"
tile_yscale="1"
tile_xscale="1"
tile_alpha="0.10"
tile_depth="1"
tile_y="4240"
tile_x="2176"
[lvl_tiles_286]
tile_asset="53"
tile_yscale="1"
tile_xscale="1"
tile_alpha="1"
tile_depth="1"
tile_y="4112"
tile_x="2496"
[lvl_tiles_285]
tile_asset="53"
tile_yscale="1"
tile_xscale="1"
tile_alpha="1"
tile_depth="1"
tile_y="4240"
tile_x="3944"
[lvl_tiles_284]
tile_asset="53"
tile_yscale="1"
tile_xscale="1"
tile_alpha="1"
tile_depth="1"
tile_y="4176"
tile_x="4136"
[lvl_tiles_283]
tile_asset="762"
tile_yscale="1"
tile_xscale="1"
tile_alpha="1"
tile_depth="1"
tile_y="3492"
tile_x="2604"
[lvl_tiles_282]
tile_asset="762"
tile_yscale="1"
tile_xscale="1"
tile_alpha="1"
tile_depth="1"
tile_y="3556"
tile_x="2476"
[lvl_tiles_281]
tile_asset="761"
tile_yscale="1"
tile_xscale="1"
tile_alpha="1"
tile_depth="1"
tile_y="3556"
tile_x="2092"
[lvl_tiles_280]
tile_asset="761"
tile_yscale="1"
tile_xscale="1"
tile_alpha="1"
tile_depth="1"
tile_y="3492"
tile_x="1964"
[lvl_tiles_279]
tile_asset="645"
tile_yscale="1"
tile_xscale="1"
tile_alpha="1"
tile_depth="1"
tile_y="3504"
tile_x="1616"
[lvl_tiles_278]
tile_asset="756"
tile_yscale="1"
tile_xscale="1"
tile_alpha="1"
tile_depth="1"
tile_y="4172"
tile_x="4008"
[lvl_tiles_277]
tile_asset="672"
tile_yscale="1"
tile_xscale="1"
tile_alpha="1"
tile_depth="1"
tile_y="3830"
tile_x="1676"
[lvl_tiles_276]
tile_asset="672"
tile_yscale="1"
tile_xscale="1"
tile_alpha="1"
tile_depth="1"
tile_y="3830"
tile_x="1496"
[lvl_tiles_275]
tile_asset="672"
tile_yscale="1"
tile_xscale="1"
tile_alpha="1"
tile_depth="1"
tile_y="3830"
tile_x="1586"
[lvl_tiles_274]
tile_asset="671"
tile_yscale="1"
tile_xscale="1"
tile_alpha="1"
tile_depth="1"
tile_y="4032"
tile_x="1372"
[lvl_tiles_273]
tile_asset="671"
tile_yscale="1"
tile_xscale="1"
tile_alpha="1"
tile_depth="1"
tile_y="4000"
tile_x="1372"
[lvl_tiles_272]
tile_asset="671"
tile_yscale="1"
tile_xscale="1"
tile_alpha="1"
tile_depth="1"
tile_y="3968"
tile_x="1372"
[lvl_tiles_271]
tile_asset="671"
tile_yscale="1"
tile_xscale="1"
tile_alpha="1"
tile_depth="1"
tile_y="3936"
tile_x="1372"
[lvl_tiles_270]
tile_asset="671"
tile_yscale="1"
tile_xscale="1"
tile_alpha="1"
tile_depth="1"
tile_y="3904"
tile_x="1372"
[lvl_tiles_269]
tile_asset="671"
tile_yscale="1"
tile_xscale="1"
tile_alpha="1"
tile_depth="1"
tile_y="3872"
tile_x="1372"
[lvl_tiles_268]
tile_asset="671"
tile_yscale="1"
tile_xscale="1"
tile_alpha="1"
tile_depth="1"
tile_y="3840"
tile_x="1372"
[lvl_tiles_267]
tile_asset="671"
tile_yscale="1"
tile_xscale="1"
tile_alpha="1"
tile_depth="1"
tile_y="3808"
tile_x="1372"
[lvl_tiles_266]
tile_asset="671"
tile_yscale="1"
tile_xscale="1"
tile_alpha="1"
tile_depth="1"
tile_y="3808"
tile_x="1372"
[lvl_tiles_265]
tile_asset="671"
tile_yscale="1"
tile_xscale="1"
tile_alpha="1"
tile_depth="1"
tile_y="4160"
tile_x="3016"
[lvl_tiles_264]
tile_asset="671"
tile_yscale="1"
tile_xscale="1"
tile_alpha="1"
tile_depth="1"
tile_y="4128"
tile_x="3016"
[lvl_tiles_263]
tile_asset="53"
tile_yscale="1"
tile_xscale="1"
tile_alpha="0.30"
tile_depth="1"
tile_y="3888"
tile_x="2348"
[lvl_tiles_262]
tile_asset="704"
tile_yscale="1"
tile_xscale="1"
tile_alpha="0.20"
tile_depth="1"
tile_y="3704"
tile_x="1868"
[lvl_tiles_261]
tile_asset="704"
tile_yscale="1"
tile_xscale="1"
tile_alpha="0.10"
tile_depth="1"
tile_y="3832"
tile_x="2540"
[lvl_tiles_260]
tile_asset="761"
tile_yscale="1"
tile_xscale="1"
tile_alpha="1"
tile_depth="1"
tile_y="3692"
tile_x="1964"
[lvl_tiles_259]
tile_asset="761"
tile_yscale="1"
tile_xscale="1"
tile_alpha="1"
tile_depth="1"
tile_y="3756"
tile_x="2092"
[lvl_tiles_258]
tile_asset="761"
tile_yscale="1"
tile_xscale="1"
tile_alpha="1"
tile_depth="1"
tile_y="3820"
tile_x="2220"
[lvl_tiles_257]
tile_asset="762"
tile_yscale="1"
tile_xscale="1"
tile_alpha="1"
tile_depth="1"
tile_y="3820"
tile_x="2412"
[lvl_tiles_256]
tile_asset="648"
tile_yscale="1"
tile_xscale="1"
tile_alpha="1"
tile_depth="1"
tile_y="3872"
tile_x="3016"
[lvl_tiles_255]
tile_asset="646"
tile_yscale="1"
tile_xscale="1"
tile_alpha="1"
tile_depth="1"
tile_y="3872"
tile_x="2864"
[lvl_tiles_254]
tile_asset="762"
tile_yscale="1"
tile_xscale="1"
tile_alpha="1"
tile_depth="1"
tile_y="4108"
tile_x="2368"
[lvl_tiles_253]
tile_asset="762"
tile_yscale="1"
tile_xscale="1"
tile_alpha="1"
tile_depth="1"
tile_y="4172"
tile_x="2240"
[lvl_tiles_252]
tile_asset="53"
tile_yscale="1"
tile_xscale="1"
tile_alpha="1"
tile_depth="1"
tile_y="4176"
tile_x="1408"
[lvl_tiles_251]
tile_asset="53"
tile_yscale="1"
tile_xscale="1"
tile_alpha="1"
tile_depth="1"
tile_y="4112"
tile_x="1216"
[lvl_tiles_250]
tile_asset="671"
tile_yscale="1"
tile_xscale="1"
tile_alpha="1"
tile_depth="1"
tile_y="4000"
tile_x="544"
[lvl_tiles_249]
tile_asset="671"
tile_yscale="1"
tile_xscale="1"
tile_alpha="1"
tile_depth="1"
tile_y="3968"
tile_x="544"
[lvl_tiles_248]
tile_asset="671"
tile_yscale="1"
tile_xscale="1"
tile_alpha="1"
tile_depth="1"
tile_y="3968"
tile_x="544"
[lvl_tiles_247]
tile_asset="755"
tile_yscale="1"
tile_xscale="1"
tile_alpha="1"
tile_depth="1"
tile_y="4108"
tile_x="1280"
[lvl_tiles_246]
tile_asset="712"
tile_yscale="1"
tile_xscale="1"
tile_alpha="1"
tile_depth="4"
tile_y="3700"
tile_x="4020"
[lvl_tiles_245]
tile_asset="712"
tile_yscale="1"
tile_xscale="1"
tile_alpha="1"
tile_depth="4"
tile_y="3505"
tile_x="4020"
[lvl_tiles_244]
tile_asset="712"
tile_yscale="1"
tile_xscale="1"
tile_alpha="1"
tile_depth="4"
tile_y="3570"
tile_x="4020"
[lvl_tiles_243]
tile_asset="712"
tile_yscale="1"
tile_xscale="1"
tile_alpha="1"
tile_depth="4"
tile_y="3635"
tile_x="4020"
[lvl_tiles_242]
tile_asset="717"
tile_yscale="1"
tile_xscale="1"
tile_alpha="1"
tile_depth="4"
tile_y="3988"
tile_x="5084"
[lvl_tiles_241]
tile_asset="717"
tile_yscale="1"
tile_xscale="1"
tile_alpha="1"
tile_depth="4"
tile_y="3668"
tile_x="3860"
[lvl_tiles_240]
tile_asset="717"
tile_yscale="1"
tile_xscale="1"
tile_alpha="1"
tile_depth="4"
tile_y="3828"
tile_x="3804"
[lvl_tiles_239]
tile_asset="708"
tile_yscale="1"
tile_xscale="1"
tile_alpha="1"
tile_depth="4"
tile_y="3636"
tile_x="3844"
[lvl_tiles_238]
tile_asset="708"
tile_yscale="1"
tile_xscale="1"
tile_alpha="1"
tile_depth="4"
tile_y="3636"
tile_x="3776"
[lvl_tiles_237]
tile_asset="708"
tile_yscale="1"
tile_xscale="1"
tile_alpha="1"
tile_depth="4"
tile_y="3508"
tile_x="3844"
[lvl_tiles_236]
tile_asset="708"
tile_yscale="1"
tile_xscale="1"
tile_alpha="1"
tile_depth="4"
tile_y="3572"
tile_x="3844"
[lvl_tiles_235]
tile_asset="708"
tile_yscale="1"
tile_xscale="1"
tile_alpha="1"
tile_depth="4"
tile_y="3508"
tile_x="3776"
[lvl_tiles_234]
tile_asset="708"
tile_yscale="1"
tile_xscale="1"
tile_alpha="1"
tile_depth="4"
tile_y="3572"
tile_x="3776"
[lvl_tiles_233]
tile_asset="708"
tile_yscale="1"
tile_xscale="1"
tile_alpha="1"
tile_depth="4"
tile_y="3700"
tile_x="3844"
[lvl_tiles_232]
tile_asset="708"
tile_yscale="1"
tile_xscale="1"
tile_alpha="1"
tile_depth="4"
tile_y="3700"
tile_x="3776"
[lvl_tiles_231]
tile_asset="708"
tile_yscale="1"
tile_xscale="1"
tile_alpha="1"
tile_depth="4"
tile_y="3828"
tile_x="3776"
[lvl_tiles_230]
tile_asset="708"
tile_yscale="1"
tile_xscale="1"
tile_alpha="1"
tile_depth="4"
tile_y="3828"
tile_x="3844"
[lvl_tiles_229]
tile_asset="708"
tile_yscale="1"
tile_xscale="1"
tile_alpha="1"
tile_depth="4"
tile_y="3764"
tile_x="3844"
[lvl_tiles_228]
tile_asset="708"
tile_yscale="1"
tile_xscale="1"
tile_alpha="1"
tile_depth="4"
tile_y="3764"
tile_x="3776"
[lvl_tiles_227]
tile_asset="738"
tile_yscale="1"
tile_xscale="1"
tile_alpha="1"
tile_depth="4"
tile_y="4160"
tile_x="2980"
[lvl_tiles_226]
tile_asset="708"
tile_yscale="1"
tile_xscale="1"
tile_alpha="1"
tile_depth="4"
tile_y="3668"
tile_x="4460"
[lvl_tiles_225]
tile_asset="708"
tile_yscale="1"
tile_xscale="1"
tile_alpha="1"
tile_depth="4"
tile_y="3796"
tile_x="4112"
[lvl_tiles_224]
tile_asset="708"
tile_yscale="1"
tile_xscale="1"
tile_alpha="1"
tile_depth="4"
tile_y="3860"
tile_x="4112"
[lvl_tiles_223]
tile_asset="708"
tile_yscale="1"
tile_xscale="1"
tile_alpha="1"
tile_depth="4"
tile_y="3796"
tile_x="4036"
[lvl_tiles_222]
tile_asset="708"
tile_yscale="1"
tile_xscale="1"
tile_alpha="1"
tile_depth="4"
tile_y="3860"
tile_x="4036"
[lvl_tiles_221]
tile_asset="716"
tile_yscale="1"
tile_xscale="1"
tile_alpha="1"
tile_depth="4"
tile_y="3604"
tile_x="4528"
[lvl_tiles_220]
tile_asset="711"
tile_yscale="1"
tile_xscale="1"
tile_alpha="1"
tile_depth="4"
tile_y="3572"
tile_x="4588"
[lvl_tiles_219]
tile_asset="711"
tile_yscale="1"
tile_xscale="1"
tile_alpha="1"
tile_depth="4"
tile_y="3572"
tile_x="4440"
[lvl_tiles_218]
tile_asset="184"
tile_yscale="1"
tile_xscale="1"
tile_alpha="1"
tile_depth="4"
tile_y="4048"
tile_x="5388"
[lvl_tiles_217]
tile_asset="184"
tile_yscale="1"
tile_xscale="1"
tile_alpha="1"
tile_depth="4"
tile_y="4048"
tile_x="5400"
[lvl_tiles_216]
tile_asset="189"
tile_yscale="1"
tile_xscale="1"
tile_alpha="1"
tile_depth="4"
tile_y="4048"
tile_x="5512"
[lvl_tiles_215]
tile_asset="189"
tile_yscale="1"
tile_xscale="1"
tile_alpha="1"
tile_depth="4"
tile_y="4048"
tile_x="5512"
[lvl_tiles_214]
tile_asset="189"
tile_yscale="1"
tile_xscale="1"
tile_alpha="1"
tile_depth="4"
tile_y="4048"
tile_x="5416"
[lvl_tiles_213]
tile_asset="189"
tile_yscale="1"
tile_xscale="1"
tile_alpha="1"
tile_depth="4"
tile_y="4048"
tile_x="5416"
[lvl_tiles_212]
tile_asset="189"
tile_yscale="1"
tile_xscale="1"
tile_alpha="1"
tile_depth="4"
tile_y="4048"
tile_x="5388"
[lvl_tiles_211]
tile_asset="189"
tile_yscale="1"
tile_xscale="1"
tile_alpha="1"
tile_depth="4"
tile_y="4048"
tile_x="5356"
[lvl_tiles_210]
tile_asset="189"
tile_yscale="1"
tile_xscale="1"
tile_alpha="1"
tile_depth="4"
tile_y="4048"
tile_x="5292"
[lvl_tiles_209]
tile_asset="189"
tile_yscale="1"
tile_xscale="1"
tile_alpha="1"
tile_depth="4"
tile_y="4048"
tile_x="5292"
[lvl_tiles_208]
tile_asset="189"
tile_yscale="1"
tile_xscale="1"
tile_alpha="1"
tile_depth="4"
tile_y="4048"
tile_x="5452"
[lvl_tiles_207]
tile_asset="184"
tile_yscale="1"
tile_xscale="1"
tile_alpha="1"
tile_depth="4"
tile_y="4048"
tile_x="5276"
[lvl_tiles_206]
tile_asset="184"
tile_yscale="1"
tile_xscale="1"
tile_alpha="1"
tile_depth="4"
tile_y="4048"
tile_x="5228"
[lvl_tiles_205]
tile_asset="184"
tile_yscale="1"
tile_xscale="1"
tile_alpha="1"
tile_depth="4"
tile_y="4048"
tile_x="5244"
[lvl_tiles_204]
tile_asset="184"
tile_yscale="1"
tile_xscale="1"
tile_alpha="1"
tile_depth="4"
tile_y="4048"
tile_x="5260"
[lvl_tiles_203]
tile_asset="707"
tile_yscale="1"
tile_xscale="1"
tile_alpha="1"
tile_depth="4"
tile_y="3712"
tile_x="2620"
[lvl_tiles_202]
tile_asset="778"
tile_yscale="1"
tile_xscale="1"
tile_alpha="1"
tile_depth="4"
tile_y="3776"
tile_x="2604"
[lvl_tiles_201]
tile_asset="769"
tile_yscale="-1"
tile_xscale="1"
tile_alpha="1"
tile_depth="4"
tile_y="4480"
tile_x="3280"
[lvl_tiles_200]
tile_asset="769"
tile_yscale="1"
tile_xscale="1"
tile_alpha="1"
tile_depth="4"
tile_y="4224"
tile_x="3280"
[lvl_tiles_199]
tile_asset="732"
tile_yscale="1"
tile_xscale="1"
tile_alpha="1"
tile_depth="4"
tile_y="4192"
tile_x="3856"
[lvl_tiles_198]
tile_asset="735"
tile_yscale="1"
tile_xscale="1"
tile_alpha="1"
tile_depth="4"
tile_y="3904"
tile_x="472"
[lvl_tiles_197]
tile_asset="632"
tile_yscale="1"
tile_xscale="1"
tile_alpha="1"
tile_depth="4"
tile_y="4452"
tile_x="3720"
[lvl_tiles_196]
tile_asset="632"
tile_yscale="1"
tile_xscale="1"
tile_alpha="1"
tile_depth="4"
tile_y="4452"
tile_x="3336"
[lvl_tiles_195]
tile_asset="632"
tile_yscale="1"
tile_xscale="1"
tile_alpha="1"
tile_depth="4"
tile_y="4452"
tile_x="3464"
[lvl_tiles_194]
tile_asset="632"
tile_yscale="1"
tile_xscale="1"
tile_alpha="1"
tile_depth="4"
tile_y="4452"
tile_x="3592"
[lvl_tiles_193]
tile_asset="715"
tile_yscale="1"
tile_xscale="1"
tile_alpha="1"
tile_depth="4"
tile_y="4464"
tile_x="1836"
[lvl_tiles_192]
tile_asset="740"
tile_yscale="1"
tile_xscale="1"
tile_alpha="1"
tile_depth="4"
tile_y="4420"
tile_x="2084"
[lvl_tiles_191]
tile_asset="711"
tile_yscale="1"
tile_xscale="1"
tile_alpha="1"
tile_depth="4"
tile_y="4128"
tile_x="3084"
[lvl_tiles_190]
tile_asset="734"
tile_yscale="1"
tile_xscale="1"
tile_alpha="1"
tile_depth="4"
tile_y="4128"
tile_x="1528"
[lvl_tiles_189]
tile_asset="780"
tile_yscale="1"
tile_xscale="1"
tile_alpha="1"
tile_depth="4"
tile_y="4128"
tile_x="4548"
[lvl_tiles_188]
tile_asset="661"
tile_yscale="1"
tile_xscale="1"
tile_alpha="1"
tile_depth="4"
tile_y="4032"
tile_x="2544"
[lvl_tiles_187]
tile_asset="661"
tile_yscale="1"
tile_xscale="1"
tile_alpha="1"
tile_depth="4"
tile_y="4032"
tile_x="2672"
[lvl_tiles_186]
tile_asset="661"
tile_yscale="1"
tile_xscale="1"
tile_alpha="1"
tile_depth="4"
tile_y="4032"
tile_x="2928"
[lvl_tiles_185]
tile_asset="737"
tile_yscale="1"
tile_xscale="1"
tile_alpha="1"
tile_depth="4"
tile_y="4080"
tile_x="4865"
[lvl_tiles_184]
tile_asset="737"
tile_yscale="1"
tile_xscale="1"
tile_alpha="1"
tile_depth="4"
tile_y="4077"
tile_x="4747"
[lvl_tiles_183]
tile_asset="722"
tile_yscale="1"
tile_xscale="1"
tile_alpha="1"
tile_depth="4"
tile_y="4064"
tile_x="4807"
[lvl_tiles_182]
tile_asset="737"
tile_yscale="1"
tile_xscale="1"
tile_alpha="1"
tile_depth="4"
tile_y="4080"
tile_x="5073"
[lvl_tiles_181]
tile_asset="737"
tile_yscale="1"
tile_xscale="1"
tile_alpha="1"
tile_depth="4"
tile_y="4036"
tile_x="4962"
[lvl_tiles_180]
tile_asset="722"
tile_yscale="1"
tile_xscale="1"
tile_alpha="1"
tile_depth="4"
tile_y="4064"
tile_x="5015"
[lvl_tiles_179]
tile_asset="738"
tile_yscale="1"
tile_xscale="1"
tile_alpha="1"
tile_depth="4"
tile_y="4016"
tile_x="1145"
[lvl_tiles_178]
tile_asset="738"
tile_yscale="1"
tile_xscale="1"
tile_alpha="1"
tile_depth="4"
tile_y="3972"
tile_x="1034"
[lvl_tiles_177]
tile_asset="722"
tile_yscale="1"
tile_xscale="1"
tile_alpha="1"
tile_depth="4"
tile_y="4000"
tile_x="1087"
[lvl_tiles_176]
tile_asset="708"
tile_yscale="1"
tile_xscale="1"
tile_alpha="1"
tile_depth="4"
tile_y="3840"
tile_x="1892"
[lvl_tiles_175]
tile_asset="708"
tile_yscale="1"
tile_xscale="1"
tile_alpha="1"
tile_depth="4"
tile_y="4480"
tile_x="1892"
[lvl_tiles_174]
tile_asset="708"
tile_yscale="1"
tile_xscale="1"
tile_alpha="1"
tile_depth="4"
tile_y="4416"
tile_x="1892"
[lvl_tiles_173]
tile_asset="708"
tile_yscale="1"
tile_xscale="1"
tile_alpha="1"
tile_depth="4"
tile_y="4352"
tile_x="1892"
[lvl_tiles_172]
tile_asset="708"
tile_yscale="1"
tile_xscale="1"
tile_alpha="1"
tile_depth="4"
tile_y="4288"
tile_x="1892"
[lvl_tiles_171]
tile_asset="708"
tile_yscale="1"
tile_xscale="1"
tile_alpha="1"
tile_depth="4"
tile_y="4224"
tile_x="1892"
[lvl_tiles_170]
tile_asset="708"
tile_yscale="1"
tile_xscale="1"
tile_alpha="1"
tile_depth="4"
tile_y="4160"
tile_x="1892"
[lvl_tiles_169]
tile_asset="708"
tile_yscale="1"
tile_xscale="1"
tile_alpha="1"
tile_depth="4"
tile_y="4096"
tile_x="1892"
[lvl_tiles_168]
tile_asset="708"
tile_yscale="1"
tile_xscale="1"
tile_alpha="1"
tile_depth="4"
tile_y="4032"
tile_x="1892"
[lvl_tiles_167]
tile_asset="708"
tile_yscale="1"
tile_xscale="1"
tile_alpha="1"
tile_depth="4"
tile_y="3968"
tile_x="1892"
[lvl_tiles_166]
tile_asset="708"
tile_yscale="1"
tile_xscale="1"
tile_alpha="1"
tile_depth="4"
tile_y="3904"
tile_x="1892"
[lvl_tiles_165]
tile_asset="708"
tile_yscale="1"
tile_xscale="1"
tile_alpha="1"
tile_depth="4"
tile_y="4416"
tile_x="2372"
[lvl_tiles_164]
tile_asset="708"
tile_yscale="1"
tile_xscale="1"
tile_alpha="1"
tile_depth="4"
tile_y="4352"
tile_x="2372"
[lvl_tiles_163]
tile_asset="708"
tile_yscale="1"
tile_xscale="1"
tile_alpha="1"
tile_depth="4"
tile_y="4288"
tile_x="2372"
[lvl_tiles_162]
tile_asset="708"
tile_yscale="1"
tile_xscale="1"
tile_alpha="1"
tile_depth="4"
tile_y="4224"
tile_x="2372"
[lvl_tiles_161]
tile_asset="708"
tile_yscale="1"
tile_xscale="1"
tile_alpha="1"
tile_depth="4"
tile_y="4160"
tile_x="2372"
[lvl_tiles_160]
tile_asset="708"
tile_yscale="1"
tile_xscale="1"
tile_alpha="1"
tile_depth="4"
tile_y="4096"
tile_x="2372"
[lvl_tiles_159]
tile_asset="708"
tile_yscale="1"
tile_xscale="1"
tile_alpha="1"
tile_depth="4"
tile_y="4032"
tile_x="2372"
[lvl_tiles_158]
tile_asset="708"
tile_yscale="1"
tile_xscale="1"
tile_alpha="1"
tile_depth="4"
tile_y="3968"
tile_x="2372"
[lvl_tiles_157]
tile_asset="708"
tile_yscale="1"
tile_xscale="1"
tile_alpha="1"
tile_depth="4"
tile_y="3968"
tile_x="2372"
[lvl_tiles_156]
tile_asset="768"
tile_yscale="1"
tile_xscale="1"
tile_alpha="1"
tile_depth="4"
tile_y="4000"
tile_x="2800"
[lvl_tiles_155]
tile_asset="768"
tile_yscale="-1"
tile_xscale="1"
tile_alpha="1"
tile_depth="4"
tile_y="4480"
tile_x="2928"
[lvl_tiles_154]
tile_asset="768"
tile_yscale="1"
tile_xscale="1"
tile_alpha="1"
tile_depth="4"
tile_y="4224"
tile_x="2928"
[lvl_tiles_153]
tile_asset="771"
tile_yscale="1"
tile_xscale="1"
tile_alpha="1"
tile_depth="4"
tile_y="4288"
tile_x="2132"
[lvl_tiles_152]
tile_asset="769"
tile_yscale="-1"
tile_xscale="1"
tile_alpha="1"
tile_depth="4"
tile_y="4416"
tile_x="2768"
[lvl_tiles_151]
tile_asset="769"
tile_yscale="1"
tile_xscale="1"
tile_alpha="1"
tile_depth="4"
tile_y="4160"
tile_x="2768"
[lvl_tiles_150]
tile_asset="768"
tile_yscale="-1"
tile_xscale="1"
tile_alpha="1"
tile_depth="4"
tile_y="4416"
tile_x="2544"
[lvl_tiles_149]
tile_asset="768"
tile_yscale="1"
tile_xscale="1"
tile_alpha="1"
tile_depth="4"
tile_y="4160"
tile_x="2544"
[lvl_tiles_148]
tile_asset="632"
tile_yscale="1"
tile_xscale="1"
tile_alpha="1"
tile_depth="4"
tile_y="3952"
tile_x="288"
[lvl_tiles_147]
tile_asset="632"
tile_yscale="1"
tile_xscale="1"
tile_alpha="1"
tile_depth="4"
tile_y="3952"
tile_x="416"
[lvl_tiles_146]
tile_asset="716"
tile_yscale="1"
tile_xscale="1"
tile_alpha="1"
tile_depth="4"
tile_y="4096"
tile_x="424"
[lvl_tiles_145]
tile_asset="711"
tile_yscale="1"
tile_xscale="1"
tile_alpha="1"
tile_depth="4"
tile_y="4064"
tile_x="384"
[lvl_tiles_144]
tile_asset="769"
tile_yscale="1"
tile_xscale="1"
tile_alpha="1"
tile_depth="4"
tile_y="4000"
tile_x="448"
[lvl_tiles_143]
tile_asset="768"
tile_yscale="1"
tile_xscale="1"
tile_alpha="1"
tile_depth="4"
tile_y="4000"
tile_x="320"
[lvl_tiles_142]
tile_asset="737"
tile_yscale="1"
tile_xscale="1"
tile_alpha="1"
tile_depth="4"
tile_y="4032"
tile_x="158"
[lvl_tiles_141]
tile_asset="737"
tile_yscale="1"
tile_xscale="1"
tile_alpha="1"
tile_depth="4"
tile_y="4013"
tile_x="123"
[lvl_tiles_140]
tile_asset="722"
tile_yscale="1"
tile_xscale="1"
tile_alpha="1"
tile_depth="4"
tile_y="4000"
tile_x="183"
[lvl_tiles_139]
tile_asset="632"
tile_yscale="1"
tile_xscale="1"
tile_alpha="1"
tile_depth="4"
tile_y="4176"
tile_x="1408"
[lvl_tiles_138]
tile_asset="632"
tile_yscale="1"
tile_xscale="1"
tile_alpha="1"
tile_depth="4"
tile_y="4112"
tile_x="1024"
[lvl_tiles_137]
tile_asset="632"
tile_yscale="1"
tile_xscale="1"
tile_alpha="1"
tile_depth="4"
tile_y="4112"
tile_x="1152"
[lvl_tiles_136]
tile_asset="662"
tile_yscale="1"
tile_xscale="1"
tile_alpha="1"
tile_depth="4"
tile_y="4080"
tile_x="880"
[lvl_tiles_135]
tile_asset="721"
tile_yscale="1"
tile_xscale="1"
tile_alpha="1"
tile_depth="4"
tile_y="4072"
tile_x="1008"
[lvl_tiles_134]
tile_asset="721"
tile_yscale="1"
tile_xscale="1"
tile_alpha="1"
tile_depth="4"
tile_y="4096"
tile_x="776"
[lvl_tiles_133]
tile_asset="736"
tile_yscale="1"
tile_xscale="1"
tile_alpha="1"
tile_depth="4"
tile_y="4064"
tile_x="552"
[lvl_tiles_132]
tile_asset="709"
tile_yscale="1"
tile_xscale="1"
tile_alpha="1"
tile_depth="5"
tile_y="3572"
tile_x="4596"
[lvl_tiles_131]
tile_asset="710"
tile_yscale="1"
tile_xscale="1"
tile_alpha="1"
tile_depth="5"
tile_y="3568"
tile_x="4596"
[lvl_tiles_130]
tile_asset="710"
tile_yscale="1"
tile_xscale="1"
tile_alpha="1"
tile_depth="5"
tile_y="3568"
tile_x="4404"
[lvl_tiles_129]
tile_asset="710"
tile_yscale="1"
tile_xscale="1"
tile_alpha="1"
tile_depth="5"
tile_y="3568"
tile_x="4468"
[lvl_tiles_128]
tile_asset="710"
tile_yscale="1"
tile_xscale="1"
tile_alpha="1"
tile_depth="5"
tile_y="3568"
tile_x="4532"
[lvl_tiles_127]
tile_asset="709"
tile_yscale="1"
tile_xscale="1"
tile_alpha="1"
tile_depth="5"
tile_y="3572"
tile_x="4404"
[lvl_tiles_126]
tile_asset="709"
tile_yscale="1"
tile_xscale="1"
tile_alpha="1"
tile_depth="5"
tile_y="3572"
tile_x="4468"
[lvl_tiles_125]
tile_asset="709"
tile_yscale="1"
tile_xscale="1"
tile_alpha="1"
tile_depth="5"
tile_y="3572"
tile_x="4532"
[lvl_tiles_124]
tile_asset="743"
tile_yscale="1"
tile_xscale="1"
tile_alpha="1"
tile_depth="5"
tile_y="3824"
tile_x="2568"
[lvl_tiles_123]
tile_asset="743"
tile_yscale="1"
tile_xscale="1"
tile_alpha="1"
tile_depth="5"
tile_y="3824"
tile_x="2832"
[lvl_tiles_122]
tile_asset="717"
tile_yscale="1"
tile_xscale="1"
tile_alpha="1"
tile_depth="5"
tile_y="3808"
tile_x="3184"
[lvl_tiles_121]
tile_asset="720"
tile_yscale="1"
tile_xscale="1"
tile_alpha="1"
tile_depth="5"
tile_y="4440"
tile_x="3336"
[lvl_tiles_120]
tile_asset="741"
tile_yscale="1"
tile_xscale="1"
tile_alpha="1"
tile_depth="5"
tile_y="4440"
tile_x="3768"
[lvl_tiles_119]
tile_asset="720"
tile_yscale="1"
tile_xscale="1"
tile_alpha="1"
tile_depth="5"
tile_y="4440"
tile_x="3816"
[lvl_tiles_118]
tile_asset="720"
tile_yscale="1"
tile_xscale="1"
tile_alpha="1"
tile_depth="5"
tile_y="4440"
tile_x="3368"
[lvl_tiles_117]
tile_asset="720"
tile_yscale="1"
tile_xscale="1"
tile_alpha="1"
tile_depth="5"
tile_y="4440"
tile_x="3400"
[lvl_tiles_116]
tile_asset="720"
tile_yscale="1"
tile_xscale="1"
tile_alpha="1"
tile_depth="5"
tile_y="4440"
tile_x="3432"
[lvl_tiles_115]
tile_asset="720"
tile_yscale="1"
tile_xscale="1"
tile_alpha="1"
tile_depth="5"
tile_y="4440"
tile_x="3464"
[lvl_tiles_114]
tile_asset="720"
tile_yscale="1"
tile_xscale="1"
tile_alpha="1"
tile_depth="5"
tile_y="4440"
tile_x="3496"
[lvl_tiles_113]
tile_asset="720"
tile_yscale="1"
tile_xscale="1"
tile_alpha="1"
tile_depth="5"
tile_y="4440"
tile_x="3528"
[lvl_tiles_112]
tile_asset="720"
tile_yscale="1"
tile_xscale="1"
tile_alpha="1"
tile_depth="5"
tile_y="4440"
tile_x="3560"
[lvl_tiles_111]
tile_asset="720"
tile_yscale="1"
tile_xscale="1"
tile_alpha="1"
tile_depth="5"
tile_y="4440"
tile_x="3592"
[lvl_tiles_110]
tile_asset="720"
tile_yscale="1"
tile_xscale="1"
tile_alpha="1"
tile_depth="5"
tile_y="4440"
tile_x="3624"
[lvl_tiles_109]
tile_asset="720"
tile_yscale="1"
tile_xscale="1"
tile_alpha="1"
tile_depth="5"
tile_y="4440"
tile_x="3656"
[lvl_tiles_108]
tile_asset="720"
tile_yscale="1"
tile_xscale="1"
tile_alpha="1"
tile_depth="5"
tile_y="4440"
tile_x="3688"
[lvl_tiles_107]
tile_asset="720"
tile_yscale="1"
tile_xscale="1"
tile_alpha="1"
tile_depth="5"
tile_y="4440"
tile_x="3720"
[lvl_tiles_106]
tile_asset="720"
tile_yscale="1"
tile_xscale="1"
tile_alpha="1"
tile_depth="5"
tile_y="4440"
tile_x="3752"
[lvl_tiles_105]
tile_asset="720"
tile_yscale="1"
tile_xscale="1"
tile_alpha="1"
tile_depth="5"
tile_y="4440"
tile_x="3784"
[lvl_tiles_104]
tile_asset="632"
tile_yscale="1"
tile_xscale="1"
tile_alpha="1"
tile_depth="5"
tile_y="4240"
tile_x="3880"
[lvl_tiles_103]
tile_asset="632"
tile_yscale="1"
tile_xscale="1"
tile_alpha="1"
tile_depth="5"
tile_y="4176"
tile_x="4136"
[lvl_tiles_102]
tile_asset="632"
tile_yscale="1"
tile_xscale="1"
tile_alpha="1"
tile_depth="5"
tile_y="4176"
tile_x="4264"
[lvl_tiles_101]
tile_asset="632"
tile_yscale="1"
tile_xscale="1"
tile_alpha="1"
tile_depth="5"
tile_y="4176"
tile_x="4392"
[lvl_tiles_100]
tile_asset="632"
tile_yscale="1"
tile_xscale="1"
tile_alpha="1"
tile_depth="5"
tile_y="4176"
tile_x="4520"
[lvl_tiles_99]
tile_asset="632"
tile_yscale="1"
tile_xscale="1"
tile_alpha="1"
tile_depth="5"
tile_y="4176"
tile_x="4648"
[lvl_tiles_98]
tile_asset="632"
tile_yscale="1"
tile_xscale="1"
tile_alpha="1"
tile_depth="5"
tile_y="4176"
tile_x="4776"
[lvl_tiles_97]
tile_asset="632"
tile_yscale="1"
tile_xscale="1"
tile_alpha="1"
tile_depth="5"
tile_y="4176"
tile_x="4904"
[lvl_tiles_96]
tile_asset="632"
tile_yscale="1"
tile_xscale="1"
tile_alpha="1"
tile_depth="5"
tile_y="4176"
tile_x="5032"
[lvl_tiles_95]
tile_asset="632"
tile_yscale="1"
tile_xscale="1"
tile_alpha="1"
tile_depth="5"
tile_y="4176"
tile_x="5160"
[lvl_tiles_94]
tile_asset="632"
tile_yscale="1"
tile_xscale="1"
tile_alpha="1"
tile_depth="5"
tile_y="4176"
tile_x="5288"
[lvl_tiles_93]
tile_asset="632"
tile_yscale="1"
tile_xscale="1"
tile_alpha="1"
tile_depth="5"
tile_y="4176"
tile_x="5416"
[lvl_tiles_92]
tile_asset="632"
tile_yscale="1"
tile_xscale="1"
tile_alpha="1"
tile_depth="5"
tile_y="4176"
tile_x="5416"
[lvl_tiles_91]
tile_asset="720"
tile_yscale="1"
tile_xscale="1"
tile_alpha="1"
tile_depth="5"
tile_y="4100"
tile_x="732"
[lvl_tiles_90]
tile_asset="720"
tile_yscale="1"
tile_xscale="1"
tile_alpha="1"
tile_depth="5"
tile_y="4096"
tile_x="636"
[lvl_tiles_89]
tile_asset="720"
tile_yscale="1"
tile_xscale="1"
tile_alpha="1"
tile_depth="5"
tile_y="4096"
tile_x="668"
[lvl_tiles_88]
tile_asset="720"
tile_yscale="1"
tile_xscale="1"
tile_alpha="1"
tile_depth="5"
tile_y="4096"
tile_x="700"
[lvl_tiles_87]
tile_asset="710"
tile_yscale="1"
tile_xscale="1"
tile_alpha="1"
tile_depth="5"
tile_y="4060"
tile_x="352"
[lvl_tiles_86]
tile_asset="710"
tile_yscale="1"
tile_xscale="1"
tile_alpha="1"
tile_depth="5"
tile_y="4060"
tile_x="416"
[lvl_tiles_85]
tile_asset="709"
tile_yscale="1"
tile_xscale="1"
tile_alpha="1"
tile_depth="5"
tile_y="4064"
tile_x="352"
[lvl_tiles_84]
tile_asset="709"
tile_yscale="1"
tile_xscale="1"
tile_alpha="1"
tile_depth="5"
tile_y="4064"
tile_x="416"
[lvl_tiles_83]
tile_asset="709"
tile_yscale="1"
tile_xscale="1"
tile_alpha="1"
tile_depth="5"
tile_y="4064"
tile_x="416"
[lvl_tiles_82]
tile_asset="743"
tile_yscale="1"
tile_xscale="1"
tile_alpha="1"
tile_depth="5"
tile_y="4112"
tile_x="1256"
[lvl_tiles_81]
tile_asset="743"
tile_yscale="1"
tile_xscale="1"
tile_alpha="1"
tile_depth="5"
tile_y="4112"
tile_x="840"
[lvl_tiles_80]
tile_asset="714"
tile_yscale="1"
tile_xscale="1"
tile_alpha="1"
tile_depth="5"
tile_y="4096"
tile_x="264"
[lvl_tiles_79]
tile_asset="715"
tile_yscale="1"
tile_xscale="1"
tile_alpha="1"
tile_depth="5"
tile_y="4096"
tile_x="16"
[lvl_tiles_78]
tile_asset="740"
tile_yscale="1"
tile_xscale="1"
tile_alpha="1"
tile_depth="5"
tile_y="4120"
tile_x="1416"
[lvl_tiles_77]
tile_asset="739"
tile_yscale="1"
tile_xscale="1"
tile_alpha="1"
tile_depth="5"
tile_y="4080"
tile_x="1176"
[lvl_tiles_76]
tile_asset="777"
tile_yscale="1"
tile_xscale="-1"
tile_alpha="1"
tile_depth="6"
tile_y="4232"
tile_x="3912"
[lvl_tiles_75]
tile_asset="712"
tile_yscale="1"
tile_xscale="1"
tile_alpha="1"
tile_depth="6"
tile_y="3508"
tile_x="4532"
[lvl_tiles_74]
tile_asset="712"
tile_yscale="1"
tile_xscale="1"
tile_alpha="1"
tile_depth="6"
tile_y="3508"
tile_x="4404"
[lvl_tiles_73]
tile_asset="198"
tile_yscale="1"
tile_xscale="1"
tile_alpha="1"
tile_depth="6"
tile_y="4064"
tile_x="5416"
[lvl_tiles_72]
tile_asset="198"
tile_yscale="1"
tile_xscale="1"
tile_alpha="1"
tile_depth="6"
tile_y="4064"
tile_x="5292"
[lvl_tiles_71]
tile_asset="198"
tile_yscale="1"
tile_xscale="1"
tile_alpha="1"
tile_depth="6"
tile_y="4064"
tile_x="5356"
[lvl_tiles_70]
tile_asset="198"
tile_yscale="1"
tile_xscale="1"
tile_alpha="1"
tile_depth="6"
tile_y="4064"
tile_x="5356"
[lvl_tiles_69]
tile_asset="198"
tile_yscale="1"
tile_xscale="1"
tile_alpha="1"
tile_depth="6"
tile_y="4064"
tile_x="5420"
[lvl_tiles_68]
tile_asset="198"
tile_yscale="1"
tile_xscale="1"
tile_alpha="1"
tile_depth="6"
tile_y="4064"
tile_x="5484"
[lvl_tiles_67]
tile_asset="198"
tile_yscale="1"
tile_xscale="1"
tile_alpha="1"
tile_depth="6"
tile_y="4064"
tile_x="5484"
[lvl_tiles_66]
tile_asset="198"
tile_yscale="1"
tile_xscale="1"
tile_alpha="1"
tile_depth="6"
tile_y="4064"
tile_x="5228"
[lvl_tiles_65]
tile_asset="712"
tile_yscale="1"
tile_xscale="1"
tile_alpha="1"
tile_depth="6"
tile_y="4000"
tile_x="3180"
[lvl_tiles_64]
tile_asset="712"
tile_yscale="1"
tile_xscale="1"
tile_alpha="1"
tile_depth="6"
tile_y="4130"
tile_x="2924"
[lvl_tiles_63]
tile_asset="712"
tile_yscale="1"
tile_xscale="1"
tile_alpha="1"
tile_depth="6"
tile_y="4130"
tile_x="3052"
[lvl_tiles_62]
tile_asset="712"
tile_yscale="1"
tile_xscale="1"
tile_alpha="1"
tile_depth="6"
tile_y="4130"
tile_x="3180"
[lvl_tiles_61]
tile_asset="712"
tile_yscale="1"
tile_xscale="1"
tile_alpha="1"
tile_depth="6"
tile_y="4065"
tile_x="2924"
[lvl_tiles_60]
tile_asset="712"
tile_yscale="1"
tile_xscale="1"
tile_alpha="1"
tile_depth="6"
tile_y="4065"
tile_x="3052"
[lvl_tiles_59]
tile_asset="712"
tile_yscale="1"
tile_xscale="1"
tile_alpha="1"
tile_depth="6"
tile_y="4065"
tile_x="3180"
[lvl_tiles_58]
tile_asset="712"
tile_yscale="1"
tile_xscale="1"
tile_alpha="1"
tile_depth="6"
tile_y="4000"
tile_x="2924"
[lvl_tiles_57]
tile_asset="712"
tile_yscale="1"
tile_xscale="1"
tile_alpha="1"
tile_depth="6"
tile_y="4000"
tile_x="3052"
[lvl_tiles_56]
tile_asset="717"
tile_yscale="1"
tile_xscale="1"
tile_alpha="1"
tile_depth="6"
tile_y="4160"
tile_x="4744"
[lvl_tiles_55]
tile_asset="733"
tile_yscale="1"
tile_xscale="1"
tile_alpha="1"
tile_depth="6"
tile_y="4128"
tile_x="4704"
[lvl_tiles_54]
tile_asset="742"
tile_yscale="1"
tile_xscale="1"
tile_alpha="1"
tile_depth="6"
tile_y="4448"
tile_x="3320"
[lvl_tiles_53]
tile_asset="739"
tile_yscale="1"
tile_xscale="1"
tile_alpha="1"
tile_depth="6"
tile_y="4424"
tile_x="3552"
[lvl_tiles_52]
tile_asset="740"
tile_yscale="1"
tile_xscale="1"
tile_alpha="1"
tile_depth="6"
tile_y="4392"
tile_x="3400"
[lvl_tiles_51]
tile_asset="740"
tile_yscale="1"
tile_xscale="1"
tile_alpha="1"
tile_depth="6"
tile_y="4392"
tile_x="3648"
[lvl_tiles_50]
tile_asset="720"
tile_yscale="1"
tile_xscale="1"
tile_alpha="1"
tile_depth="6"
tile_y="4160"
tile_x="4348"
[lvl_tiles_49]
tile_asset="720"
tile_yscale="1"
tile_xscale="1"
tile_alpha="1"
tile_depth="6"
tile_y="4160"
tile_x="4664"
[lvl_tiles_48]
tile_asset="720"
tile_yscale="1"
tile_xscale="1"
tile_alpha="1"
tile_depth="6"
tile_y="4160"
tile_x="4896"
[lvl_tiles_47]
tile_asset="720"
tile_yscale="1"
tile_xscale="1"
tile_alpha="1"
tile_depth="6"
tile_y="4160"
tile_x="5144"
[lvl_tiles_46]
tile_asset="720"
tile_yscale="1"
tile_xscale="1"
tile_alpha="1"
tile_depth="6"
tile_y="4160"
tile_x="4960"
[lvl_tiles_45]
tile_asset="720"
tile_yscale="1"
tile_xscale="1"
tile_alpha="1"
tile_depth="6"
tile_y="4160"
tile_x="4928"
[lvl_tiles_44]
tile_asset="720"
tile_yscale="1"
tile_xscale="1"
tile_alpha="1"
tile_depth="6"
tile_y="4160"
tile_x="4508"
[lvl_tiles_43]
tile_asset="720"
tile_yscale="1"
tile_xscale="1"
tile_alpha="1"
tile_depth="6"
tile_y="4160"
tile_x="4476"
[lvl_tiles_42]
tile_asset="720"
tile_yscale="1"
tile_xscale="1"
tile_alpha="1"
tile_depth="6"
tile_y="4160"
tile_x="4444"
[lvl_tiles_41]
tile_asset="720"
tile_yscale="1"
tile_xscale="1"
tile_alpha="1"
tile_depth="6"
tile_y="4160"
tile_x="4412"
[lvl_tiles_40]
tile_asset="720"
tile_yscale="1"
tile_xscale="1"
tile_alpha="1"
tile_depth="6"
tile_y="4160"
tile_x="4380"
[lvl_tiles_39]
tile_asset="720"
tile_yscale="1"
tile_xscale="1"
tile_alpha="1"
tile_depth="6"
tile_y="4096"
tile_x="148"
[lvl_tiles_38]
tile_asset="720"
tile_yscale="1"
tile_xscale="1"
tile_alpha="1"
tile_depth="6"
tile_y="4096"
tile_x="52"
[lvl_tiles_37]
tile_asset="720"
tile_yscale="1"
tile_xscale="1"
tile_alpha="1"
tile_depth="6"
tile_y="4096"
tile_x="84"
[lvl_tiles_36]
tile_asset="720"
tile_yscale="1"
tile_xscale="1"
tile_alpha="1"
tile_depth="6"
tile_y="4096"
tile_x="116"
[lvl_tiles_35]
tile_asset="720"
tile_yscale="1"
tile_xscale="1"
tile_alpha="1"
tile_depth="6"
tile_y="4096"
tile_x="116"
[lvl_tiles_34]
tile_asset="741"
tile_yscale="1"
tile_xscale="1"
tile_alpha="1"
tile_depth="7"
tile_y="4468"
tile_x="2052"
[lvl_tiles_33]
tile_asset="741"
tile_yscale="1"
tile_xscale="1"
tile_alpha="1"
tile_depth="7"
tile_y="4228"
tile_x="3896"
[lvl_tiles_32]
tile_asset="741"
tile_yscale="1"
tile_xscale="1"
tile_alpha="1"
tile_depth="7"
tile_y="4164"
tile_x="5364"
[lvl_tiles_31]
tile_asset="741"
tile_yscale="1"
tile_xscale="1"
tile_alpha="1"
tile_depth="7"
tile_y="4164"
tile_x="4968"
[lvl_tiles_30]
tile_asset="740"
tile_yscale="1"
tile_xscale="1"
tile_alpha="1"
tile_depth="7"
tile_y="4120"
tile_x="5096"
[lvl_tiles_29]
tile_asset="740"
tile_yscale="1"
tile_xscale="1"
tile_alpha="1"
tile_depth="7"
tile_y="4120"
tile_x="4388"
[lvl_tiles_28]
tile_asset="658"
tile_yscale="1"
tile_xscale="1"
tile_alpha="1"
tile_depth="8"
tile_y="4160"
tile_x="4988"
[lvl_tiles_27]
tile_asset="658"
tile_yscale="1"
tile_xscale="1"
tile_alpha="1"
tile_depth="8"
tile_y="4160"
tile_x="5068"
[lvl_tiles_26]
tile_asset="658"
tile_yscale="1"
tile_xscale="1"
tile_alpha="1"
tile_depth="8"
tile_y="4160"
tile_x="5148"
[lvl_tiles_25]
tile_asset="658"
tile_yscale="1"
tile_xscale="1"
tile_alpha="1"
tile_depth="8"
tile_y="4160"
tile_x="5228"
[lvl_tiles_24]
tile_asset="658"
tile_yscale="1"
tile_xscale="1"
tile_alpha="1"
tile_depth="8"
tile_y="4160"
tile_x="5308"
[lvl_tiles_23]
tile_asset="658"
tile_yscale="1"
tile_xscale="1"
tile_alpha="1"
tile_depth="8"
tile_y="4160"
tile_x="5388"
[lvl_tiles_22]
tile_asset="658"
tile_yscale="1"
tile_xscale="1"
tile_alpha="1"
tile_depth="8"
tile_y="4160"
tile_x="5468"
[lvl_tiles_21]
tile_asset="658"
tile_yscale="1"
tile_xscale="1"
tile_alpha="1"
tile_depth="8"
tile_y="4160"
tile_x="5468"
[lvl_tiles_20]
tile_asset="768"
tile_yscale="1"
tile_xscale="1"
tile_alpha="1"
tile_depth="9"
tile_y="4052"
tile_x="5132"
[lvl_tiles_19]
tile_asset="769"
tile_yscale="1"
tile_xscale="1"
tile_alpha="1"
tile_depth="9"
tile_y="4052"
tile_x="5336"
[lvl_tiles_18]
tile_ignore="-1"
[lvl_tiles_17]
tile_ignore="-1"
[lvl_tiles_16]
tile_ignore="-1"
[lvl_tiles_15]
tile_ignore="-1"
[lvl_tiles_14]
tile_ignore="-1"
[lvl_tiles_13]
tile_ignore="-1"
[lvl_tiles_12]
tile_ignore="-1"
[lvl_tiles_11]
tile_ignore="-1"
[lvl_tiles_10]
tile_ignore="-1"
[lvl_tiles_9]
tile_ignore="-1"
[lvl_tiles_8]
tile_ignore="-1"
[lvl_tiles_7]
tile_ignore="-1"
[lvl_tiles_6]
tile_ignore="-1"
[lvl_tiles_5]
tile_ignore="-1"
[lvl_tiles_4]
tile_ignore="-1"
[lvl_tiles_3]
tile_ignore="-1"
[lvl_tiles_2]
tile_ignore="-1"
[lvl_tiles_1]
tile_ignore="-1"
[lvl_tiles_0]
tile_ignore="-1"
[lvl_hd]
lvl_npc_count="16"
lvl_obj_count="93"
lvl_tile_count="601"
version_number="1221"
lvl_best_time="600000"
lvl_char="All"
lvl_win_condition="0"
lvl_weather="0"
lvl_description=""
lvl_author="Vela"
lvl_name="Lagoon Hub 1"
