[lvl_health]
health="14"
[lvl_objects_39]
obj_item="0"
obj_asset="230"
obj_y="0"
obj_x="0"
[lvl_objects_38]
obj_item="0"
obj_asset="786"
obj_y="2472"
obj_x="2322"
[lvl_objects_37]
obj_item="0"
obj_asset="786"
obj_y="2504"
obj_x="2354"
[lvl_objects_36]
obj_item="0"
obj_asset="212"
obj_y="2408"
obj_x="2614"
[lvl_objects_35]
obj_item="0"
obj_asset="212"
obj_y="2280"
obj_x="2632"
[lvl_objects_34]
obj_item="0"
obj_asset="214"
obj_y="2408"
obj_x="2646"
[lvl_objects_33]
obj_item="0"
obj_asset="212"
obj_y="2408"
obj_x="2678"
[lvl_objects_32]
obj_item="0"
obj_asset="212"
obj_y="2280"
obj_x="2664"
[lvl_objects_31]
obj_item="0"
obj_asset="786"
obj_y="2440"
obj_x="2290"
[lvl_objects_30]
obj_item="0"
obj_asset="786"
obj_y="2408"
obj_x="2258"
[lvl_objects_29]
obj_item="0"
obj_asset="786"
obj_y="2376"
obj_x="2226"
[lvl_objects_28]
obj_item="0"
obj_asset="786"
obj_y="2472"
obj_x="2162"
[lvl_objects_27]
obj_item="0"
obj_asset="786"
obj_y="2440"
obj_x="2130"
[lvl_objects_26]
obj_item="0"
obj_asset="786"
obj_y="2408"
obj_x="2098"
[lvl_objects_25]
obj_item="0"
obj_asset="786"
obj_y="2376"
obj_x="2066"
[lvl_objects_24]
obj_item="0"
obj_asset="786"
obj_y="2312"
obj_x="2002"
[lvl_objects_23]
obj_item="0"
obj_asset="786"
obj_y="2280"
obj_x="1970"
[lvl_objects_22]
obj_item="0"
obj_asset="786"
obj_y="2216"
obj_x="1906"
[lvl_objects_21]
obj_item="0"
obj_asset="786"
obj_y="2248"
obj_x="1938"
[lvl_objects_20]
obj_item="0"
obj_asset="236"
obj_y="2824"
obj_x="1842"
[lvl_objects_19]
obj_item="0"
obj_asset="380"
obj_y="0"
obj_x="4400"
[lvl_objects_18]
obj_item="0"
obj_asset="433"
obj_y="2929"
obj_x="437"
[lvl_objects_17]
obj_item="0"
obj_asset="433"
obj_y="2929"
obj_x="709"
[lvl_objects_16]
obj_item="0"
obj_asset="433"
obj_y="2929"
obj_x="1728"
[lvl_objects_15]
obj_item="0"
obj_asset="140"
obj_y="2272"
obj_x="2592"
[lvl_objects_14]
obj_item="0"
obj_asset="840"
obj_y="2696"
obj_x="2448"
[lvl_objects_13]
obj_item="0"
obj_asset="840"
obj_y="2568"
obj_x="2448"
[lvl_objects_12]
obj_item="0"
obj_asset="842"
obj_y="2696"
obj_x="2480"
[lvl_objects_11]
obj_item="0"
obj_asset="842"
obj_y="2568"
obj_x="2480"
[lvl_npcs_2]
npc_emotion_1="3"
npc_emotion_0="3"
spade_string_1=""
spade_string_0=""
milla_string_1=""
milla_string_0=""
carol_string_1=""
carol_string_0=""
lilac_string_1=""
lilac_string_0=""
npc_string_1="We apologize for #disruptions due #to renovations!"
npc_string_0="Welcome to Shang #Mu Academy #Temple!"
npc_direction="1"
npc_emotion="3"
npc_object="7"
npc_y="2824"
npc_x="2258"
[lvl_objects_10]
obj_ignore="-1"
[lvl_npcs_1]
npc_emotion_1="4"
npc_emotion_0="1"
spade_string_1=""
spade_string_0=""
milla_string_1=""
milla_string_0=""
carol_string_1=""
carol_string_0=""
lilac_string_1=""
lilac_string_0=""
npc_string_1="But I was not #prepared for #robots with guns"
npc_string_0="Well... Keeping up #hasn't been #easy, I'll say."
npc_direction="-1"
npc_emotion="1"
npc_object="29"
npc_y="2216"
npc_x="2032"
[lvl_objects_9]
obj_ignore="-1"
[lvl_npcs_0]
npc_emotion_1="5"
npc_emotion_0="1"
spade_string_1=""
spade_string_0=""
milla_string_1=""
milla_string_0=""
carol_string_1=""
carol_string_0=""
lilac_string_1=""
lilac_string_0=""
npc_string_1="Beating up #robots is so #much fun!"
npc_string_0="So, what do you #think of our #training so far?"
npc_direction="1"
npc_emotion="1"
npc_object="5"
npc_y="2216"
npc_x="1944"
[lvl_objects_8]
obj_ignore="-1"
[lvl_objects_7]
obj_item="0"
obj_asset="133"
obj_y="3128"
obj_x="1016"
[lvl_objects_6]
obj_item="0"
obj_asset="134"
obj_y="2176"
obj_x="0"
[lvl_objects_5]
obj_item="0"
obj_asset="135"
obj_y="2734"
obj_x="2756"
[lvl_objects_4]
obj_item="0"
obj_asset="132"
obj_y="1832"
obj_x="2016"
[lvl_objects_3]
obj_item="0"
obj_asset="129"
obj_y="2928"
obj_x="568"
[lvl_objects_2]
obj_item="0"
obj_asset="136"
obj_y="3032"
obj_x="0"
[lvl_objects_1]
obj_ignore="-1"
[lvl_objects_0]
obj_ignore="-1"
[lvl_tiles_705]
tile_asset="76"
tile_yscale="1"
tile_xscale="1"
tile_alpha="1"
tile_depth="-4"
tile_y="2676"
tile_x="2123"
[lvl_tiles_704]
tile_asset="185"
tile_yscale="1"
tile_xscale="1"
tile_alpha="1"
tile_depth="-3"
tile_y="2856"
tile_x="2642"
[lvl_tiles_703]
tile_asset="185"
tile_yscale="1"
tile_xscale="1"
tile_alpha="1"
tile_depth="-3"
tile_y="2856"
tile_x="2610"
[lvl_tiles_702]
tile_asset="185"
tile_yscale="1"
tile_xscale="1"
tile_alpha="1"
tile_depth="-3"
tile_y="2856"
tile_x="2546"
[lvl_tiles_701]
tile_asset="185"
tile_yscale="1"
tile_xscale="1"
tile_alpha="1"
tile_depth="-3"
tile_y="2856"
tile_x="2514"
[lvl_tiles_700]
tile_asset="185"
tile_yscale="1"
tile_xscale="1"
tile_alpha="1"
tile_depth="-3"
tile_y="2856"
tile_x="2450"
[lvl_tiles_699]
tile_asset="185"
tile_yscale="1"
tile_xscale="1"
tile_alpha="1"
tile_depth="-3"
tile_y="2856"
tile_x="2418"
[lvl_tiles_698]
tile_asset="185"
tile_yscale="1"
tile_xscale="1"
tile_alpha="1"
tile_depth="-3"
tile_y="2856"
tile_x="2354"
[lvl_tiles_697]
tile_asset="185"
tile_yscale="1"
tile_xscale="1"
tile_alpha="1"
tile_depth="-3"
tile_y="2856"
tile_x="2322"
[lvl_tiles_696]
tile_asset="185"
tile_yscale="1"
tile_xscale="1"
tile_alpha="1"
tile_depth="-3"
tile_y="2856"
tile_x="2260"
[lvl_tiles_695]
tile_asset="185"
tile_yscale="1"
tile_xscale="1"
tile_alpha="1"
tile_depth="-3"
tile_y="2856"
tile_x="2226"
[lvl_tiles_694]
tile_asset="76"
tile_yscale="1"
tile_xscale="-1"
tile_alpha="1"
tile_depth="-3"
tile_y="2636"
tile_x="2257"
[lvl_tiles_693]
tile_asset="64"
tile_yscale="1"
tile_xscale="1"
tile_alpha="1"
tile_depth="-3"
tile_y="2695"
tile_x="2225"
[lvl_tiles_692]
tile_asset="489"
tile_yscale="1"
tile_xscale="-1"
tile_alpha="1"
tile_depth="-3"
tile_y="3080"
tile_x="888"
[lvl_tiles_691]
tile_asset="938"
tile_yscale="1"
tile_xscale="-1"
tile_alpha="1"
tile_depth="-2"
tile_y="2472"
tile_x="2718"
[lvl_tiles_690]
tile_asset="79"
tile_yscale="1"
tile_xscale="1"
tile_alpha="1"
tile_depth="-2"
tile_y="2750"
tile_x="792"
[lvl_tiles_689]
tile_asset="79"
tile_yscale="1"
tile_xscale="1"
tile_alpha="1"
tile_depth="-2"
tile_y="2752"
tile_x="280"
[lvl_tiles_688]
tile_asset="186"
tile_yscale="1"
tile_xscale="1"
tile_alpha="1"
tile_depth="-2"
tile_y="2856"
tile_x="2226"
[lvl_tiles_687]
tile_asset="186"
tile_yscale="1"
tile_xscale="1"
tile_alpha="1"
tile_depth="-2"
tile_y="2856"
tile_x="2322"
[lvl_tiles_686]
tile_asset="186"
tile_yscale="1"
tile_xscale="1"
tile_alpha="1"
tile_depth="-2"
tile_y="2856"
tile_x="2418"
[lvl_tiles_685]
tile_asset="186"
tile_yscale="1"
tile_xscale="1"
tile_alpha="1"
tile_depth="-2"
tile_y="2856"
tile_x="2514"
[lvl_tiles_684]
tile_asset="186"
tile_yscale="1"
tile_xscale="1"
tile_alpha="1"
tile_depth="-2"
tile_y="2856"
tile_x="2610"
[lvl_tiles_683]
tile_asset="62"
tile_yscale="1"
tile_xscale="1"
tile_alpha="1"
tile_depth="-2"
tile_y="2697"
tile_x="2322"
[lvl_tiles_682]
tile_asset="62"
tile_yscale="1"
tile_xscale="1"
tile_alpha="1"
tile_depth="-2"
tile_y="2697"
tile_x="2418"
[lvl_tiles_681]
tile_asset="62"
tile_yscale="1"
tile_xscale="1"
tile_alpha="1"
tile_depth="-2"
tile_y="2697"
tile_x="2514"
[lvl_tiles_680]
tile_asset="62"
tile_yscale="1"
tile_xscale="1"
tile_alpha="1"
tile_depth="-2"
tile_y="2697"
tile_x="2610"
[lvl_tiles_679]
tile_asset="76"
tile_yscale="1"
tile_xscale="1"
tile_alpha="1"
tile_depth="-2"
tile_y="2492"
tile_x="1974"
[lvl_tiles_678]
tile_asset="66"
tile_yscale="1"
tile_xscale="1"
tile_alpha="1"
tile_depth="-2"
tile_y="2696"
tile_x="2226"
[lvl_tiles_677]
tile_asset="0"
tile_yscale="1"
tile_xscale="1"
tile_alpha="1"
tile_depth="-2"
tile_y="2824"
tile_x="2226"
[lvl_tiles_676]
tile_asset="65"
tile_yscale="1"
tile_xscale="1"
tile_alpha="1"
tile_depth="-2"
tile_y="2672"
tile_x="1360"
[lvl_tiles_675]
tile_asset="70"
tile_yscale="1"
tile_xscale="1"
tile_alpha="1"
tile_depth="-2"
tile_y="2904"
tile_x="206"
[lvl_tiles_674]
tile_asset="70"
tile_yscale="1"
tile_xscale="1"
tile_alpha="1"
tile_depth="-2"
tile_y="2904"
tile_x="-50"
[lvl_tiles_673]
tile_asset="70"
tile_yscale="1"
tile_xscale="1"
tile_alpha="1"
tile_depth="-2"
tile_y="2904"
tile_x="14"
[lvl_tiles_672]
tile_asset="70"
tile_yscale="1"
tile_xscale="1"
tile_alpha="1"
tile_depth="-2"
tile_y="2904"
tile_x="78"
[lvl_tiles_671]
tile_asset="70"
tile_yscale="1"
tile_xscale="1"
tile_alpha="1"
tile_depth="-2"
tile_y="2904"
tile_x="142"
[lvl_tiles_670]
tile_asset="272"
tile_yscale="1"
tile_xscale="1"
tile_alpha="1"
tile_depth="-2"
tile_y="2928"
tile_x="184"
[lvl_tiles_669]
tile_asset="81"
tile_yscale="1"
tile_xscale="1"
tile_alpha="1"
tile_depth="-2"
tile_y="2884"
tile_x="1232"
[lvl_tiles_668]
tile_asset="493"
tile_yscale="1"
tile_xscale="1"
tile_alpha="1"
tile_depth="-2"
tile_y="3088"
tile_x="762"
[lvl_tiles_667]
tile_asset="492"
tile_yscale="1"
tile_xscale="1"
tile_alpha="1"
tile_depth="-2"
tile_y="3080"
tile_x="824"
[lvl_tiles_666]
tile_asset="492"
tile_yscale="1"
tile_xscale="1"
tile_alpha="1"
tile_depth="-2"
tile_y="3080"
tile_x="824"
[lvl_tiles_665]
tile_asset="490"
tile_yscale="1"
tile_xscale="1"
tile_alpha="1"
tile_depth="-2"
tile_y="3016"
tile_x="824"
[lvl_tiles_664]
tile_asset="321"
tile_yscale="1"
tile_xscale="1"
tile_alpha="1"
tile_depth="-2"
tile_y="2952"
tile_x="184"
[lvl_tiles_663]
tile_asset="321"
tile_yscale="1"
tile_xscale="1"
tile_alpha="1"
tile_depth="-2"
tile_y="2952"
tile_x="232"
[lvl_tiles_662]
tile_asset="910"
tile_yscale="1"
tile_xscale="1"
tile_alpha="1"
tile_depth="-1"
tile_y="2770"
tile_x="792"
[lvl_tiles_661]
tile_asset="910"
tile_yscale="1"
tile_xscale="1"
tile_alpha="1"
tile_depth="-1"
tile_y="2768"
tile_x="280"
[lvl_tiles_660]
tile_asset="14"
tile_yscale="1"
tile_xscale="1"
tile_alpha="1"
tile_depth="-1"
tile_y="2824"
tile_x="2994"
[lvl_tiles_659]
tile_asset="186"
tile_yscale="1"
tile_xscale="1"
tile_alpha="1"
tile_depth="-1"
tile_y="2984"
tile_x="2610"
[lvl_tiles_658]
tile_asset="186"
tile_yscale="1"
tile_xscale="1"
tile_alpha="1"
tile_depth="-1"
tile_y="2984"
tile_x="2514"
[lvl_tiles_657]
tile_asset="186"
tile_yscale="1"
tile_xscale="1"
tile_alpha="1"
tile_depth="-1"
tile_y="2984"
tile_x="2418"
[lvl_tiles_656]
tile_asset="186"
tile_yscale="1"
tile_xscale="1"
tile_alpha="1"
tile_depth="-1"
tile_y="2920"
tile_x="2610"
[lvl_tiles_655]
tile_asset="186"
tile_yscale="1"
tile_xscale="1"
tile_alpha="1"
tile_depth="-1"
tile_y="2920"
tile_x="2514"
[lvl_tiles_654]
tile_asset="186"
tile_yscale="1"
tile_xscale="1"
tile_alpha="1"
tile_depth="-1"
tile_y="2856"
tile_x="2418"
[lvl_tiles_653]
tile_asset="186"
tile_yscale="1"
tile_xscale="1"
tile_alpha="1"
tile_depth="-1"
tile_y="2920"
tile_x="2418"
[lvl_tiles_652]
tile_asset="186"
tile_yscale="1"
tile_xscale="1"
tile_alpha="1"
tile_depth="-1"
tile_y="2984"
tile_x="2226"
[lvl_tiles_651]
tile_asset="186"
tile_yscale="1"
tile_xscale="1"
tile_alpha="1"
tile_depth="-1"
tile_y="2920"
tile_x="2226"
[lvl_tiles_650]
tile_asset="186"
tile_yscale="1"
tile_xscale="1"
tile_alpha="1"
tile_depth="-1"
tile_y="2984"
tile_x="2322"
[lvl_tiles_649]
tile_asset="186"
tile_yscale="1"
tile_xscale="1"
tile_alpha="1"
tile_depth="-1"
tile_y="2920"
tile_x="2322"
[lvl_tiles_648]
tile_asset="186"
tile_yscale="1"
tile_xscale="1"
tile_alpha="1"
tile_depth="-1"
tile_y="2856"
tile_x="2226"
[lvl_tiles_647]
tile_asset="186"
tile_yscale="1"
tile_xscale="1"
tile_alpha="1"
tile_depth="-1"
tile_y="2856"
tile_x="2322"
[lvl_tiles_646]
tile_asset="186"
tile_yscale="1"
tile_xscale="1"
tile_alpha="1"
tile_depth="-1"
tile_y="2856"
tile_x="2610"
[lvl_tiles_645]
tile_asset="186"
tile_yscale="1"
tile_xscale="1"
tile_alpha="1"
tile_depth="-1"
tile_y="2856"
tile_x="2514"
[lvl_tiles_644]
tile_asset="64"
tile_yscale="1"
tile_xscale="1"
tile_alpha="1"
tile_depth="-1"
tile_y="2696"
tile_x="2610"
[lvl_tiles_643]
tile_asset="64"
tile_yscale="1"
tile_xscale="1"
tile_alpha="1"
tile_depth="-1"
tile_y="2696"
tile_x="2482"
[lvl_tiles_642]
tile_asset="64"
tile_yscale="1"
tile_xscale="1"
tile_alpha="1"
tile_depth="-1"
tile_y="2696"
tile_x="2354"
[lvl_tiles_641]
tile_asset="76"
tile_yscale="1"
tile_xscale="1"
tile_alpha="1"
tile_depth="-1"
tile_y="2534"
tile_x="2004"
[lvl_tiles_640]
tile_asset="76"
tile_yscale="1"
tile_xscale="1"
tile_alpha="1"
tile_depth="-1"
tile_y="2632"
tile_x="1978"
[lvl_tiles_639]
tile_asset="76"
tile_yscale="1"
tile_xscale="1"
tile_alpha="1"
tile_depth="-1"
tile_y="2534"
tile_x="2120"
[lvl_tiles_638]
tile_asset="92"
tile_yscale="1"
tile_xscale="1"
tile_alpha="1"
tile_depth="-1"
tile_y="2818"
tile_x="2212"
[lvl_tiles_637]
tile_asset="65"
tile_yscale="1"
tile_xscale="1"
tile_alpha="1"
tile_depth="-1"
tile_y="2672"
tile_x="1040"
[lvl_tiles_636]
tile_asset="93"
tile_yscale="1"
tile_xscale="1"
tile_alpha="1"
tile_depth="-1"
tile_y="2840"
tile_x="1970"
[lvl_tiles_635]
tile_asset="408"
tile_yscale="1"
tile_xscale="1"
tile_alpha="1"
tile_depth="-1"
tile_y="2860"
tile_x="328"
[lvl_tiles_634]
tile_asset="71"
tile_yscale="-1"
tile_xscale="1"
tile_alpha="1"
tile_depth="-1"
tile_y="2944"
tile_x="264"
[lvl_tiles_633]
tile_asset="72"
tile_yscale="1"
tile_xscale="1"
tile_alpha="1"
tile_depth="-1"
tile_y="2734"
tile_x="422"
[lvl_tiles_632]
tile_asset="72"
tile_yscale="1"
tile_xscale="1"
tile_alpha="1"
tile_depth="-1"
tile_y="2734"
tile_x="694"
[lvl_tiles_631]
tile_asset="66"
tile_yscale="1"
tile_xscale="1"
tile_alpha="1"
tile_depth="-1"
tile_y="2544"
tile_x="566"
[lvl_tiles_630]
tile_asset="66"
tile_yscale="1"
tile_xscale="1"
tile_alpha="1"
tile_depth="-1"
tile_y="2544"
tile_x="502"
[lvl_tiles_629]
tile_asset="92"
tile_yscale="1"
tile_xscale="1"
tile_alpha="1"
tile_depth="-1"
tile_y="2818"
tile_x="2148"
[lvl_tiles_628]
tile_asset="92"
tile_yscale="1"
tile_xscale="1"
tile_alpha="1"
tile_depth="-1"
tile_y="2818"
tile_x="2084"
[lvl_tiles_627]
tile_asset="92"
tile_yscale="1"
tile_xscale="1"
tile_alpha="1"
tile_depth="-1"
tile_y="2818"
tile_x="2020"
[lvl_tiles_626]
tile_asset="92"
tile_yscale="1"
tile_xscale="1"
tile_alpha="1"
tile_depth="-1"
tile_y="2818"
tile_x="2020"
[lvl_tiles_625]
tile_asset="92"
tile_yscale="1"
tile_xscale="1"
tile_alpha="1"
tile_depth="-1"
tile_y="2818"
tile_x="1956"
[lvl_tiles_624]
tile_asset="14"
tile_yscale="1"
tile_xscale="1"
tile_alpha="1"
tile_depth="-1"
tile_y="3120"
tile_x="1576"
[lvl_tiles_623]
tile_asset="14"
tile_yscale="1"
tile_xscale="1"
tile_alpha="1"
tile_depth="-1"
tile_y="3088"
tile_x="1576"
[lvl_tiles_622]
tile_asset="14"
tile_yscale="1"
tile_xscale="1"
tile_alpha="1"
tile_depth="-1"
tile_y="3056"
tile_x="1576"
[lvl_tiles_621]
tile_asset="14"
tile_yscale="1"
tile_xscale="1"
tile_alpha="1"
tile_depth="-1"
tile_y="3024"
tile_x="1576"
[lvl_tiles_620]
tile_asset="14"
tile_yscale="1"
tile_xscale="1"
tile_alpha="1"
tile_depth="-1"
tile_y="2992"
tile_x="1576"
[lvl_tiles_619]
tile_asset="14"
tile_yscale="1"
tile_xscale="1"
tile_alpha="1"
tile_depth="-1"
tile_y="2960"
tile_x="1576"
[lvl_tiles_618]
tile_asset="14"
tile_yscale="1"
tile_xscale="1"
tile_alpha="1"
tile_depth="-1"
tile_y="2960"
tile_x="1576"
[lvl_tiles_617]
tile_asset="14"
tile_yscale="1"
tile_xscale="1"
tile_alpha="1"
tile_depth="-1"
tile_y="2928"
tile_x="1576"
[lvl_tiles_616]
tile_asset="15"
tile_yscale="1"
tile_xscale="1"
tile_alpha="1"
tile_depth="-1"
tile_y="2960"
tile_x="1488"
[lvl_tiles_615]
tile_asset="81"
tile_yscale="1"
tile_xscale="-1"
tile_alpha="1"
tile_depth="-1"
tile_y="2884"
tile_x="1488"
[lvl_tiles_614]
tile_asset="80"
tile_yscale="1"
tile_xscale="-1"
tile_alpha="1"
tile_depth="-1"
tile_y="2870"
tile_x="1488"
[lvl_tiles_613]
tile_asset="15"
tile_yscale="1"
tile_xscale="1"
tile_alpha="1"
tile_depth="-1"
tile_y="2928"
tile_x="1128"
[lvl_tiles_612]
tile_asset="15"
tile_yscale="1"
tile_xscale="1"
tile_alpha="1"
tile_depth="-1"
tile_y="3088"
tile_x="1128"
[lvl_tiles_611]
tile_asset="15"
tile_yscale="1"
tile_xscale="1"
tile_alpha="1"
tile_depth="-1"
tile_y="3056"
tile_x="1128"
[lvl_tiles_610]
tile_asset="15"
tile_yscale="1"
tile_xscale="1"
tile_alpha="1"
tile_depth="-1"
tile_y="3024"
tile_x="1128"
[lvl_tiles_609]
tile_asset="15"
tile_yscale="1"
tile_xscale="1"
tile_alpha="1"
tile_depth="-1"
tile_y="2992"
tile_x="1128"
[lvl_tiles_608]
tile_asset="15"
tile_yscale="1"
tile_xscale="1"
tile_alpha="1"
tile_depth="-1"
tile_y="2960"
tile_x="1128"
[lvl_tiles_607]
tile_asset="805"
tile_yscale="1"
tile_xscale="1"
tile_alpha="1"
tile_depth="-1"
tile_y="2976"
tile_x="1012"
[lvl_tiles_606]
tile_asset="279"
tile_yscale="1"
tile_xscale="1"
tile_alpha="1"
tile_depth="-1"
tile_y="3000"
tile_x="1016"
[lvl_tiles_605]
tile_asset="493"
tile_yscale="1"
tile_xscale="1"
tile_alpha="1"
tile_depth="-1"
tile_y="3016"
tile_x="888"
[lvl_tiles_604]
tile_asset="493"
tile_yscale="1"
tile_xscale="1"
tile_alpha="1"
tile_depth="-1"
tile_y="3016"
tile_x="952"
[lvl_tiles_603]
tile_asset="320"
tile_yscale="1"
tile_xscale="1"
tile_alpha="1"
tile_depth="-1"
tile_y="2896"
tile_x="792"
[lvl_tiles_602]
tile_asset="320"
tile_yscale="1"
tile_xscale="1"
tile_alpha="1"
tile_depth="-1"
tile_y="2896"
tile_x="792"
[lvl_tiles_601]
tile_asset="320"
tile_yscale="1"
tile_xscale="1"
tile_alpha="1"
tile_depth="-1"
tile_y="2896"
tile_x="280"
[lvl_tiles_600]
tile_asset="320"
tile_yscale="1"
tile_xscale="1"
tile_alpha="1"
tile_depth="-1"
tile_y="2896"
tile_x="280"
[lvl_tiles_599]
tile_asset="489"
tile_yscale="1"
tile_xscale="1"
tile_alpha="1"
tile_depth="-1"
tile_y="2952"
tile_x="632"
[lvl_tiles_598]
tile_asset="489"
tile_yscale="1"
tile_xscale="1"
tile_alpha="1"
tile_depth="-1"
tile_y="3080"
tile_x="632"
[lvl_tiles_597]
tile_asset="489"
tile_yscale="1"
tile_xscale="-1"
tile_alpha="1"
tile_depth="-1"
tile_y="2952"
tile_x="888"
[lvl_tiles_596]
tile_asset="489"
tile_yscale="1"
tile_xscale="-1"
tile_alpha="1"
tile_depth="-1"
tile_y="3080"
tile_x="504"
[lvl_tiles_595]
tile_asset="489"
tile_yscale="1"
tile_xscale="-1"
tile_alpha="1"
tile_depth="-1"
tile_y="2952"
tile_x="504"
[lvl_tiles_594]
tile_asset="320"
tile_yscale="1"
tile_xscale="1"
tile_alpha="1"
tile_depth="-1"
tile_y="2896"
tile_x="612"
[lvl_tiles_593]
tile_asset="320"
tile_yscale="1"
tile_xscale="1"
tile_alpha="1"
tile_depth="-1"
tile_y="2736"
tile_x="612"
[lvl_tiles_592]
tile_asset="320"
tile_yscale="1"
tile_xscale="1"
tile_alpha="1"
tile_depth="-1"
tile_y="2768"
tile_x="612"
[lvl_tiles_591]
tile_asset="320"
tile_yscale="1"
tile_xscale="1"
tile_alpha="1"
tile_depth="-1"
tile_y="2800"
tile_x="612"
[lvl_tiles_590]
tile_asset="320"
tile_yscale="1"
tile_xscale="1"
tile_alpha="1"
tile_depth="-1"
tile_y="2832"
tile_x="612"
[lvl_tiles_589]
tile_asset="320"
tile_yscale="1"
tile_xscale="1"
tile_alpha="1"
tile_depth="-1"
tile_y="2864"
tile_x="612"
[lvl_tiles_588]
tile_asset="320"
tile_yscale="1"
tile_xscale="1"
tile_alpha="1"
tile_depth="-1"
tile_y="2896"
tile_x="492"
[lvl_tiles_587]
tile_asset="320"
tile_yscale="1"
tile_xscale="1"
tile_alpha="1"
tile_depth="-1"
tile_y="2736"
tile_x="492"
[lvl_tiles_586]
tile_asset="320"
tile_yscale="1"
tile_xscale="1"
tile_alpha="1"
tile_depth="-1"
tile_y="2768"
tile_x="492"
[lvl_tiles_585]
tile_asset="320"
tile_yscale="1"
tile_xscale="1"
tile_alpha="1"
tile_depth="-1"
tile_y="2800"
tile_x="492"
[lvl_tiles_584]
tile_asset="320"
tile_yscale="1"
tile_xscale="1"
tile_alpha="1"
tile_depth="-1"
tile_y="2832"
tile_x="492"
[lvl_tiles_583]
tile_asset="320"
tile_yscale="1"
tile_xscale="1"
tile_alpha="1"
tile_depth="-1"
tile_y="2864"
tile_x="492"
[lvl_tiles_582]
tile_asset="185"
tile_yscale="1"
tile_xscale="1"
tile_alpha="1"
tile_depth="-1"
tile_y="2952"
tile_x="220"
[lvl_tiles_581]
tile_asset="185"
tile_yscale="1"
tile_xscale="1"
tile_alpha="1"
tile_depth="-1"
tile_y="2952"
tile_x="188"
[lvl_tiles_580]
tile_asset="186"
tile_yscale="1"
tile_xscale="1"
tile_alpha="1"
tile_depth="-1"
tile_y="2976"
tile_x="188"
[lvl_tiles_579]
tile_ignore="-1"
[lvl_tiles_578]
tile_asset="93"
tile_yscale="1"
tile_xscale="1"
tile_alpha="1"
tile_depth="0"
tile_y="3104"
tile_x="1714"
[lvl_tiles_577]
tile_asset="16"
tile_yscale="1"
tile_xscale="1"
tile_alpha="1"
tile_depth="0"
tile_y="2216"
tile_x="2194"
[lvl_tiles_576]
tile_asset="6"
tile_yscale="1"
tile_xscale="1"
tile_alpha="1"
tile_depth="0"
tile_y="2216"
tile_x="2066"
[lvl_tiles_575]
tile_asset="16"
tile_yscale="1"
tile_xscale="1"
tile_alpha="1"
tile_depth="0"
tile_y="1736"
tile_x="2034"
[lvl_tiles_574]
tile_asset="894"
tile_yscale="1"
tile_xscale="1"
tile_alpha="1"
tile_depth="0"
tile_y="1768"
tile_x="2034"
[lvl_tiles_573]
tile_asset="16"
tile_yscale="1"
tile_xscale="1"
tile_alpha="1"
tile_depth="0"
tile_y="1896"
tile_x="2034"
[lvl_tiles_572]
tile_asset="6"
tile_yscale="1"
tile_xscale="1"
tile_alpha="1"
tile_depth="0"
tile_y="1896"
tile_x="1906"
[lvl_tiles_571]
tile_asset="16"
tile_yscale="1"
tile_xscale="1"
tile_alpha="1"
tile_depth="0"
tile_y="1896"
tile_x="1874"
[lvl_tiles_570]
tile_asset="894"
tile_yscale="1"
tile_xscale="1"
tile_alpha="1"
tile_depth="0"
tile_y="1928"
tile_x="1874"
[lvl_tiles_569]
tile_asset="16"
tile_yscale="1"
tile_xscale="1"
tile_alpha="1"
tile_depth="0"
tile_y="2056"
tile_x="1874"
[lvl_tiles_568]
tile_asset="894"
tile_yscale="1"
tile_xscale="1"
tile_alpha="1"
tile_depth="0"
tile_y="2088"
tile_x="1874"
[lvl_tiles_567]
tile_asset="894"
tile_yscale="1"
tile_xscale="1"
tile_alpha="1"
tile_depth="0"
tile_y="2088"
tile_x="1874"
[lvl_tiles_566]
tile_asset="16"
tile_yscale="1"
tile_xscale="1"
tile_alpha="1"
tile_depth="0"
tile_y="2216"
tile_x="1874"
[lvl_tiles_565]
tile_asset="6"
tile_yscale="1"
tile_xscale="1"
tile_alpha="1"
tile_depth="0"
tile_y="2216"
tile_x="1906"
[lvl_tiles_564]
tile_asset="16"
tile_yscale="1"
tile_xscale="1"
tile_alpha="1"
tile_depth="0"
tile_y="2216"
tile_x="2034"
[lvl_tiles_563]
tile_asset="894"
tile_yscale="1"
tile_xscale="1"
tile_alpha="1"
tile_depth="0"
tile_y="2248"
tile_x="2034"
[lvl_tiles_562]
tile_asset="16"
tile_yscale="1"
tile_xscale="1"
tile_alpha="1"
tile_depth="0"
tile_y="2376"
tile_x="2034"
[lvl_tiles_561]
tile_asset="6"
tile_yscale="1"
tile_xscale="1"
tile_alpha="1"
tile_depth="0"
tile_y="2376"
tile_x="2066"
[lvl_tiles_560]
tile_asset="16"
tile_yscale="1"
tile_xscale="1"
tile_alpha="1"
tile_depth="0"
tile_y="2376"
tile_x="2194"
[lvl_tiles_559]
tile_asset="894"
tile_yscale="1"
tile_xscale="1"
tile_alpha="1"
tile_depth="0"
tile_y="2408"
tile_x="2194"
[lvl_tiles_558]
tile_asset="14"
tile_yscale="1"
tile_xscale="1"
tile_alpha="1"
tile_depth="0"
tile_y="2952"
tile_x="3000"
[lvl_tiles_557]
tile_asset="14"
tile_yscale="1"
tile_xscale="1"
tile_alpha="1"
tile_depth="0"
tile_y="2920"
tile_x="3000"
[lvl_tiles_556]
tile_asset="220"
tile_yscale="1"
tile_xscale="1"
tile_alpha="1"
tile_depth="0"
tile_y="2920"
tile_x="2976"
[lvl_tiles_555]
tile_asset="220"
tile_yscale="1"
tile_xscale="1"
tile_alpha="1"
tile_depth="0"
tile_y="2920"
tile_x="2952"
[lvl_tiles_554]
tile_asset="220"
tile_yscale="1"
tile_xscale="1"
tile_alpha="1"
tile_depth="0"
tile_y="2920"
tile_x="2928"
[lvl_tiles_553]
tile_asset="220"
tile_yscale="1"
tile_xscale="1"
tile_alpha="1"
tile_depth="0"
tile_y="2920"
tile_x="2904"
[lvl_tiles_552]
tile_asset="220"
tile_yscale="1"
tile_xscale="1"
tile_alpha="1"
tile_depth="0"
tile_y="2920"
tile_x="2880"
[lvl_tiles_551]
tile_asset="220"
tile_yscale="1"
tile_xscale="1"
tile_alpha="1"
tile_depth="0"
tile_y="2920"
tile_x="2880"
[lvl_tiles_550]
tile_asset="8"
tile_yscale="1"
tile_xscale="1"
tile_alpha="1"
tile_depth="0"
tile_y="3016"
tile_x="2802"
[lvl_tiles_549]
tile_asset="8"
tile_yscale="1"
tile_xscale="1"
tile_alpha="1"
tile_depth="0"
tile_y="2952"
tile_x="2802"
[lvl_tiles_548]
tile_asset="8"
tile_yscale="1"
tile_xscale="1"
tile_alpha="1"
tile_depth="0"
tile_y="2888"
tile_x="2802"
[lvl_tiles_547]
tile_asset="8"
tile_yscale="1"
tile_xscale="1"
tile_alpha="1"
tile_depth="0"
tile_y="2888"
tile_x="2802"
[lvl_tiles_546]
tile_asset="10"
tile_yscale="1"
tile_xscale="1"
tile_alpha="1"
tile_depth="0"
tile_y="2856"
tile_x="2802"
[lvl_tiles_545]
tile_asset="13"
tile_yscale="1"
tile_xscale="1"
tile_alpha="1"
tile_depth="0"
tile_y="2856"
tile_x="2738"
[lvl_tiles_544]
tile_asset="9"
tile_yscale="1"
tile_xscale="1"
tile_alpha="1"
tile_depth="0"
tile_y="2888"
tile_x="2706"
[lvl_tiles_543]
tile_asset="11"
tile_yscale="1"
tile_xscale="1"
tile_alpha="1"
tile_depth="0"
tile_y="2856"
tile_x="2706"
[lvl_tiles_542]
tile_asset="16"
tile_yscale="1"
tile_xscale="1"
tile_alpha="1"
tile_depth="0"
tile_y="2536"
tile_x="2738"
[lvl_tiles_541]
tile_asset="16"
tile_yscale="1"
tile_xscale="1"
tile_alpha="1"
tile_depth="0"
tile_y="2536"
tile_x="2194"
[lvl_tiles_540]
tile_asset="14"
tile_yscale="1"
tile_xscale="1"
tile_alpha="1"
tile_depth="0"
tile_y="3080"
tile_x="2880"
[lvl_tiles_539]
tile_asset="14"
tile_yscale="1"
tile_xscale="1"
tile_alpha="1"
tile_depth="0"
tile_y="3048"
tile_x="2880"
[lvl_tiles_538]
tile_asset="14"
tile_yscale="1"
tile_xscale="1"
tile_alpha="1"
tile_depth="0"
tile_y="3016"
tile_x="2880"
[lvl_tiles_537]
tile_asset="14"
tile_yscale="1"
tile_xscale="1"
tile_alpha="1"
tile_depth="0"
tile_y="2984"
tile_x="2880"
[lvl_tiles_536]
tile_asset="14"
tile_yscale="1"
tile_xscale="1"
tile_alpha="1"
tile_depth="0"
tile_y="2888"
tile_x="2880"
[lvl_tiles_535]
tile_asset="14"
tile_yscale="1"
tile_xscale="1"
tile_alpha="1"
tile_depth="0"
tile_y="2856"
tile_x="2880"
[lvl_tiles_534]
tile_asset="14"
tile_yscale="1"
tile_xscale="1"
tile_alpha="1"
tile_depth="0"
tile_y="2856"
tile_x="2880"
[lvl_tiles_533]
tile_asset="15"
tile_yscale="1"
tile_xscale="1"
tile_alpha="1"
tile_depth="0"
tile_y="3080"
tile_x="2840"
[lvl_tiles_532]
tile_asset="15"
tile_yscale="1"
tile_xscale="1"
tile_alpha="1"
tile_depth="0"
tile_y="3048"
tile_x="2840"
[lvl_tiles_531]
tile_asset="15"
tile_yscale="1"
tile_xscale="1"
tile_alpha="1"
tile_depth="0"
tile_y="3016"
tile_x="2840"
[lvl_tiles_530]
tile_asset="15"
tile_yscale="1"
tile_xscale="1"
tile_alpha="1"
tile_depth="0"
tile_y="2984"
tile_x="2840"
[lvl_tiles_529]
tile_asset="15"
tile_yscale="1"
tile_xscale="1"
tile_alpha="1"
tile_depth="0"
tile_y="2952"
tile_x="2840"
[lvl_tiles_528]
tile_asset="15"
tile_yscale="1"
tile_xscale="1"
tile_alpha="1"
tile_depth="0"
tile_y="2920"
tile_x="2840"
[lvl_tiles_527]
tile_asset="15"
tile_yscale="1"
tile_xscale="1"
tile_alpha="1"
tile_depth="0"
tile_y="2888"
tile_x="2840"
[lvl_tiles_526]
tile_asset="15"
tile_yscale="1"
tile_xscale="1"
tile_alpha="1"
tile_depth="0"
tile_y="2856"
tile_x="2840"
[lvl_tiles_525]
tile_asset="15"
tile_yscale="1"
tile_xscale="1"
tile_alpha="1"
tile_depth="0"
tile_y="2856"
tile_x="2840"
[lvl_tiles_524]
tile_asset="220"
tile_yscale="1"
tile_xscale="1"
tile_alpha="1"
tile_depth="0"
tile_y="3048"
tile_x="2856"
[lvl_tiles_523]
tile_asset="220"
tile_yscale="1"
tile_xscale="1"
tile_alpha="1"
tile_depth="0"
tile_y="2984"
tile_x="2856"
[lvl_tiles_522]
tile_asset="220"
tile_yscale="1"
tile_xscale="1"
tile_alpha="1"
tile_depth="0"
tile_y="2920"
tile_x="2856"
[lvl_tiles_521]
tile_asset="220"
tile_yscale="1"
tile_xscale="1"
tile_alpha="1"
tile_depth="0"
tile_y="2856"
tile_x="2856"
[lvl_tiles_520]
tile_asset="220"
tile_yscale="1"
tile_xscale="1"
tile_alpha="1"
tile_depth="0"
tile_y="2856"
tile_x="2856"
[lvl_tiles_519]
tile_asset="6"
tile_yscale="1"
tile_xscale="1"
tile_alpha="1"
tile_depth="0"
tile_y="2824"
tile_x="2866"
[lvl_tiles_518]
tile_asset="6"
tile_yscale="1"
tile_xscale="1"
tile_alpha="1"
tile_depth="0"
tile_y="2824"
tile_x="2738"
[lvl_tiles_517]
tile_asset="20"
tile_yscale="1"
tile_xscale="1"
tile_alpha="1"
tile_depth="0"
tile_y="2824"
tile_x="2706"
[lvl_tiles_516]
tile_asset="190"
tile_yscale="1"
tile_xscale="1"
tile_alpha="1"
tile_depth="0"
tile_y="2536"
tile_x="2226"
[lvl_tiles_515]
tile_asset="190"
tile_yscale="1"
tile_xscale="1"
tile_alpha="1"
tile_depth="0"
tile_y="2536"
tile_x="2354"
[lvl_tiles_514]
tile_asset="190"
tile_yscale="1"
tile_xscale="1"
tile_alpha="1"
tile_depth="0"
tile_y="2536"
tile_x="2482"
[lvl_tiles_513]
tile_asset="190"
tile_yscale="1"
tile_xscale="1"
tile_alpha="1"
tile_depth="0"
tile_y="2536"
tile_x="2610"
[lvl_tiles_512]
tile_asset="190"
tile_yscale="1"
tile_xscale="1"
tile_alpha="1"
tile_depth="0"
tile_y="2536"
tile_x="2610"
[lvl_tiles_511]
tile_asset="29"
tile_yscale="1"
tile_xscale="1"
tile_alpha="1"
tile_depth="0"
tile_y="2984"
tile_x="2674"
[lvl_tiles_510]
tile_asset="29"
tile_yscale="1"
tile_xscale="1"
tile_alpha="1"
tile_depth="0"
tile_y="2984"
tile_x="2482"
[lvl_tiles_509]
tile_asset="3"
tile_yscale="1"
tile_xscale="1"
tile_alpha="1"
tile_depth="0"
tile_y="2984"
tile_x="2578"
[lvl_tiles_508]
tile_asset="3"
tile_yscale="1"
tile_xscale="1"
tile_alpha="1"
tile_depth="0"
tile_y="2920"
tile_x="2674"
[lvl_tiles_507]
tile_asset="29"
tile_yscale="1"
tile_xscale="1"
tile_alpha="1"
tile_depth="0"
tile_y="2920"
tile_x="2578"
[lvl_tiles_506]
tile_asset="3"
tile_yscale="1"
tile_xscale="1"
tile_alpha="1"
tile_depth="0"
tile_y="2856"
tile_x="2578"
[lvl_tiles_505]
tile_asset="3"
tile_yscale="1"
tile_xscale="1"
tile_alpha="1"
tile_depth="0"
tile_y="2920"
tile_x="2482"
[lvl_tiles_504]
tile_asset="29"
tile_yscale="1"
tile_xscale="1"
tile_alpha="1"
tile_depth="0"
tile_y="2856"
tile_x="2674"
[lvl_tiles_503]
tile_asset="29"
tile_yscale="1"
tile_xscale="1"
tile_alpha="1"
tile_depth="0"
tile_y="2856"
tile_x="2482"
[lvl_tiles_502]
tile_asset="7"
tile_yscale="1"
tile_xscale="1"
tile_alpha="1"
tile_depth="0"
tile_y="2824"
tile_x="2674"
[lvl_tiles_501]
tile_asset="0"
tile_yscale="1"
tile_xscale="1"
tile_alpha="1"
tile_depth="0"
tile_y="2824"
tile_x="2610"
[lvl_tiles_500]
tile_asset="7"
tile_yscale="1"
tile_xscale="1"
tile_alpha="1"
tile_depth="0"
tile_y="2824"
tile_x="2578"
[lvl_tiles_499]
tile_asset="0"
tile_yscale="1"
tile_xscale="1"
tile_alpha="1"
tile_depth="0"
tile_y="2824"
tile_x="2514"
[lvl_tiles_498]
tile_asset="3"
tile_yscale="1"
tile_xscale="1"
tile_alpha="1"
tile_depth="0"
tile_y="2984"
tile_x="2386"
[lvl_tiles_497]
tile_asset="29"
tile_yscale="1"
tile_xscale="1"
tile_alpha="1"
tile_depth="0"
tile_y="2984"
tile_x="2290"
[lvl_tiles_496]
tile_asset="29"
tile_yscale="1"
tile_xscale="1"
tile_alpha="1"
tile_depth="0"
tile_y="2920"
tile_x="2386"
[lvl_tiles_495]
tile_asset="3"
tile_yscale="1"
tile_xscale="1"
tile_alpha="1"
tile_depth="0"
tile_y="2920"
tile_x="2290"
[lvl_tiles_494]
tile_asset="29"
tile_yscale="1"
tile_xscale="1"
tile_alpha="1"
tile_depth="0"
tile_y="2856"
tile_x="2290"
[lvl_tiles_493]
tile_asset="3"
tile_yscale="1"
tile_xscale="1"
tile_alpha="1"
tile_depth="0"
tile_y="2856"
tile_x="2386"
[lvl_tiles_492]
tile_asset="7"
tile_yscale="1"
tile_xscale="1"
tile_alpha="1"
tile_depth="0"
tile_y="2824"
tile_x="2482"
[lvl_tiles_491]
tile_asset="0"
tile_yscale="1"
tile_xscale="1"
tile_alpha="1"
tile_depth="0"
tile_y="2824"
tile_x="2418"
[lvl_tiles_490]
tile_asset="7"
tile_yscale="1"
tile_xscale="1"
tile_alpha="1"
tile_depth="0"
tile_y="2824"
tile_x="2386"
[lvl_tiles_489]
tile_asset="0"
tile_yscale="1"
tile_xscale="1"
tile_alpha="1"
tile_depth="0"
tile_y="2824"
tile_x="2322"
[lvl_tiles_488]
tile_asset="7"
tile_yscale="1"
tile_xscale="1"
tile_alpha="1"
tile_depth="0"
tile_y="2824"
tile_x="2290"
[lvl_tiles_487]
tile_asset="0"
tile_yscale="1"
tile_xscale="1"
tile_alpha="1"
tile_depth="0"
tile_y="2824"
tile_x="2226"
[lvl_tiles_486]
tile_asset="93"
tile_yscale="1"
tile_xscale="1"
tile_alpha="1"
tile_depth="0"
tile_y="3064"
tile_x="2098"
[lvl_tiles_485]
tile_asset="93"
tile_yscale="1"
tile_xscale="1"
tile_alpha="1"
tile_depth="0"
tile_y="3064"
tile_x="1970"
[lvl_tiles_484]
tile_asset="93"
tile_yscale="1"
tile_xscale="1"
tile_alpha="1"
tile_depth="0"
tile_y="3032"
tile_x="2098"
[lvl_tiles_483]
tile_asset="93"
tile_yscale="1"
tile_xscale="1"
tile_alpha="1"
tile_depth="0"
tile_y="3032"
tile_x="1970"
[lvl_tiles_482]
tile_asset="93"
tile_yscale="1"
tile_xscale="1"
tile_alpha="1"
tile_depth="0"
tile_y="3000"
tile_x="2098"
[lvl_tiles_481]
tile_asset="93"
tile_yscale="1"
tile_xscale="1"
tile_alpha="1"
tile_depth="0"
tile_y="3000"
tile_x="1970"
[lvl_tiles_480]
tile_asset="93"
tile_yscale="1"
tile_xscale="1"
tile_alpha="1"
tile_depth="0"
tile_y="2968"
tile_x="2098"
[lvl_tiles_479]
tile_asset="93"
tile_yscale="1"
tile_xscale="1"
tile_alpha="1"
tile_depth="0"
tile_y="2968"
tile_x="1970"
[lvl_tiles_478]
tile_asset="93"
tile_yscale="1"
tile_xscale="1"
tile_alpha="1"
tile_depth="0"
tile_y="2936"
tile_x="2098"
[lvl_tiles_477]
tile_asset="93"
tile_yscale="1"
tile_xscale="1"
tile_alpha="1"
tile_depth="0"
tile_y="2936"
tile_x="1970"
[lvl_tiles_476]
tile_asset="93"
tile_yscale="1"
tile_xscale="1"
tile_alpha="1"
tile_depth="0"
tile_y="2904"
tile_x="2098"
[lvl_tiles_475]
tile_asset="93"
tile_yscale="1"
tile_xscale="1"
tile_alpha="1"
tile_depth="0"
tile_y="2904"
tile_x="1970"
[lvl_tiles_474]
tile_asset="93"
tile_yscale="1"
tile_xscale="1"
tile_alpha="1"
tile_depth="0"
tile_y="2872"
tile_x="2098"
[lvl_tiles_473]
tile_asset="93"
tile_yscale="1"
tile_xscale="1"
tile_alpha="1"
tile_depth="0"
tile_y="2872"
tile_x="1970"
[lvl_tiles_472]
tile_asset="93"
tile_yscale="1"
tile_xscale="1"
tile_alpha="1"
tile_depth="0"
tile_y="2872"
tile_x="1970"
[lvl_tiles_471]
tile_asset="93"
tile_yscale="1"
tile_xscale="1"
tile_alpha="1"
tile_depth="0"
tile_y="2840"
tile_x="2098"
[lvl_tiles_470]
tile_asset="6"
tile_yscale="1"
tile_xscale="1"
tile_alpha="1"
tile_depth="0"
tile_y="2824"
tile_x="1970"
[lvl_tiles_469]
tile_asset="14"
tile_yscale="1"
tile_xscale="1"
tile_alpha="1"
tile_depth="0"
tile_y="2928"
tile_x="1576"
[lvl_tiles_468]
tile_asset="93"
tile_yscale="1"
tile_xscale="1"
tile_alpha="1"
tile_depth="0"
tile_y="3104"
tile_x="1586"
[lvl_tiles_467]
tile_asset="93"
tile_yscale="1"
tile_xscale="1"
tile_alpha="1"
tile_depth="0"
tile_y="3072"
tile_x="1586"
[lvl_tiles_466]
tile_asset="93"
tile_yscale="1"
tile_xscale="1"
tile_alpha="1"
tile_depth="0"
tile_y="3072"
tile_x="1714"
[lvl_tiles_465]
tile_asset="93"
tile_yscale="1"
tile_xscale="1"
tile_alpha="1"
tile_depth="0"
tile_y="3040"
tile_x="1586"
[lvl_tiles_464]
tile_asset="93"
tile_yscale="1"
tile_xscale="1"
tile_alpha="1"
tile_depth="0"
tile_y="3040"
tile_x="1714"
[lvl_tiles_463]
tile_asset="93"
tile_yscale="1"
tile_xscale="1"
tile_alpha="1"
tile_depth="0"
tile_y="3008"
tile_x="1586"
[lvl_tiles_462]
tile_asset="93"
tile_yscale="1"
tile_xscale="1"
tile_alpha="1"
tile_depth="0"
tile_y="3008"
tile_x="1714"
[lvl_tiles_461]
tile_asset="93"
tile_yscale="1"
tile_xscale="1"
tile_alpha="1"
tile_depth="0"
tile_y="2976"
tile_x="1586"
[lvl_tiles_460]
tile_asset="93"
tile_yscale="1"
tile_xscale="1"
tile_alpha="1"
tile_depth="0"
tile_y="2976"
tile_x="1714"
[lvl_tiles_459]
tile_asset="93"
tile_yscale="1"
tile_xscale="1"
tile_alpha="1"
tile_depth="0"
tile_y="2944"
tile_x="1586"
[lvl_tiles_458]
tile_asset="93"
tile_yscale="1"
tile_xscale="1"
tile_alpha="1"
tile_depth="0"
tile_y="2944"
tile_x="1714"
[lvl_tiles_457]
tile_asset="93"
tile_yscale="1"
tile_xscale="1"
tile_alpha="1"
tile_depth="0"
tile_y="2944"
tile_x="1714"
[lvl_tiles_456]
tile_asset="15"
tile_yscale="1"
tile_xscale="1"
tile_alpha="1"
tile_depth="0"
tile_y="3120"
tile_x="1512"
[lvl_tiles_455]
tile_asset="15"
tile_yscale="1"
tile_xscale="1"
tile_alpha="1"
tile_depth="0"
tile_y="3088"
tile_x="1512"
[lvl_tiles_454]
tile_asset="15"
tile_yscale="1"
tile_xscale="1"
tile_alpha="1"
tile_depth="0"
tile_y="3056"
tile_x="1512"
[lvl_tiles_453]
tile_asset="15"
tile_yscale="1"
tile_xscale="1"
tile_alpha="1"
tile_depth="0"
tile_y="3024"
tile_x="1512"
[lvl_tiles_452]
tile_asset="15"
tile_yscale="1"
tile_xscale="1"
tile_alpha="1"
tile_depth="0"
tile_y="2992"
tile_x="1512"
[lvl_tiles_451]
tile_asset="15"
tile_yscale="1"
tile_xscale="1"
tile_alpha="1"
tile_depth="0"
tile_y="2992"
tile_x="1512"
[lvl_tiles_450]
tile_asset="220"
tile_yscale="1"
tile_xscale="1"
tile_alpha="1"
tile_depth="0"
tile_y="2928"
tile_x="1552"
[lvl_tiles_449]
tile_asset="220"
tile_yscale="1"
tile_xscale="1"
tile_alpha="1"
tile_depth="0"
tile_y="3120"
tile_x="1552"
[lvl_tiles_448]
tile_asset="220"
tile_yscale="1"
tile_xscale="1"
tile_alpha="1"
tile_depth="0"
tile_y="3120"
tile_x="1528"
[lvl_tiles_447]
tile_asset="220"
tile_yscale="1"
tile_xscale="1"
tile_alpha="1"
tile_depth="0"
tile_y="3056"
tile_x="1552"
[lvl_tiles_446]
tile_asset="220"
tile_yscale="1"
tile_xscale="1"
tile_alpha="1"
tile_depth="0"
tile_y="3056"
tile_x="1528"
[lvl_tiles_445]
tile_asset="220"
tile_yscale="1"
tile_xscale="1"
tile_alpha="1"
tile_depth="0"
tile_y="2992"
tile_x="1552"
[lvl_tiles_444]
tile_asset="220"
tile_yscale="1"
tile_xscale="1"
tile_alpha="1"
tile_depth="0"
tile_y="2992"
tile_x="1528"
[lvl_tiles_443]
tile_asset="220"
tile_yscale="1"
tile_xscale="1"
tile_alpha="1"
tile_depth="0"
tile_y="2992"
tile_x="1528"
[lvl_tiles_442]
tile_asset="220"
tile_yscale="1"
tile_xscale="1"
tile_alpha="1"
tile_depth="0"
tile_y="2928"
tile_x="1528"
[lvl_tiles_441]
tile_asset="220"
tile_yscale="1"
tile_xscale="1"
tile_alpha="1"
tile_depth="0"
tile_y="2928"
tile_x="1504"
[lvl_tiles_440]
tile_asset="15"
tile_yscale="1"
tile_xscale="1"
tile_alpha="1"
tile_depth="0"
tile_y="2928"
tile_x="1488"
[lvl_tiles_439]
tile_asset="14"
tile_yscale="1"
tile_xscale="1"
tile_alpha="1"
tile_depth="0"
tile_y="2928"
tile_x="1216"
[lvl_tiles_438]
tile_asset="14"
tile_yscale="1"
tile_xscale="1"
tile_alpha="1"
tile_depth="0"
tile_y="2992"
tile_x="1168"
[lvl_tiles_437]
tile_asset="14"
tile_yscale="1"
tile_xscale="1"
tile_alpha="1"
tile_depth="0"
tile_y="3088"
tile_x="1168"
[lvl_tiles_436]
tile_asset="14"
tile_yscale="1"
tile_xscale="1"
tile_alpha="1"
tile_depth="0"
tile_y="3056"
tile_x="1168"
[lvl_tiles_435]
tile_asset="14"
tile_yscale="1"
tile_xscale="1"
tile_alpha="1"
tile_depth="0"
tile_y="3024"
tile_x="1168"
[lvl_tiles_434]
tile_asset="14"
tile_yscale="1"
tile_xscale="1"
tile_alpha="1"
tile_depth="0"
tile_y="2960"
tile_x="1216"
[lvl_tiles_433]
tile_asset="220"
tile_yscale="1"
tile_xscale="1"
tile_alpha="1"
tile_depth="0"
tile_y="2928"
tile_x="1192"
[lvl_tiles_432]
tile_asset="220"
tile_yscale="1"
tile_xscale="1"
tile_alpha="1"
tile_depth="0"
tile_y="2928"
tile_x="1168"
[lvl_tiles_431]
tile_asset="220"
tile_yscale="1"
tile_xscale="1"
tile_alpha="1"
tile_depth="0"
tile_y="2928"
tile_x="1144"
[lvl_tiles_430]
tile_asset="220"
tile_yscale="1"
tile_xscale="1"
tile_alpha="1"
tile_depth="0"
tile_y="3056"
tile_x="1144"
[lvl_tiles_429]
tile_asset="220"
tile_yscale="1"
tile_xscale="1"
tile_alpha="1"
tile_depth="0"
tile_y="2992"
tile_x="1144"
[lvl_tiles_428]
tile_asset="220"
tile_yscale="1"
tile_xscale="1"
tile_alpha="1"
tile_depth="0"
tile_y="2928"
tile_x="1144"
[lvl_tiles_427]
tile_asset="220"
tile_yscale="1"
tile_xscale="1"
tile_alpha="1"
tile_depth="0"
tile_y="2928"
tile_x="1144"
[lvl_tiles_426]
tile_asset="93"
tile_yscale="1"
tile_xscale="1"
tile_alpha="1"
tile_depth="0"
tile_y="2944"
tile_x="760"
[lvl_tiles_425]
tile_asset="93"
tile_yscale="1"
tile_xscale="1"
tile_alpha="1"
tile_depth="0"
tile_y="3104"
tile_x="1016"
[lvl_tiles_424]
tile_asset="93"
tile_yscale="1"
tile_xscale="1"
tile_alpha="1"
tile_depth="0"
tile_y="3104"
tile_x="888"
[lvl_tiles_423]
tile_asset="93"
tile_yscale="1"
tile_xscale="1"
tile_alpha="1"
tile_depth="0"
tile_y="3104"
tile_x="760"
[lvl_tiles_422]
tile_asset="93"
tile_yscale="1"
tile_xscale="1"
tile_alpha="1"
tile_depth="0"
tile_y="3072"
tile_x="1016"
[lvl_tiles_421]
tile_asset="93"
tile_yscale="1"
tile_xscale="1"
tile_alpha="1"
tile_depth="0"
tile_y="3072"
tile_x="888"
[lvl_tiles_420]
tile_asset="93"
tile_yscale="1"
tile_xscale="1"
tile_alpha="1"
tile_depth="0"
tile_y="3072"
tile_x="760"
[lvl_tiles_419]
tile_asset="93"
tile_yscale="1"
tile_xscale="1"
tile_alpha="1"
tile_depth="0"
tile_y="3040"
tile_x="1016"
[lvl_tiles_418]
tile_asset="93"
tile_yscale="1"
tile_xscale="1"
tile_alpha="1"
tile_depth="0"
tile_y="3040"
tile_x="888"
[lvl_tiles_417]
tile_asset="93"
tile_yscale="1"
tile_xscale="1"
tile_alpha="1"
tile_depth="0"
tile_y="3040"
tile_x="760"
[lvl_tiles_416]
tile_asset="93"
tile_yscale="1"
tile_xscale="1"
tile_alpha="1"
tile_depth="0"
tile_y="3008"
tile_x="1016"
[lvl_tiles_415]
tile_asset="93"
tile_yscale="1"
tile_xscale="1"
tile_alpha="1"
tile_depth="0"
tile_y="3008"
tile_x="888"
[lvl_tiles_414]
tile_asset="93"
tile_yscale="1"
tile_xscale="1"
tile_alpha="1"
tile_depth="0"
tile_y="3008"
tile_x="760"
[lvl_tiles_413]
tile_asset="93"
tile_yscale="1"
tile_xscale="1"
tile_alpha="1"
tile_depth="0"
tile_y="2976"
tile_x="1016"
[lvl_tiles_412]
tile_asset="93"
tile_yscale="1"
tile_xscale="1"
tile_alpha="1"
tile_depth="0"
tile_y="2976"
tile_x="888"
[lvl_tiles_411]
tile_asset="93"
tile_yscale="1"
tile_xscale="1"
tile_alpha="1"
tile_depth="0"
tile_y="2976"
tile_x="760"
[lvl_tiles_410]
tile_asset="93"
tile_yscale="1"
tile_xscale="1"
tile_alpha="1"
tile_depth="0"
tile_y="2944"
tile_x="1016"
[lvl_tiles_409]
tile_asset="93"
tile_yscale="1"
tile_xscale="1"
tile_alpha="1"
tile_depth="0"
tile_y="2944"
tile_x="888"
[lvl_tiles_408]
tile_asset="220"
tile_yscale="1"
tile_xscale="1"
tile_alpha="1"
tile_depth="0"
tile_y="2592"
tile_x="616"
[lvl_tiles_407]
tile_asset="220"
tile_yscale="1"
tile_xscale="1"
tile_alpha="1"
tile_depth="0"
tile_y="2592"
tile_x="592"
[lvl_tiles_406]
tile_asset="220"
tile_yscale="1"
tile_xscale="1"
tile_alpha="1"
tile_depth="0"
tile_y="2592"
tile_x="568"
[lvl_tiles_405]
tile_asset="220"
tile_yscale="1"
tile_xscale="1"
tile_alpha="1"
tile_depth="0"
tile_y="2592"
tile_x="544"
[lvl_tiles_404]
tile_asset="220"
tile_yscale="1"
tile_xscale="1"
tile_alpha="1"
tile_depth="0"
tile_y="2592"
tile_x="520"
[lvl_tiles_403]
tile_asset="220"
tile_yscale="1"
tile_xscale="1"
tile_alpha="1"
tile_depth="0"
tile_y="2592"
tile_x="496"
[lvl_tiles_402]
tile_asset="220"
tile_yscale="1"
tile_xscale="1"
tile_alpha="1"
tile_depth="0"
tile_y="2528"
tile_x="616"
[lvl_tiles_401]
tile_asset="220"
tile_yscale="1"
tile_xscale="1"
tile_alpha="1"
tile_depth="0"
tile_y="2528"
tile_x="592"
[lvl_tiles_400]
tile_asset="220"
tile_yscale="1"
tile_xscale="1"
tile_alpha="1"
tile_depth="0"
tile_y="2528"
tile_x="568"
[lvl_tiles_399]
tile_asset="220"
tile_yscale="1"
tile_xscale="1"
tile_alpha="1"
tile_depth="0"
tile_y="2528"
tile_x="544"
[lvl_tiles_398]
tile_asset="220"
tile_yscale="1"
tile_xscale="1"
tile_alpha="1"
tile_depth="0"
tile_y="2528"
tile_x="520"
[lvl_tiles_397]
tile_asset="220"
tile_yscale="1"
tile_xscale="1"
tile_alpha="1"
tile_depth="0"
tile_y="2528"
tile_x="496"
[lvl_tiles_396]
tile_asset="220"
tile_yscale="1"
tile_xscale="1"
tile_alpha="1"
tile_depth="0"
tile_y="2528"
tile_x="496"
[lvl_tiles_395]
tile_asset="823"
tile_yscale="1"
tile_xscale="1"
tile_alpha="1"
tile_depth="0"
tile_y="2688"
tile_x="280"
[lvl_tiles_394]
tile_asset="822"
tile_yscale="1"
tile_xscale="1"
tile_alpha="1"
tile_depth="0"
tile_y="2720"
tile_x="280"
[lvl_tiles_393]
tile_asset="822"
tile_yscale="1"
tile_xscale="1"
tile_alpha="1"
tile_depth="0"
tile_y="2720"
tile_x="792"
[lvl_tiles_392]
tile_asset="825"
tile_yscale="1"
tile_xscale="1"
tile_alpha="1"
tile_depth="0"
tile_y="2688"
tile_x="696"
[lvl_tiles_391]
tile_asset="825"
tile_yscale="1"
tile_xscale="1"
tile_alpha="1"
tile_depth="0"
tile_y="2688"
tile_x="568"
[lvl_tiles_390]
tile_asset="825"
tile_yscale="1"
tile_xscale="1"
tile_alpha="1"
tile_depth="0"
tile_y="2688"
tile_x="440"
[lvl_tiles_389]
tile_asset="825"
tile_yscale="1"
tile_xscale="1"
tile_alpha="1"
tile_depth="0"
tile_y="2688"
tile_x="312"
[lvl_tiles_388]
tile_asset="825"
tile_yscale="1"
tile_xscale="1"
tile_alpha="1"
tile_depth="0"
tile_y="2688"
tile_x="312"
[lvl_tiles_387]
tile_asset="272"
tile_yscale="1"
tile_xscale="1"
tile_alpha="1"
tile_depth="0"
tile_y="2928"
tile_x="-8"
[lvl_tiles_386]
tile_asset="272"
tile_yscale="1"
tile_xscale="1"
tile_alpha="1"
tile_depth="0"
tile_y="2928"
tile_x="88"
[lvl_tiles_385]
tile_asset="272"
tile_yscale="1"
tile_xscale="1"
tile_alpha="1"
tile_depth="0"
tile_y="2928"
tile_x="184"
[lvl_tiles_384]
tile_asset="272"
tile_yscale="1"
tile_xscale="1"
tile_alpha="1"
tile_depth="0"
tile_y="2928"
tile_x="280"
[lvl_tiles_383]
tile_asset="272"
tile_yscale="1"
tile_xscale="1"
tile_alpha="1"
tile_depth="0"
tile_y="2928"
tile_x="280"
[lvl_tiles_382]
tile_asset="449"
tile_yscale="1"
tile_xscale="1"
tile_alpha="1"
tile_depth="0"
tile_y="3080"
tile_x="696"
[lvl_tiles_381]
tile_asset="449"
tile_yscale="1"
tile_xscale="1"
tile_alpha="1"
tile_depth="0"
tile_y="3080"
tile_x="632"
[lvl_tiles_380]
tile_asset="449"
tile_yscale="1"
tile_xscale="1"
tile_alpha="1"
tile_depth="0"
tile_y="3080"
tile_x="568"
[lvl_tiles_379]
tile_asset="449"
tile_yscale="1"
tile_xscale="1"
tile_alpha="1"
tile_depth="0"
tile_y="3080"
tile_x="504"
[lvl_tiles_378]
tile_asset="449"
tile_yscale="1"
tile_xscale="1"
tile_alpha="1"
tile_depth="0"
tile_y="3080"
tile_x="440"
[lvl_tiles_377]
tile_asset="449"
tile_yscale="1"
tile_xscale="1"
tile_alpha="1"
tile_depth="0"
tile_y="3080"
tile_x="376"
[lvl_tiles_376]
tile_asset="449"
tile_yscale="1"
tile_xscale="1"
tile_alpha="1"
tile_depth="0"
tile_y="3016"
tile_x="696"
[lvl_tiles_375]
tile_asset="449"
tile_yscale="1"
tile_xscale="1"
tile_alpha="1"
tile_depth="0"
tile_y="3016"
tile_x="632"
[lvl_tiles_374]
tile_asset="449"
tile_yscale="1"
tile_xscale="1"
tile_alpha="1"
tile_depth="0"
tile_y="3016"
tile_x="568"
[lvl_tiles_373]
tile_asset="449"
tile_yscale="1"
tile_xscale="1"
tile_alpha="1"
tile_depth="0"
tile_y="3016"
tile_x="504"
[lvl_tiles_372]
tile_asset="449"
tile_yscale="1"
tile_xscale="1"
tile_alpha="1"
tile_depth="0"
tile_y="3016"
tile_x="440"
[lvl_tiles_371]
tile_asset="449"
tile_yscale="1"
tile_xscale="1"
tile_alpha="1"
tile_depth="0"
tile_y="3016"
tile_x="376"
[lvl_tiles_370]
tile_asset="449"
tile_yscale="1"
tile_xscale="1"
tile_alpha="1"
tile_depth="0"
tile_y="2952"
tile_x="696"
[lvl_tiles_369]
tile_asset="449"
tile_yscale="1"
tile_xscale="1"
tile_alpha="1"
tile_depth="0"
tile_y="2952"
tile_x="632"
[lvl_tiles_368]
tile_asset="449"
tile_yscale="1"
tile_xscale="1"
tile_alpha="1"
tile_depth="0"
tile_y="2952"
tile_x="568"
[lvl_tiles_367]
tile_asset="449"
tile_yscale="1"
tile_xscale="1"
tile_alpha="1"
tile_depth="0"
tile_y="2952"
tile_x="504"
[lvl_tiles_366]
tile_asset="449"
tile_yscale="1"
tile_xscale="1"
tile_alpha="1"
tile_depth="0"
tile_y="2952"
tile_x="440"
[lvl_tiles_365]
tile_asset="449"
tile_yscale="1"
tile_xscale="1"
tile_alpha="1"
tile_depth="0"
tile_y="2952"
tile_x="376"
[lvl_tiles_364]
tile_asset="449"
tile_yscale="1"
tile_xscale="1"
tile_alpha="1"
tile_depth="0"
tile_y="2952"
tile_x="376"
[lvl_tiles_363]
tile_asset="272"
tile_yscale="1"
tile_xscale="1"
tile_alpha="1"
tile_depth="0"
tile_y="2928"
tile_x="664"
[lvl_tiles_362]
tile_asset="272"
tile_yscale="1"
tile_xscale="1"
tile_alpha="1"
tile_depth="0"
tile_y="2928"
tile_x="568"
[lvl_tiles_361]
tile_asset="272"
tile_yscale="1"
tile_xscale="1"
tile_alpha="1"
tile_depth="0"
tile_y="2928"
tile_x="472"
[lvl_tiles_360]
tile_asset="272"
tile_yscale="1"
tile_xscale="1"
tile_alpha="1"
tile_depth="0"
tile_y="2928"
tile_x="376"
[lvl_tiles_359]
tile_asset="272"
tile_yscale="1"
tile_xscale="1"
tile_alpha="1"
tile_depth="0"
tile_y="2928"
tile_x="376"
[lvl_tiles_358]
tile_ignore="-1"
[lvl_tiles_357]
tile_ignore="-1"
[lvl_tiles_356]
tile_ignore="-1"
[lvl_tiles_355]
tile_ignore="-1"
[lvl_tiles_354]
tile_asset="90"
tile_yscale="1"
tile_xscale="1"
tile_alpha="1"
tile_depth="1"
tile_y="2248"
tile_x="2106"
[lvl_tiles_353]
tile_asset="89"
tile_yscale="1"
tile_xscale="1"
tile_alpha="1"
tile_depth="1"
tile_y="2216"
tile_x="2226"
[lvl_tiles_352]
tile_asset="89"
tile_yscale="1"
tile_xscale="1"
tile_alpha="1"
tile_depth="1"
tile_y="2248"
tile_x="2226"
[lvl_tiles_351]
tile_asset="53"
tile_yscale="1"
tile_xscale="1"
tile_alpha="1"
tile_depth="1"
tile_y="2520"
tile_x="2386"
[lvl_tiles_350]
tile_asset="53"
tile_yscale="1"
tile_xscale="1"
tile_alpha="1"
tile_depth="1"
tile_y="2360"
tile_x="2162"
[lvl_tiles_349]
tile_asset="170"
tile_yscale="1"
tile_xscale="1"
tile_alpha="1"
tile_depth="1"
tile_y="2484"
tile_x="2354"
[lvl_tiles_348]
tile_asset="170"
tile_yscale="1"
tile_xscale="1"
tile_alpha="1"
tile_depth="1"
tile_y="2452"
tile_x="2322"
[lvl_tiles_347]
tile_asset="170"
tile_yscale="1"
tile_xscale="1"
tile_alpha="1"
tile_depth="1"
tile_y="2420"
tile_x="2290"
[lvl_tiles_346]
tile_asset="170"
tile_yscale="1"
tile_xscale="1"
tile_alpha="1"
tile_depth="1"
tile_y="2388"
tile_x="2258"
[lvl_tiles_345]
tile_asset="170"
tile_yscale="1"
tile_xscale="1"
tile_alpha="1"
tile_depth="1"
tile_y="2356"
tile_x="2226"
[lvl_tiles_344]
tile_asset="36"
tile_yscale="1"
tile_xscale="1"
tile_alpha="1"
tile_depth="1"
tile_y="2292"
tile_x="2002"
[lvl_tiles_343]
tile_asset="36"
tile_yscale="1"
tile_xscale="1"
tile_alpha="1"
tile_depth="1"
tile_y="2260"
tile_x="1970"
[lvl_tiles_342]
tile_asset="170"
tile_yscale="1"
tile_xscale="1"
tile_alpha="1"
tile_depth="1"
tile_y="2228"
tile_x="1938"
[lvl_tiles_341]
tile_asset="36"
tile_yscale="1"
tile_xscale="1"
tile_alpha="1"
tile_depth="1"
tile_y="2196"
tile_x="1906"
[lvl_tiles_340]
tile_asset="36"
tile_yscale="1"
tile_xscale="1"
tile_alpha="1"
tile_depth="1"
tile_y="2452"
tile_x="2162"
[lvl_tiles_339]
tile_asset="36"
tile_yscale="1"
tile_xscale="1"
tile_alpha="1"
tile_depth="1"
tile_y="2420"
tile_x="2130"
[lvl_tiles_338]
tile_asset="170"
tile_yscale="1"
tile_xscale="1"
tile_alpha="1"
tile_depth="1"
tile_y="2388"
tile_x="2098"
[lvl_tiles_337]
tile_asset="170"
tile_yscale="1"
tile_xscale="1"
tile_alpha="1"
tile_depth="1"
tile_y="2356"
tile_x="2066"
[lvl_tiles_336]
tile_asset="53"
tile_yscale="1"
tile_xscale="1"
tile_alpha="1"
tile_depth="1"
tile_y="2640"
tile_x="2802"
[lvl_tiles_335]
tile_asset="53"
tile_yscale="1"
tile_xscale="1"
tile_alpha="1"
tile_depth="1"
tile_y="2640"
tile_x="2738"
[lvl_tiles_334]
tile_asset="90"
tile_yscale="1"
tile_xscale="1"
tile_alpha="1"
tile_depth="1"
tile_y="2676"
tile_x="2776"
[lvl_tiles_333]
tile_asset="89"
tile_yscale="1"
tile_xscale="1"
tile_alpha="1"
tile_depth="1"
tile_y="2536"
tile_x="2770"
[lvl_tiles_332]
tile_asset="89"
tile_yscale="1"
tile_xscale="1"
tile_alpha="1"
tile_depth="1"
tile_y="2568"
tile_x="2770"
[lvl_tiles_331]
tile_asset="92"
tile_yscale="1"
tile_xscale="1"
tile_alpha="1"
tile_depth="1"
tile_y="2818"
tile_x="2174"
[lvl_tiles_330]
tile_asset="92"
tile_yscale="1"
tile_xscale="1"
tile_alpha="1"
tile_depth="1"
tile_y="2818"
tile_x="2110"
[lvl_tiles_329]
tile_asset="92"
tile_yscale="1"
tile_xscale="1"
tile_alpha="1"
tile_depth="1"
tile_y="2818"
tile_x="2046"
[lvl_tiles_328]
tile_asset="92"
tile_yscale="1"
tile_xscale="1"
tile_alpha="1"
tile_depth="1"
tile_y="2818"
tile_x="1982"
[lvl_tiles_327]
tile_asset="92"
tile_yscale="1"
tile_xscale="1"
tile_alpha="1"
tile_depth="1"
tile_y="2818"
tile_x="1982"
[lvl_tiles_326]
tile_asset="393"
tile_yscale="1"
tile_xscale="1"
tile_alpha="1"
tile_depth="1"
tile_y="2824"
tile_x="1842"
[lvl_tiles_325]
tile_asset="92"
tile_yscale="1"
tile_xscale="1"
tile_alpha="1"
tile_depth="1"
tile_y="2922"
tile_x="1778"
[lvl_tiles_324]
tile_asset="92"
tile_yscale="1"
tile_xscale="1"
tile_alpha="1"
tile_depth="1"
tile_y="2922"
tile_x="1714"
[lvl_tiles_323]
tile_asset="92"
tile_yscale="1"
tile_xscale="1"
tile_alpha="1"
tile_depth="1"
tile_y="2922"
tile_x="1650"
[lvl_tiles_322]
tile_asset="92"
tile_yscale="1"
tile_xscale="1"
tile_alpha="1"
tile_depth="1"
tile_y="2922"
tile_x="1586"
[lvl_tiles_321]
tile_asset="92"
tile_yscale="1"
tile_xscale="1"
tile_alpha="1"
tile_depth="1"
tile_y="2922"
tile_x="1586"
[lvl_tiles_320]
tile_asset="53"
tile_yscale="1"
tile_xscale="1"
tile_alpha="1"
tile_depth="1"
tile_y="2912"
tile_x="1472"
[lvl_tiles_319]
tile_asset="53"
tile_yscale="1"
tile_xscale="1"
tile_alpha="1"
tile_depth="1"
tile_y="2912"
tile_x="1408"
[lvl_tiles_318]
tile_asset="53"
tile_yscale="1"
tile_xscale="1"
tile_alpha="1"
tile_depth="1"
tile_y="2912"
tile_x="1344"
[lvl_tiles_317]
tile_asset="53"
tile_yscale="1"
tile_xscale="1"
tile_alpha="1"
tile_depth="1"
tile_y="2912"
tile_x="1280"
[lvl_tiles_316]
tile_asset="53"
tile_yscale="1"
tile_xscale="1"
tile_alpha="1"
tile_depth="1"
tile_y="2912"
tile_x="1216"
[lvl_tiles_315]
tile_asset="53"
tile_yscale="1"
tile_xscale="1"
tile_alpha="1"
tile_depth="1"
tile_y="2912"
tile_x="1216"
[lvl_tiles_314]
tile_asset="92"
tile_yscale="1"
tile_xscale="1"
tile_alpha="1"
tile_depth="1"
tile_y="2922"
tile_x="1080"
[lvl_tiles_313]
tile_asset="92"
tile_yscale="1"
tile_xscale="1"
tile_alpha="1"
tile_depth="1"
tile_y="2922"
tile_x="1016"
[lvl_tiles_312]
tile_asset="92"
tile_yscale="1"
tile_xscale="1"
tile_alpha="1"
tile_depth="1"
tile_y="2922"
tile_x="952"
[lvl_tiles_311]
tile_asset="92"
tile_yscale="1"
tile_xscale="1"
tile_alpha="1"
tile_depth="1"
tile_y="2922"
tile_x="888"
[lvl_tiles_310]
tile_asset="92"
tile_yscale="1"
tile_xscale="1"
tile_alpha="1"
tile_depth="1"
tile_y="2922"
tile_x="824"
[lvl_tiles_309]
tile_asset="92"
tile_yscale="1"
tile_xscale="1"
tile_alpha="1"
tile_depth="1"
tile_y="2922"
tile_x="760"
[lvl_tiles_308]
tile_asset="92"
tile_yscale="1"
tile_xscale="1"
tile_alpha="1"
tile_depth="1"
tile_y="2922"
tile_x="760"
[lvl_tiles_307]
tile_asset="489"
tile_yscale="1"
tile_xscale="1"
tile_alpha="1"
tile_depth="4"
tile_y="3080"
tile_x="248"
[lvl_tiles_306]
tile_asset="489"
tile_yscale="1"
tile_xscale="1"
tile_alpha="1"
tile_depth="4"
tile_y="3080"
tile_x="248"
[lvl_tiles_305]
tile_asset="65"
tile_yscale="1"
tile_xscale="1"
tile_alpha="1"
tile_depth="4"
tile_y="2376"
tile_x="2076"
[lvl_tiles_304]
tile_asset="65"
tile_yscale="1"
tile_xscale="1"
tile_alpha="1"
tile_depth="4"
tile_y="2216"
tile_x="2012"
[lvl_tiles_303]
tile_asset="66"
tile_yscale="1"
tile_xscale="1"
tile_alpha="1"
tile_depth="4"
tile_y="2248"
tile_x="2226"
[lvl_tiles_302]
tile_asset="66"
tile_yscale="1"
tile_xscale="1"
tile_alpha="1"
tile_depth="4"
tile_y="2248"
tile_x="2226"
[lvl_tiles_301]
tile_asset="324"
tile_yscale="1"
tile_xscale="1"
tile_alpha="1"
tile_depth="4"
tile_y="2088"
tile_x="1906"
[lvl_tiles_300]
tile_asset="195"
tile_yscale="1"
tile_xscale="1"
tile_alpha="1"
tile_depth="4"
tile_y="2344"
tile_x="2194"
[lvl_tiles_299]
tile_asset="195"
tile_yscale="1"
tile_xscale="1"
tile_alpha="1"
tile_depth="4"
tile_y="2312"
tile_x="2194"
[lvl_tiles_298]
tile_asset="195"
tile_yscale="1"
tile_xscale="1"
tile_alpha="1"
tile_depth="4"
tile_y="2280"
tile_x="2194"
[lvl_tiles_297]
tile_asset="195"
tile_yscale="1"
tile_xscale="1"
tile_alpha="1"
tile_depth="4"
tile_y="2248"
tile_x="2194"
[lvl_tiles_296]
tile_asset="195"
tile_yscale="1"
tile_xscale="1"
tile_alpha="1"
tile_depth="4"
tile_y="2248"
tile_x="2194"
[lvl_tiles_295]
tile_asset="66"
tile_yscale="1"
tile_xscale="1"
tile_alpha="1"
tile_depth="4"
tile_y="1832"
tile_x="2162"
[lvl_tiles_294]
tile_asset="66"
tile_yscale="1"
tile_xscale="1"
tile_alpha="1"
tile_depth="4"
tile_y="1960"
tile_x="2162"
[lvl_tiles_293]
tile_asset="66"
tile_yscale="1"
tile_xscale="1"
tile_alpha="1"
tile_depth="4"
tile_y="2088"
tile_x="2162"
[lvl_tiles_292]
tile_asset="66"
tile_yscale="1"
tile_xscale="1"
tile_alpha="1"
tile_depth="4"
tile_y="2088"
tile_x="2162"
[lvl_tiles_291]
tile_asset="891"
tile_yscale="1"
tile_xscale="1"
tile_alpha="1"
tile_depth="4"
tile_y="1832"
tile_x="2034"
[lvl_tiles_290]
tile_asset="891"
tile_yscale="1"
tile_xscale="1"
tile_alpha="1"
tile_depth="4"
tile_y="1960"
tile_x="2034"
[lvl_tiles_289]
tile_asset="891"
tile_yscale="1"
tile_xscale="1"
tile_alpha="1"
tile_depth="4"
tile_y="2088"
tile_x="2034"
[lvl_tiles_288]
tile_asset="891"
tile_yscale="1"
tile_xscale="1"
tile_alpha="1"
tile_depth="4"
tile_y="2088"
tile_x="2034"
[lvl_tiles_287]
tile_asset="66"
tile_yscale="1"
tile_xscale="1"
tile_alpha="1"
tile_depth="4"
tile_y="1896"
tile_x="1906"
[lvl_tiles_286]
tile_asset="66"
tile_yscale="1"
tile_xscale="1"
tile_alpha="1"
tile_depth="4"
tile_y="1896"
tile_x="1970"
[lvl_tiles_285]
tile_asset="66"
tile_yscale="1"
tile_xscale="1"
tile_alpha="1"
tile_depth="4"
tile_y="2408"
tile_x="2226"
[lvl_tiles_284]
tile_asset="66"
tile_yscale="1"
tile_xscale="1"
tile_alpha="1"
tile_depth="4"
tile_y="2408"
tile_x="2290"
[lvl_tiles_283]
tile_asset="66"
tile_yscale="1"
tile_xscale="1"
tile_alpha="1"
tile_depth="4"
tile_y="1960"
tile_x="1970"
[lvl_tiles_282]
tile_asset="66"
tile_yscale="1"
tile_xscale="1"
tile_alpha="1"
tile_depth="4"
tile_y="1960"
tile_x="1906"
[lvl_tiles_281]
tile_asset="66"
tile_yscale="1"
tile_xscale="1"
tile_alpha="1"
tile_depth="4"
tile_y="2248"
tile_x="2130"
[lvl_tiles_280]
tile_asset="66"
tile_yscale="1"
tile_xscale="1"
tile_alpha="1"
tile_depth="4"
tile_y="2248"
tile_x="2066"
[lvl_tiles_279]
tile_asset="66"
tile_yscale="1"
tile_xscale="1"
tile_alpha="1"
tile_depth="4"
tile_y="2248"
tile_x="2066"
[lvl_tiles_278]
tile_asset="61"
tile_yscale="1"
tile_xscale="1"
tile_alpha="1"
tile_depth="4"
tile_y="2560"
tile_x="2738"
[lvl_tiles_277]
tile_asset="61"
tile_yscale="1"
tile_xscale="1"
tile_alpha="1"
tile_depth="4"
tile_y="2576"
tile_x="2738"
[lvl_tiles_276]
tile_asset="61"
tile_yscale="1"
tile_xscale="1"
tile_alpha="1"
tile_depth="4"
tile_y="2592"
tile_x="2738"
[lvl_tiles_275]
tile_asset="61"
tile_yscale="1"
tile_xscale="1"
tile_alpha="1"
tile_depth="4"
tile_y="2608"
tile_x="2738"
[lvl_tiles_274]
tile_asset="61"
tile_yscale="1"
tile_xscale="1"
tile_alpha="1"
tile_depth="4"
tile_y="2624"
tile_x="2738"
[lvl_tiles_273]
tile_asset="61"
tile_yscale="1"
tile_xscale="1"
tile_alpha="1"
tile_depth="4"
tile_y="2640"
tile_x="2738"
[lvl_tiles_272]
tile_asset="61"
tile_yscale="1"
tile_xscale="1"
tile_alpha="1"
tile_depth="4"
tile_y="2640"
tile_x="2738"
[lvl_tiles_271]
tile_asset="78"
tile_yscale="1"
tile_xscale="1"
tile_alpha="1"
tile_depth="4"
tile_y="2744"
tile_x="2782"
[lvl_tiles_270]
tile_asset="71"
tile_yscale="-1"
tile_xscale="1"
tile_alpha="1"
tile_depth="4"
tile_y="2528"
tile_x="2584"
[lvl_tiles_269]
tile_asset="71"
tile_yscale="1"
tile_xscale="1"
tile_alpha="1"
tile_depth="4"
tile_y="2400"
tile_x="2584"
[lvl_tiles_268]
tile_asset="71"
tile_yscale="-1"
tile_xscale="1"
tile_alpha="1"
tile_depth="4"
tile_y="2400"
tile_x="2584"
[lvl_tiles_267]
tile_asset="71"
tile_yscale="1"
tile_xscale="1"
tile_alpha="1"
tile_depth="4"
tile_y="2272"
tile_x="2584"
[lvl_tiles_266]
tile_asset="71"
tile_yscale="1"
tile_xscale="1"
tile_alpha="1"
tile_depth="4"
tile_y="2272"
tile_x="2584"
[lvl_tiles_265]
tile_asset="897"
tile_yscale="1"
tile_xscale="1"
tile_alpha="1"
tile_depth="4"
tile_y="2864"
tile_x="672"
[lvl_tiles_264]
tile_asset="897"
tile_yscale="1"
tile_xscale="1"
tile_alpha="1"
tile_depth="4"
tile_y="2864"
tile_x="400"
[lvl_tiles_263]
tile_asset="9"
tile_yscale="1"
tile_xscale="1"
tile_alpha="1"
tile_depth="4"
tile_y="3048"
tile_x="2706"
[lvl_tiles_262]
tile_asset="9"
tile_yscale="1"
tile_xscale="1"
tile_alpha="1"
tile_depth="4"
tile_y="2984"
tile_x="2706"
[lvl_tiles_261]
tile_asset="9"
tile_yscale="1"
tile_xscale="1"
tile_alpha="1"
tile_depth="4"
tile_y="2920"
tile_x="2706"
[lvl_tiles_260]
tile_asset="61"
tile_yscale="1"
tile_xscale="1"
tile_alpha="1"
tile_depth="4"
tile_y="2676"
tile_x="2850"
[lvl_tiles_259]
tile_asset="61"
tile_yscale="1"
tile_xscale="1"
tile_alpha="1"
tile_depth="4"
tile_y="2820"
tile_x="2850"
[lvl_tiles_258]
tile_asset="61"
tile_yscale="1"
tile_xscale="1"
tile_alpha="1"
tile_depth="4"
tile_y="2804"
tile_x="2850"
[lvl_tiles_257]
tile_asset="61"
tile_yscale="1"
tile_xscale="1"
tile_alpha="1"
tile_depth="4"
tile_y="2788"
tile_x="2850"
[lvl_tiles_256]
tile_asset="61"
tile_yscale="1"
tile_xscale="1"
tile_alpha="1"
tile_depth="4"
tile_y="2772"
tile_x="2850"
[lvl_tiles_255]
tile_asset="61"
tile_yscale="1"
tile_xscale="1"
tile_alpha="1"
tile_depth="4"
tile_y="2756"
tile_x="2850"
[lvl_tiles_254]
tile_asset="61"
tile_yscale="1"
tile_xscale="1"
tile_alpha="1"
tile_depth="4"
tile_y="2740"
tile_x="2850"
[lvl_tiles_253]
tile_asset="61"
tile_yscale="1"
tile_xscale="1"
tile_alpha="1"
tile_depth="4"
tile_y="2724"
tile_x="2850"
[lvl_tiles_252]
tile_asset="61"
tile_yscale="1"
tile_xscale="1"
tile_alpha="1"
tile_depth="4"
tile_y="2708"
tile_x="2850"
[lvl_tiles_251]
tile_asset="61"
tile_yscale="1"
tile_xscale="1"
tile_alpha="1"
tile_depth="4"
tile_y="2692"
tile_x="2850"
[lvl_tiles_250]
tile_asset="61"
tile_yscale="1"
tile_xscale="1"
tile_alpha="1"
tile_depth="4"
tile_y="2820"
tile_x="2738"
[lvl_tiles_249]
tile_asset="61"
tile_yscale="1"
tile_xscale="1"
tile_alpha="1"
tile_depth="4"
tile_y="2804"
tile_x="2738"
[lvl_tiles_248]
tile_asset="61"
tile_yscale="1"
tile_xscale="1"
tile_alpha="1"
tile_depth="4"
tile_y="2788"
tile_x="2738"
[lvl_tiles_247]
tile_asset="61"
tile_yscale="1"
tile_xscale="1"
tile_alpha="1"
tile_depth="4"
tile_y="2772"
tile_x="2738"
[lvl_tiles_246]
tile_asset="61"
tile_yscale="1"
tile_xscale="1"
tile_alpha="1"
tile_depth="4"
tile_y="2756"
tile_x="2738"
[lvl_tiles_245]
tile_asset="61"
tile_yscale="1"
tile_xscale="1"
tile_alpha="1"
tile_depth="4"
tile_y="2740"
tile_x="2738"
[lvl_tiles_244]
tile_asset="61"
tile_yscale="1"
tile_xscale="1"
tile_alpha="1"
tile_depth="4"
tile_y="2724"
tile_x="2738"
[lvl_tiles_243]
tile_asset="61"
tile_yscale="1"
tile_xscale="1"
tile_alpha="1"
tile_depth="4"
tile_y="2708"
tile_x="2738"
[lvl_tiles_242]
tile_asset="61"
tile_yscale="1"
tile_xscale="1"
tile_alpha="1"
tile_depth="4"
tile_y="2692"
tile_x="2738"
[lvl_tiles_241]
tile_asset="61"
tile_yscale="1"
tile_xscale="1"
tile_alpha="1"
tile_depth="4"
tile_y="2676"
tile_x="2738"
[lvl_tiles_240]
tile_asset="61"
tile_yscale="1"
tile_xscale="1"
tile_alpha="1"
tile_depth="4"
tile_y="2676"
tile_x="2738"
[lvl_tiles_239]
tile_asset="67"
tile_yscale="1"
tile_xscale="1"
tile_alpha="1"
tile_depth="4"
tile_y="2600"
tile_x="2674"
[lvl_tiles_238]
tile_asset="67"
tile_yscale="1"
tile_xscale="1"
tile_alpha="1"
tile_depth="4"
tile_y="2600"
tile_x="2546"
[lvl_tiles_237]
tile_asset="67"
tile_yscale="1"
tile_xscale="1"
tile_alpha="1"
tile_depth="4"
tile_y="2600"
tile_x="2418"
[lvl_tiles_236]
tile_asset="67"
tile_yscale="1"
tile_xscale="1"
tile_alpha="1"
tile_depth="4"
tile_y="2600"
tile_x="2290"
[lvl_tiles_235]
tile_asset="68"
tile_yscale="1"
tile_xscale="1"
tile_alpha="1"
tile_depth="4"
tile_y="2984"
tile_x="2226"
[lvl_tiles_234]
tile_asset="68"
tile_yscale="1"
tile_xscale="1"
tile_alpha="1"
tile_depth="4"
tile_y="2856"
tile_x="2226"
[lvl_tiles_233]
tile_asset="68"
tile_yscale="1"
tile_xscale="1"
tile_alpha="1"
tile_depth="4"
tile_y="2984"
tile_x="2322"
[lvl_tiles_232]
tile_asset="68"
tile_yscale="1"
tile_xscale="1"
tile_alpha="1"
tile_depth="4"
tile_y="2856"
tile_x="2322"
[lvl_tiles_231]
tile_asset="68"
tile_yscale="1"
tile_xscale="1"
tile_alpha="1"
tile_depth="4"
tile_y="2984"
tile_x="2418"
[lvl_tiles_230]
tile_asset="68"
tile_yscale="1"
tile_xscale="1"
tile_alpha="1"
tile_depth="4"
tile_y="2984"
tile_x="2610"
[lvl_tiles_229]
tile_asset="68"
tile_yscale="1"
tile_xscale="1"
tile_alpha="1"
tile_depth="4"
tile_y="2856"
tile_x="2610"
[lvl_tiles_228]
tile_asset="68"
tile_yscale="1"
tile_xscale="1"
tile_alpha="1"
tile_depth="4"
tile_y="2984"
tile_x="2514"
[lvl_tiles_227]
tile_asset="68"
tile_yscale="1"
tile_xscale="1"
tile_alpha="1"
tile_depth="4"
tile_y="2856"
tile_x="2514"
[lvl_tiles_226]
tile_asset="68"
tile_yscale="1"
tile_xscale="1"
tile_alpha="1"
tile_depth="4"
tile_y="2856"
tile_x="2418"
[lvl_tiles_225]
tile_asset="589"
tile_yscale="1"
tile_xscale="1"
tile_alpha="1"
tile_depth="4"
tile_y="2632"
tile_x="2048"
[lvl_tiles_224]
tile_asset="28"
tile_yscale="1"
tile_xscale="1"
tile_alpha="1"
tile_depth="4"
tile_y="3158"
tile_x="1946"
[lvl_tiles_223]
tile_asset="28"
tile_yscale="1"
tile_xscale="1"
tile_alpha="1"
tile_depth="4"
tile_y="3094"
tile_x="1946"
[lvl_tiles_222]
tile_asset="28"
tile_yscale="1"
tile_xscale="1"
tile_alpha="1"
tile_depth="4"
tile_y="3030"
tile_x="1946"
[lvl_tiles_221]
tile_asset="28"
tile_yscale="1"
tile_xscale="1"
tile_alpha="1"
tile_depth="4"
tile_y="2966"
tile_x="1946"
[lvl_tiles_220]
tile_asset="28"
tile_yscale="1"
tile_xscale="1"
tile_alpha="1"
tile_depth="4"
tile_y="2902"
tile_x="1946"
[lvl_tiles_219]
tile_asset="28"
tile_yscale="1"
tile_xscale="1"
tile_alpha="1"
tile_depth="4"
tile_y="2838"
tile_x="1946"
[lvl_tiles_218]
tile_asset="28"
tile_yscale="1"
tile_xscale="1"
tile_alpha="1"
tile_depth="4"
tile_y="2838"
tile_x="1946"
[lvl_tiles_217]
tile_asset="79"
tile_yscale="1"
tile_xscale="1"
tile_alpha="1"
tile_depth="4"
tile_y="2702"
tile_x="1040"
[lvl_tiles_216]
tile_asset="79"
tile_yscale="1"
tile_xscale="1"
tile_alpha="1"
tile_depth="4"
tile_y="2702"
tile_x="1648"
[lvl_tiles_215]
tile_asset="68"
tile_yscale="1"
tile_xscale="1"
tile_alpha="1"
tile_depth="4"
tile_y="2704"
tile_x="1104"
[lvl_tiles_214]
tile_asset="68"
tile_yscale="1"
tile_xscale="1"
tile_alpha="1"
tile_depth="4"
tile_y="2704"
tile_x="1552"
[lvl_tiles_213]
tile_asset="65"
tile_yscale="1"
tile_xscale="1"
tile_alpha="1"
tile_depth="4"
tile_y="2672"
tile_x="1192"
[lvl_tiles_212]
tile_asset="61"
tile_yscale="1"
tile_xscale="1"
tile_alpha="1"
tile_depth="4"
tile_y="2704"
tile_x="1632"
[lvl_tiles_211]
tile_asset="61"
tile_yscale="1"
tile_xscale="1"
tile_alpha="1"
tile_depth="4"
tile_y="2720"
tile_x="1632"
[lvl_tiles_210]
tile_asset="61"
tile_yscale="1"
tile_xscale="1"
tile_alpha="1"
tile_depth="4"
tile_y="2736"
tile_x="1632"
[lvl_tiles_209]
tile_asset="61"
tile_yscale="1"
tile_xscale="1"
tile_alpha="1"
tile_depth="4"
tile_y="2752"
tile_x="1632"
[lvl_tiles_208]
tile_asset="61"
tile_yscale="1"
tile_xscale="1"
tile_alpha="1"
tile_depth="4"
tile_y="2768"
tile_x="1632"
[lvl_tiles_207]
tile_asset="61"
tile_yscale="1"
tile_xscale="1"
tile_alpha="1"
tile_depth="4"
tile_y="2784"
tile_x="1632"
[lvl_tiles_206]
tile_asset="61"
tile_yscale="1"
tile_xscale="1"
tile_alpha="1"
tile_depth="4"
tile_y="2800"
tile_x="1632"
[lvl_tiles_205]
tile_asset="61"
tile_yscale="1"
tile_xscale="1"
tile_alpha="1"
tile_depth="4"
tile_y="2816"
tile_x="1632"
[lvl_tiles_204]
tile_asset="61"
tile_yscale="1"
tile_xscale="1"
tile_alpha="1"
tile_depth="4"
tile_y="2832"
tile_x="1632"
[lvl_tiles_203]
tile_asset="61"
tile_yscale="1"
tile_xscale="1"
tile_alpha="1"
tile_depth="4"
tile_y="2848"
tile_x="1632"
[lvl_tiles_202]
tile_asset="61"
tile_yscale="1"
tile_xscale="1"
tile_alpha="1"
tile_depth="4"
tile_y="2864"
tile_x="1632"
[lvl_tiles_201]
tile_asset="61"
tile_yscale="1"
tile_xscale="1"
tile_alpha="1"
tile_depth="4"
tile_y="2880"
tile_x="1632"
[lvl_tiles_200]
tile_asset="61"
tile_yscale="1"
tile_xscale="1"
tile_alpha="1"
tile_depth="4"
tile_y="2896"
tile_x="1632"
[lvl_tiles_199]
tile_asset="61"
tile_yscale="1"
tile_xscale="1"
tile_alpha="1"
tile_depth="4"
tile_y="2912"
tile_x="1632"
[lvl_tiles_198]
tile_asset="61"
tile_yscale="1"
tile_xscale="1"
tile_alpha="1"
tile_depth="4"
tile_y="2912"
tile_x="1632"
[lvl_tiles_197]
tile_asset="61"
tile_yscale="1"
tile_xscale="1"
tile_alpha="1"
tile_depth="4"
tile_y="2704"
tile_x="1072"
[lvl_tiles_196]
tile_asset="61"
tile_yscale="1"
tile_xscale="1"
tile_alpha="1"
tile_depth="4"
tile_y="2720"
tile_x="1072"
[lvl_tiles_195]
tile_asset="61"
tile_yscale="1"
tile_xscale="1"
tile_alpha="1"
tile_depth="4"
tile_y="2736"
tile_x="1072"
[lvl_tiles_194]
tile_asset="61"
tile_yscale="1"
tile_xscale="1"
tile_alpha="1"
tile_depth="4"
tile_y="2752"
tile_x="1072"
[lvl_tiles_193]
tile_asset="61"
tile_yscale="1"
tile_xscale="1"
tile_alpha="1"
tile_depth="4"
tile_y="2768"
tile_x="1072"
[lvl_tiles_192]
tile_asset="61"
tile_yscale="1"
tile_xscale="1"
tile_alpha="1"
tile_depth="4"
tile_y="2784"
tile_x="1072"
[lvl_tiles_191]
tile_asset="61"
tile_yscale="1"
tile_xscale="1"
tile_alpha="1"
tile_depth="4"
tile_y="2800"
tile_x="1072"
[lvl_tiles_190]
tile_asset="61"
tile_yscale="1"
tile_xscale="1"
tile_alpha="1"
tile_depth="4"
tile_y="2816"
tile_x="1072"
[lvl_tiles_189]
tile_asset="61"
tile_yscale="1"
tile_xscale="1"
tile_alpha="1"
tile_depth="4"
tile_y="2832"
tile_x="1072"
[lvl_tiles_188]
tile_asset="61"
tile_yscale="1"
tile_xscale="1"
tile_alpha="1"
tile_depth="4"
tile_y="2848"
tile_x="1072"
[lvl_tiles_187]
tile_asset="61"
tile_yscale="1"
tile_xscale="1"
tile_alpha="1"
tile_depth="4"
tile_y="2864"
tile_x="1072"
[lvl_tiles_186]
tile_asset="61"
tile_yscale="1"
tile_xscale="1"
tile_alpha="1"
tile_depth="4"
tile_y="2880"
tile_x="1072"
[lvl_tiles_185]
tile_asset="61"
tile_yscale="1"
tile_xscale="1"
tile_alpha="1"
tile_depth="4"
tile_y="2896"
tile_x="1072"
[lvl_tiles_184]
tile_asset="61"
tile_yscale="1"
tile_xscale="1"
tile_alpha="1"
tile_depth="4"
tile_y="2912"
tile_x="1072"
[lvl_tiles_183]
tile_asset="61"
tile_yscale="1"
tile_xscale="1"
tile_alpha="1"
tile_depth="4"
tile_y="2912"
tile_x="1072"
[lvl_tiles_182]
tile_asset="322"
tile_yscale="1"
tile_xscale="1"
tile_alpha="1"
tile_depth="4"
tile_y="2892"
tile_x="248"
[lvl_tiles_181]
tile_asset="71"
tile_yscale="1"
tile_xscale="1"
tile_alpha="1"
tile_depth="4"
tile_y="2816"
tile_x="264"
[lvl_tiles_180]
tile_asset="71"
tile_yscale="-1"
tile_xscale="1"
tile_alpha="1"
tile_depth="4"
tile_y="2816"
tile_x="264"
[lvl_tiles_179]
tile_asset="71"
tile_yscale="1"
tile_xscale="1"
tile_alpha="1"
tile_depth="4"
tile_y="2688"
tile_x="264"
[lvl_tiles_178]
tile_asset="71"
tile_yscale="1"
tile_xscale="1"
tile_alpha="1"
tile_depth="4"
tile_y="2688"
tile_x="264"
[lvl_tiles_177]
tile_asset="71"
tile_yscale="-1"
tile_xscale="1"
tile_alpha="1"
tile_depth="4"
tile_y="2944"
tile_x="824"
[lvl_tiles_176]
tile_asset="71"
tile_yscale="1"
tile_xscale="1"
tile_alpha="1"
tile_depth="4"
tile_y="2816"
tile_x="824"
[lvl_tiles_175]
tile_asset="71"
tile_yscale="-1"
tile_xscale="1"
tile_alpha="1"
tile_depth="4"
tile_y="2816"
tile_x="824"
[lvl_tiles_174]
tile_asset="71"
tile_yscale="1"
tile_xscale="1"
tile_alpha="1"
tile_depth="4"
tile_y="2688"
tile_x="824"
[lvl_tiles_173]
tile_asset="71"
tile_yscale="1"
tile_xscale="1"
tile_alpha="1"
tile_depth="4"
tile_y="2688"
tile_x="824"
[lvl_tiles_172]
tile_asset="28"
tile_yscale="1"
tile_xscale="1"
tile_alpha="1"
tile_depth="4"
tile_y="2944"
tile_x="1842"
[lvl_tiles_171]
tile_asset="28"
tile_yscale="1"
tile_xscale="1"
tile_alpha="1"
tile_depth="4"
tile_y="3008"
tile_x="1842"
[lvl_tiles_170]
tile_asset="28"
tile_yscale="1"
tile_xscale="1"
tile_alpha="1"
tile_depth="4"
tile_y="3072"
tile_x="1842"
[lvl_tiles_169]
tile_asset="60"
tile_yscale="1"
tile_xscale="-1"
tile_alpha="1"
tile_depth="4"
tile_y="2878"
tile_x="1232"
[lvl_tiles_168]
tile_asset="60"
tile_yscale="1"
tile_xscale="1"
tile_alpha="1"
tile_depth="4"
tile_y="2878"
tile_x="1488"
[lvl_tiles_167]
tile_asset="81"
tile_yscale="1"
tile_xscale="1"
tile_alpha="1"
tile_depth="4"
tile_y="2884"
tile_x="1232"
[lvl_tiles_166]
tile_asset="80"
tile_yscale="1"
tile_xscale="1"
tile_alpha="1"
tile_depth="4"
tile_y="2870"
tile_x="1232"
[lvl_tiles_165]
tile_asset="74"
tile_yscale="1"
tile_xscale="1"
tile_alpha="1"
tile_depth="4"
tile_y="2772"
tile_x="896"
[lvl_tiles_164]
tile_asset="438"
tile_yscale="1"
tile_xscale="1"
tile_alpha="1"
tile_depth="4"
tile_y="2600"
tile_x="760"
[lvl_tiles_163]
tile_asset="440"
tile_yscale="1"
tile_xscale="1"
tile_alpha="1"
tile_depth="4"
tile_y="2800"
tile_x="760"
[lvl_tiles_162]
tile_asset="440"
tile_yscale="1"
tile_xscale="1"
tile_alpha="1"
tile_depth="4"
tile_y="2800"
tile_x="760"
[lvl_tiles_161]
tile_asset="440"
tile_yscale="1"
tile_xscale="1"
tile_alpha="1"
tile_depth="4"
tile_y="2864"
tile_x="760"
[lvl_tiles_160]
tile_asset="320"
tile_yscale="1"
tile_xscale="1"
tile_alpha="1"
tile_depth="4"
tile_y="2738"
tile_x="792"
[lvl_tiles_159]
tile_asset="320"
tile_yscale="1"
tile_xscale="1"
tile_alpha="1"
tile_depth="4"
tile_y="2736"
tile_x="280"
[lvl_tiles_158]
tile_asset="321"
tile_yscale="1"
tile_xscale="1"
tile_alpha="1"
tile_depth="4"
tile_y="2672"
tile_x="280"
[lvl_tiles_157]
tile_asset="321"
tile_yscale="1"
tile_xscale="1"
tile_alpha="1"
tile_depth="4"
tile_y="2672"
tile_x="296"
[lvl_tiles_156]
tile_asset="321"
tile_yscale="1"
tile_xscale="1"
tile_alpha="1"
tile_depth="4"
tile_y="2672"
tile_x="344"
[lvl_tiles_155]
tile_asset="321"
tile_yscale="1"
tile_xscale="1"
tile_alpha="1"
tile_depth="4"
tile_y="2672"
tile_x="392"
[lvl_tiles_154]
tile_asset="321"
tile_yscale="1"
tile_xscale="1"
tile_alpha="1"
tile_depth="4"
tile_y="2672"
tile_x="440"
[lvl_tiles_153]
tile_asset="321"
tile_yscale="1"
tile_xscale="1"
tile_alpha="1"
tile_depth="4"
tile_y="2672"
tile_x="488"
[lvl_tiles_152]
tile_asset="321"
tile_yscale="1"
tile_xscale="1"
tile_alpha="1"
tile_depth="4"
tile_y="2672"
tile_x="536"
[lvl_tiles_151]
tile_asset="321"
tile_yscale="1"
tile_xscale="1"
tile_alpha="1"
tile_depth="4"
tile_y="2672"
tile_x="584"
[lvl_tiles_150]
tile_asset="321"
tile_yscale="1"
tile_xscale="1"
tile_alpha="1"
tile_depth="4"
tile_y="2672"
tile_x="632"
[lvl_tiles_149]
tile_asset="321"
tile_yscale="1"
tile_xscale="1"
tile_alpha="1"
tile_depth="4"
tile_y="2672"
tile_x="680"
[lvl_tiles_148]
tile_asset="321"
tile_yscale="1"
tile_xscale="1"
tile_alpha="1"
tile_depth="4"
tile_y="2672"
tile_x="728"
[lvl_tiles_147]
tile_asset="321"
tile_yscale="1"
tile_xscale="1"
tile_alpha="1"
tile_depth="4"
tile_y="2672"
tile_x="776"
[lvl_tiles_146]
tile_asset="321"
tile_yscale="1"
tile_xscale="1"
tile_alpha="1"
tile_depth="4"
tile_y="2672"
tile_x="776"
[lvl_tiles_145]
tile_asset="68"
tile_yscale="1"
tile_xscale="1"
tile_alpha="1"
tile_depth="4"
tile_y="2736"
tile_x="400"
[lvl_tiles_144]
tile_asset="68"
tile_yscale="1"
tile_xscale="1"
tile_alpha="1"
tile_depth="4"
tile_y="2736"
tile_x="672"
[lvl_tiles_143]
tile_asset="321"
tile_yscale="1"
tile_xscale="1"
tile_alpha="1"
tile_depth="4"
tile_y="2720"
tile_x="312"
[lvl_tiles_142]
tile_asset="321"
tile_yscale="1"
tile_xscale="1"
tile_alpha="1"
tile_depth="4"
tile_y="2720"
tile_x="744"
[lvl_tiles_141]
tile_asset="321"
tile_yscale="1"
tile_xscale="1"
tile_alpha="1"
tile_depth="4"
tile_y="2720"
tile_x="696"
[lvl_tiles_140]
tile_asset="321"
tile_yscale="1"
tile_xscale="1"
tile_alpha="1"
tile_depth="4"
tile_y="2720"
tile_x="648"
[lvl_tiles_139]
tile_asset="321"
tile_yscale="1"
tile_xscale="1"
tile_alpha="1"
tile_depth="4"
tile_y="2720"
tile_x="600"
[lvl_tiles_138]
tile_asset="321"
tile_yscale="1"
tile_xscale="1"
tile_alpha="1"
tile_depth="4"
tile_y="2720"
tile_x="552"
[lvl_tiles_137]
tile_asset="321"
tile_yscale="1"
tile_xscale="1"
tile_alpha="1"
tile_depth="4"
tile_y="2720"
tile_x="504"
[lvl_tiles_136]
tile_asset="321"
tile_yscale="1"
tile_xscale="1"
tile_alpha="1"
tile_depth="4"
tile_y="2720"
tile_x="456"
[lvl_tiles_135]
tile_asset="321"
tile_yscale="1"
tile_xscale="1"
tile_alpha="1"
tile_depth="4"
tile_y="2720"
tile_x="408"
[lvl_tiles_134]
tile_asset="321"
tile_yscale="1"
tile_xscale="1"
tile_alpha="1"
tile_depth="4"
tile_y="2720"
tile_x="360"
[lvl_tiles_133]
tile_asset="321"
tile_yscale="1"
tile_xscale="1"
tile_alpha="1"
tile_depth="4"
tile_y="2720"
tile_x="360"
[lvl_tiles_132]
tile_asset="322"
tile_yscale="1"
tile_xscale="1"
tile_alpha="1"
tile_depth="4"
tile_y="2892"
tile_x="-8"
[lvl_tiles_131]
tile_asset="322"
tile_yscale="1"
tile_xscale="1"
tile_alpha="1"
tile_depth="4"
tile_y="2892"
tile_x="120"
[lvl_tiles_130]
tile_asset="322"
tile_yscale="1"
tile_xscale="1"
tile_alpha="1"
tile_depth="4"
tile_y="2892"
tile_x="376"
[lvl_tiles_129]
tile_asset="322"
tile_yscale="1"
tile_xscale="1"
tile_alpha="1"
tile_depth="4"
tile_y="2892"
tile_x="504"
[lvl_tiles_128]
tile_asset="322"
tile_yscale="1"
tile_xscale="1"
tile_alpha="1"
tile_depth="4"
tile_y="2892"
tile_x="632"
[lvl_tiles_127]
tile_asset="322"
tile_yscale="1"
tile_xscale="1"
tile_alpha="1"
tile_depth="4"
tile_y="2892"
tile_x="632"
[lvl_tiles_126]
tile_asset="186"
tile_yscale="1"
tile_xscale="1"
tile_alpha="1"
tile_depth="4"
tile_y="2952"
tile_x="188"
[lvl_tiles_125]
tile_asset="186"
tile_yscale="1"
tile_xscale="1"
tile_alpha="1"
tile_depth="4"
tile_y="2968"
tile_x="52"
[lvl_tiles_124]
tile_asset="186"
tile_yscale="1"
tile_xscale="1"
tile_alpha="1"
tile_depth="4"
tile_y="3160"
tile_x="52"
[lvl_tiles_123]
tile_asset="186"
tile_yscale="1"
tile_xscale="1"
tile_alpha="1"
tile_depth="4"
tile_y="3096"
tile_x="52"
[lvl_tiles_122]
tile_asset="186"
tile_yscale="1"
tile_xscale="1"
tile_alpha="1"
tile_depth="4"
tile_y="3032"
tile_x="52"
[lvl_tiles_121]
tile_asset="321"
tile_yscale="1"
tile_xscale="1"
tile_alpha="1"
tile_depth="4"
tile_y="2952"
tile_x="-8"
[lvl_tiles_120]
tile_asset="321"
tile_yscale="1"
tile_xscale="1"
tile_alpha="1"
tile_depth="4"
tile_y="2952"
tile_x="40"
[lvl_tiles_119]
tile_asset="321"
tile_yscale="1"
tile_xscale="1"
tile_alpha="1"
tile_depth="4"
tile_y="2952"
tile_x="88"
[lvl_tiles_118]
tile_asset="321"
tile_yscale="1"
tile_xscale="1"
tile_alpha="1"
tile_depth="4"
tile_y="2952"
tile_x="136"
[lvl_tiles_117]
tile_asset="321"
tile_yscale="1"
tile_xscale="1"
tile_alpha="1"
tile_depth="4"
tile_y="2952"
tile_x="280"
[lvl_tiles_116]
tile_asset="321"
tile_yscale="1"
tile_xscale="1"
tile_alpha="1"
tile_depth="4"
tile_y="2952"
tile_x="328"
[lvl_tiles_115]
tile_asset="321"
tile_yscale="1"
tile_xscale="1"
tile_alpha="1"
tile_depth="4"
tile_y="2952"
tile_x="328"
[lvl_tiles_114]
tile_asset="323"
tile_yscale="1"
tile_xscale="1"
tile_alpha="1"
tile_depth="4"
tile_y="2920"
tile_x="-8"
[lvl_tiles_113]
tile_asset="323"
tile_yscale="1"
tile_xscale="1"
tile_alpha="1"
tile_depth="4"
tile_y="2920"
tile_x="120"
[lvl_tiles_112]
tile_asset="323"
tile_yscale="1"
tile_xscale="1"
tile_alpha="1"
tile_depth="4"
tile_y="2920"
tile_x="248"
[lvl_tiles_111]
tile_asset="323"
tile_yscale="1"
tile_xscale="1"
tile_alpha="1"
tile_depth="4"
tile_y="2920"
tile_x="376"
[lvl_tiles_110]
tile_asset="323"
tile_yscale="1"
tile_xscale="1"
tile_alpha="1"
tile_depth="4"
tile_y="2920"
tile_x="504"
[lvl_tiles_109]
tile_asset="323"
tile_yscale="1"
tile_xscale="1"
tile_alpha="1"
tile_depth="4"
tile_y="2920"
tile_x="632"
[lvl_tiles_108]
tile_asset="323"
tile_yscale="1"
tile_xscale="1"
tile_alpha="1"
tile_depth="4"
tile_y="2920"
tile_x="632"
[lvl_tiles_107]
tile_asset="489"
tile_yscale="1"
tile_xscale="1"
tile_alpha="1"
tile_depth="5"
tile_y="2952"
tile_x="248"
[lvl_tiles_106]
tile_asset="891"
tile_yscale="1"
tile_xscale="1"
tile_alpha="1"
tile_depth="5"
tile_y="2984"
tile_x="2738"
[lvl_tiles_105]
tile_asset="891"
tile_yscale="1"
tile_xscale="1"
tile_alpha="1"
tile_depth="5"
tile_y="2856"
tile_x="2736"
[lvl_tiles_104]
tile_asset="64"
tile_yscale="1"
tile_xscale="1"
tile_alpha="1"
tile_depth="5"
tile_y="2398"
tile_x="2290"
[lvl_tiles_103]
tile_asset="64"
tile_yscale="1"
tile_xscale="1"
tile_alpha="1"
tile_depth="5"
tile_y="2398"
tile_x="2226"
[lvl_tiles_102]
tile_asset="897"
tile_yscale="1"
tile_xscale="1"
tile_alpha="1"
tile_depth="5"
tile_y="2832"
tile_x="1104"
[lvl_tiles_101]
tile_asset="897"
tile_yscale="1"
tile_xscale="1"
tile_alpha="1"
tile_depth="5"
tile_y="2832"
tile_x="1552"
[lvl_tiles_100]
tile_asset="66"
tile_yscale="1"
tile_xscale="1"
tile_alpha="1"
tile_depth="5"
tile_y="2568"
tile_x="2354"
[lvl_tiles_99]
tile_asset="66"
tile_yscale="1"
tile_xscale="1"
tile_alpha="1"
tile_depth="5"
tile_y="2568"
tile_x="2482"
[lvl_tiles_98]
tile_asset="66"
tile_yscale="1"
tile_xscale="1"
tile_alpha="1"
tile_depth="5"
tile_y="2568"
tile_x="2610"
[lvl_tiles_97]
tile_asset="68"
tile_yscale="1"
tile_xscale="1"
tile_alpha="1"
tile_depth="5"
tile_y="2568"
tile_x="2674"
[lvl_tiles_96]
tile_asset="68"
tile_yscale="1"
tile_xscale="1"
tile_alpha="1"
tile_depth="5"
tile_y="2568"
tile_x="2546"
[lvl_tiles_95]
tile_asset="68"
tile_yscale="1"
tile_xscale="1"
tile_alpha="1"
tile_depth="5"
tile_y="2568"
tile_x="2418"
[lvl_tiles_94]
tile_asset="68"
tile_yscale="1"
tile_xscale="1"
tile_alpha="1"
tile_depth="5"
tile_y="2568"
tile_x="2290"
[lvl_tiles_93]
tile_asset="68"
tile_yscale="1"
tile_xscale="1"
tile_alpha="1"
tile_depth="5"
tile_y="2696"
tile_x="2674"
[lvl_tiles_92]
tile_asset="66"
tile_yscale="1"
tile_xscale="1"
tile_alpha="1"
tile_depth="5"
tile_y="2696"
tile_x="2610"
[lvl_tiles_91]
tile_asset="68"
tile_yscale="1"
tile_xscale="1"
tile_alpha="1"
tile_depth="5"
tile_y="2696"
tile_x="2546"
[lvl_tiles_90]
tile_asset="66"
tile_yscale="1"
tile_xscale="1"
tile_alpha="1"
tile_depth="5"
tile_y="2696"
tile_x="2482"
[lvl_tiles_89]
tile_asset="68"
tile_yscale="1"
tile_xscale="1"
tile_alpha="1"
tile_depth="5"
tile_y="2696"
tile_x="2418"
[lvl_tiles_88]
tile_asset="66"
tile_yscale="1"
tile_xscale="1"
tile_alpha="1"
tile_depth="5"
tile_y="2696"
tile_x="2354"
[lvl_tiles_87]
tile_asset="68"
tile_yscale="1"
tile_xscale="1"
tile_alpha="1"
tile_depth="5"
tile_y="2696"
tile_x="2290"
[lvl_tiles_86]
tile_asset="75"
tile_yscale="1"
tile_xscale="1"
tile_alpha="1"
tile_depth="5"
tile_y="2568"
tile_x="2074"
[lvl_tiles_85]
tile_asset="439"
tile_yscale="1"
tile_xscale="1"
tile_alpha="1"
tile_depth="5"
tile_y="2830"
tile_x="-8"
[lvl_tiles_84]
tile_asset="439"
tile_yscale="1"
tile_xscale="1"
tile_alpha="1"
tile_depth="5"
tile_y="2830"
tile_x="8"
[lvl_tiles_83]
tile_asset="439"
tile_yscale="1"
tile_xscale="1"
tile_alpha="1"
tile_depth="5"
tile_y="2830"
tile_x="88"
[lvl_tiles_82]
tile_asset="439"
tile_yscale="1"
tile_xscale="1"
tile_alpha="1"
tile_depth="5"
tile_y="2830"
tile_x="104"
[lvl_tiles_81]
tile_asset="439"
tile_yscale="1"
tile_xscale="1"
tile_alpha="1"
tile_depth="5"
tile_y="2830"
tile_x="120"
[lvl_tiles_80]
tile_asset="439"
tile_yscale="1"
tile_xscale="1"
tile_alpha="1"
tile_depth="5"
tile_y="2830"
tile_x="136"
[lvl_tiles_79]
tile_asset="439"
tile_yscale="1"
tile_xscale="1"
tile_alpha="1"
tile_depth="5"
tile_y="2830"
tile_x="152"
[lvl_tiles_78]
tile_asset="439"
tile_yscale="1"
tile_xscale="1"
tile_alpha="1"
tile_depth="5"
tile_y="2830"
tile_x="168"
[lvl_tiles_77]
tile_asset="439"
tile_yscale="1"
tile_xscale="1"
tile_alpha="1"
tile_depth="5"
tile_y="2830"
tile_x="184"
[lvl_tiles_76]
tile_asset="439"
tile_yscale="1"
tile_xscale="1"
tile_alpha="1"
tile_depth="5"
tile_y="2830"
tile_x="200"
[lvl_tiles_75]
tile_asset="439"
tile_yscale="1"
tile_xscale="1"
tile_alpha="1"
tile_depth="5"
tile_y="2830"
tile_x="216"
[lvl_tiles_74]
tile_asset="439"
tile_yscale="1"
tile_xscale="1"
tile_alpha="1"
tile_depth="5"
tile_y="2830"
tile_x="232"
[lvl_tiles_73]
tile_asset="439"
tile_yscale="1"
tile_xscale="1"
tile_alpha="1"
tile_depth="5"
tile_y="2830"
tile_x="248"
[lvl_tiles_72]
tile_asset="439"
tile_yscale="1"
tile_xscale="1"
tile_alpha="1"
tile_depth="5"
tile_y="2830"
tile_x="264"
[lvl_tiles_71]
tile_asset="439"
tile_yscale="1"
tile_xscale="1"
tile_alpha="1"
tile_depth="5"
tile_y="2830"
tile_x="280"
[lvl_tiles_70]
tile_asset="439"
tile_yscale="1"
tile_xscale="1"
tile_alpha="1"
tile_depth="5"
tile_y="2830"
tile_x="296"
[lvl_tiles_69]
tile_asset="439"
tile_yscale="1"
tile_xscale="1"
tile_alpha="1"
tile_depth="5"
tile_y="2830"
tile_x="312"
[lvl_tiles_68]
tile_asset="439"
tile_yscale="1"
tile_xscale="1"
tile_alpha="1"
tile_depth="5"
tile_y="2830"
tile_x="328"
[lvl_tiles_67]
tile_asset="439"
tile_yscale="1"
tile_xscale="1"
tile_alpha="1"
tile_depth="5"
tile_y="2830"
tile_x="344"
[lvl_tiles_66]
tile_asset="439"
tile_yscale="1"
tile_xscale="1"
tile_alpha="1"
tile_depth="5"
tile_y="2830"
tile_x="360"
[lvl_tiles_65]
tile_asset="439"
tile_yscale="1"
tile_xscale="1"
tile_alpha="1"
tile_depth="5"
tile_y="2830"
tile_x="360"
[lvl_tiles_64]
tile_asset="15"
tile_yscale="1"
tile_xscale="1"
tile_alpha="1"
tile_depth="5"
tile_y="2624"
tile_x="480"
[lvl_tiles_63]
tile_asset="15"
tile_yscale="1"
tile_xscale="1"
tile_alpha="1"
tile_depth="5"
tile_y="2592"
tile_x="480"
[lvl_tiles_62]
tile_asset="15"
tile_yscale="1"
tile_xscale="1"
tile_alpha="1"
tile_depth="5"
tile_y="2560"
tile_x="480"
[lvl_tiles_61]
tile_asset="15"
tile_yscale="1"
tile_xscale="1"
tile_alpha="1"
tile_depth="5"
tile_y="2528"
tile_x="480"
[lvl_tiles_60]
tile_asset="15"
tile_yscale="1"
tile_xscale="1"
tile_alpha="1"
tile_depth="5"
tile_y="2528"
tile_x="480"
[lvl_tiles_59]
tile_asset="14"
tile_yscale="1"
tile_xscale="1"
tile_alpha="1"
tile_depth="5"
tile_y="2624"
tile_x="640"
[lvl_tiles_58]
tile_asset="14"
tile_yscale="1"
tile_xscale="1"
tile_alpha="1"
tile_depth="5"
tile_y="2592"
tile_x="640"
[lvl_tiles_57]
tile_asset="14"
tile_yscale="1"
tile_xscale="1"
tile_alpha="1"
tile_depth="5"
tile_y="2560"
tile_x="640"
[lvl_tiles_56]
tile_asset="14"
tile_yscale="1"
tile_xscale="1"
tile_alpha="1"
tile_depth="5"
tile_y="2528"
tile_x="640"
[lvl_tiles_55]
tile_asset="14"
tile_yscale="1"
tile_xscale="1"
tile_alpha="1"
tile_depth="5"
tile_y="2528"
tile_x="640"
[lvl_tiles_54]
tile_asset="15"
tile_yscale="1"
tile_xscale="1"
tile_alpha="1"
tile_depth="5"
tile_y="2656"
tile_x="264"
[lvl_tiles_53]
tile_asset="14"
tile_yscale="1"
tile_xscale="1"
tile_alpha="1"
tile_depth="5"
tile_y="2656"
tile_x="824"
[lvl_tiles_52]
tile_asset="6"
tile_yscale="1"
tile_xscale="1"
tile_alpha="1"
tile_depth="5"
tile_y="2656"
tile_x="696"
[lvl_tiles_51]
tile_asset="6"
tile_yscale="1"
tile_xscale="1"
tile_alpha="1"
tile_depth="5"
tile_y="2656"
tile_x="696"
[lvl_tiles_50]
tile_asset="6"
tile_yscale="1"
tile_xscale="1"
tile_alpha="1"
tile_depth="5"
tile_y="2656"
tile_x="664"
[lvl_tiles_49]
tile_asset="6"
tile_yscale="1"
tile_xscale="1"
tile_alpha="1"
tile_depth="5"
tile_y="2656"
tile_x="536"
[lvl_tiles_48]
tile_asset="6"
tile_yscale="1"
tile_xscale="1"
tile_alpha="1"
tile_depth="5"
tile_y="2656"
tile_x="408"
[lvl_tiles_47]
tile_asset="6"
tile_yscale="1"
tile_xscale="1"
tile_alpha="1"
tile_depth="5"
tile_y="2656"
tile_x="280"
[lvl_tiles_46]
tile_asset="6"
tile_yscale="1"
tile_xscale="1"
tile_alpha="1"
tile_depth="5"
tile_y="2656"
tile_x="280"
[lvl_tiles_45]
tile_asset="186"
tile_yscale="1"
tile_xscale="1"
tile_alpha="1"
tile_depth="5"
tile_y="3032"
tile_x="52"
[lvl_tiles_44]
tile_asset="186"
tile_yscale="1"
tile_xscale="1"
tile_alpha="1"
tile_depth="5"
tile_y="2968"
tile_x="52"
[lvl_tiles_43]
tile_asset="276"
tile_yscale="1"
tile_xscale="1"
tile_alpha="1"
tile_depth="5"
tile_y="3080"
tile_x="220"
[lvl_tiles_42]
tile_asset="276"
tile_yscale="1"
tile_xscale="1"
tile_alpha="1"
tile_depth="5"
tile_y="2952"
tile_x="220"
[lvl_tiles_41]
tile_asset="275"
tile_yscale="1"
tile_xscale="1"
tile_alpha="1"
tile_depth="5"
tile_y="3080"
tile_x="184"
[lvl_tiles_40]
tile_asset="275"
tile_yscale="1"
tile_xscale="1"
tile_alpha="1"
tile_depth="5"
tile_y="2952"
tile_x="184"
[lvl_tiles_39]
tile_asset="275"
tile_yscale="1"
tile_xscale="1"
tile_alpha="1"
tile_depth="5"
tile_y="2952"
tile_x="184"
[lvl_tiles_38]
tile_asset="71"
tile_yscale="1"
tile_xscale="1"
tile_alpha="1"
tile_depth="6"
tile_y="2528"
tile_x="2584"
[lvl_tiles_37]
tile_asset="71"
tile_yscale="-1"
tile_xscale="1"
tile_alpha="1"
tile_depth="6"
tile_y="2825"
tile_x="2215"
[lvl_tiles_36]
tile_asset="71"
tile_yscale="1"
tile_xscale="1"
tile_alpha="1"
tile_depth="6"
tile_y="2633"
tile_x="2215"
[lvl_tiles_35]
tile_asset="71"
tile_yscale="1"
tile_xscale="1"
tile_alpha="1"
tile_depth="6"
tile_y="2697"
tile_x="2215"
[lvl_tiles_34]
tile_asset="66"
tile_yscale="1"
tile_xscale="1"
tile_alpha="1"
tile_depth="6"
tile_y="2568"
tile_x="2226"
[lvl_tiles_33]
tile_asset="75"
tile_yscale="1"
tile_xscale="-1"
tile_alpha="1"
tile_depth="6"
tile_y="2576"
tile_x="2200"
[lvl_tiles_32]
tile_asset="354"
tile_yscale="1"
tile_xscale="1"
tile_alpha="1"
tile_depth="6"
tile_y="2892"
tile_x="782"
[lvl_tiles_31]
tile_asset="331"
tile_yscale="1"
tile_xscale="1"
tile_alpha="1"
tile_depth="6"
tile_y="2772"
tile_x="648"
[lvl_tiles_30]
tile_asset="331"
tile_yscale="1"
tile_xscale="1"
tile_alpha="1"
tile_depth="6"
tile_y="2644"
tile_x="648"
[lvl_tiles_29]
tile_asset="331"
tile_yscale="1"
tile_xscale="1"
tile_alpha="1"
tile_depth="6"
tile_y="2772"
tile_x="376"
[lvl_tiles_28]
tile_asset="331"
tile_yscale="1"
tile_xscale="1"
tile_alpha="1"
tile_depth="6"
tile_y="2644"
tile_x="376"
[lvl_tiles_27]
tile_asset="186"
tile_yscale="1"
tile_xscale="1"
tile_alpha="1"
tile_depth="6"
tile_y="2968"
tile_x="52"
[lvl_tiles_26]
tile_asset="272"
tile_yscale="1"
tile_xscale="1"
tile_alpha="1"
tile_depth="6"
tile_y="2944"
tile_x="-8"
[lvl_tiles_25]
tile_asset="272"
tile_yscale="1"
tile_xscale="1"
tile_alpha="1"
tile_depth="6"
tile_y="2944"
tile_x="88"
[lvl_tiles_24]
tile_asset="272"
tile_yscale="1"
tile_xscale="1"
tile_alpha="1"
tile_depth="6"
tile_y="2944"
tile_x="184"
[lvl_tiles_23]
tile_asset="272"
tile_yscale="1"
tile_xscale="1"
tile_alpha="1"
tile_depth="6"
tile_y="2944"
tile_x="280"
[lvl_tiles_22]
tile_asset="272"
tile_yscale="1"
tile_xscale="1"
tile_alpha="1"
tile_depth="6"
tile_y="2944"
tile_x="280"
[lvl_tiles_21]
tile_asset="910"
tile_yscale="1"
tile_xscale="1"
tile_alpha="1"
tile_depth="7"
tile_y="2984"
tile_x="312"
[lvl_tiles_20]
tile_asset="910"
tile_yscale="1"
tile_xscale="1"
tile_alpha="1"
tile_depth="7"
tile_y="2984"
tile_x="136"
[lvl_tiles_19]
tile_asset="75"
tile_yscale="1"
tile_xscale="1"
tile_alpha="1"
tile_depth="7"
tile_y="2464"
tile_x="2054"
[lvl_tiles_18]
tile_asset="440"
tile_yscale="1"
tile_xscale="1"
tile_alpha="1"
tile_depth="7"
tile_y="2608"
tile_x="760"
[lvl_tiles_17]
tile_asset="440"
tile_yscale="1"
tile_xscale="1"
tile_alpha="1"
tile_depth="7"
tile_y="2672"
tile_x="760"
[lvl_tiles_16]
tile_asset="440"
tile_yscale="1"
tile_xscale="1"
tile_alpha="1"
tile_depth="7"
tile_y="2672"
tile_x="760"
[lvl_tiles_15]
tile_asset="440"
tile_yscale="1"
tile_xscale="1"
tile_alpha="1"
tile_depth="7"
tile_y="2736"
tile_x="760"
[lvl_tiles_14]
tile_asset="440"
tile_yscale="1"
tile_xscale="1"
tile_alpha="1"
tile_depth="7"
tile_y="2736"
tile_x="760"
[lvl_tiles_13]
tile_asset="320"
tile_yscale="1"
tile_xscale="1"
tile_alpha="1"
tile_depth="7"
tile_y="3112"
tile_x="136"
[lvl_tiles_12]
tile_asset="320"
tile_yscale="1"
tile_xscale="1"
tile_alpha="1"
tile_depth="7"
tile_y="2952"
tile_x="136"
[lvl_tiles_11]
tile_asset="320"
tile_yscale="1"
tile_xscale="1"
tile_alpha="1"
tile_depth="7"
tile_y="2952"
tile_x="136"
[lvl_tiles_10]
tile_asset="320"
tile_yscale="1"
tile_xscale="1"
tile_alpha="1"
tile_depth="7"
tile_y="3112"
tile_x="312"
[lvl_tiles_9]
tile_asset="320"
tile_yscale="1"
tile_xscale="1"
tile_alpha="1"
tile_depth="7"
tile_y="2952"
tile_x="312"
[lvl_tiles_8]
tile_asset="320"
tile_yscale="1"
tile_xscale="1"
tile_alpha="1"
tile_depth="7"
tile_y="2952"
tile_x="312"
[lvl_tiles_7]
tile_asset="276"
tile_yscale="1"
tile_xscale="1"
tile_alpha="1"
tile_depth="7"
tile_y="3072"
tile_x="84"
[lvl_tiles_6]
tile_asset="276"
tile_yscale="1"
tile_xscale="1"
tile_alpha="1"
tile_depth="7"
tile_y="2944"
tile_x="84"
[lvl_tiles_5]
tile_asset="276"
tile_yscale="1"
tile_xscale="1"
tile_alpha="1"
tile_depth="7"
tile_y="2944"
tile_x="84"
[lvl_tiles_4]
tile_asset="275"
tile_yscale="1"
tile_xscale="1"
tile_alpha="1"
tile_depth="7"
tile_y="3072"
tile_x="48"
[lvl_tiles_3]
tile_asset="275"
tile_yscale="1"
tile_xscale="1"
tile_alpha="1"
tile_depth="7"
tile_y="2944"
tile_x="48"
[lvl_tiles_2]
tile_asset="275"
tile_yscale="1"
tile_xscale="1"
tile_alpha="1"
tile_depth="7"
tile_y="2944"
tile_x="48"
[lvl_tiles_1]
tile_asset="77"
tile_yscale="1"
tile_xscale="1"
tile_alpha="1"
tile_depth="8"
tile_y="2708"
tile_x="136"
[lvl_tiles_0]
tile_ignore="-1"
[lvl_hd]
lvl_npc_count="3"
lvl_obj_count="40"
lvl_tile_count="706"
version_number="1209"
lvl_best_time="600000"
lvl_char="All"
lvl_win_condition="0"
lvl_weather="0"
lvl_description=""
lvl_author="Vela"
lvl_name="Temple Hub 5A"
