[lvl_health]
health="14"
[lvl_objects_138]
obj_item="0"
obj_asset="217"
obj_y="0"
obj_x="0"
[lvl_objects_137]
obj_item="0"
obj_asset="215"
obj_y="3372"
obj_x="1420"
[lvl_objects_136]
obj_item="0"
obj_asset="236"
obj_y="3192"
obj_x="856"
[lvl_objects_135]
obj_item="0"
obj_asset="236"
obj_y="3192"
obj_x="996"
[lvl_objects_134]
obj_item="0"
obj_asset="212"
obj_y="3028"
obj_x="836"
[lvl_objects_133]
obj_item="0"
obj_asset="212"
obj_y="3012"
obj_x="800"
[lvl_objects_132]
obj_item="0"
obj_asset="236"
obj_y="3052"
obj_x="1420"
[lvl_objects_131]
obj_item="0"
obj_asset="236"
obj_y="3052"
obj_x="1088"
[lvl_objects_130]
obj_item="0"
obj_asset="948"
obj_y="2992"
obj_x="772"
[lvl_objects_129]
obj_item="0"
obj_asset="948"
obj_y="2992"
obj_x="736"
[lvl_objects_128]
obj_item="0"
obj_asset="236"
obj_y="2988"
obj_x="856"
[lvl_objects_127]
obj_item="0"
obj_asset="213"
obj_y="2892"
obj_x="912"
[lvl_objects_126]
obj_item="0"
obj_asset="949"
obj_y="2948"
obj_x="812"
[lvl_objects_125]
obj_item="0"
obj_asset="213"
obj_y="2840"
obj_x="852"
[lvl_objects_124]
obj_item="0"
obj_asset="949"
obj_y="2912"
obj_x="812"
[lvl_objects_123]
obj_item="0"
obj_asset="236"
obj_y="2896"
obj_x="996"
[lvl_objects_122]
obj_item="0"
obj_asset="948"
obj_y="2624"
obj_x="1552"
[lvl_objects_121]
obj_item="0"
obj_asset="948"
obj_y="2624"
obj_x="1456"
[lvl_objects_120]
obj_item="0"
obj_asset="236"
obj_y="4104"
obj_x="1248"
[lvl_objects_119]
obj_item="0"
obj_asset="948"
obj_y="3952"
obj_x="928"
[lvl_objects_118]
obj_item="0"
obj_asset="948"
obj_y="3632"
obj_x="988"
[lvl_objects_117]
obj_item="0"
obj_asset="124"
obj_y="3120"
obj_x="1392"
[lvl_objects_116]
obj_item="0"
obj_asset="124"
obj_y="3120"
obj_x="1260"
[lvl_objects_115]
obj_item="0"
obj_asset="242"
obj_y="3008"
obj_x="772"
[lvl_objects_114]
obj_item="0"
obj_asset="241"
obj_y="3008"
obj_x="736"
[lvl_objects_113]
obj_item="0"
obj_asset="242"
obj_y="2964"
obj_x="812"
[lvl_objects_112]
obj_item="0"
obj_asset="241"
obj_y="2928"
obj_x="812"
[lvl_objects_111]
obj_item="0"
obj_asset="241"
obj_y="2880"
obj_x="736"
[lvl_objects_110]
obj_item="0"
obj_asset="242"
obj_y="2880"
obj_x="772"
[lvl_objects_109]
obj_item="0"
obj_asset="241"
obj_y="2640"
obj_x="1552"
[lvl_objects_108]
obj_item="0"
obj_asset="241"
obj_y="2640"
obj_x="1456"
[lvl_objects_107]
obj_item="0"
obj_asset="124"
obj_y="2468"
obj_x="1356"
[lvl_objects_106]
obj_item="0"
obj_asset="124"
obj_y="2468"
obj_x="924"
[lvl_objects_105]
obj_item="0"
obj_asset="124"
obj_y="2468"
obj_x="1000"
[lvl_objects_104]
obj_item="0"
obj_asset="124"
obj_y="2468"
obj_x="1220"
[lvl_objects_103]
obj_item="0"
obj_asset="124"
obj_y="2468"
obj_x="1136"
[lvl_objects_102]
obj_item="0"
obj_asset="124"
obj_y="3936"
obj_x="1468"
[lvl_objects_101]
obj_item="0"
obj_asset="124"
obj_y="3952"
obj_x="1512"
[lvl_objects_100]
obj_item="0"
obj_asset="124"
obj_y="3956"
obj_x="1404"
[lvl_objects_99]
obj_item="0"
obj_asset="252"
obj_y="4480"
obj_x="728"
[lvl_objects_98]
obj_item="0"
obj_asset="251"
obj_y="4368"
obj_x="928"
[lvl_objects_97]
obj_item="0"
obj_asset="249"
obj_y="4208"
obj_x="816"
[lvl_objects_96]
obj_item="0"
obj_asset="249"
obj_y="4208"
obj_x="848"
[lvl_objects_95]
obj_item="0"
obj_asset="433"
obj_y="4209"
obj_x="899"
[lvl_objects_94]
obj_item="0"
obj_asset="249"
obj_y="4176"
obj_x="816"
[lvl_objects_93]
obj_item="0"
obj_asset="249"
obj_y="4176"
obj_x="848"
[lvl_objects_92]
obj_item="0"
obj_asset="249"
obj_y="4144"
obj_x="816"
[lvl_objects_91]
obj_item="0"
obj_asset="254"
obj_y="4040"
obj_x="1320"
[lvl_objects_90]
obj_item="0"
obj_asset="241"
obj_y="3968"
obj_x="928"
[lvl_objects_89]
obj_item="0"
obj_asset="243"
obj_y="3768"
obj_x="1530"
[lvl_objects_88]
obj_item="0"
obj_asset="242"
obj_y="3648"
obj_x="988"
[lvl_objects_87]
obj_item="0"
obj_asset="266"
obj_y="3584"
obj_x="992"
[lvl_objects_86]
obj_item="0"
obj_asset="140"
obj_y="2688"
obj_x="864"
[lvl_objects_85]
obj_item="0"
obj_asset="151"
obj_y="2832"
obj_x="1282"
[lvl_objects_84]
obj_item="0"
obj_asset="153"
obj_y="2492"
obj_x="1180"
[lvl_objects_83]
obj_item="0"
obj_asset="222"
obj_y="4464"
obj_x="853"
[lvl_objects_82]
obj_item="0"
obj_asset="227"
obj_y="4040"
obj_x="1433.50"
[lvl_objects_81]
obj_item="0"
obj_asset="221"
obj_y="3616"
obj_x="1226"
[lvl_objects_80]
obj_item="0"
obj_asset="135"
obj_y="2988"
obj_x="1548"
[lvl_objects_79]
obj_item="0"
obj_asset="126"
obj_y="2732"
obj_x="1068"
[lvl_objects_78]
obj_item="0"
obj_asset="126"
obj_y="2732"
obj_x="1288"
[lvl_objects_77]
obj_item="0"
obj_asset="126"
obj_y="3068"
obj_x="756"
[lvl_objects_76]
obj_item="0"
obj_asset="133"
obj_y="4496"
obj_x="684"
[lvl_objects_75]
obj_item="0"
obj_asset="132"
obj_y="2384"
obj_x="744"
[lvl_objects_74]
obj_item="0"
obj_asset="126"
obj_y="2544"
obj_x="868"
[lvl_objects_73]
obj_item="0"
obj_asset="126"
obj_y="3452"
obj_x="1480"
[lvl_objects_72]
obj_item="0"
obj_asset="126"
obj_y="3568"
obj_x="976"
[lvl_objects_71]
obj_item="0"
obj_asset="126"
obj_y="3296"
obj_x="892"
[lvl_objects_70]
obj_item="0"
obj_asset="126"
obj_y="3296"
obj_x="1104"
[lvl_objects_69]
obj_item="0"
obj_asset="126"
obj_y="3108"
obj_x="1328"
[lvl_objects_68]
obj_item="0"
obj_asset="126"
obj_y="3836"
obj_x="940"
[lvl_objects_67]
obj_item="0"
obj_asset="126"
obj_y="4080"
obj_x="832"
[lvl_objects_66]
obj_item="0"
obj_asset="126"
obj_y="3968"
obj_x="1440"
[lvl_objects_65]
obj_item="0"
obj_asset="149"
obj_y="3624"
obj_x="856"
[lvl_objects_64]
obj_item="0"
obj_asset="129"
obj_y="4208"
obj_x="960"
[lvl_objects_63]
obj_item="0"
obj_asset="134"
obj_y="4256"
obj_x="716"
[lvl_objects_62]
obj_item="0"
obj_asset="136"
obj_y="4368"
obj_x="832"
[lvl_objects_61]
obj_item="0"
obj_asset="224"
obj_y="3892"
obj_x="936"
[lvl_objects_60]
obj_ignore="-1"
[lvl_objects_59]
obj_item="0"
obj_asset="123"
obj_y="3436"
obj_x="1420"
[lvl_objects_58]
obj_item="0"
obj_asset="123"
obj_y="3328"
obj_x="1120"
[lvl_objects_57]
obj_item="0"
obj_asset="123"
obj_y="3328"
obj_x="876"
[lvl_objects_56]
obj_item="0"
obj_asset="123"
obj_y="3184"
obj_x="840"
[lvl_objects_55]
obj_item="0"
obj_asset="123"
obj_y="3184"
obj_x="856"
[lvl_objects_54]
obj_item="0"
obj_asset="123"
obj_y="3152"
obj_x="840"
[lvl_objects_53]
obj_item="0"
obj_asset="123"
obj_y="3152"
obj_x="856"
[lvl_objects_52]
obj_item="0"
obj_asset="123"
obj_y="2992"
obj_x="1004"
[lvl_objects_51]
obj_item="0"
obj_asset="123"
obj_y="2992"
obj_x="988"
[lvl_objects_50]
obj_item="0"
obj_asset="123"
obj_y="2964"
obj_x="1004"
[lvl_objects_49]
obj_item="0"
obj_asset="123"
obj_y="2964"
obj_x="988"
[lvl_objects_48]
obj_item="0"
obj_asset="123"
obj_y="2892"
obj_x="1068"
[lvl_objects_47]
obj_item="0"
obj_asset="123"
obj_y="2892"
obj_x="1088"
[lvl_objects_46]
obj_item="0"
obj_asset="123"
obj_y="2856"
obj_x="1068"
[lvl_objects_45]
obj_item="0"
obj_asset="123"
obj_y="2856"
obj_x="1088"
[lvl_objects_44]
obj_item="0"
obj_asset="123"
obj_y="2828"
obj_x="900"
[lvl_objects_43]
obj_item="0"
obj_asset="123"
obj_y="2840"
obj_x="912"
[lvl_objects_42]
obj_item="0"
obj_asset="123"
obj_y="2828"
obj_x="924"
[lvl_objects_41]
obj_item="0"
obj_asset="123"
obj_y="2816"
obj_x="912"
[lvl_objects_40]
obj_item="0"
obj_asset="123"
obj_y="2720"
obj_x="1000"
[lvl_objects_39]
obj_item="0"
obj_asset="123"
obj_y="2736"
obj_x="1008"
[lvl_objects_38]
obj_item="0"
obj_asset="123"
obj_y="2720"
obj_x="1016"
[lvl_objects_37]
obj_item="0"
obj_asset="123"
obj_y="2704"
obj_x="1008"
[lvl_objects_36]
obj_item="0"
obj_asset="123"
obj_y="2584"
obj_x="868"
[lvl_objects_35]
obj_item="0"
obj_asset="123"
obj_y="2552"
obj_x="844"
[lvl_objects_34]
obj_item="0"
obj_asset="123"
obj_y="2552"
obj_x="892"
[lvl_objects_33]
obj_item="0"
obj_asset="123"
obj_y="2524"
obj_x="868"
[lvl_objects_32]
obj_item="0"
obj_asset="123"
obj_y="4424"
obj_x="1000"
[lvl_objects_31]
obj_item="0"
obj_asset="123"
obj_y="4424"
obj_x="976"
[lvl_objects_30]
obj_item="0"
obj_asset="123"
obj_y="4424"
obj_x="952"
[lvl_objects_29]
obj_item="0"
obj_asset="123"
obj_y="4424"
obj_x="928"
[lvl_objects_28]
obj_item="0"
obj_asset="123"
obj_y="4328"
obj_x="936"
[lvl_objects_27]
obj_item="0"
obj_asset="123"
obj_y="4328"
obj_x="904"
[lvl_objects_26]
obj_item="0"
obj_asset="123"
obj_y="4328"
obj_x="872"
[lvl_objects_25]
obj_item="0"
obj_asset="123"
obj_y="4264"
obj_x="828"
[lvl_objects_24]
obj_item="0"
obj_asset="123"
obj_y="4264"
obj_x="852"
[lvl_objects_23]
obj_item="0"
obj_asset="478"
obj_y="3832"
obj_x="1176"
[lvl_objects_22]
obj_item="0"
obj_asset="478"
obj_y="3832"
obj_x="1280"
[lvl_objects_21]
obj_item="0"
obj_asset="123"
obj_y="3840"
obj_x="1472"
[lvl_objects_20]
obj_item="0"
obj_asset="478"
obj_y="3800"
obj_x="1176"
[lvl_objects_19]
obj_item="0"
obj_asset="478"
obj_y="3800"
obj_x="1280"
[lvl_objects_18]
obj_item="0"
obj_asset="123"
obj_y="3808"
obj_x="1472"
[lvl_objects_17]
obj_item="0"
obj_asset="123"
obj_y="3768"
obj_x="988"
[lvl_objects_16]
obj_item="0"
obj_asset="123"
obj_y="3768"
obj_x="940"
[lvl_objects_15]
obj_item="0"
obj_asset="123"
obj_y="3768"
obj_x="888"
[lvl_objects_14]
obj_item="0"
obj_asset="123"
obj_y="3744"
obj_x="1184"
[lvl_objects_13]
obj_item="0"
obj_asset="123"
obj_y="3744"
obj_x="1272"
[lvl_objects_12]
obj_item="0"
obj_asset="123"
obj_y="3712"
obj_x="1184"
[lvl_objects_11]
obj_item="0"
obj_asset="123"
obj_y="3712"
obj_x="1272"
[lvl_objects_10]
obj_item="0"
obj_asset="123"
obj_y="3680"
obj_x="1184"
[lvl_objects_9]
obj_item="0"
obj_asset="123"
obj_y="3680"
obj_x="1272"
[lvl_objects_8]
obj_item="0"
obj_asset="123"
obj_y="3608"
obj_x="1420"
[lvl_objects_7]
obj_item="0"
obj_asset="123"
obj_y="3552"
obj_x="1224"
[lvl_objects_6]
obj_item="0"
obj_asset="123"
obj_y="3536"
obj_x="1240"
[lvl_objects_5]
obj_item="0"
obj_asset="123"
obj_y="3536"
obj_x="1208"
[lvl_objects_4]
obj_item="0"
obj_asset="123"
obj_y="3520"
obj_x="1224"
[lvl_objects_3]
obj_item="0"
obj_asset="123"
obj_y="3520"
obj_x="1324"
[lvl_objects_2]
obj_item="0"
obj_asset="123"
obj_y="3520"
obj_x="1516"
[lvl_objects_1]
obj_item="0"
obj_asset="447"
obj_y="4240"
obj_x="920"
[lvl_objects_0]
obj_ignore="-1"
[lvl_tiles_382]
tile_asset="220"
tile_yscale="1"
tile_xscale="1"
tile_alpha="1"
tile_depth="-3"
tile_y="3848"
tile_x="1524"
[lvl_tiles_381]
tile_asset="220"
tile_yscale="1"
tile_xscale="1"
tile_alpha="1"
tile_depth="-1"
tile_y="3784"
tile_x="1500"
[lvl_tiles_380]
tile_asset="220"
tile_yscale="1"
tile_xscale="1"
tile_alpha="1"
tile_depth="-1"
tile_y="3784"
tile_x="1524"
[lvl_tiles_379]
tile_asset="6"
tile_yscale="1"
tile_xscale="1"
tile_alpha="1"
tile_depth="-1"
tile_y="3848"
tile_x="1420"
[lvl_tiles_378]
tile_asset="69"
tile_yscale="1"
tile_xscale="1"
tile_alpha="1"
tile_depth="-1"
tile_y="2528"
tile_x="1546"
[lvl_tiles_377]
tile_asset="69"
tile_yscale="1"
tile_xscale="1"
tile_alpha="1"
tile_depth="-1"
tile_y="2528"
tile_x="1529"
[lvl_tiles_376]
tile_asset="69"
tile_yscale="1"
tile_xscale="1"
tile_alpha="1"
tile_depth="-1"
tile_y="2528"
tile_x="1563"
[lvl_tiles_375]
tile_asset="69"
tile_yscale="1"
tile_xscale="1"
tile_alpha="1"
tile_depth="-1"
tile_y="2528"
tile_x="1580"
[lvl_tiles_374]
tile_asset="69"
tile_yscale="1"
tile_xscale="1"
tile_alpha="1"
tile_depth="-1"
tile_y="2528"
tile_x="1580"
[lvl_tiles_373]
tile_asset="70"
tile_yscale="1"
tile_xscale="1"
tile_alpha="1"
tile_depth="-1"
tile_y="3592"
tile_x="992"
[lvl_tiles_372]
tile_asset="70"
tile_yscale="1"
tile_xscale="1"
tile_alpha="1"
tile_depth="-1"
tile_y="3592"
tile_x="1184"
[lvl_tiles_371]
tile_asset="70"
tile_yscale="1"
tile_xscale="1"
tile_alpha="1"
tile_depth="-1"
tile_y="3592"
tile_x="1120"
[lvl_tiles_370]
tile_asset="70"
tile_yscale="1"
tile_xscale="1"
tile_alpha="1"
tile_depth="-1"
tile_y="3592"
tile_x="1056"
[lvl_tiles_369]
tile_asset="186"
tile_yscale="1"
tile_xscale="1"
tile_alpha="1"
tile_depth="-1"
tile_y="2768"
tile_x="1592"
[lvl_tiles_368]
tile_asset="186"
tile_yscale="1"
tile_xscale="1"
tile_alpha="1"
tile_depth="-1"
tile_y="2768"
tile_x="1464"
[lvl_tiles_367]
tile_asset="186"
tile_yscale="1"
tile_xscale="1"
tile_alpha="1"
tile_depth="-1"
tile_y="2768"
tile_x="1528"
[lvl_tiles_366]
tile_asset="186"
tile_yscale="1"
tile_xscale="1"
tile_alpha="1"
tile_depth="-1"
tile_y="2768"
tile_x="1400"
[lvl_tiles_365]
tile_asset="198"
tile_yscale="1"
tile_xscale="1"
tile_alpha="1"
tile_depth="-1"
tile_y="2640"
tile_x="1400"
[lvl_tiles_364]
tile_asset="198"
tile_yscale="1"
tile_xscale="1"
tile_alpha="1"
tile_depth="-1"
tile_y="2640"
tile_x="1528"
[lvl_tiles_363]
tile_asset="27"
tile_yscale="1"
tile_xscale="1"
tile_alpha="1"
tile_depth="0"
tile_y="2576"
tile_x="716"
[lvl_tiles_362]
tile_asset="8"
tile_yscale="1"
tile_xscale="1"
tile_alpha="1"
tile_depth="0"
tile_y="2512"
tile_x="716"
[lvl_tiles_361]
tile_asset="191"
tile_yscale="1"
tile_xscale="1"
tile_alpha="1"
tile_depth="0"
tile_y="2480"
tile_x="716"
[lvl_tiles_360]
tile_asset="195"
tile_yscale="1"
tile_xscale="1"
tile_alpha="1"
tile_depth="0"
tile_y="2448"
tile_x="780"
[lvl_tiles_359]
tile_asset="195"
tile_yscale="1"
tile_xscale="1"
tile_alpha="1"
tile_depth="0"
tile_y="2384"
tile_x="684"
[lvl_tiles_358]
tile_asset="195"
tile_yscale="1"
tile_xscale="1"
tile_alpha="1"
tile_depth="0"
tile_y="2384"
tile_x="716"
[lvl_tiles_357]
tile_asset="195"
tile_yscale="1"
tile_xscale="1"
tile_alpha="1"
tile_depth="0"
tile_y="2384"
tile_x="748"
[lvl_tiles_356]
tile_asset="195"
tile_yscale="1"
tile_xscale="1"
tile_alpha="1"
tile_depth="0"
tile_y="2384"
tile_x="780"
[lvl_tiles_355]
tile_asset="195"
tile_yscale="1"
tile_xscale="1"
tile_alpha="1"
tile_depth="0"
tile_y="2416"
tile_x="684"
[lvl_tiles_354]
tile_asset="195"
tile_yscale="1"
tile_xscale="1"
tile_alpha="1"
tile_depth="0"
tile_y="2416"
tile_x="716"
[lvl_tiles_353]
tile_asset="195"
tile_yscale="1"
tile_xscale="1"
tile_alpha="1"
tile_depth="0"
tile_y="2416"
tile_x="748"
[lvl_tiles_352]
tile_asset="195"
tile_yscale="1"
tile_xscale="1"
tile_alpha="1"
tile_depth="0"
tile_y="2416"
tile_x="780"
[lvl_tiles_351]
tile_asset="195"
tile_yscale="1"
tile_xscale="1"
tile_alpha="1"
tile_depth="0"
tile_y="2448"
tile_x="684"
[lvl_tiles_350]
tile_asset="195"
tile_yscale="1"
tile_xscale="1"
tile_alpha="1"
tile_depth="0"
tile_y="2448"
tile_x="716"
[lvl_tiles_349]
tile_asset="195"
tile_yscale="1"
tile_xscale="1"
tile_alpha="1"
tile_depth="0"
tile_y="2448"
tile_x="748"
[lvl_tiles_348]
tile_asset="12"
tile_yscale="1"
tile_xscale="1"
tile_alpha="1"
tile_depth="0"
tile_y="2480"
tile_x="748"
[lvl_tiles_347]
tile_asset="27"
tile_yscale="1"
tile_xscale="1"
tile_alpha="1"
tile_depth="0"
tile_y="2480"
tile_x="812"
[lvl_tiles_346]
tile_asset="8"
tile_yscale="1"
tile_xscale="1"
tile_alpha="1"
tile_depth="0"
tile_y="2416"
tile_x="812"
[lvl_tiles_345]
tile_asset="191"
tile_yscale="1"
tile_xscale="1"
tile_alpha="1"
tile_depth="0"
tile_y="2384"
tile_x="812"
[lvl_tiles_344]
tile_asset="12"
tile_yscale="1"
tile_xscale="1"
tile_alpha="1"
tile_depth="0"
tile_y="2384"
tile_x="844"
[lvl_tiles_343]
tile_asset="12"
tile_yscale="1"
tile_xscale="1"
tile_alpha="1"
tile_depth="0"
tile_y="2384"
tile_x="908"
[lvl_tiles_342]
tile_asset="12"
tile_yscale="1"
tile_xscale="1"
tile_alpha="1"
tile_depth="0"
tile_y="2384"
tile_x="972"
[lvl_tiles_341]
tile_asset="12"
tile_yscale="1"
tile_xscale="1"
tile_alpha="1"
tile_depth="0"
tile_y="2384"
tile_x="1036"
[lvl_tiles_340]
tile_asset="12"
tile_yscale="1"
tile_xscale="1"
tile_alpha="1"
tile_depth="0"
tile_y="2384"
tile_x="1100"
[lvl_tiles_339]
tile_asset="12"
tile_yscale="1"
tile_xscale="1"
tile_alpha="1"
tile_depth="0"
tile_y="2384"
tile_x="1164"
[lvl_tiles_338]
tile_asset="12"
tile_yscale="1"
tile_xscale="1"
tile_alpha="1"
tile_depth="0"
tile_y="2384"
tile_x="1228"
[lvl_tiles_337]
tile_asset="12"
tile_yscale="1"
tile_xscale="1"
tile_alpha="1"
tile_depth="0"
tile_y="2384"
tile_x="1292"
[lvl_tiles_336]
tile_asset="12"
tile_yscale="1"
tile_xscale="1"
tile_alpha="1"
tile_depth="0"
tile_y="2384"
tile_x="1356"
[lvl_tiles_335]
tile_asset="12"
tile_yscale="1"
tile_xscale="1"
tile_alpha="1"
tile_depth="0"
tile_y="2384"
tile_x="1356"
[lvl_tiles_334]
tile_asset="192"
tile_yscale="1"
tile_xscale="1"
tile_alpha="1"
tile_depth="0"
tile_y="2384"
tile_x="1420"
[lvl_tiles_333]
tile_asset="195"
tile_yscale="1"
tile_xscale="1"
tile_alpha="1"
tile_depth="0"
tile_y="2384"
tile_x="1452"
[lvl_tiles_332]
tile_asset="195"
tile_yscale="1"
tile_xscale="1"
tile_alpha="1"
tile_depth="0"
tile_y="2384"
tile_x="1484"
[lvl_tiles_331]
tile_asset="195"
tile_yscale="1"
tile_xscale="1"
tile_alpha="1"
tile_depth="0"
tile_y="2384"
tile_x="1516"
[lvl_tiles_330]
tile_asset="26"
tile_yscale="1"
tile_xscale="1"
tile_alpha="1"
tile_depth="0"
tile_y="2416"
tile_x="1420"
[lvl_tiles_329]
tile_asset="12"
tile_yscale="1"
tile_xscale="1"
tile_alpha="1"
tile_depth="0"
tile_y="2416"
tile_x="1452"
[lvl_tiles_328]
tile_asset="12"
tile_yscale="1"
tile_xscale="1"
tile_alpha="1"
tile_depth="0"
tile_y="2416"
tile_x="1452"
[lvl_tiles_327]
tile_asset="192"
tile_yscale="1"
tile_xscale="1"
tile_alpha="1"
tile_depth="0"
tile_y="2416"
tile_x="1516"
[lvl_tiles_326]
tile_asset="195"
tile_yscale="1"
tile_xscale="1"
tile_alpha="1"
tile_depth="0"
tile_y="2416"
tile_x="1548"
[lvl_tiles_325]
tile_asset="195"
tile_yscale="1"
tile_xscale="1"
tile_alpha="1"
tile_depth="0"
tile_y="2384"
tile_x="1580"
[lvl_tiles_324]
tile_asset="195"
tile_yscale="1"
tile_xscale="1"
tile_alpha="1"
tile_depth="0"
tile_y="2384"
tile_x="1548"
[lvl_tiles_323]
tile_asset="195"
tile_yscale="1"
tile_xscale="1"
tile_alpha="1"
tile_depth="0"
tile_y="2416"
tile_x="1580"
[lvl_tiles_322]
tile_asset="12"
tile_yscale="1"
tile_xscale="1"
tile_alpha="1"
tile_depth="0"
tile_y="2448"
tile_x="1548"
[lvl_tiles_321]
tile_asset="26"
tile_yscale="1"
tile_xscale="1"
tile_alpha="1"
tile_depth="0"
tile_y="2448"
tile_x="1516"
[lvl_tiles_320]
tile_ignore="-1"
[lvl_tiles_319]
tile_ignore="-1"
[lvl_tiles_318]
tile_ignore="-1"
[lvl_tiles_317]
tile_ignore="-1"
[lvl_tiles_316]
tile_ignore="-1"
[lvl_tiles_315]
tile_ignore="-1"
[lvl_tiles_314]
tile_ignore="-1"
[lvl_tiles_313]
tile_ignore="-1"
[lvl_tiles_312]
tile_ignore="-1"
[lvl_tiles_311]
tile_asset="220"
tile_yscale="1"
tile_xscale="1"
tile_alpha="1"
tile_depth="0"
tile_y="4040"
tile_x="1528"
[lvl_tiles_310]
tile_asset="6"
tile_yscale="1"
tile_xscale="1"
tile_alpha="1"
tile_depth="0"
tile_y="3848"
tile_x="1420"
[lvl_tiles_309]
tile_asset="220"
tile_yscale="1"
tile_xscale="1"
tile_alpha="1"
tile_depth="0"
tile_y="3848"
tile_x="1524"
[lvl_tiles_308]
tile_asset="15"
tile_yscale="1"
tile_xscale="1"
tile_alpha="1"
tile_depth="0"
tile_y="3896"
tile_x="1532"
[lvl_tiles_307]
tile_asset="220"
tile_yscale="1"
tile_xscale="1"
tile_alpha="1"
tile_depth="0"
tile_y="3784"
tile_x="1500"
[lvl_tiles_306]
tile_asset="15"
tile_yscale="1"
tile_xscale="1"
tile_alpha="1"
tile_depth="0"
tile_y="3768"
tile_x="1508"
[lvl_tiles_305]
tile_asset="220"
tile_yscale="1"
tile_xscale="1"
tile_alpha="1"
tile_depth="0"
tile_y="3768"
tile_x="1524"
[lvl_tiles_304]
tile_asset="15"
tile_yscale="1"
tile_xscale="1"
tile_alpha="1"
tile_depth="0"
tile_y="3784"
tile_x="1484"
[lvl_tiles_303]
tile_asset="15"
tile_yscale="1"
tile_xscale="1"
tile_alpha="1"
tile_depth="0"
tile_y="3816"
tile_x="1484"
[lvl_tiles_302]
tile_asset="15"
tile_yscale="1"
tile_xscale="1"
tile_alpha="1"
tile_depth="0"
tile_y="3864"
tile_x="1508"
[lvl_tiles_301]
tile_asset="15"
tile_yscale="1"
tile_xscale="1"
tile_alpha="1"
tile_depth="0"
tile_y="3880"
tile_x="1508"
[lvl_tiles_300]
tile_asset="15"
tile_yscale="1"
tile_xscale="1"
tile_alpha="1"
tile_depth="0"
tile_y="3848"
tile_x="1404"
[lvl_tiles_299]
tile_ignore="-1"
[lvl_tiles_298]
tile_ignore="-1"
[lvl_tiles_297]
tile_ignore="-1"
[lvl_tiles_296]
tile_ignore="-1"
[lvl_tiles_295]
tile_ignore="-1"
[lvl_tiles_294]
tile_ignore="-1"
[lvl_tiles_293]
tile_ignore="-1"
[lvl_tiles_292]
tile_ignore="-1"
[lvl_tiles_291]
tile_asset="195"
tile_yscale="1"
tile_xscale="1"
tile_alpha="1"
tile_depth="0"
tile_y="2944"
tile_x="716"
[lvl_tiles_290]
tile_asset="195"
tile_yscale="1"
tile_xscale="1"
tile_alpha="1"
tile_depth="0"
tile_y="2912"
tile_x="716"
[lvl_tiles_289]
tile_asset="195"
tile_yscale="1"
tile_xscale="1"
tile_alpha="1"
tile_depth="0"
tile_y="2944"
tile_x="748"
[lvl_tiles_288]
tile_asset="195"
tile_yscale="1"
tile_xscale="1"
tile_alpha="1"
tile_depth="0"
tile_y="2912"
tile_x="748"
[lvl_tiles_287]
tile_asset="12"
tile_yscale="1"
tile_xscale="1"
tile_alpha="1"
tile_depth="0"
tile_y="2976"
tile_x="716"
[lvl_tiles_286]
tile_asset="27"
tile_yscale="1"
tile_xscale="1"
tile_alpha="1"
tile_depth="0"
tile_y="2976"
tile_x="780"
[lvl_tiles_285]
tile_asset="8"
tile_yscale="1"
tile_xscale="1"
tile_alpha="1"
tile_depth="0"
tile_y="2912"
tile_x="780"
[lvl_tiles_284]
tile_asset="10"
tile_yscale="1"
tile_xscale="1"
tile_alpha="1"
tile_depth="0"
tile_y="2880"
tile_x="780"
[lvl_tiles_283]
tile_asset="13"
tile_yscale="1"
tile_xscale="1"
tile_alpha="1"
tile_depth="0"
tile_y="2880"
tile_x="716"
[lvl_tiles_282]
tile_asset="195"
tile_yscale="1"
tile_xscale="1"
tile_alpha="1"
tile_depth="0"
tile_y="2736"
tile_x="1488"
[lvl_tiles_281]
tile_asset="195"
tile_yscale="1"
tile_xscale="1"
tile_alpha="1"
tile_depth="0"
tile_y="2800"
tile_x="1488"
[lvl_tiles_280]
tile_asset="195"
tile_yscale="1"
tile_xscale="1"
tile_alpha="1"
tile_depth="0"
tile_y="2768"
tile_x="1488"
[lvl_tiles_279]
tile_asset="20"
tile_yscale="1"
tile_xscale="1"
tile_alpha="1"
tile_depth="0"
tile_y="4208"
tile_x="800"
[lvl_tiles_278]
tile_asset="7"
tile_yscale="1"
tile_xscale="1"
tile_alpha="1"
tile_depth="0"
tile_y="4208"
tile_x="832"
[lvl_tiles_277]
tile_asset="7"
tile_yscale="1"
tile_xscale="1"
tile_alpha="1"
tile_depth="0"
tile_y="4208"
tile_x="928"
[lvl_tiles_276]
tile_asset="0"
tile_yscale="1"
tile_xscale="1"
tile_alpha="1"
tile_depth="0"
tile_y="4208"
tile_x="960"
[lvl_tiles_275]
tile_asset="7"
tile_yscale="1"
tile_xscale="1"
tile_alpha="1"
tile_depth="0"
tile_y="4208"
tile_x="1024"
[lvl_tiles_274]
tile_asset="894"
tile_yscale="1"
tile_xscale="1"
tile_alpha="1"
tile_depth="0"
tile_y="2512"
tile_x="684"
[lvl_tiles_273]
tile_asset="894"
tile_yscale="1"
tile_xscale="1"
tile_alpha="1"
tile_depth="0"
tile_y="2640"
tile_x="684"
[lvl_tiles_272]
tile_asset="894"
tile_yscale="1"
tile_xscale="1"
tile_alpha="1"
tile_depth="0"
tile_y="2768"
tile_x="684"
[lvl_tiles_271]
tile_asset="894"
tile_yscale="1"
tile_xscale="1"
tile_alpha="1"
tile_depth="0"
tile_y="2896"
tile_x="684"
[lvl_tiles_270]
tile_asset="894"
tile_yscale="1"
tile_xscale="1"
tile_alpha="1"
tile_depth="0"
tile_y="3024"
tile_x="684"
[lvl_tiles_269]
tile_asset="894"
tile_yscale="1"
tile_xscale="1"
tile_alpha="1"
tile_depth="0"
tile_y="3152"
tile_x="684"
[lvl_tiles_268]
tile_asset="894"
tile_yscale="1"
tile_xscale="1"
tile_alpha="1"
tile_depth="0"
tile_y="3280"
tile_x="684"
[lvl_tiles_267]
tile_asset="894"
tile_yscale="1"
tile_xscale="1"
tile_alpha="1"
tile_depth="0"
tile_y="3408"
tile_x="684"
[lvl_tiles_266]
tile_asset="894"
tile_yscale="1"
tile_xscale="1"
tile_alpha="1"
tile_depth="0"
tile_y="3536"
tile_x="684"
[lvl_tiles_265]
tile_asset="894"
tile_yscale="1"
tile_xscale="1"
tile_alpha="1"
tile_depth="0"
tile_y="3664"
tile_x="684"
[lvl_tiles_264]
tile_asset="894"
tile_yscale="1"
tile_xscale="1"
tile_alpha="1"
tile_depth="0"
tile_y="3792"
tile_x="684"
[lvl_tiles_263]
tile_asset="894"
tile_yscale="1"
tile_xscale="1"
tile_alpha="1"
tile_depth="0"
tile_y="3920"
tile_x="684"
[lvl_tiles_262]
tile_asset="894"
tile_yscale="1"
tile_xscale="1"
tile_alpha="1"
tile_depth="0"
tile_y="4048"
tile_x="684"
[lvl_tiles_261]
tile_asset="894"
tile_yscale="1"
tile_xscale="1"
tile_alpha="1"
tile_depth="0"
tile_y="4176"
tile_x="684"
[lvl_tiles_260]
tile_asset="894"
tile_yscale="1"
tile_xscale="1"
tile_alpha="1"
tile_depth="0"
tile_y="4304"
tile_x="684"
[lvl_tiles_259]
tile_asset="894"
tile_yscale="1"
tile_xscale="1"
tile_alpha="1"
tile_depth="0"
tile_y="4304"
tile_x="684"
[lvl_tiles_258]
tile_asset="894"
tile_yscale="1"
tile_xscale="1"
tile_alpha="1"
tile_depth="0"
tile_y="4368"
tile_x="1548"
[lvl_tiles_257]
tile_asset="894"
tile_yscale="1"
tile_xscale="1"
tile_alpha="1"
tile_depth="0"
tile_y="4240"
tile_x="1548"
[lvl_tiles_256]
tile_asset="894"
tile_yscale="1"
tile_xscale="1"
tile_alpha="1"
tile_depth="0"
tile_y="4112"
tile_x="1548"
[lvl_tiles_255]
tile_asset="894"
tile_yscale="1"
tile_xscale="1"
tile_alpha="1"
tile_depth="0"
tile_y="3984"
tile_x="1548"
[lvl_tiles_254]
tile_asset="894"
tile_yscale="1"
tile_xscale="1"
tile_alpha="1"
tile_depth="0"
tile_y="3856"
tile_x="1548"
[lvl_tiles_253]
tile_asset="894"
tile_yscale="1"
tile_xscale="1"
tile_alpha="1"
tile_depth="0"
tile_y="3728"
tile_x="1548"
[lvl_tiles_252]
tile_asset="894"
tile_yscale="1"
tile_xscale="1"
tile_alpha="1"
tile_depth="0"
tile_y="3600"
tile_x="1548"
[lvl_tiles_251]
tile_asset="894"
tile_yscale="1"
tile_xscale="1"
tile_alpha="1"
tile_depth="0"
tile_y="3472"
tile_x="1548"
[lvl_tiles_250]
tile_asset="894"
tile_yscale="1"
tile_xscale="1"
tile_alpha="1"
tile_depth="0"
tile_y="3344"
tile_x="1548"
[lvl_tiles_249]
tile_asset="894"
tile_yscale="1"
tile_xscale="1"
tile_alpha="1"
tile_depth="0"
tile_y="3216"
tile_x="1548"
[lvl_tiles_248]
tile_asset="894"
tile_yscale="1"
tile_xscale="1"
tile_alpha="1"
tile_depth="0"
tile_y="3088"
tile_x="1548"
[lvl_tiles_247]
tile_asset="894"
tile_yscale="1"
tile_xscale="1"
tile_alpha="1"
tile_depth="0"
tile_y="2960"
tile_x="1548"
[lvl_tiles_246]
tile_asset="894"
tile_yscale="1"
tile_xscale="1"
tile_alpha="1"
tile_depth="0"
tile_y="2960"
tile_x="1548"
[lvl_tiles_245]
tile_asset="15"
tile_yscale="1"
tile_xscale="1"
tile_alpha="1"
tile_depth="0"
tile_y="2608"
tile_x="1384"
[lvl_tiles_244]
tile_asset="6"
tile_yscale="1"
tile_xscale="1"
tile_alpha="1"
tile_depth="0"
tile_y="2608"
tile_x="1400"
[lvl_tiles_243]
tile_asset="6"
tile_yscale="1"
tile_xscale="1"
tile_alpha="1"
tile_depth="0"
tile_y="2608"
tile_x="1528"
[lvl_tiles_242]
tile_ignore="-1"
[lvl_tiles_241]
tile_ignore="-1"
[lvl_tiles_240]
tile_ignore="-1"
[lvl_tiles_239]
tile_asset="28"
tile_yscale="1"
tile_xscale="1"
tile_alpha="1"
tile_depth="0"
tile_y="3128"
tile_x="868"
[lvl_tiles_238]
tile_asset="6"
tile_yscale="1"
tile_xscale="1"
tile_alpha="1"
tile_depth="0"
tile_y="2928"
tile_x="1508"
[lvl_tiles_237]
tile_asset="6"
tile_yscale="1"
tile_xscale="1"
tile_alpha="1"
tile_depth="0"
tile_y="2928"
tile_x="1380"
[lvl_tiles_236]
tile_asset="6"
tile_yscale="1"
tile_xscale="1"
tile_alpha="1"
tile_depth="0"
tile_y="2928"
tile_x="1252"
[lvl_tiles_235]
tile_asset="6"
tile_yscale="1"
tile_xscale="1"
tile_alpha="1"
tile_depth="0"
tile_y="2928"
tile_x="1124"
[lvl_tiles_234]
tile_asset="93"
tile_yscale="1"
tile_xscale="1"
tile_alpha="1"
tile_depth="0"
tile_y="2896"
tile_x="1508"
[lvl_tiles_233]
tile_asset="93"
tile_yscale="1"
tile_xscale="1"
tile_alpha="1"
tile_depth="0"
tile_y="2896"
tile_x="1380"
[lvl_tiles_232]
tile_asset="93"
tile_yscale="1"
tile_xscale="1"
tile_alpha="1"
tile_depth="0"
tile_y="2896"
tile_x="1252"
[lvl_tiles_231]
tile_asset="93"
tile_yscale="1"
tile_xscale="1"
tile_alpha="1"
tile_depth="0"
tile_y="2896"
tile_x="1124"
[lvl_tiles_230]
tile_asset="93"
tile_yscale="1"
tile_xscale="1"
tile_alpha="1"
tile_depth="0"
tile_y="2864"
tile_x="1508"
[lvl_tiles_229]
tile_asset="93"
tile_yscale="1"
tile_xscale="1"
tile_alpha="1"
tile_depth="0"
tile_y="2864"
tile_x="1380"
[lvl_tiles_228]
tile_asset="93"
tile_yscale="1"
tile_xscale="1"
tile_alpha="1"
tile_depth="0"
tile_y="2864"
tile_x="1252"
[lvl_tiles_227]
tile_asset="93"
tile_yscale="1"
tile_xscale="1"
tile_alpha="1"
tile_depth="0"
tile_y="2864"
tile_x="1124"
[lvl_tiles_226]
tile_asset="195"
tile_yscale="1"
tile_xscale="1"
tile_alpha="1"
tile_depth="0"
tile_y="2704"
tile_x="1488"
[lvl_tiles_225]
tile_asset="195"
tile_yscale="1"
tile_xscale="1"
tile_alpha="1"
tile_depth="0"
tile_y="2672"
tile_x="1488"
[lvl_tiles_224]
tile_asset="195"
tile_yscale="1"
tile_xscale="1"
tile_alpha="1"
tile_depth="0"
tile_y="2640"
tile_x="1488"
[lvl_tiles_223]
tile_asset="0"
tile_yscale="1"
tile_xscale="1"
tile_alpha="1"
tile_depth="0"
tile_y="2832"
tile_x="1572"
[lvl_tiles_222]
tile_asset="0"
tile_yscale="1"
tile_xscale="1"
tile_alpha="1"
tile_depth="0"
tile_y="2832"
tile_x="1508"
[lvl_tiles_221]
tile_asset="0"
tile_yscale="1"
tile_xscale="1"
tile_alpha="1"
tile_depth="0"
tile_y="2832"
tile_x="1444"
[lvl_tiles_220]
tile_asset="0"
tile_yscale="1"
tile_xscale="1"
tile_alpha="1"
tile_depth="0"
tile_y="2832"
tile_x="1380"
[lvl_tiles_219]
tile_asset="0"
tile_yscale="1"
tile_xscale="1"
tile_alpha="1"
tile_depth="0"
tile_y="2832"
tile_x="1316"
[lvl_tiles_218]
tile_asset="0"
tile_yscale="1"
tile_xscale="1"
tile_alpha="1"
tile_depth="0"
tile_y="2832"
tile_x="1252"
[lvl_tiles_217]
tile_asset="0"
tile_yscale="1"
tile_xscale="1"
tile_alpha="1"
tile_depth="0"
tile_y="2832"
tile_x="1188"
[lvl_tiles_216]
tile_asset="0"
tile_yscale="1"
tile_xscale="1"
tile_alpha="1"
tile_depth="0"
tile_y="2832"
tile_x="1124"
[lvl_tiles_215]
tile_asset="28"
tile_yscale="1"
tile_xscale="1"
tile_alpha="1"
tile_depth="0"
tile_y="2832"
tile_x="1100"
[lvl_tiles_214]
tile_asset="24"
tile_yscale="1"
tile_xscale="1"
tile_alpha="1"
tile_depth="0"
tile_y="3064"
tile_x="1228"
[lvl_tiles_213]
tile_asset="24"
tile_yscale="1"
tile_xscale="1"
tile_alpha="1"
tile_depth="0"
tile_y="3064"
tile_x="1292"
[lvl_tiles_212]
tile_asset="24"
tile_yscale="1"
tile_xscale="1"
tile_alpha="1"
tile_depth="0"
tile_y="3064"
tile_x="1356"
[lvl_tiles_211]
tile_asset="28"
tile_yscale="1"
tile_xscale="1"
tile_alpha="1"
tile_depth="0"
tile_y="3192"
tile_x="1524"
[lvl_tiles_210]
tile_asset="28"
tile_yscale="1"
tile_xscale="1"
tile_alpha="1"
tile_depth="0"
tile_y="3256"
tile_x="1524"
[lvl_tiles_209]
tile_asset="28"
tile_yscale="1"
tile_xscale="1"
tile_alpha="1"
tile_depth="0"
tile_y="3320"
tile_x="1524"
[lvl_tiles_208]
tile_asset="6"
tile_yscale="1"
tile_xscale="1"
tile_alpha="1"
tile_depth="0"
tile_y="3616"
tile_x="1472"
[lvl_tiles_207]
tile_asset="16"
tile_yscale="1"
tile_xscale="1"
tile_alpha="1"
tile_depth="0"
tile_y="3584"
tile_x="960"
[lvl_tiles_206]
tile_asset="6"
tile_yscale="1"
tile_xscale="1"
tile_alpha="1"
tile_depth="0"
tile_y="3616"
tile_x="1344"
[lvl_tiles_205]
tile_asset="6"
tile_yscale="1"
tile_xscale="1"
tile_alpha="1"
tile_depth="0"
tile_y="3616"
tile_x="1216"
[lvl_tiles_204]
tile_asset="6"
tile_yscale="1"
tile_xscale="1"
tile_alpha="1"
tile_depth="0"
tile_y="3616"
tile_x="1088"
[lvl_tiles_203]
tile_asset="6"
tile_yscale="1"
tile_xscale="1"
tile_alpha="1"
tile_depth="0"
tile_y="3616"
tile_x="960"
[lvl_tiles_202]
tile_asset="19"
tile_yscale="1"
tile_xscale="1"
tile_alpha="1"
tile_depth="0"
tile_y="4432"
tile_x="684"
[lvl_tiles_201]
tile_asset="15"
tile_yscale="1"
tile_xscale="1"
tile_alpha="1"
tile_depth="0"
tile_y="4240"
tile_x="1000"
[lvl_tiles_200]
tile_asset="14"
tile_yscale="1"
tile_xscale="1"
tile_alpha="1"
tile_depth="0"
tile_y="4240"
tile_x="1040"
[lvl_tiles_199]
tile_asset="14"
tile_yscale="1"
tile_xscale="1"
tile_alpha="1"
tile_depth="0"
tile_y="4272"
tile_x="1040"
[lvl_tiles_198]
tile_asset="220"
tile_yscale="1"
tile_xscale="1"
tile_alpha="1"
tile_depth="0"
tile_y="4240"
tile_x="1016"
[lvl_tiles_197]
tile_asset="15"
tile_yscale="1"
tile_xscale="1"
tile_alpha="1"
tile_depth="0"
tile_y="3936"
tile_x="784"
[lvl_tiles_196]
tile_asset="14"
tile_yscale="1"
tile_xscale="1"
tile_alpha="1"
tile_depth="0"
tile_y="3936"
tile_x="1056"
[lvl_tiles_195]
tile_asset="6"
tile_yscale="1"
tile_xscale="1"
tile_alpha="1"
tile_depth="0"
tile_y="3936"
tile_x="928"
[lvl_tiles_194]
tile_asset="6"
tile_yscale="1"
tile_xscale="1"
tile_alpha="1"
tile_depth="0"
tile_y="3936"
tile_x="800"
[lvl_tiles_193]
tile_asset="28"
tile_yscale="1"
tile_xscale="1"
tile_alpha="1"
tile_depth="0"
tile_y="4168"
tile_x="1504"
[lvl_tiles_192]
tile_asset="28"
tile_yscale="1"
tile_xscale="1"
tile_alpha="1"
tile_depth="0"
tile_y="4104"
tile_x="1504"
[lvl_tiles_191]
tile_asset="28"
tile_yscale="1"
tile_xscale="1"
tile_alpha="1"
tile_depth="0"
tile_y="4040"
tile_x="1504"
[lvl_tiles_190]
tile_asset="24"
tile_yscale="1"
tile_xscale="1"
tile_alpha="1"
tile_depth="0"
tile_y="4040"
tile_x="1440"
[lvl_tiles_189]
tile_asset="24"
tile_yscale="1"
tile_xscale="1"
tile_alpha="1"
tile_depth="0"
tile_y="4208"
tile_x="1440"
[lvl_tiles_188]
tile_asset="28"
tile_yscale="1"
tile_xscale="1"
tile_alpha="1"
tile_depth="0"
tile_y="4320"
tile_x="1396"
[lvl_tiles_187]
tile_asset="24"
tile_yscale="1"
tile_xscale="1"
tile_alpha="1"
tile_depth="0"
tile_y="4296"
tile_x="1376"
[lvl_tiles_186]
tile_asset="28"
tile_yscale="1"
tile_xscale="1"
tile_alpha="1"
tile_depth="0"
tile_y="4232"
tile_x="1376"
[lvl_tiles_185]
tile_asset="28"
tile_yscale="1"
tile_xscale="1"
tile_alpha="1"
tile_depth="0"
tile_y="4232"
tile_x="1416"
[lvl_tiles_184]
tile_asset="24"
tile_yscale="1"
tile_xscale="1"
tile_alpha="1"
tile_depth="0"
tile_y="4208"
tile_x="1376"
[lvl_tiles_183]
tile_asset="24"
tile_yscale="1"
tile_xscale="1"
tile_alpha="1"
tile_depth="0"
tile_y="4040"
tile_x="1376"
[lvl_tiles_182]
tile_asset="18"
tile_yscale="1"
tile_xscale="1"
tile_alpha="1"
tile_depth="0"
tile_y="4488"
tile_x="1232"
[lvl_tiles_181]
tile_asset="18"
tile_yscale="1"
tile_xscale="1"
tile_alpha="1"
tile_depth="0"
tile_y="4424"
tile_x="1232"
[lvl_tiles_180]
tile_asset="18"
tile_yscale="1"
tile_xscale="1"
tile_alpha="1"
tile_depth="0"
tile_y="4488"
tile_x="1184"
[lvl_tiles_179]
tile_asset="18"
tile_yscale="1"
tile_xscale="1"
tile_alpha="1"
tile_depth="0"
tile_y="4424"
tile_x="1184"
[lvl_tiles_178]
tile_asset="18"
tile_yscale="1"
tile_xscale="1"
tile_alpha="1"
tile_depth="0"
tile_y="4360"
tile_x="1232"
[lvl_tiles_177]
tile_asset="18"
tile_yscale="1"
tile_xscale="1"
tile_alpha="1"
tile_depth="0"
tile_y="4360"
tile_x="1184"
[lvl_tiles_176]
tile_asset="18"
tile_yscale="1"
tile_xscale="1"
tile_alpha="1"
tile_depth="0"
tile_y="4296"
tile_x="1184"
[lvl_tiles_175]
tile_asset="18"
tile_yscale="1"
tile_xscale="1"
tile_alpha="1"
tile_depth="0"
tile_y="4296"
tile_x="1232"
[lvl_tiles_174]
tile_asset="18"
tile_yscale="1"
tile_xscale="1"
tile_alpha="1"
tile_depth="0"
tile_y="4232"
tile_x="1232"
[lvl_tiles_173]
tile_asset="18"
tile_yscale="1"
tile_xscale="1"
tile_alpha="1"
tile_depth="0"
tile_y="4232"
tile_x="1184"
[lvl_tiles_172]
tile_asset="6"
tile_yscale="1"
tile_xscale="1"
tile_alpha="1"
tile_depth="0"
tile_y="4496"
tile_x="716"
[lvl_tiles_171]
tile_asset="6"
tile_yscale="1"
tile_xscale="1"
tile_alpha="1"
tile_depth="0"
tile_y="4496"
tile_x="784"
[lvl_tiles_170]
tile_asset="6"
tile_yscale="1"
tile_xscale="1"
tile_alpha="1"
tile_depth="0"
tile_y="4496"
tile_x="888"
[lvl_tiles_169]
tile_asset="18"
tile_yscale="1"
tile_xscale="1"
tile_alpha="1"
tile_depth="0"
tile_y="4304"
tile_x="944"
[lvl_tiles_168]
tile_asset="15"
tile_yscale="1"
tile_xscale="1"
tile_alpha="1"
tile_depth="0"
tile_y="4368"
tile_x="904"
[lvl_tiles_167]
tile_asset="6"
tile_yscale="1"
tile_xscale="1"
tile_alpha="1"
tile_depth="0"
tile_y="4368"
tile_x="920"
[lvl_tiles_166]
tile_asset="4"
tile_yscale="1"
tile_xscale="1"
tile_alpha="1"
tile_depth="0"
tile_y="4464"
tile_x="1016"
[lvl_tiles_165]
tile_asset="22"
tile_yscale="1"
tile_xscale="1"
tile_alpha="1"
tile_depth="0"
tile_y="4240"
tile_x="864"
[lvl_tiles_164]
tile_asset="22"
tile_yscale="1"
tile_xscale="1"
tile_alpha="1"
tile_depth="0"
tile_y="4400"
tile_x="1016"
[lvl_tiles_163]
tile_asset="14"
tile_yscale="1"
tile_xscale="1"
tile_alpha="1"
tile_depth="0"
tile_y="4432"
tile_x="1064"
[lvl_tiles_162]
tile_asset="14"
tile_yscale="1"
tile_xscale="1"
tile_alpha="1"
tile_depth="0"
tile_y="4400"
tile_x="1064"
[lvl_tiles_161]
tile_asset="14"
tile_yscale="1"
tile_xscale="1"
tile_alpha="1"
tile_depth="0"
tile_y="4368"
tile_x="1064"
[lvl_tiles_160]
tile_asset="14"
tile_yscale="1"
tile_xscale="1"
tile_alpha="1"
tile_depth="0"
tile_y="4336"
tile_x="1008"
[lvl_tiles_159]
tile_asset="14"
tile_yscale="1"
tile_xscale="1"
tile_alpha="1"
tile_depth="0"
tile_y="4304"
tile_x="1008"
[lvl_tiles_158]
tile_asset="220"
tile_yscale="1"
tile_xscale="1"
tile_alpha="1"
tile_depth="0"
tile_y="4304"
tile_x="984"
[lvl_tiles_157]
tile_asset="220"
tile_yscale="1"
tile_xscale="1"
tile_alpha="1"
tile_depth="0"
tile_y="4304"
tile_x="960"
[lvl_tiles_156]
tile_asset="220"
tile_yscale="1"
tile_xscale="1"
tile_alpha="1"
tile_depth="0"
tile_y="4400"
tile_x="1040"
[lvl_tiles_155]
tile_asset="6"
tile_yscale="1"
tile_xscale="1"
tile_alpha="1"
tile_depth="0"
tile_y="4368"
tile_x="936"
[lvl_tiles_154]
tile_asset="6"
tile_yscale="1"
tile_xscale="1"
tile_alpha="1"
tile_depth="0"
tile_y="4272"
tile_x="888"
[lvl_tiles_153]
tile_asset="28"
tile_yscale="1"
tile_xscale="1"
tile_alpha="1"
tile_depth="0"
tile_y="4040"
tile_x="1352"
[lvl_tiles_152]
tile_asset="24"
tile_yscale="1"
tile_xscale="1"
tile_alpha="1"
tile_depth="0"
tile_y="4208"
tile_x="1184"
[lvl_tiles_151]
tile_asset="0"
tile_yscale="1"
tile_xscale="1"
tile_alpha="1"
tile_depth="0"
tile_y="4208"
tile_x="1120"
[lvl_tiles_150]
tile_asset="0"
tile_yscale="1"
tile_xscale="1"
tile_alpha="1"
tile_depth="0"
tile_y="4208"
tile_x="864"
[lvl_tiles_149]
tile_asset="0"
tile_yscale="1"
tile_xscale="1"
tile_alpha="1"
tile_depth="0"
tile_y="4208"
tile_x="1056"
[lvl_tiles_148]
tile_asset="90"
tile_yscale="1"
tile_xscale="1"
tile_alpha="1"
tile_depth="1"
tile_y="2416"
tile_x="900"
[lvl_tiles_147]
tile_asset="90"
tile_yscale="1"
tile_xscale="1"
tile_alpha="1"
tile_depth="1"
tile_y="2416"
tile_x="1332"
[lvl_tiles_146]
tile_asset="90"
tile_yscale="1"
tile_xscale="1"
tile_alpha="1"
tile_depth="1"
tile_y="2416"
tile_x="1196"
[lvl_tiles_145]
tile_asset="90"
tile_yscale="1"
tile_xscale="1"
tile_alpha="1"
tile_depth="1"
tile_y="2416"
tile_x="1112"
[lvl_tiles_144]
tile_asset="90"
tile_yscale="1"
tile_xscale="1"
tile_alpha="1"
tile_depth="1"
tile_y="2416"
tile_x="976"
[lvl_tiles_143]
tile_asset="89"
tile_yscale="1"
tile_xscale="1"
tile_alpha="1"
tile_depth="1"
tile_y="2640"
tile_x="1344"
[lvl_tiles_142]
tile_asset="89"
tile_yscale="1"
tile_xscale="1"
tile_alpha="1"
tile_depth="1"
tile_y="2608"
tile_x="1344"
[lvl_tiles_141]
tile_asset="89"
tile_yscale="1"
tile_xscale="1"
tile_alpha="1"
tile_depth="1"
tile_y="2608"
tile_x="1344"
[lvl_tiles_140]
tile_asset="53"
tile_yscale="1"
tile_xscale="1"
tile_alpha="1"
tile_depth="1"
tile_y="3740"
tile_x="1164"
[lvl_tiles_139]
tile_asset="53"
tile_yscale="1"
tile_xscale="1"
tile_alpha="1"
tile_depth="1"
tile_y="3740"
tile_x="1228"
[lvl_tiles_138]
tile_asset="89"
tile_yscale="1"
tile_xscale="1"
tile_alpha="1"
tile_depth="1"
tile_y="3848"
tile_x="1364"
[lvl_tiles_137]
tile_asset="89"
tile_yscale="1"
tile_xscale="1"
tile_alpha="1"
tile_depth="1"
tile_y="3880"
tile_x="1364"
[lvl_tiles_136]
tile_asset="90"
tile_yscale="1"
tile_xscale="1"
tile_alpha="1"
tile_depth="1"
tile_y="3968"
tile_x="832"
[lvl_tiles_135]
tile_asset="90"
tile_yscale="1"
tile_xscale="1"
tile_alpha="1"
tile_depth="1"
tile_y="3968"
tile_x="976"
[lvl_tiles_134]
tile_ignore="-1"
[lvl_tiles_133]
tile_ignore="-1"
[lvl_tiles_132]
tile_ignore="-1"
[lvl_tiles_131]
tile_ignore="-1"
[lvl_tiles_130]
tile_asset="45"
tile_yscale="1"
tile_xscale="1"
tile_alpha="1"
tile_depth="1"
tile_y="2896"
tile_x="996"
[lvl_tiles_129]
tile_asset="42"
tile_yscale="1"
tile_xscale="1"
tile_alpha="1"
tile_depth="1"
tile_y="2988"
tile_x="856"
[lvl_tiles_128]
tile_asset="43"
tile_yscale="1"
tile_xscale="1"
tile_alpha="1"
tile_depth="1"
tile_y="3192"
tile_x="856"
[lvl_tiles_127]
tile_asset="45"
tile_yscale="1"
tile_xscale="1"
tile_alpha="1"
tile_depth="1"
tile_y="3192"
tile_x="996"
[lvl_tiles_126]
tile_asset="42"
tile_yscale="1"
tile_xscale="1"
tile_alpha="1"
tile_depth="1"
tile_y="3052"
tile_x="1088"
[lvl_tiles_125]
tile_asset="44"
tile_yscale="1"
tile_xscale="1"
tile_alpha="1"
tile_depth="1"
tile_y="3052"
tile_x="1420"
[lvl_tiles_124]
tile_asset="49"
tile_yscale="1"
tile_xscale="1"
tile_alpha="1"
tile_depth="1"
tile_y="4104"
tile_x="1248"
[lvl_tiles_123]
tile_asset="46"
tile_yscale="1"
tile_xscale="1"
tile_alpha="1"
tile_depth="1"
tile_y="3372"
tile_x="1280"
[lvl_tiles_122]
tile_asset="49"
tile_yscale="1"
tile_xscale="1"
tile_alpha="1"
tile_depth="1"
tile_y="3512"
tile_x="1420"
[lvl_tiles_121]
tile_asset="53"
tile_yscale="1"
tile_xscale="1"
tile_alpha="1"
tile_depth="1"
tile_y="3760"
tile_x="940"
[lvl_tiles_120]
tile_asset="53"
tile_yscale="1"
tile_xscale="1"
tile_alpha="1"
tile_depth="1"
tile_y="3760"
tile_x="876"
[lvl_tiles_119]
tile_asset="89"
tile_yscale="1"
tile_xscale="1"
tile_alpha="1"
tile_depth="1"
tile_y="3584"
tile_x="920"
[lvl_tiles_118]
tile_asset="89"
tile_yscale="1"
tile_xscale="1"
tile_alpha="1"
tile_depth="1"
tile_y="3616"
tile_x="920"
[lvl_tiles_117]
tile_asset="89"
tile_yscale="1"
tile_xscale="1"
tile_alpha="1"
tile_depth="1"
tile_y="3648"
tile_x="920"
[lvl_tiles_116]
tile_asset="89"
tile_yscale="1"
tile_xscale="1"
tile_alpha="1"
tile_depth="1"
tile_y="3680"
tile_x="920"
[lvl_tiles_115]
tile_asset="89"
tile_yscale="1"
tile_xscale="1"
tile_alpha="1"
tile_depth="1"
tile_y="3712"
tile_x="920"
[lvl_tiles_114]
tile_asset="89"
tile_yscale="1"
tile_xscale="1"
tile_alpha="1"
tile_depth="1"
tile_y="3904"
tile_x="1004"
[lvl_tiles_113]
tile_asset="89"
tile_yscale="1"
tile_xscale="1"
tile_alpha="1"
tile_depth="1"
tile_y="3872"
tile_x="1004"
[lvl_tiles_112]
tile_asset="89"
tile_yscale="1"
tile_xscale="1"
tile_alpha="1"
tile_depth="1"
tile_y="3840"
tile_x="1004"
[lvl_tiles_111]
tile_asset="89"
tile_yscale="1"
tile_xscale="1"
tile_alpha="1"
tile_depth="1"
tile_y="3808"
tile_x="1004"
[lvl_tiles_110]
tile_asset="89"
tile_yscale="1"
tile_xscale="1"
tile_alpha="1"
tile_depth="1"
tile_y="3776"
tile_x="1004"
[lvl_tiles_109]
tile_asset="89"
tile_yscale="1"
tile_xscale="1"
tile_alpha="1"
tile_depth="1"
tile_y="3776"
tile_x="836"
[lvl_tiles_108]
tile_asset="89"
tile_yscale="1"
tile_xscale="1"
tile_alpha="1"
tile_depth="1"
tile_y="3808"
tile_x="836"
[lvl_tiles_107]
tile_asset="89"
tile_yscale="1"
tile_xscale="1"
tile_alpha="1"
tile_depth="1"
tile_y="3840"
tile_x="836"
[lvl_tiles_106]
tile_asset="89"
tile_yscale="1"
tile_xscale="1"
tile_alpha="1"
tile_depth="1"
tile_y="3872"
tile_x="836"
[lvl_tiles_105]
tile_asset="89"
tile_yscale="1"
tile_xscale="1"
tile_alpha="1"
tile_depth="1"
tile_y="3904"
tile_x="836"
[lvl_tiles_104]
tile_asset="47"
tile_yscale="1"
tile_xscale="1"
tile_alpha="1"
tile_depth="1"
tile_y="3512"
tile_x="1280"
[lvl_tiles_103]
tile_asset="897"
tile_yscale="1"
tile_xscale="1"
tile_alpha="1"
tile_depth="4"
tile_y="2672"
tile_x="1256"
[lvl_tiles_102]
tile_asset="897"
tile_yscale="1"
tile_xscale="1"
tile_alpha="1"
tile_depth="4"
tile_y="2672"
tile_x="1036"
[lvl_tiles_101]
tile_asset="68"
tile_yscale="1"
tile_xscale="1"
tile_alpha="1"
tile_depth="4"
tile_y="2544"
tile_x="1036"
[lvl_tiles_100]
tile_asset="68"
tile_yscale="1"
tile_xscale="1"
tile_alpha="1"
tile_depth="4"
tile_y="2416"
tile_x="1036"
[lvl_tiles_99]
tile_asset="68"
tile_yscale="1"
tile_xscale="1"
tile_alpha="1"
tile_depth="4"
tile_y="2544"
tile_x="1256"
[lvl_tiles_98]
tile_asset="68"
tile_yscale="1"
tile_xscale="1"
tile_alpha="1"
tile_depth="4"
tile_y="2416"
tile_x="1256"
[lvl_tiles_97]
tile_asset="72"
tile_yscale="1"
tile_xscale="1"
tile_alpha="1"
tile_depth="4"
tile_y="3320"
tile_x="986"
[lvl_tiles_96]
tile_asset="71"
tile_yscale="1"
tile_xscale="1"
tile_alpha="1"
tile_depth="4"
tile_y="2940"
tile_x="1252"
[lvl_tiles_95]
tile_asset="71"
tile_yscale="-1"
tile_xscale="1"
tile_alpha="1"
tile_depth="4"
tile_y="3064"
tile_x="1252"
[lvl_tiles_94]
tile_asset="71"
tile_yscale="-1"
tile_xscale="1"
tile_alpha="1"
tile_depth="4"
tile_y="3064"
tile_x="1384"
[lvl_tiles_93]
tile_asset="71"
tile_yscale="1"
tile_xscale="1"
tile_alpha="1"
tile_depth="4"
tile_y="2936"
tile_x="1384"
[lvl_tiles_92]
tile_asset="71"
tile_yscale="1"
tile_xscale="1"
tile_alpha="1"
tile_depth="4"
tile_y="3776"
tile_x="1256"
[lvl_tiles_91]
tile_asset="71"
tile_yscale="1"
tile_xscale="1"
tile_alpha="1"
tile_depth="4"
tile_y="4160"
tile_x="1256"
[lvl_tiles_90]
tile_asset="71"
tile_yscale="-1"
tile_xscale="1"
tile_alpha="1"
tile_depth="4"
tile_y="4160"
tile_x="1256"
[lvl_tiles_89]
tile_asset="71"
tile_yscale="1"
tile_xscale="1"
tile_alpha="1"
tile_depth="4"
tile_y="4032"
tile_x="1256"
[lvl_tiles_88]
tile_asset="71"
tile_yscale="-1"
tile_xscale="1"
tile_alpha="1"
tile_depth="4"
tile_y="4032"
tile_x="1256"
[lvl_tiles_87]
tile_asset="71"
tile_yscale="1"
tile_xscale="1"
tile_alpha="1"
tile_depth="4"
tile_y="3904"
tile_x="1256"
[lvl_tiles_86]
tile_asset="71"
tile_yscale="-1"
tile_xscale="1"
tile_alpha="1"
tile_depth="4"
tile_y="3904"
tile_x="1256"
[lvl_tiles_85]
tile_asset="71"
tile_yscale="1"
tile_xscale="1"
tile_alpha="1"
tile_depth="4"
tile_y="3776"
tile_x="1188"
[lvl_tiles_84]
tile_asset="71"
tile_yscale="1"
tile_xscale="1"
tile_alpha="1"
tile_depth="4"
tile_y="4160"
tile_x="1188"
[lvl_tiles_83]
tile_asset="71"
tile_yscale="-1"
tile_xscale="1"
tile_alpha="1"
tile_depth="4"
tile_y="4160"
tile_x="1188"
[lvl_tiles_82]
tile_asset="71"
tile_yscale="1"
tile_xscale="1"
tile_alpha="1"
tile_depth="4"
tile_y="4032"
tile_x="1188"
[lvl_tiles_81]
tile_asset="71"
tile_yscale="-1"
tile_xscale="1"
tile_alpha="1"
tile_depth="4"
tile_y="4032"
tile_x="1188"
[lvl_tiles_80]
tile_asset="71"
tile_yscale="1"
tile_xscale="1"
tile_alpha="1"
tile_depth="4"
tile_y="3904"
tile_x="1188"
[lvl_tiles_79]
tile_asset="71"
tile_yscale="-1"
tile_xscale="1"
tile_alpha="1"
tile_depth="4"
tile_y="3904"
tile_x="1188"
[lvl_tiles_78]
tile_asset="71"
tile_yscale="1"
tile_xscale="1"
tile_alpha="1"
tile_depth="4"
tile_y="4240"
tile_x="808"
[lvl_tiles_77]
tile_asset="71"
tile_yscale="-1"
tile_xscale="1"
tile_alpha="1"
tile_depth="4"
tile_y="4496"
tile_x="808"
[lvl_tiles_76]
tile_asset="71"
tile_yscale="1"
tile_xscale="1"
tile_alpha="1"
tile_depth="4"
tile_y="4368"
tile_x="808"
[lvl_tiles_75]
tile_asset="71"
tile_yscale="-1"
tile_xscale="1"
tile_alpha="1"
tile_depth="4"
tile_y="4368"
tile_x="808"
[lvl_tiles_74]
tile_asset="78"
tile_yscale="1"
tile_xscale="1"
tile_alpha="1"
tile_depth="4"
tile_y="2984"
tile_x="1308"
[lvl_tiles_73]
tile_asset="79"
tile_yscale="1"
tile_xscale="1"
tile_alpha="1"
tile_depth="4"
tile_y="3648"
tile_x="1436"
[lvl_tiles_72]
tile_asset="79"
tile_yscale="1"
tile_xscale="1"
tile_alpha="1"
tile_depth="4"
tile_y="3648"
tile_x="1212"
[lvl_tiles_71]
tile_asset="79"
tile_yscale="1"
tile_xscale="1"
tile_alpha="1"
tile_depth="4"
tile_y="3648"
tile_x="1008"
[lvl_tiles_70]
tile_asset="897"
tile_yscale="1"
tile_xscale="1"
tile_alpha="1"
tile_depth="4"
tile_y="3776"
tile_x="1292"
[lvl_tiles_69]
tile_asset="897"
tile_yscale="1"
tile_xscale="1"
tile_alpha="1"
tile_depth="4"
tile_y="3776"
tile_x="1100"
[lvl_tiles_68]
tile_asset="68"
tile_yscale="1"
tile_xscale="1"
tile_alpha="1"
tile_depth="4"
tile_y="3648"
tile_x="1292"
[lvl_tiles_67]
tile_asset="68"
tile_yscale="1"
tile_xscale="1"
tile_alpha="1"
tile_depth="4"
tile_y="3648"
tile_x="1100"
[lvl_tiles_66]
tile_asset="28"
tile_yscale="1"
tile_xscale="1"
tile_alpha="1"
tile_depth="4"
tile_y="2768"
tile_x="1400"
[lvl_tiles_65]
tile_asset="77"
tile_yscale="1"
tile_xscale="1"
tile_alpha="1"
tile_depth="4"
tile_y="2400"
tile_x="1396"
[lvl_tiles_64]
tile_asset="66"
tile_yscale="1"
tile_xscale="1"
tile_alpha="1"
tile_depth="4"
tile_y="2640"
tile_x="1520"
[lvl_tiles_63]
tile_asset="66"
tile_yscale="1"
tile_xscale="1"
tile_alpha="1"
tile_depth="4"
tile_y="2704"
tile_x="1520"
[lvl_tiles_62]
tile_asset="195"
tile_yscale="1"
tile_xscale="1"
tile_alpha="1"
tile_depth="4"
tile_y="2800"
tile_x="1488"
[lvl_tiles_61]
tile_asset="195"
tile_yscale="1"
tile_xscale="1"
tile_alpha="1"
tile_depth="4"
tile_y="2768"
tile_x="1488"
[lvl_tiles_60]
tile_asset="195"
tile_yscale="1"
tile_xscale="1"
tile_alpha="1"
tile_depth="4"
tile_y="2736"
tile_x="1488"
[lvl_tiles_59]
tile_asset="66"
tile_yscale="1"
tile_xscale="1"
tile_alpha="1"
tile_depth="4"
tile_y="2640"
tile_x="1424"
[lvl_tiles_58]
tile_asset="66"
tile_yscale="1"
tile_xscale="1"
tile_alpha="1"
tile_depth="4"
tile_y="2704"
tile_x="1424"
[lvl_tiles_57]
tile_asset="65"
tile_yscale="1"
tile_xscale="1"
tile_alpha="1"
tile_depth="4"
tile_y="2576"
tile_x="1372"
[lvl_tiles_56]
tile_asset="28"
tile_yscale="1"
tile_xscale="1"
tile_alpha="1"
tile_depth="4"
tile_y="2640"
tile_x="1400"
[lvl_tiles_55]
tile_asset="28"
tile_yscale="1"
tile_xscale="1"
tile_alpha="1"
tile_depth="4"
tile_y="2704"
tile_x="1400"
[lvl_tiles_54]
tile_asset="62"
tile_yscale="1"
tile_xscale="1"
tile_alpha="1"
tile_depth="4"
tile_y="2708"
tile_x="1320"
[lvl_tiles_53]
tile_asset="62"
tile_yscale="1"
tile_xscale="1"
tile_alpha="1"
tile_depth="4"
tile_y="2708"
tile_x="1192"
[lvl_tiles_52]
tile_asset="68"
tile_yscale="1"
tile_xscale="1"
tile_alpha="1"
tile_depth="4"
tile_y="4096"
tile_x="896"
[lvl_tiles_51]
tile_asset="68"
tile_yscale="1"
tile_xscale="1"
tile_alpha="1"
tile_depth="4"
tile_y="3968"
tile_x="896"
[lvl_tiles_50]
tile_asset="70"
tile_yscale="1"
tile_xscale="1"
tile_alpha="1"
tile_depth="4"
tile_y="4184"
tile_x="1120"
[lvl_tiles_49]
tile_asset="70"
tile_yscale="1"
tile_xscale="1"
tile_alpha="1"
tile_depth="4"
tile_y="4184"
tile_x="1056"
[lvl_tiles_48]
tile_asset="61"
tile_yscale="1"
tile_xscale="1"
tile_alpha="1"
tile_depth="4"
tile_y="4124"
tile_x="848"
[lvl_tiles_47]
tile_asset="61"
tile_yscale="1"
tile_xscale="1"
tile_alpha="1"
tile_depth="4"
tile_y="4092"
tile_x="848"
[lvl_tiles_46]
tile_asset="61"
tile_yscale="1"
tile_xscale="1"
tile_alpha="1"
tile_depth="4"
tile_y="4060"
tile_x="848"
[lvl_tiles_45]
tile_asset="61"
tile_yscale="1"
tile_xscale="1"
tile_alpha="1"
tile_depth="4"
tile_y="4028"
tile_x="848"
[lvl_tiles_44]
tile_asset="61"
tile_yscale="1"
tile_xscale="1"
tile_alpha="1"
tile_depth="4"
tile_y="3996"
tile_x="848"
[lvl_tiles_43]
tile_asset="61"
tile_yscale="1"
tile_xscale="1"
tile_alpha="1"
tile_depth="4"
tile_y="3968"
tile_x="848"
[lvl_tiles_42]
tile_asset="61"
tile_yscale="1"
tile_xscale="1"
tile_alpha="1"
tile_depth="4"
tile_y="3980"
tile_x="848"
[lvl_tiles_41]
tile_asset="61"
tile_yscale="1"
tile_xscale="1"
tile_alpha="1"
tile_depth="4"
tile_y="4012"
tile_x="848"
[lvl_tiles_40]
tile_asset="61"
tile_yscale="1"
tile_xscale="1"
tile_alpha="1"
tile_depth="4"
tile_y="4044"
tile_x="848"
[lvl_tiles_39]
tile_asset="61"
tile_yscale="1"
tile_xscale="1"
tile_alpha="1"
tile_depth="4"
tile_y="4076"
tile_x="848"
[lvl_tiles_38]
tile_asset="61"
tile_yscale="1"
tile_xscale="1"
tile_alpha="1"
tile_depth="4"
tile_y="4108"
tile_x="848"
[lvl_tiles_37]
tile_asset="61"
tile_yscale="1"
tile_xscale="1"
tile_alpha="1"
tile_depth="4"
tile_y="4140"
tile_x="848"
[lvl_tiles_36]
tile_asset="61"
tile_yscale="1"
tile_xscale="1"
tile_alpha="1"
tile_depth="4"
tile_y="4172"
tile_x="848"
[lvl_tiles_35]
tile_asset="61"
tile_yscale="1"
tile_xscale="1"
tile_alpha="1"
tile_depth="4"
tile_y="4192"
tile_x="848"
[lvl_tiles_34]
tile_asset="61"
tile_yscale="1"
tile_xscale="1"
tile_alpha="1"
tile_depth="4"
tile_y="4160"
tile_x="992"
[lvl_tiles_33]
tile_asset="61"
tile_yscale="1"
tile_xscale="1"
tile_alpha="1"
tile_depth="4"
tile_y="4096"
tile_x="992"
[lvl_tiles_32]
tile_asset="61"
tile_yscale="1"
tile_xscale="1"
tile_alpha="1"
tile_depth="4"
tile_y="4128"
tile_x="992"
[lvl_tiles_31]
tile_asset="61"
tile_yscale="1"
tile_xscale="1"
tile_alpha="1"
tile_depth="4"
tile_y="4064"
tile_x="992"
[lvl_tiles_30]
tile_asset="61"
tile_yscale="1"
tile_xscale="1"
tile_alpha="1"
tile_depth="4"
tile_y="4032"
tile_x="992"
[lvl_tiles_29]
tile_asset="61"
tile_yscale="1"
tile_xscale="1"
tile_alpha="1"
tile_depth="4"
tile_y="3968"
tile_x="992"
[lvl_tiles_28]
tile_asset="61"
tile_yscale="1"
tile_xscale="1"
tile_alpha="1"
tile_depth="4"
tile_y="3984"
tile_x="992"
[lvl_tiles_27]
tile_asset="61"
tile_yscale="1"
tile_xscale="1"
tile_alpha="1"
tile_depth="4"
tile_y="4000"
tile_x="992"
[lvl_tiles_26]
tile_asset="61"
tile_yscale="1"
tile_xscale="1"
tile_alpha="1"
tile_depth="4"
tile_y="4016"
tile_x="992"
[lvl_tiles_25]
tile_asset="61"
tile_yscale="1"
tile_xscale="1"
tile_alpha="1"
tile_depth="4"
tile_y="4048"
tile_x="992"
[lvl_tiles_24]
tile_asset="61"
tile_yscale="1"
tile_xscale="1"
tile_alpha="1"
tile_depth="4"
tile_y="4080"
tile_x="992"
[lvl_tiles_23]
tile_asset="61"
tile_yscale="1"
tile_xscale="1"
tile_alpha="1"
tile_depth="4"
tile_y="4112"
tile_x="992"
[lvl_tiles_22]
tile_asset="61"
tile_yscale="1"
tile_xscale="1"
tile_alpha="1"
tile_depth="4"
tile_y="4144"
tile_x="992"
[lvl_tiles_21]
tile_asset="61"
tile_yscale="1"
tile_xscale="1"
tile_alpha="1"
tile_depth="4"
tile_y="4176"
tile_x="992"
[lvl_tiles_20]
tile_asset="61"
tile_yscale="1"
tile_xscale="1"
tile_alpha="1"
tile_depth="4"
tile_y="4192"
tile_x="992"
[lvl_tiles_19]
tile_asset="72"
tile_yscale="1"
tile_xscale="1"
tile_alpha="1"
tile_depth="4"
tile_y="3968"
tile_x="796"
[lvl_tiles_18]
tile_asset="72"
tile_yscale="1"
tile_xscale="1"
tile_alpha="1"
tile_depth="4"
tile_y="3968"
tile_x="1036"
[lvl_tiles_17]
tile_asset="75"
tile_yscale="1"
tile_xscale="1"
tile_alpha="1"
tile_depth="4"
tile_y="3896"
tile_x="1352"
[lvl_tiles_16]
tile_asset="48"
tile_yscale="1"
tile_xscale="1"
tile_alpha="1"
tile_depth="5"
tile_y="3372"
tile_x="1420"
[lvl_tiles_15]
tile_asset="62"
tile_yscale="1"
tile_xscale="1"
tile_alpha="1"
tile_depth="5"
tile_y="3489"
tile_x="1100"
[lvl_tiles_14]
tile_asset="93"
tile_yscale="1"
tile_xscale="1"
tile_alpha="1"
tile_depth="5"
tile_y="4200"
tile_x="1352"
[lvl_tiles_13]
tile_asset="93"
tile_yscale="1"
tile_xscale="1"
tile_alpha="1"
tile_depth="5"
tile_y="4168"
tile_x="1352"
[lvl_tiles_12]
tile_asset="93"
tile_yscale="1"
tile_xscale="1"
tile_alpha="1"
tile_depth="5"
tile_y="4136"
tile_x="1352"
[lvl_tiles_11]
tile_asset="93"
tile_yscale="1"
tile_xscale="1"
tile_alpha="1"
tile_depth="5"
tile_y="4104"
tile_x="1352"
[lvl_tiles_10]
tile_asset="93"
tile_yscale="1"
tile_xscale="1"
tile_alpha="1"
tile_depth="5"
tile_y="4072"
tile_x="1352"
[lvl_tiles_9]
tile_asset="93"
tile_yscale="1"
tile_xscale="1"
tile_alpha="1"
tile_depth="5"
tile_y="4040"
tile_x="1352"
[lvl_tiles_8]
tile_asset="93"
tile_yscale="1"
tile_xscale="1"
tile_alpha="1"
tile_depth="6"
tile_y="4200"
tile_x="1376"
[lvl_tiles_7]
tile_asset="93"
tile_yscale="1"
tile_xscale="1"
tile_alpha="1"
tile_depth="6"
tile_y="4168"
tile_x="1376"
[lvl_tiles_6]
tile_asset="93"
tile_yscale="1"
tile_xscale="1"
tile_alpha="1"
tile_depth="6"
tile_y="4136"
tile_x="1376"
[lvl_tiles_5]
tile_asset="93"
tile_yscale="1"
tile_xscale="1"
tile_alpha="1"
tile_depth="6"
tile_y="4104"
tile_x="1376"
[lvl_tiles_4]
tile_asset="93"
tile_yscale="1"
tile_xscale="1"
tile_alpha="1"
tile_depth="6"
tile_y="4072"
tile_x="1376"
[lvl_tiles_3]
tile_asset="93"
tile_yscale="1"
tile_xscale="1"
tile_alpha="1"
tile_depth="6"
tile_y="4040"
tile_x="1380"
[lvl_tiles_2]
tile_asset="15"
tile_yscale="1"
tile_xscale="1"
tile_alpha="1"
tile_depth="7"
tile_y="2928"
tile_x="1108"
[lvl_tiles_1]
tile_asset="50"
tile_yscale="1"
tile_xscale="1"
tile_alpha="1"
tile_depth="100000"
tile_y="2768"
tile_x="1584"
[lvl_tiles_0]
tile_asset="50"
tile_yscale="1"
tile_xscale="1"
tile_alpha="1"
tile_depth="100000"
tile_y="2768"
tile_x="1128"
[lvl_hd]
lvl_npc_count="0"
lvl_obj_count="139"
lvl_tile_count="383"
version_number="1146"
lvl_best_time="600000"
lvl_char="All"
lvl_win_condition="0"
lvl_weather="0"
lvl_description=""
lvl_author="Ms. Heropants"
lvl_name="Temple Job 1"
