[lvl_hd]
lvl_name="train cutscene"
lvl_author="Ms. Heropants"
lvl_description=""
lvl_weather="0"
lvl_win_condition="0"
lvl_char="All"
lvl_best_time="600000"
version_number="1132"
lvl_tile_count="580"
lvl_obj_count="8"
lvl_npc_count="0"
[lvl_tiles_0]
tile_x="1024"
tile_y="2720"
tile_depth="9"
tile_alpha="1"
tile_xscale="1"
tile_yscale="1"
tile_asset="488"
[lvl_tiles_1]
tile_x="1024"
tile_y="2720"
tile_depth="9"
tile_alpha="1"
tile_xscale="1"
tile_yscale="1"
tile_asset="488"
[lvl_tiles_2]
tile_x="1152"
tile_y="2720"
tile_depth="9"
tile_alpha="1"
tile_xscale="1"
tile_yscale="1"
tile_asset="488"
[lvl_tiles_3]
tile_x="1280"
tile_y="2720"
tile_depth="9"
tile_alpha="1"
tile_xscale="1"
tile_yscale="1"
tile_asset="488"
[lvl_tiles_4]
tile_x="1408"
tile_y="2720"
tile_depth="9"
tile_alpha="1"
tile_xscale="1"
tile_yscale="1"
tile_asset="488"
[lvl_tiles_5]
tile_x="1536"
tile_y="2720"
tile_depth="9"
tile_alpha="1"
tile_xscale="1"
tile_yscale="1"
tile_asset="488"
[lvl_tiles_6]
tile_x="1664"
tile_y="2720"
tile_depth="9"
tile_alpha="1"
tile_xscale="1"
tile_yscale="1"
tile_asset="488"
[lvl_tiles_7]
tile_x="1792"
tile_y="2720"
tile_depth="9"
tile_alpha="1"
tile_xscale="1"
tile_yscale="1"
tile_asset="488"
[lvl_tiles_8]
tile_x="1920"
tile_y="2720"
tile_depth="9"
tile_alpha="1"
tile_xscale="1"
tile_yscale="1"
tile_asset="488"
[lvl_tiles_9]
tile_x="2048"
tile_y="2720"
tile_depth="9"
tile_alpha="1"
tile_xscale="1"
tile_yscale="1"
tile_asset="488"
[lvl_tiles_10]
tile_x="2176"
tile_y="2720"
tile_depth="9"
tile_alpha="1"
tile_xscale="1"
tile_yscale="1"
tile_asset="488"
[lvl_tiles_11]
tile_x="2304"
tile_y="2720"
tile_depth="9"
tile_alpha="1"
tile_xscale="1"
tile_yscale="1"
tile_asset="488"
[lvl_tiles_12]
tile_x="2432"
tile_y="2720"
tile_depth="9"
tile_alpha="1"
tile_xscale="1"
tile_yscale="1"
tile_asset="488"
[lvl_tiles_13]
tile_x="2560"
tile_y="2720"
tile_depth="9"
tile_alpha="1"
tile_xscale="1"
tile_yscale="1"
tile_asset="488"
[lvl_tiles_14]
tile_x="2688"
tile_y="2720"
tile_depth="9"
tile_alpha="1"
tile_xscale="1"
tile_yscale="1"
tile_asset="488"
[lvl_tiles_15]
tile_x="2816"
tile_y="2720"
tile_depth="9"
tile_alpha="1"
tile_xscale="1"
tile_yscale="1"
tile_asset="488"
[lvl_tiles_16]
tile_x="2944"
tile_y="2720"
tile_depth="9"
tile_alpha="1"
tile_xscale="1"
tile_yscale="1"
tile_asset="488"
[lvl_tiles_17]
tile_x="3072"
tile_y="2720"
tile_depth="9"
tile_alpha="1"
tile_xscale="1"
tile_yscale="1"
tile_asset="488"
[lvl_tiles_18]
tile_x="3200"
tile_y="2720"
tile_depth="9"
tile_alpha="1"
tile_xscale="1"
tile_yscale="1"
tile_asset="488"
[lvl_tiles_19]
tile_x="3328"
tile_y="2720"
tile_depth="9"
tile_alpha="1"
tile_xscale="1"
tile_yscale="1"
tile_asset="488"
[lvl_tiles_20]
tile_x="3456"
tile_y="2720"
tile_depth="9"
tile_alpha="1"
tile_xscale="1"
tile_yscale="1"
tile_asset="488"
[lvl_tiles_21]
tile_x="3584"
tile_y="2720"
tile_depth="9"
tile_alpha="1"
tile_xscale="1"
tile_yscale="1"
tile_asset="488"
[lvl_tiles_22]
tile_x="3712"
tile_y="2720"
tile_depth="9"
tile_alpha="1"
tile_xscale="1"
tile_yscale="1"
tile_asset="488"
[lvl_tiles_23]
tile_x="3840"
tile_y="2720"
tile_depth="9"
tile_alpha="1"
tile_xscale="1"
tile_yscale="1"
tile_asset="488"
[lvl_tiles_24]
tile_x="3968"
tile_y="2720"
tile_depth="9"
tile_alpha="1"
tile_xscale="1"
tile_yscale="1"
tile_asset="488"
[lvl_tiles_25]
tile_x="4096"
tile_y="2720"
tile_depth="9"
tile_alpha="1"
tile_xscale="1"
tile_yscale="1"
tile_asset="488"
[lvl_tiles_26]
tile_x="4224"
tile_y="2720"
tile_depth="9"
tile_alpha="1"
tile_xscale="1"
tile_yscale="1"
tile_asset="488"
[lvl_tiles_27]
tile_x="4352"
tile_y="2720"
tile_depth="9"
tile_alpha="1"
tile_xscale="1"
tile_yscale="1"
tile_asset="488"
[lvl_tiles_28]
tile_x="4480"
tile_y="2720"
tile_depth="9"
tile_alpha="1"
tile_xscale="1"
tile_yscale="1"
tile_asset="488"
[lvl_tiles_29]
tile_x="4608"
tile_y="2720"
tile_depth="9"
tile_alpha="1"
tile_xscale="1"
tile_yscale="1"
tile_asset="488"
[lvl_tiles_30]
tile_x="640"
tile_y="2720"
tile_depth="9"
tile_alpha="1"
tile_xscale="1"
tile_yscale="1"
tile_asset="488"
[lvl_tiles_31]
tile_x="768"
tile_y="2720"
tile_depth="9"
tile_alpha="1"
tile_xscale="1"
tile_yscale="1"
tile_asset="488"
[lvl_tiles_32]
tile_x="768"
tile_y="2720"
tile_depth="9"
tile_alpha="1"
tile_xscale="1"
tile_yscale="1"
tile_asset="488"
[lvl_tiles_33]
tile_x="896"
tile_y="2720"
tile_depth="9"
tile_alpha="1"
tile_xscale="1"
tile_yscale="1"
tile_asset="488"
[lvl_tiles_34]
tile_x="4524"
tile_y="2596"
tile_depth="9"
tile_alpha="1"
tile_xscale="1"
tile_yscale="1"
tile_asset="416"
[lvl_tiles_35]
tile_x="4524"
tile_y="2596"
tile_depth="9"
tile_alpha="1"
tile_xscale="1"
tile_yscale="1"
tile_asset="416"
[lvl_tiles_36]
tile_x="4396"
tile_y="2596"
tile_depth="9"
tile_alpha="1"
tile_xscale="1"
tile_yscale="1"
tile_asset="416"
[lvl_tiles_37]
tile_x="4268"
tile_y="2596"
tile_depth="9"
tile_alpha="1"
tile_xscale="1"
tile_yscale="1"
tile_asset="416"
[lvl_tiles_38]
tile_x="4140"
tile_y="2596"
tile_depth="9"
tile_alpha="1"
tile_xscale="1"
tile_yscale="1"
tile_asset="416"
[lvl_tiles_39]
tile_x="4012"
tile_y="2596"
tile_depth="9"
tile_alpha="1"
tile_xscale="1"
tile_yscale="1"
tile_asset="416"
[lvl_tiles_40]
tile_x="3884"
tile_y="2596"
tile_depth="9"
tile_alpha="1"
tile_xscale="1"
tile_yscale="1"
tile_asset="416"
[lvl_tiles_41]
tile_x="3756"
tile_y="2596"
tile_depth="9"
tile_alpha="1"
tile_xscale="1"
tile_yscale="1"
tile_asset="416"
[lvl_tiles_42]
tile_x="3628"
tile_y="2596"
tile_depth="9"
tile_alpha="1"
tile_xscale="1"
tile_yscale="1"
tile_asset="416"
[lvl_tiles_43]
tile_x="3500"
tile_y="2596"
tile_depth="9"
tile_alpha="1"
tile_xscale="1"
tile_yscale="1"
tile_asset="416"
[lvl_tiles_44]
tile_x="3372"
tile_y="2596"
tile_depth="9"
tile_alpha="1"
tile_xscale="1"
tile_yscale="1"
tile_asset="416"
[lvl_tiles_45]
tile_x="3244"
tile_y="2596"
tile_depth="9"
tile_alpha="1"
tile_xscale="1"
tile_yscale="1"
tile_asset="416"
[lvl_tiles_46]
tile_x="3116"
tile_y="2596"
tile_depth="9"
tile_alpha="1"
tile_xscale="1"
tile_yscale="1"
tile_asset="416"
[lvl_tiles_47]
tile_x="2988"
tile_y="2596"
tile_depth="9"
tile_alpha="1"
tile_xscale="1"
tile_yscale="1"
tile_asset="416"
[lvl_tiles_48]
tile_x="2860"
tile_y="2596"
tile_depth="9"
tile_alpha="1"
tile_xscale="1"
tile_yscale="1"
tile_asset="416"
[lvl_tiles_49]
tile_x="2732"
tile_y="2596"
tile_depth="9"
tile_alpha="1"
tile_xscale="1"
tile_yscale="1"
tile_asset="416"
[lvl_tiles_50]
tile_x="2604"
tile_y="2596"
tile_depth="9"
tile_alpha="1"
tile_xscale="1"
tile_yscale="1"
tile_asset="416"
[lvl_tiles_51]
tile_x="2476"
tile_y="2596"
tile_depth="9"
tile_alpha="1"
tile_xscale="1"
tile_yscale="1"
tile_asset="416"
[lvl_tiles_52]
tile_x="2348"
tile_y="2596"
tile_depth="9"
tile_alpha="1"
tile_xscale="1"
tile_yscale="1"
tile_asset="416"
[lvl_tiles_53]
tile_x="2220"
tile_y="2596"
tile_depth="9"
tile_alpha="1"
tile_xscale="1"
tile_yscale="1"
tile_asset="416"
[lvl_tiles_54]
tile_x="2092"
tile_y="2596"
tile_depth="9"
tile_alpha="1"
tile_xscale="1"
tile_yscale="1"
tile_asset="416"
[lvl_tiles_55]
tile_x="1964"
tile_y="2596"
tile_depth="9"
tile_alpha="1"
tile_xscale="1"
tile_yscale="1"
tile_asset="416"
[lvl_tiles_56]
tile_x="1836"
tile_y="2596"
tile_depth="9"
tile_alpha="1"
tile_xscale="1"
tile_yscale="1"
tile_asset="416"
[lvl_tiles_57]
tile_x="1708"
tile_y="2596"
tile_depth="9"
tile_alpha="1"
tile_xscale="1"
tile_yscale="1"
tile_asset="416"
[lvl_tiles_58]
tile_x="1580"
tile_y="2596"
tile_depth="9"
tile_alpha="1"
tile_xscale="1"
tile_yscale="1"
tile_asset="416"
[lvl_tiles_59]
tile_x="1452"
tile_y="2596"
tile_depth="9"
tile_alpha="1"
tile_xscale="1"
tile_yscale="1"
tile_asset="416"
[lvl_tiles_60]
tile_x="1324"
tile_y="2596"
tile_depth="9"
tile_alpha="1"
tile_xscale="1"
tile_yscale="1"
tile_asset="416"
[lvl_tiles_61]
tile_x="1196"
tile_y="2596"
tile_depth="9"
tile_alpha="1"
tile_xscale="1"
tile_yscale="1"
tile_asset="416"
[lvl_tiles_62]
tile_x="1068"
tile_y="2596"
tile_depth="9"
tile_alpha="1"
tile_xscale="1"
tile_yscale="1"
tile_asset="416"
[lvl_tiles_63]
tile_x="940"
tile_y="2596"
tile_depth="9"
tile_alpha="1"
tile_xscale="1"
tile_yscale="1"
tile_asset="416"
[lvl_tiles_64]
tile_x="812"
tile_y="2596"
tile_depth="9"
tile_alpha="1"
tile_xscale="1"
tile_yscale="1"
tile_asset="416"
[lvl_tiles_65]
tile_x="684"
tile_y="2596"
tile_depth="9"
tile_alpha="1"
tile_xscale="1"
tile_yscale="1"
tile_asset="416"
[lvl_tiles_66]
tile_x="556"
tile_y="2596"
tile_depth="9"
tile_alpha="1"
tile_xscale="1"
tile_yscale="1"
tile_asset="416"
[lvl_tiles_67]
tile_x="428"
tile_y="2596"
tile_depth="9"
tile_alpha="1"
tile_xscale="1"
tile_yscale="1"
tile_asset="416"
[lvl_tiles_68]
tile_x="300"
tile_y="2596"
tile_depth="9"
tile_alpha="1"
tile_xscale="1"
tile_yscale="1"
tile_asset="416"
[lvl_tiles_69]
tile_x="172"
tile_y="2596"
tile_depth="9"
tile_alpha="1"
tile_xscale="1"
tile_yscale="1"
tile_asset="416"
[lvl_tiles_70]
tile_x="44"
tile_y="2596"
tile_depth="9"
tile_alpha="1"
tile_xscale="1"
tile_yscale="1"
tile_asset="416"
[lvl_tiles_71]
tile_x="-84"
tile_y="2596"
tile_depth="9"
tile_alpha="1"
tile_xscale="1"
tile_yscale="1"
tile_asset="416"
[lvl_tiles_72]
tile_x="4676"
tile_y="2596"
tile_depth="9"
tile_alpha="1"
tile_xscale="1"
tile_yscale="1"
tile_asset="416"
[lvl_tiles_73]
tile_x="4652"
tile_y="2656"
tile_depth="9"
tile_alpha="1"
tile_xscale="1"
tile_yscale="1"
tile_asset="440"
[lvl_tiles_74]
tile_x="1664"
tile_y="2552"
tile_depth="7"
tile_alpha="1"
tile_xscale="1"
tile_yscale="1"
tile_asset="77"
[lvl_tiles_75]
tile_x="748"
tile_y="2552"
tile_depth="7"
tile_alpha="1"
tile_xscale="1"
tile_yscale="1"
tile_asset="77"
[lvl_tiles_76]
tile_x="3624"
tile_y="2552"
tile_depth="7"
tile_alpha="1"
tile_xscale="1"
tile_yscale="1"
tile_asset="77"
[lvl_tiles_77]
tile_x="0"
tile_y="2720"
tile_depth="7"
tile_alpha="1"
tile_xscale="1"
tile_yscale="1"
tile_asset="488"
[lvl_tiles_78]
tile_x="0"
tile_y="2720"
tile_depth="7"
tile_alpha="1"
tile_xscale="1"
tile_yscale="1"
tile_asset="488"
[lvl_tiles_79]
tile_x="128"
tile_y="2720"
tile_depth="7"
tile_alpha="1"
tile_xscale="1"
tile_yscale="1"
tile_asset="488"
[lvl_tiles_80]
tile_x="256"
tile_y="2720"
tile_depth="7"
tile_alpha="1"
tile_xscale="1"
tile_yscale="1"
tile_asset="488"
[lvl_tiles_81]
tile_x="384"
tile_y="2720"
tile_depth="7"
tile_alpha="1"
tile_xscale="1"
tile_yscale="1"
tile_asset="488"
[lvl_tiles_82]
tile_x="384"
tile_y="2720"
tile_depth="7"
tile_alpha="1"
tile_xscale="1"
tile_yscale="1"
tile_asset="488"
[lvl_tiles_83]
tile_x="512"
tile_y="2720"
tile_depth="7"
tile_alpha="1"
tile_xscale="1"
tile_yscale="1"
tile_asset="488"
[lvl_tiles_84]
tile_x="4720"
tile_y="2688"
tile_depth="7"
tile_alpha="1"
tile_xscale="1"
tile_yscale="1"
tile_asset="414"
[lvl_tiles_85]
tile_x="4720"
tile_y="2688"
tile_depth="7"
tile_alpha="1"
tile_xscale="1"
tile_yscale="1"
tile_asset="414"
[lvl_tiles_86]
tile_x="4688"
tile_y="2688"
tile_depth="7"
tile_alpha="1"
tile_xscale="1"
tile_yscale="1"
tile_asset="414"
[lvl_tiles_87]
tile_x="4656"
tile_y="2688"
tile_depth="7"
tile_alpha="1"
tile_xscale="1"
tile_yscale="1"
tile_asset="414"
[lvl_tiles_88]
tile_x="4624"
tile_y="2688"
tile_depth="7"
tile_alpha="1"
tile_xscale="1"
tile_yscale="1"
tile_asset="414"
[lvl_tiles_89]
tile_x="4592"
tile_y="2688"
tile_depth="7"
tile_alpha="1"
tile_xscale="1"
tile_yscale="1"
tile_asset="414"
[lvl_tiles_90]
tile_x="4560"
tile_y="2688"
tile_depth="7"
tile_alpha="1"
tile_xscale="1"
tile_yscale="1"
tile_asset="414"
[lvl_tiles_91]
tile_x="4528"
tile_y="2688"
tile_depth="7"
tile_alpha="1"
tile_xscale="1"
tile_yscale="1"
tile_asset="414"
[lvl_tiles_92]
tile_x="4488"
tile_y="2688"
tile_depth="7"
tile_alpha="1"
tile_xscale="1"
tile_yscale="1"
tile_asset="414"
[lvl_tiles_93]
tile_x="4488"
tile_y="2688"
tile_depth="7"
tile_alpha="1"
tile_xscale="1"
tile_yscale="1"
tile_asset="414"
[lvl_tiles_94]
tile_x="4456"
tile_y="2688"
tile_depth="7"
tile_alpha="1"
tile_xscale="1"
tile_yscale="1"
tile_asset="414"
[lvl_tiles_95]
tile_x="4424"
tile_y="2688"
tile_depth="7"
tile_alpha="1"
tile_xscale="1"
tile_yscale="1"
tile_asset="414"
[lvl_tiles_96]
tile_x="4392"
tile_y="2688"
tile_depth="7"
tile_alpha="1"
tile_xscale="1"
tile_yscale="1"
tile_asset="414"
[lvl_tiles_97]
tile_x="4360"
tile_y="2688"
tile_depth="7"
tile_alpha="1"
tile_xscale="1"
tile_yscale="1"
tile_asset="414"
[lvl_tiles_98]
tile_x="4328"
tile_y="2688"
tile_depth="7"
tile_alpha="1"
tile_xscale="1"
tile_yscale="1"
tile_asset="414"
[lvl_tiles_99]
tile_x="4296"
tile_y="2688"
tile_depth="7"
tile_alpha="1"
tile_xscale="1"
tile_yscale="1"
tile_asset="414"
[lvl_tiles_100]
tile_x="4264"
tile_y="2688"
tile_depth="7"
tile_alpha="1"
tile_xscale="1"
tile_yscale="1"
tile_asset="414"
[lvl_tiles_101]
tile_x="4232"
tile_y="2688"
tile_depth="7"
tile_alpha="1"
tile_xscale="1"
tile_yscale="1"
tile_asset="414"
[lvl_tiles_102]
tile_x="4688"
tile_y="2730"
tile_depth="6"
tile_alpha="1"
tile_xscale="1"
tile_yscale="1"
tile_asset="92"
[lvl_tiles_103]
tile_x="4688"
tile_y="2730"
tile_depth="6"
tile_alpha="1"
tile_xscale="1"
tile_yscale="1"
tile_asset="92"
[lvl_tiles_104]
tile_x="4624"
tile_y="2730"
tile_depth="6"
tile_alpha="1"
tile_xscale="1"
tile_yscale="1"
tile_asset="92"
[lvl_tiles_105]
tile_x="4560"
tile_y="2730"
tile_depth="6"
tile_alpha="1"
tile_xscale="1"
tile_yscale="1"
tile_asset="92"
[lvl_tiles_106]
tile_x="4496"
tile_y="2730"
tile_depth="6"
tile_alpha="1"
tile_xscale="1"
tile_yscale="1"
tile_asset="92"
[lvl_tiles_107]
tile_x="4432"
tile_y="2730"
tile_depth="6"
tile_alpha="1"
tile_xscale="1"
tile_yscale="1"
tile_asset="92"
[lvl_tiles_108]
tile_x="4368"
tile_y="2730"
tile_depth="6"
tile_alpha="1"
tile_xscale="1"
tile_yscale="1"
tile_asset="92"
[lvl_tiles_109]
tile_x="4304"
tile_y="2730"
tile_depth="6"
tile_alpha="1"
tile_xscale="1"
tile_yscale="1"
tile_asset="92"
[lvl_tiles_110]
tile_x="4304"
tile_y="2730"
tile_depth="6"
tile_alpha="1"
tile_xscale="1"
tile_yscale="1"
tile_asset="92"
[lvl_tiles_111]
tile_x="4240"
tile_y="2730"
tile_depth="6"
tile_alpha="1"
tile_xscale="1"
tile_yscale="1"
tile_asset="92"
[lvl_tiles_112]
tile_x="4176"
tile_y="2730"
tile_depth="6"
tile_alpha="1"
tile_xscale="1"
tile_yscale="1"
tile_asset="92"
[lvl_tiles_113]
tile_x="4112"
tile_y="2730"
tile_depth="6"
tile_alpha="1"
tile_xscale="1"
tile_yscale="1"
tile_asset="92"
[lvl_tiles_114]
tile_x="4048"
tile_y="2730"
tile_depth="6"
tile_alpha="1"
tile_xscale="1"
tile_yscale="1"
tile_asset="92"
[lvl_tiles_115]
tile_x="3984"
tile_y="2730"
tile_depth="6"
tile_alpha="1"
tile_xscale="1"
tile_yscale="1"
tile_asset="92"
[lvl_tiles_116]
tile_x="3920"
tile_y="2730"
tile_depth="6"
tile_alpha="1"
tile_xscale="1"
tile_yscale="1"
tile_asset="92"
[lvl_tiles_117]
tile_x="3856"
tile_y="2730"
tile_depth="6"
tile_alpha="1"
tile_xscale="1"
tile_yscale="1"
tile_asset="92"
[lvl_tiles_118]
tile_x="3792"
tile_y="2730"
tile_depth="6"
tile_alpha="1"
tile_xscale="1"
tile_yscale="1"
tile_asset="92"
[lvl_tiles_119]
tile_x="3728"
tile_y="2730"
tile_depth="6"
tile_alpha="1"
tile_xscale="1"
tile_yscale="1"
tile_asset="92"
[lvl_tiles_120]
tile_x="3664"
tile_y="2730"
tile_depth="6"
tile_alpha="1"
tile_xscale="1"
tile_yscale="1"
tile_asset="92"
[lvl_tiles_121]
tile_x="3600"
tile_y="2730"
tile_depth="6"
tile_alpha="1"
tile_xscale="1"
tile_yscale="1"
tile_asset="92"
[lvl_tiles_122]
tile_x="3536"
tile_y="2730"
tile_depth="6"
tile_alpha="1"
tile_xscale="1"
tile_yscale="1"
tile_asset="92"
[lvl_tiles_123]
tile_x="3472"
tile_y="2730"
tile_depth="6"
tile_alpha="1"
tile_xscale="1"
tile_yscale="1"
tile_asset="92"
[lvl_tiles_124]
tile_x="3408"
tile_y="2730"
tile_depth="6"
tile_alpha="1"
tile_xscale="1"
tile_yscale="1"
tile_asset="92"
[lvl_tiles_125]
tile_x="3344"
tile_y="2730"
tile_depth="6"
tile_alpha="1"
tile_xscale="1"
tile_yscale="1"
tile_asset="92"
[lvl_tiles_126]
tile_x="3280"
tile_y="2730"
tile_depth="6"
tile_alpha="1"
tile_xscale="1"
tile_yscale="1"
tile_asset="92"
[lvl_tiles_127]
tile_x="3216"
tile_y="2730"
tile_depth="6"
tile_alpha="1"
tile_xscale="1"
tile_yscale="1"
tile_asset="92"
[lvl_tiles_128]
tile_x="3152"
tile_y="2730"
tile_depth="6"
tile_alpha="1"
tile_xscale="1"
tile_yscale="1"
tile_asset="92"
[lvl_tiles_129]
tile_x="3088"
tile_y="2730"
tile_depth="6"
tile_alpha="1"
tile_xscale="1"
tile_yscale="1"
tile_asset="92"
[lvl_tiles_130]
tile_x="3024"
tile_y="2730"
tile_depth="6"
tile_alpha="1"
tile_xscale="1"
tile_yscale="1"
tile_asset="92"
[lvl_tiles_131]
tile_x="2960"
tile_y="2730"
tile_depth="6"
tile_alpha="1"
tile_xscale="1"
tile_yscale="1"
tile_asset="92"
[lvl_tiles_132]
tile_x="2896"
tile_y="2730"
tile_depth="6"
tile_alpha="1"
tile_xscale="1"
tile_yscale="1"
tile_asset="92"
[lvl_tiles_133]
tile_x="2832"
tile_y="2730"
tile_depth="6"
tile_alpha="1"
tile_xscale="1"
tile_yscale="1"
tile_asset="92"
[lvl_tiles_134]
tile_x="2768"
tile_y="2730"
tile_depth="6"
tile_alpha="1"
tile_xscale="1"
tile_yscale="1"
tile_asset="92"
[lvl_tiles_135]
tile_x="2704"
tile_y="2730"
tile_depth="6"
tile_alpha="1"
tile_xscale="1"
tile_yscale="1"
tile_asset="92"
[lvl_tiles_136]
tile_x="2640"
tile_y="2730"
tile_depth="6"
tile_alpha="1"
tile_xscale="1"
tile_yscale="1"
tile_asset="92"
[lvl_tiles_137]
tile_x="2576"
tile_y="2730"
tile_depth="6"
tile_alpha="1"
tile_xscale="1"
tile_yscale="1"
tile_asset="92"
[lvl_tiles_138]
tile_x="2512"
tile_y="2730"
tile_depth="6"
tile_alpha="1"
tile_xscale="1"
tile_yscale="1"
tile_asset="92"
[lvl_tiles_139]
tile_x="2448"
tile_y="2730"
tile_depth="6"
tile_alpha="1"
tile_xscale="1"
tile_yscale="1"
tile_asset="92"
[lvl_tiles_140]
tile_x="2384"
tile_y="2730"
tile_depth="6"
tile_alpha="1"
tile_xscale="1"
tile_yscale="1"
tile_asset="92"
[lvl_tiles_141]
tile_x="2320"
tile_y="2730"
tile_depth="6"
tile_alpha="1"
tile_xscale="1"
tile_yscale="1"
tile_asset="92"
[lvl_tiles_142]
tile_x="2256"
tile_y="2730"
tile_depth="6"
tile_alpha="1"
tile_xscale="1"
tile_yscale="1"
tile_asset="92"
[lvl_tiles_143]
tile_x="2192"
tile_y="2730"
tile_depth="6"
tile_alpha="1"
tile_xscale="1"
tile_yscale="1"
tile_asset="92"
[lvl_tiles_144]
tile_x="2128"
tile_y="2730"
tile_depth="6"
tile_alpha="1"
tile_xscale="1"
tile_yscale="1"
tile_asset="92"
[lvl_tiles_145]
tile_x="2064"
tile_y="2730"
tile_depth="6"
tile_alpha="1"
tile_xscale="1"
tile_yscale="1"
tile_asset="92"
[lvl_tiles_146]
tile_x="2000"
tile_y="2730"
tile_depth="6"
tile_alpha="1"
tile_xscale="1"
tile_yscale="1"
tile_asset="92"
[lvl_tiles_147]
tile_x="1936"
tile_y="2730"
tile_depth="6"
tile_alpha="1"
tile_xscale="1"
tile_yscale="1"
tile_asset="92"
[lvl_tiles_148]
tile_x="1872"
tile_y="2730"
tile_depth="6"
tile_alpha="1"
tile_xscale="1"
tile_yscale="1"
tile_asset="92"
[lvl_tiles_149]
tile_x="1808"
tile_y="2730"
tile_depth="6"
tile_alpha="1"
tile_xscale="1"
tile_yscale="1"
tile_asset="92"
[lvl_tiles_150]
tile_x="1744"
tile_y="2730"
tile_depth="6"
tile_alpha="1"
tile_xscale="1"
tile_yscale="1"
tile_asset="92"
[lvl_tiles_151]
tile_x="1680"
tile_y="2730"
tile_depth="6"
tile_alpha="1"
tile_xscale="1"
tile_yscale="1"
tile_asset="92"
[lvl_tiles_152]
tile_x="1616"
tile_y="2730"
tile_depth="6"
tile_alpha="1"
tile_xscale="1"
tile_yscale="1"
tile_asset="92"
[lvl_tiles_153]
tile_x="1552"
tile_y="2730"
tile_depth="6"
tile_alpha="1"
tile_xscale="1"
tile_yscale="1"
tile_asset="92"
[lvl_tiles_154]
tile_x="1488"
tile_y="2730"
tile_depth="6"
tile_alpha="1"
tile_xscale="1"
tile_yscale="1"
tile_asset="92"
[lvl_tiles_155]
tile_x="1424"
tile_y="2730"
tile_depth="6"
tile_alpha="1"
tile_xscale="1"
tile_yscale="1"
tile_asset="92"
[lvl_tiles_156]
tile_x="1360"
tile_y="2730"
tile_depth="6"
tile_alpha="1"
tile_xscale="1"
tile_yscale="1"
tile_asset="92"
[lvl_tiles_157]
tile_x="1296"
tile_y="2730"
tile_depth="6"
tile_alpha="1"
tile_xscale="1"
tile_yscale="1"
tile_asset="92"
[lvl_tiles_158]
tile_x="1232"
tile_y="2730"
tile_depth="6"
tile_alpha="1"
tile_xscale="1"
tile_yscale="1"
tile_asset="92"
[lvl_tiles_159]
tile_x="1168"
tile_y="2730"
tile_depth="6"
tile_alpha="1"
tile_xscale="1"
tile_yscale="1"
tile_asset="92"
[lvl_tiles_160]
tile_x="1104"
tile_y="2730"
tile_depth="6"
tile_alpha="1"
tile_xscale="1"
tile_yscale="1"
tile_asset="92"
[lvl_tiles_161]
tile_x="1040"
tile_y="2730"
tile_depth="6"
tile_alpha="1"
tile_xscale="1"
tile_yscale="1"
tile_asset="92"
[lvl_tiles_162]
tile_x="976"
tile_y="2730"
tile_depth="6"
tile_alpha="1"
tile_xscale="1"
tile_yscale="1"
tile_asset="92"
[lvl_tiles_163]
tile_x="912"
tile_y="2730"
tile_depth="6"
tile_alpha="1"
tile_xscale="1"
tile_yscale="1"
tile_asset="92"
[lvl_tiles_164]
tile_x="848"
tile_y="2730"
tile_depth="6"
tile_alpha="1"
tile_xscale="1"
tile_yscale="1"
tile_asset="92"
[lvl_tiles_165]
tile_x="784"
tile_y="2730"
tile_depth="6"
tile_alpha="1"
tile_xscale="1"
tile_yscale="1"
tile_asset="92"
[lvl_tiles_166]
tile_x="720"
tile_y="2730"
tile_depth="6"
tile_alpha="1"
tile_xscale="1"
tile_yscale="1"
tile_asset="92"
[lvl_tiles_167]
tile_x="656"
tile_y="2730"
tile_depth="6"
tile_alpha="1"
tile_xscale="1"
tile_yscale="1"
tile_asset="92"
[lvl_tiles_168]
tile_x="592"
tile_y="2730"
tile_depth="6"
tile_alpha="1"
tile_xscale="1"
tile_yscale="1"
tile_asset="92"
[lvl_tiles_169]
tile_x="528"
tile_y="2730"
tile_depth="6"
tile_alpha="1"
tile_xscale="1"
tile_yscale="1"
tile_asset="92"
[lvl_tiles_170]
tile_x="464"
tile_y="2730"
tile_depth="6"
tile_alpha="1"
tile_xscale="1"
tile_yscale="1"
tile_asset="92"
[lvl_tiles_171]
tile_x="400"
tile_y="2730"
tile_depth="6"
tile_alpha="1"
tile_xscale="1"
tile_yscale="1"
tile_asset="92"
[lvl_tiles_172]
tile_x="336"
tile_y="2730"
tile_depth="6"
tile_alpha="1"
tile_xscale="1"
tile_yscale="1"
tile_asset="92"
[lvl_tiles_173]
tile_x="272"
tile_y="2730"
tile_depth="6"
tile_alpha="1"
tile_xscale="1"
tile_yscale="1"
tile_asset="92"
[lvl_tiles_174]
tile_x="208"
tile_y="2730"
tile_depth="6"
tile_alpha="1"
tile_xscale="1"
tile_yscale="1"
tile_asset="92"
[lvl_tiles_175]
tile_x="144"
tile_y="2730"
tile_depth="6"
tile_alpha="1"
tile_xscale="1"
tile_yscale="1"
tile_asset="92"
[lvl_tiles_176]
tile_x="80"
tile_y="2730"
tile_depth="6"
tile_alpha="1"
tile_xscale="1"
tile_yscale="1"
tile_asset="92"
[lvl_tiles_177]
tile_x="16"
tile_y="2730"
tile_depth="6"
tile_alpha="1"
tile_xscale="1"
tile_yscale="1"
tile_asset="92"
[lvl_tiles_178]
tile_x="-48"
tile_y="2730"
tile_depth="6"
tile_alpha="1"
tile_xscale="1"
tile_yscale="1"
tile_asset="92"
[lvl_tiles_179]
tile_x="1296"
tile_y="2672"
tile_depth="6"
tile_alpha="1"
tile_xscale="1"
tile_yscale="1"
tile_asset="439"
[lvl_tiles_180]
tile_x="1312"
tile_y="2672"
tile_depth="6"
tile_alpha="1"
tile_xscale="1"
tile_yscale="1"
tile_asset="439"
[lvl_tiles_181]
tile_x="1328"
tile_y="2672"
tile_depth="6"
tile_alpha="1"
tile_xscale="1"
tile_yscale="1"
tile_asset="439"
[lvl_tiles_182]
tile_x="1344"
tile_y="2672"
tile_depth="6"
tile_alpha="1"
tile_xscale="1"
tile_yscale="1"
tile_asset="439"
[lvl_tiles_183]
tile_x="1360"
tile_y="2672"
tile_depth="6"
tile_alpha="1"
tile_xscale="1"
tile_yscale="1"
tile_asset="439"
[lvl_tiles_184]
tile_x="1376"
tile_y="2672"
tile_depth="6"
tile_alpha="1"
tile_xscale="1"
tile_yscale="1"
tile_asset="439"
[lvl_tiles_185]
tile_x="1392"
tile_y="2672"
tile_depth="6"
tile_alpha="1"
tile_xscale="1"
tile_yscale="1"
tile_asset="439"
[lvl_tiles_186]
tile_x="1408"
tile_y="2672"
tile_depth="6"
tile_alpha="1"
tile_xscale="1"
tile_yscale="1"
tile_asset="439"
[lvl_tiles_187]
tile_x="3509"
tile_y="2456"
tile_depth="6"
tile_alpha="1"
tile_xscale="1"
tile_yscale="1"
tile_asset="412"
[lvl_tiles_188]
tile_x="3548"
tile_y="2456"
tile_depth="6"
tile_alpha="1"
tile_xscale="1"
tile_yscale="1"
tile_asset="412"
[lvl_tiles_189]
tile_x="0"
tile_y="2740"
tile_depth="5"
tile_alpha="1"
tile_xscale="1"
tile_yscale="1"
tile_asset="781"
[lvl_tiles_190]
tile_x="48"
tile_y="2740"
tile_depth="5"
tile_alpha="1"
tile_xscale="1"
tile_yscale="1"
tile_asset="781"
[lvl_tiles_191]
tile_x="48"
tile_y="2740"
tile_depth="5"
tile_alpha="1"
tile_xscale="1"
tile_yscale="1"
tile_asset="781"
[lvl_tiles_192]
tile_x="96"
tile_y="2740"
tile_depth="5"
tile_alpha="1"
tile_xscale="1"
tile_yscale="1"
tile_asset="781"
[lvl_tiles_193]
tile_x="144"
tile_y="2740"
tile_depth="5"
tile_alpha="1"
tile_xscale="1"
tile_yscale="1"
tile_asset="781"
[lvl_tiles_194]
tile_x="192"
tile_y="2740"
tile_depth="5"
tile_alpha="1"
tile_xscale="1"
tile_yscale="1"
tile_asset="781"
[lvl_tiles_195]
tile_x="240"
tile_y="2740"
tile_depth="5"
tile_alpha="1"
tile_xscale="1"
tile_yscale="1"
tile_asset="781"
[lvl_tiles_196]
tile_x="288"
tile_y="2740"
tile_depth="5"
tile_alpha="1"
tile_xscale="1"
tile_yscale="1"
tile_asset="781"
[lvl_tiles_197]
tile_x="336"
tile_y="2740"
tile_depth="5"
tile_alpha="1"
tile_xscale="1"
tile_yscale="1"
tile_asset="781"
[lvl_tiles_198]
tile_x="384"
tile_y="2740"
tile_depth="5"
tile_alpha="1"
tile_xscale="1"
tile_yscale="1"
tile_asset="781"
[lvl_tiles_199]
tile_x="432"
tile_y="2740"
tile_depth="5"
tile_alpha="1"
tile_xscale="1"
tile_yscale="1"
tile_asset="781"
[lvl_tiles_200]
tile_x="480"
tile_y="2740"
tile_depth="5"
tile_alpha="1"
tile_xscale="1"
tile_yscale="1"
tile_asset="781"
[lvl_tiles_201]
tile_x="528"
tile_y="2740"
tile_depth="5"
tile_alpha="1"
tile_xscale="1"
tile_yscale="1"
tile_asset="781"
[lvl_tiles_202]
tile_x="576"
tile_y="2740"
tile_depth="5"
tile_alpha="1"
tile_xscale="1"
tile_yscale="1"
tile_asset="781"
[lvl_tiles_203]
tile_x="624"
tile_y="2740"
tile_depth="5"
tile_alpha="1"
tile_xscale="1"
tile_yscale="1"
tile_asset="781"
[lvl_tiles_204]
tile_x="672"
tile_y="2740"
tile_depth="5"
tile_alpha="1"
tile_xscale="1"
tile_yscale="1"
tile_asset="781"
[lvl_tiles_205]
tile_x="720"
tile_y="2740"
tile_depth="5"
tile_alpha="1"
tile_xscale="1"
tile_yscale="1"
tile_asset="781"
[lvl_tiles_206]
tile_x="768"
tile_y="2740"
tile_depth="5"
tile_alpha="1"
tile_xscale="1"
tile_yscale="1"
tile_asset="781"
[lvl_tiles_207]
tile_x="816"
tile_y="2740"
tile_depth="5"
tile_alpha="1"
tile_xscale="1"
tile_yscale="1"
tile_asset="781"
[lvl_tiles_208]
tile_x="864"
tile_y="2740"
tile_depth="5"
tile_alpha="1"
tile_xscale="1"
tile_yscale="1"
tile_asset="781"
[lvl_tiles_209]
tile_x="912"
tile_y="2740"
tile_depth="5"
tile_alpha="1"
tile_xscale="1"
tile_yscale="1"
tile_asset="781"
[lvl_tiles_210]
tile_x="960"
tile_y="2740"
tile_depth="5"
tile_alpha="1"
tile_xscale="1"
tile_yscale="1"
tile_asset="781"
[lvl_tiles_211]
tile_x="1008"
tile_y="2740"
tile_depth="5"
tile_alpha="1"
tile_xscale="1"
tile_yscale="1"
tile_asset="781"
[lvl_tiles_212]
tile_x="1056"
tile_y="2740"
tile_depth="5"
tile_alpha="1"
tile_xscale="1"
tile_yscale="1"
tile_asset="781"
[lvl_tiles_213]
tile_x="1104"
tile_y="2740"
tile_depth="5"
tile_alpha="1"
tile_xscale="1"
tile_yscale="1"
tile_asset="781"
[lvl_tiles_214]
tile_x="1152"
tile_y="2740"
tile_depth="5"
tile_alpha="1"
tile_xscale="1"
tile_yscale="1"
tile_asset="781"
[lvl_tiles_215]
tile_x="1200"
tile_y="2740"
tile_depth="5"
tile_alpha="1"
tile_xscale="1"
tile_yscale="1"
tile_asset="781"
[lvl_tiles_216]
tile_x="1248"
tile_y="2740"
tile_depth="5"
tile_alpha="1"
tile_xscale="1"
tile_yscale="1"
tile_asset="781"
[lvl_tiles_217]
tile_x="1296"
tile_y="2740"
tile_depth="5"
tile_alpha="1"
tile_xscale="1"
tile_yscale="1"
tile_asset="781"
[lvl_tiles_218]
tile_x="1344"
tile_y="2740"
tile_depth="5"
tile_alpha="1"
tile_xscale="1"
tile_yscale="1"
tile_asset="781"
[lvl_tiles_219]
tile_x="1392"
tile_y="2740"
tile_depth="5"
tile_alpha="1"
tile_xscale="1"
tile_yscale="1"
tile_asset="781"
[lvl_tiles_220]
tile_x="1440"
tile_y="2740"
tile_depth="5"
tile_alpha="1"
tile_xscale="1"
tile_yscale="1"
tile_asset="781"
[lvl_tiles_221]
tile_x="1488"
tile_y="2740"
tile_depth="5"
tile_alpha="1"
tile_xscale="1"
tile_yscale="1"
tile_asset="781"
[lvl_tiles_222]
tile_x="1536"
tile_y="2740"
tile_depth="5"
tile_alpha="1"
tile_xscale="1"
tile_yscale="1"
tile_asset="781"
[lvl_tiles_223]
tile_x="1584"
tile_y="2740"
tile_depth="5"
tile_alpha="1"
tile_xscale="1"
tile_yscale="1"
tile_asset="781"
[lvl_tiles_224]
tile_x="1632"
tile_y="2740"
tile_depth="5"
tile_alpha="1"
tile_xscale="1"
tile_yscale="1"
tile_asset="781"
[lvl_tiles_225]
tile_x="1680"
tile_y="2740"
tile_depth="5"
tile_alpha="1"
tile_xscale="1"
tile_yscale="1"
tile_asset="781"
[lvl_tiles_226]
tile_x="1728"
tile_y="2740"
tile_depth="5"
tile_alpha="1"
tile_xscale="1"
tile_yscale="1"
tile_asset="781"
[lvl_tiles_227]
tile_x="1776"
tile_y="2740"
tile_depth="5"
tile_alpha="1"
tile_xscale="1"
tile_yscale="1"
tile_asset="781"
[lvl_tiles_228]
tile_x="1824"
tile_y="2740"
tile_depth="5"
tile_alpha="1"
tile_xscale="1"
tile_yscale="1"
tile_asset="781"
[lvl_tiles_229]
tile_x="1872"
tile_y="2740"
tile_depth="5"
tile_alpha="1"
tile_xscale="1"
tile_yscale="1"
tile_asset="781"
[lvl_tiles_230]
tile_x="1920"
tile_y="2740"
tile_depth="5"
tile_alpha="1"
tile_xscale="1"
tile_yscale="1"
tile_asset="781"
[lvl_tiles_231]
tile_x="1968"
tile_y="2740"
tile_depth="5"
tile_alpha="1"
tile_xscale="1"
tile_yscale="1"
tile_asset="781"
[lvl_tiles_232]
tile_x="2016"
tile_y="2740"
tile_depth="5"
tile_alpha="1"
tile_xscale="1"
tile_yscale="1"
tile_asset="781"
[lvl_tiles_233]
tile_x="2064"
tile_y="2740"
tile_depth="5"
tile_alpha="1"
tile_xscale="1"
tile_yscale="1"
tile_asset="781"
[lvl_tiles_234]
tile_x="2112"
tile_y="2740"
tile_depth="5"
tile_alpha="1"
tile_xscale="1"
tile_yscale="1"
tile_asset="781"
[lvl_tiles_235]
tile_x="2160"
tile_y="2740"
tile_depth="5"
tile_alpha="1"
tile_xscale="1"
tile_yscale="1"
tile_asset="781"
[lvl_tiles_236]
tile_x="2208"
tile_y="2740"
tile_depth="5"
tile_alpha="1"
tile_xscale="1"
tile_yscale="1"
tile_asset="781"
[lvl_tiles_237]
tile_x="2256"
tile_y="2740"
tile_depth="5"
tile_alpha="1"
tile_xscale="1"
tile_yscale="1"
tile_asset="781"
[lvl_tiles_238]
tile_x="2304"
tile_y="2740"
tile_depth="5"
tile_alpha="1"
tile_xscale="1"
tile_yscale="1"
tile_asset="781"
[lvl_tiles_239]
tile_x="2352"
tile_y="2740"
tile_depth="5"
tile_alpha="1"
tile_xscale="1"
tile_yscale="1"
tile_asset="781"
[lvl_tiles_240]
tile_x="2400"
tile_y="2740"
tile_depth="5"
tile_alpha="1"
tile_xscale="1"
tile_yscale="1"
tile_asset="781"
[lvl_tiles_241]
tile_x="2448"
tile_y="2740"
tile_depth="5"
tile_alpha="1"
tile_xscale="1"
tile_yscale="1"
tile_asset="781"
[lvl_tiles_242]
tile_x="2496"
tile_y="2740"
tile_depth="5"
tile_alpha="1"
tile_xscale="1"
tile_yscale="1"
tile_asset="781"
[lvl_tiles_243]
tile_x="2544"
tile_y="2740"
tile_depth="5"
tile_alpha="1"
tile_xscale="1"
tile_yscale="1"
tile_asset="781"
[lvl_tiles_244]
tile_x="2592"
tile_y="2740"
tile_depth="5"
tile_alpha="1"
tile_xscale="1"
tile_yscale="1"
tile_asset="781"
[lvl_tiles_245]
tile_x="2640"
tile_y="2740"
tile_depth="5"
tile_alpha="1"
tile_xscale="1"
tile_yscale="1"
tile_asset="781"
[lvl_tiles_246]
tile_x="2688"
tile_y="2740"
tile_depth="5"
tile_alpha="1"
tile_xscale="1"
tile_yscale="1"
tile_asset="781"
[lvl_tiles_247]
tile_x="2736"
tile_y="2740"
tile_depth="5"
tile_alpha="1"
tile_xscale="1"
tile_yscale="1"
tile_asset="781"
[lvl_tiles_248]
tile_x="2784"
tile_y="2740"
tile_depth="5"
tile_alpha="1"
tile_xscale="1"
tile_yscale="1"
tile_asset="781"
[lvl_tiles_249]
tile_x="2832"
tile_y="2740"
tile_depth="5"
tile_alpha="1"
tile_xscale="1"
tile_yscale="1"
tile_asset="781"
[lvl_tiles_250]
tile_x="2880"
tile_y="2740"
tile_depth="5"
tile_alpha="1"
tile_xscale="1"
tile_yscale="1"
tile_asset="781"
[lvl_tiles_251]
tile_x="2928"
tile_y="2740"
tile_depth="5"
tile_alpha="1"
tile_xscale="1"
tile_yscale="1"
tile_asset="781"
[lvl_tiles_252]
tile_x="2976"
tile_y="2740"
tile_depth="5"
tile_alpha="1"
tile_xscale="1"
tile_yscale="1"
tile_asset="781"
[lvl_tiles_253]
tile_x="3024"
tile_y="2740"
tile_depth="5"
tile_alpha="1"
tile_xscale="1"
tile_yscale="1"
tile_asset="781"
[lvl_tiles_254]
tile_x="3072"
tile_y="2740"
tile_depth="5"
tile_alpha="1"
tile_xscale="1"
tile_yscale="1"
tile_asset="781"
[lvl_tiles_255]
tile_x="3120"
tile_y="2740"
tile_depth="5"
tile_alpha="1"
tile_xscale="1"
tile_yscale="1"
tile_asset="781"
[lvl_tiles_256]
tile_x="3168"
tile_y="2740"
tile_depth="5"
tile_alpha="1"
tile_xscale="1"
tile_yscale="1"
tile_asset="781"
[lvl_tiles_257]
tile_x="3216"
tile_y="2740"
tile_depth="5"
tile_alpha="1"
tile_xscale="1"
tile_yscale="1"
tile_asset="781"
[lvl_tiles_258]
tile_x="3264"
tile_y="2740"
tile_depth="5"
tile_alpha="1"
tile_xscale="1"
tile_yscale="1"
tile_asset="781"
[lvl_tiles_259]
tile_x="3312"
tile_y="2740"
tile_depth="5"
tile_alpha="1"
tile_xscale="1"
tile_yscale="1"
tile_asset="781"
[lvl_tiles_260]
tile_x="3360"
tile_y="2740"
tile_depth="5"
tile_alpha="1"
tile_xscale="1"
tile_yscale="1"
tile_asset="781"
[lvl_tiles_261]
tile_x="3408"
tile_y="2740"
tile_depth="5"
tile_alpha="1"
tile_xscale="1"
tile_yscale="1"
tile_asset="781"
[lvl_tiles_262]
tile_x="3456"
tile_y="2740"
tile_depth="5"
tile_alpha="1"
tile_xscale="1"
tile_yscale="1"
tile_asset="781"
[lvl_tiles_263]
tile_x="3504"
tile_y="2740"
tile_depth="5"
tile_alpha="1"
tile_xscale="1"
tile_yscale="1"
tile_asset="781"
[lvl_tiles_264]
tile_x="3552"
tile_y="2740"
tile_depth="5"
tile_alpha="1"
tile_xscale="1"
tile_yscale="1"
tile_asset="781"
[lvl_tiles_265]
tile_x="3600"
tile_y="2740"
tile_depth="5"
tile_alpha="1"
tile_xscale="1"
tile_yscale="1"
tile_asset="781"
[lvl_tiles_266]
tile_x="3648"
tile_y="2740"
tile_depth="5"
tile_alpha="1"
tile_xscale="1"
tile_yscale="1"
tile_asset="781"
[lvl_tiles_267]
tile_x="3696"
tile_y="2740"
tile_depth="5"
tile_alpha="1"
tile_xscale="1"
tile_yscale="1"
tile_asset="781"
[lvl_tiles_268]
tile_x="3744"
tile_y="2740"
tile_depth="5"
tile_alpha="1"
tile_xscale="1"
tile_yscale="1"
tile_asset="781"
[lvl_tiles_269]
tile_x="3792"
tile_y="2740"
tile_depth="5"
tile_alpha="1"
tile_xscale="1"
tile_yscale="1"
tile_asset="781"
[lvl_tiles_270]
tile_x="3840"
tile_y="2740"
tile_depth="5"
tile_alpha="1"
tile_xscale="1"
tile_yscale="1"
tile_asset="781"
[lvl_tiles_271]
tile_x="3888"
tile_y="2740"
tile_depth="5"
tile_alpha="1"
tile_xscale="1"
tile_yscale="1"
tile_asset="781"
[lvl_tiles_272]
tile_x="3936"
tile_y="2740"
tile_depth="5"
tile_alpha="1"
tile_xscale="1"
tile_yscale="1"
tile_asset="781"
[lvl_tiles_273]
tile_x="3984"
tile_y="2740"
tile_depth="5"
tile_alpha="1"
tile_xscale="1"
tile_yscale="1"
tile_asset="781"
[lvl_tiles_274]
tile_x="4032"
tile_y="2740"
tile_depth="5"
tile_alpha="1"
tile_xscale="1"
tile_yscale="1"
tile_asset="781"
[lvl_tiles_275]
tile_x="4080"
tile_y="2740"
tile_depth="5"
tile_alpha="1"
tile_xscale="1"
tile_yscale="1"
tile_asset="781"
[lvl_tiles_276]
tile_x="4128"
tile_y="2740"
tile_depth="5"
tile_alpha="1"
tile_xscale="1"
tile_yscale="1"
tile_asset="781"
[lvl_tiles_277]
tile_x="4176"
tile_y="2740"
tile_depth="5"
tile_alpha="1"
tile_xscale="1"
tile_yscale="1"
tile_asset="781"
[lvl_tiles_278]
tile_x="4224"
tile_y="2740"
tile_depth="5"
tile_alpha="1"
tile_xscale="1"
tile_yscale="1"
tile_asset="781"
[lvl_tiles_279]
tile_x="4272"
tile_y="2740"
tile_depth="5"
tile_alpha="1"
tile_xscale="1"
tile_yscale="1"
tile_asset="781"
[lvl_tiles_280]
tile_x="4320"
tile_y="2740"
tile_depth="5"
tile_alpha="1"
tile_xscale="1"
tile_yscale="1"
tile_asset="781"
[lvl_tiles_281]
tile_x="4368"
tile_y="2740"
tile_depth="5"
tile_alpha="1"
tile_xscale="1"
tile_yscale="1"
tile_asset="781"
[lvl_tiles_282]
tile_x="4416"
tile_y="2740"
tile_depth="5"
tile_alpha="1"
tile_xscale="1"
tile_yscale="1"
tile_asset="781"
[lvl_tiles_283]
tile_x="4464"
tile_y="2740"
tile_depth="5"
tile_alpha="1"
tile_xscale="1"
tile_yscale="1"
tile_asset="781"
[lvl_tiles_284]
tile_x="4512"
tile_y="2740"
tile_depth="5"
tile_alpha="1"
tile_xscale="1"
tile_yscale="1"
tile_asset="781"
[lvl_tiles_285]
tile_x="4560"
tile_y="2740"
tile_depth="5"
tile_alpha="1"
tile_xscale="1"
tile_yscale="1"
tile_asset="781"
[lvl_tiles_286]
tile_x="4608"
tile_y="2740"
tile_depth="5"
tile_alpha="1"
tile_xscale="1"
tile_yscale="1"
tile_asset="781"
[lvl_tiles_287]
tile_x="4656"
tile_y="2740"
tile_depth="5"
tile_alpha="1"
tile_xscale="1"
tile_yscale="1"
tile_asset="781"
[lvl_tiles_288]
tile_x="4704"
tile_y="2740"
tile_depth="5"
tile_alpha="1"
tile_xscale="1"
tile_yscale="1"
tile_asset="781"
[lvl_tiles_289]
tile_x="1280"
tile_y="2688"
tile_depth="5"
tile_alpha="1"
tile_xscale="1"
tile_yscale="1"
tile_asset="455"
[lvl_tiles_290]
tile_x="1336"
tile_y="2688"
tile_depth="5"
tile_alpha="1"
tile_xscale="1"
tile_yscale="1"
tile_asset="456"
[lvl_tiles_291]
tile_x="1392"
tile_y="2688"
tile_depth="5"
tile_alpha="1"
tile_xscale="1"
tile_yscale="1"
tile_asset="414"
[lvl_tiles_292]
tile_x="0"
tile_y="2792"
tile_depth="4"
tile_alpha="1"
tile_xscale="1"
tile_yscale="1"
tile_asset="494"
[lvl_tiles_293]
tile_x="0"
tile_y="2792"
tile_depth="4"
tile_alpha="1"
tile_xscale="1"
tile_yscale="1"
tile_asset="494"
[lvl_tiles_294]
tile_x="128"
tile_y="2792"
tile_depth="4"
tile_alpha="1"
tile_xscale="1"
tile_yscale="1"
tile_asset="494"
[lvl_tiles_295]
tile_x="256"
tile_y="2792"
tile_depth="4"
tile_alpha="1"
tile_xscale="1"
tile_yscale="1"
tile_asset="494"
[lvl_tiles_296]
tile_x="384"
tile_y="2792"
tile_depth="4"
tile_alpha="1"
tile_xscale="1"
tile_yscale="1"
tile_asset="494"
[lvl_tiles_297]
tile_x="512"
tile_y="2792"
tile_depth="4"
tile_alpha="1"
tile_xscale="1"
tile_yscale="1"
tile_asset="494"
[lvl_tiles_298]
tile_x="640"
tile_y="2792"
tile_depth="4"
tile_alpha="1"
tile_xscale="1"
tile_yscale="1"
tile_asset="494"
[lvl_tiles_299]
tile_x="896"
tile_y="2792"
tile_depth="4"
tile_alpha="1"
tile_xscale="1"
tile_yscale="1"
tile_asset="494"
[lvl_tiles_300]
tile_x="1024"
tile_y="2792"
tile_depth="4"
tile_alpha="1"
tile_xscale="1"
tile_yscale="1"
tile_asset="494"
[lvl_tiles_301]
tile_x="1152"
tile_y="2792"
tile_depth="4"
tile_alpha="1"
tile_xscale="1"
tile_yscale="1"
tile_asset="494"
[lvl_tiles_302]
tile_x="1280"
tile_y="2792"
tile_depth="4"
tile_alpha="1"
tile_xscale="1"
tile_yscale="1"
tile_asset="494"
[lvl_tiles_303]
tile_x="1408"
tile_y="2792"
tile_depth="4"
tile_alpha="1"
tile_xscale="1"
tile_yscale="1"
tile_asset="494"
[lvl_tiles_304]
tile_x="1536"
tile_y="2792"
tile_depth="4"
tile_alpha="1"
tile_xscale="1"
tile_yscale="1"
tile_asset="494"
[lvl_tiles_305]
tile_x="1664"
tile_y="2792"
tile_depth="4"
tile_alpha="1"
tile_xscale="1"
tile_yscale="1"
tile_asset="494"
[lvl_tiles_306]
tile_x="1792"
tile_y="2792"
tile_depth="4"
tile_alpha="1"
tile_xscale="1"
tile_yscale="1"
tile_asset="494"
[lvl_tiles_307]
tile_x="1920"
tile_y="2792"
tile_depth="4"
tile_alpha="1"
tile_xscale="1"
tile_yscale="1"
tile_asset="494"
[lvl_tiles_308]
tile_x="2048"
tile_y="2792"
tile_depth="4"
tile_alpha="1"
tile_xscale="1"
tile_yscale="1"
tile_asset="494"
[lvl_tiles_309]
tile_x="2176"
tile_y="2792"
tile_depth="4"
tile_alpha="1"
tile_xscale="1"
tile_yscale="1"
tile_asset="494"
[lvl_tiles_310]
tile_x="2304"
tile_y="2792"
tile_depth="4"
tile_alpha="1"
tile_xscale="1"
tile_yscale="1"
tile_asset="494"
[lvl_tiles_311]
tile_x="2432"
tile_y="2792"
tile_depth="4"
tile_alpha="1"
tile_xscale="1"
tile_yscale="1"
tile_asset="494"
[lvl_tiles_312]
tile_x="2560"
tile_y="2792"
tile_depth="4"
tile_alpha="1"
tile_xscale="1"
tile_yscale="1"
tile_asset="494"
[lvl_tiles_313]
tile_x="2688"
tile_y="2792"
tile_depth="4"
tile_alpha="1"
tile_xscale="1"
tile_yscale="1"
tile_asset="494"
[lvl_tiles_314]
tile_x="2816"
tile_y="2792"
tile_depth="4"
tile_alpha="1"
tile_xscale="1"
tile_yscale="1"
tile_asset="494"
[lvl_tiles_315]
tile_x="2944"
tile_y="2792"
tile_depth="4"
tile_alpha="1"
tile_xscale="1"
tile_yscale="1"
tile_asset="494"
[lvl_tiles_316]
tile_x="3072"
tile_y="2792"
tile_depth="4"
tile_alpha="1"
tile_xscale="1"
tile_yscale="1"
tile_asset="494"
[lvl_tiles_317]
tile_x="3200"
tile_y="2792"
tile_depth="4"
tile_alpha="1"
tile_xscale="1"
tile_yscale="1"
tile_asset="494"
[lvl_tiles_318]
tile_x="3328"
tile_y="2792"
tile_depth="4"
tile_alpha="1"
tile_xscale="1"
tile_yscale="1"
tile_asset="494"
[lvl_tiles_319]
tile_x="3456"
tile_y="2792"
tile_depth="4"
tile_alpha="1"
tile_xscale="1"
tile_yscale="1"
tile_asset="494"
[lvl_tiles_320]
tile_x="3584"
tile_y="2792"
tile_depth="4"
tile_alpha="1"
tile_xscale="1"
tile_yscale="1"
tile_asset="494"
[lvl_tiles_321]
tile_x="3712"
tile_y="2792"
tile_depth="4"
tile_alpha="1"
tile_xscale="1"
tile_yscale="1"
tile_asset="494"
[lvl_tiles_322]
tile_x="3840"
tile_y="2792"
tile_depth="4"
tile_alpha="1"
tile_xscale="1"
tile_yscale="1"
tile_asset="494"
[lvl_tiles_323]
tile_x="3968"
tile_y="2792"
tile_depth="4"
tile_alpha="1"
tile_xscale="1"
tile_yscale="1"
tile_asset="494"
[lvl_tiles_324]
tile_x="4096"
tile_y="2792"
tile_depth="4"
tile_alpha="1"
tile_xscale="1"
tile_yscale="1"
tile_asset="494"
[lvl_tiles_325]
tile_x="4096"
tile_y="2792"
tile_depth="4"
tile_alpha="1"
tile_xscale="1"
tile_yscale="1"
tile_asset="494"
[lvl_tiles_326]
tile_x="4224"
tile_y="2792"
tile_depth="4"
tile_alpha="1"
tile_xscale="1"
tile_yscale="1"
tile_asset="494"
[lvl_tiles_327]
tile_x="4352"
tile_y="2792"
tile_depth="4"
tile_alpha="1"
tile_xscale="1"
tile_yscale="1"
tile_asset="494"
[lvl_tiles_328]
tile_x="4480"
tile_y="2792"
tile_depth="4"
tile_alpha="1"
tile_xscale="1"
tile_yscale="1"
tile_asset="494"
[lvl_tiles_329]
tile_x="4608"
tile_y="2792"
tile_depth="4"
tile_alpha="1"
tile_xscale="1"
tile_yscale="1"
tile_asset="494"
[lvl_tiles_330]
tile_x="0"
tile_y="2744"
tile_depth="4"
tile_alpha="1"
tile_xscale="1"
tile_yscale="1"
tile_asset="323"
[lvl_tiles_331]
tile_x="0"
tile_y="2744"
tile_depth="4"
tile_alpha="1"
tile_xscale="1"
tile_yscale="1"
tile_asset="323"
[lvl_tiles_332]
tile_x="128"
tile_y="2744"
tile_depth="4"
tile_alpha="1"
tile_xscale="1"
tile_yscale="1"
tile_asset="323"
[lvl_tiles_333]
tile_x="256"
tile_y="2744"
tile_depth="4"
tile_alpha="1"
tile_xscale="1"
tile_yscale="1"
tile_asset="323"
[lvl_tiles_334]
tile_x="384"
tile_y="2744"
tile_depth="4"
tile_alpha="1"
tile_xscale="1"
tile_yscale="1"
tile_asset="323"
[lvl_tiles_335]
tile_x="512"
tile_y="2744"
tile_depth="4"
tile_alpha="1"
tile_xscale="1"
tile_yscale="1"
tile_asset="323"
[lvl_tiles_336]
tile_x="768"
tile_y="2744"
tile_depth="4"
tile_alpha="1"
tile_xscale="1"
tile_yscale="1"
tile_asset="323"
[lvl_tiles_337]
tile_x="896"
tile_y="2744"
tile_depth="4"
tile_alpha="1"
tile_xscale="1"
tile_yscale="1"
tile_asset="323"
[lvl_tiles_338]
tile_x="1024"
tile_y="2744"
tile_depth="4"
tile_alpha="1"
tile_xscale="1"
tile_yscale="1"
tile_asset="323"
[lvl_tiles_339]
tile_x="1152"
tile_y="2744"
tile_depth="4"
tile_alpha="1"
tile_xscale="1"
tile_yscale="1"
tile_asset="323"
[lvl_tiles_340]
tile_x="1280"
tile_y="2744"
tile_depth="4"
tile_alpha="1"
tile_xscale="1"
tile_yscale="1"
tile_asset="323"
[lvl_tiles_341]
tile_x="1408"
tile_y="2744"
tile_depth="4"
tile_alpha="1"
tile_xscale="1"
tile_yscale="1"
tile_asset="323"
[lvl_tiles_342]
tile_x="1536"
tile_y="2744"
tile_depth="4"
tile_alpha="1"
tile_xscale="1"
tile_yscale="1"
tile_asset="323"
[lvl_tiles_343]
tile_x="1664"
tile_y="2744"
tile_depth="4"
tile_alpha="1"
tile_xscale="1"
tile_yscale="1"
tile_asset="323"
[lvl_tiles_344]
tile_x="1792"
tile_y="2744"
tile_depth="4"
tile_alpha="1"
tile_xscale="1"
tile_yscale="1"
tile_asset="323"
[lvl_tiles_345]
tile_x="1920"
tile_y="2744"
tile_depth="4"
tile_alpha="1"
tile_xscale="1"
tile_yscale="1"
tile_asset="323"
[lvl_tiles_346]
tile_x="2048"
tile_y="2744"
tile_depth="4"
tile_alpha="1"
tile_xscale="1"
tile_yscale="1"
tile_asset="323"
[lvl_tiles_347]
tile_x="2176"
tile_y="2744"
tile_depth="4"
tile_alpha="1"
tile_xscale="1"
tile_yscale="1"
tile_asset="323"
[lvl_tiles_348]
tile_x="2304"
tile_y="2744"
tile_depth="4"
tile_alpha="1"
tile_xscale="1"
tile_yscale="1"
tile_asset="323"
[lvl_tiles_349]
tile_x="2432"
tile_y="2744"
tile_depth="4"
tile_alpha="1"
tile_xscale="1"
tile_yscale="1"
tile_asset="323"
[lvl_tiles_350]
tile_x="2560"
tile_y="2744"
tile_depth="4"
tile_alpha="1"
tile_xscale="1"
tile_yscale="1"
tile_asset="323"
[lvl_tiles_351]
tile_x="2688"
tile_y="2744"
tile_depth="4"
tile_alpha="1"
tile_xscale="1"
tile_yscale="1"
tile_asset="323"
[lvl_tiles_352]
tile_x="2816"
tile_y="2744"
tile_depth="4"
tile_alpha="1"
tile_xscale="1"
tile_yscale="1"
tile_asset="323"
[lvl_tiles_353]
tile_x="2944"
tile_y="2744"
tile_depth="4"
tile_alpha="1"
tile_xscale="1"
tile_yscale="1"
tile_asset="323"
[lvl_tiles_354]
tile_x="3072"
tile_y="2744"
tile_depth="4"
tile_alpha="1"
tile_xscale="1"
tile_yscale="1"
tile_asset="323"
[lvl_tiles_355]
tile_x="3200"
tile_y="2744"
tile_depth="4"
tile_alpha="1"
tile_xscale="1"
tile_yscale="1"
tile_asset="323"
[lvl_tiles_356]
tile_x="3328"
tile_y="2744"
tile_depth="4"
tile_alpha="1"
tile_xscale="1"
tile_yscale="1"
tile_asset="323"
[lvl_tiles_357]
tile_x="3456"
tile_y="2744"
tile_depth="4"
tile_alpha="1"
tile_xscale="1"
tile_yscale="1"
tile_asset="323"
[lvl_tiles_358]
tile_x="3584"
tile_y="2744"
tile_depth="4"
tile_alpha="1"
tile_xscale="1"
tile_yscale="1"
tile_asset="323"
[lvl_tiles_359]
tile_x="3712"
tile_y="2744"
tile_depth="4"
tile_alpha="1"
tile_xscale="1"
tile_yscale="1"
tile_asset="323"
[lvl_tiles_360]
tile_x="3840"
tile_y="2744"
tile_depth="4"
tile_alpha="1"
tile_xscale="1"
tile_yscale="1"
tile_asset="323"
[lvl_tiles_361]
tile_x="3968"
tile_y="2744"
tile_depth="4"
tile_alpha="1"
tile_xscale="1"
tile_yscale="1"
tile_asset="323"
[lvl_tiles_362]
tile_x="4096"
tile_y="2744"
tile_depth="4"
tile_alpha="1"
tile_xscale="1"
tile_yscale="1"
tile_asset="323"
[lvl_tiles_363]
tile_x="4224"
tile_y="2744"
tile_depth="4"
tile_alpha="1"
tile_xscale="1"
tile_yscale="1"
tile_asset="323"
[lvl_tiles_364]
tile_x="4352"
tile_y="2744"
tile_depth="4"
tile_alpha="1"
tile_xscale="1"
tile_yscale="1"
tile_asset="323"
[lvl_tiles_365]
tile_x="4480"
tile_y="2744"
tile_depth="4"
tile_alpha="1"
tile_xscale="1"
tile_yscale="1"
tile_asset="323"
[lvl_tiles_366]
tile_x="4608"
tile_y="2744"
tile_depth="4"
tile_alpha="1"
tile_xscale="1"
tile_yscale="1"
tile_asset="323"
[lvl_tiles_367]
tile_x="4736"
tile_y="2744"
tile_depth="4"
tile_alpha="1"
tile_xscale="1"
tile_yscale="1"
tile_asset="323"
[lvl_tiles_368]
tile_x="1184"
tile_y="2480"
tile_depth="4"
tile_alpha="1"
tile_xscale="1"
tile_yscale="1"
tile_asset="332"
[lvl_tiles_369]
tile_x="1184"
tile_y="2608"
tile_depth="4"
tile_alpha="1"
tile_xscale="1"
tile_yscale="1"
tile_asset="331"
[lvl_tiles_370]
tile_x="1296"
tile_y="2480"
tile_depth="4"
tile_alpha="1"
tile_xscale="1"
tile_yscale="1"
tile_asset="324"
[lvl_tiles_371]
tile_x="1296"
tile_y="2608"
tile_depth="4"
tile_alpha="1"
tile_xscale="1"
tile_yscale="1"
tile_asset="324"
[lvl_tiles_372]
tile_x="1187"
tile_y="2672"
tile_depth="4"
tile_alpha="1"
tile_xscale="1"
tile_yscale="1"
tile_asset="417"
[lvl_tiles_373]
tile_x="3236"
tile_y="2480"
tile_depth="4"
tile_alpha="1"
tile_xscale="1"
tile_yscale="1"
tile_asset="332"
[lvl_tiles_374]
tile_x="3476"
tile_y="2480"
tile_depth="4"
tile_alpha="1"
tile_xscale="1"
tile_yscale="1"
tile_asset="332"
[lvl_tiles_375]
tile_x="3236"
tile_y="2608"
tile_depth="4"
tile_alpha="1"
tile_xscale="1"
tile_yscale="1"
tile_asset="331"
[lvl_tiles_376]
tile_x="3476"
tile_y="2608"
tile_depth="4"
tile_alpha="1"
tile_xscale="1"
tile_yscale="1"
tile_asset="331"
[lvl_tiles_377]
tile_x="3348"
tile_y="2555"
tile_depth="4"
tile_alpha="1"
tile_xscale="1"
tile_yscale="1"
tile_asset="416"
[lvl_tiles_378]
tile_x="3500"
tile_y="2392"
tile_depth="4"
tile_alpha="1"
tile_xscale="1"
tile_yscale="1"
tile_asset="437"
[lvl_tiles_379]
tile_x="3348"
tile_y="2688"
tile_depth="4"
tile_alpha="1"
tile_xscale="1"
tile_yscale="1"
tile_asset="414"
[lvl_tiles_380]
tile_x="3380"
tile_y="2688"
tile_depth="4"
tile_alpha="1"
tile_xscale="1"
tile_yscale="1"
tile_asset="414"
[lvl_tiles_381]
tile_x="3412"
tile_y="2688"
tile_depth="4"
tile_alpha="1"
tile_xscale="1"
tile_yscale="1"
tile_asset="414"
[lvl_tiles_382]
tile_x="3444"
tile_y="2688"
tile_depth="4"
tile_alpha="1"
tile_xscale="1"
tile_yscale="1"
tile_asset="414"
[lvl_tiles_383]
tile_x="3588"
tile_y="2688"
tile_depth="4"
tile_alpha="1"
tile_xscale="1"
tile_yscale="1"
tile_asset="414"
[lvl_tiles_384]
tile_x="4296"
tile_y="2496"
tile_depth="4"
tile_alpha="1"
tile_xscale="1"
tile_yscale="1"
tile_asset="328"
[lvl_tiles_385]
tile_x="4424"
tile_y="2496"
tile_depth="4"
tile_alpha="1"
tile_xscale="1"
tile_yscale="1"
tile_asset="329"
[lvl_tiles_386]
tile_x="4424"
tile_y="2576"
tile_depth="4"
tile_alpha="1"
tile_xscale="-1"
tile_yscale="1"
tile_asset="329"
[lvl_tiles_387]
tile_x="4424"
tile_y="2576"
tile_depth="4"
tile_alpha="1"
tile_xscale="1"
tile_yscale="1"
tile_asset="330"
[lvl_tiles_388]
tile_x="4296"
tile_y="2656"
tile_depth="4"
tile_alpha="1"
tile_xscale="1"
tile_yscale="1"
tile_asset="330"
[lvl_tiles_389]
tile_x="4424"
tile_y="2656"
tile_depth="4"
tile_alpha="1"
tile_xscale="1"
tile_yscale="1"
tile_asset="328"
[lvl_tiles_390]
tile_x="768"
tile_y="2792"
tile_depth="4"
tile_alpha="1"
tile_xscale="1"
tile_yscale="1"
tile_asset="494"
[lvl_tiles_391]
tile_x="640"
tile_y="2744"
tile_depth="4"
tile_alpha="1"
tile_xscale="1"
tile_yscale="1"
tile_asset="323"
[lvl_tiles_392]
tile_x="180"
tile_y="2584"
tile_depth="4"
tile_alpha="1"
tile_xscale="1"
tile_yscale="1"
tile_asset="438"
[lvl_tiles_393]
tile_x="180"
tile_y="2592"
tile_depth="4"
tile_alpha="1"
tile_xscale="1"
tile_yscale="1"
tile_asset="440"
[lvl_tiles_394]
tile_x="180"
tile_y="2656"
tile_depth="4"
tile_alpha="1"
tile_xscale="1"
tile_yscale="1"
tile_asset="440"
[lvl_tiles_395]
tile_x="608"
tile_y="2584"
tile_depth="4"
tile_alpha="1"
tile_xscale="1"
tile_yscale="1"
tile_asset="438"
[lvl_tiles_396]
tile_x="608"
tile_y="2592"
tile_depth="4"
tile_alpha="1"
tile_xscale="1"
tile_yscale="1"
tile_asset="440"
[lvl_tiles_397]
tile_x="608"
tile_y="2656"
tile_depth="4"
tile_alpha="1"
tile_xscale="1"
tile_yscale="1"
tile_asset="440"
[lvl_tiles_398]
tile_x="1056"
tile_y="2584"
tile_depth="4"
tile_alpha="1"
tile_xscale="1"
tile_yscale="1"
tile_asset="438"
[lvl_tiles_399]
tile_x="1056"
tile_y="2592"
tile_depth="4"
tile_alpha="1"
tile_xscale="1"
tile_yscale="1"
tile_asset="440"
[lvl_tiles_400]
tile_x="1056"
tile_y="2656"
tile_depth="4"
tile_alpha="1"
tile_xscale="1"
tile_yscale="1"
tile_asset="440"
[lvl_tiles_401]
tile_x="1560"
tile_y="2584"
tile_depth="4"
tile_alpha="1"
tile_xscale="1"
tile_yscale="1"
tile_asset="438"
[lvl_tiles_402]
tile_x="1560"
tile_y="2592"
tile_depth="4"
tile_alpha="1"
tile_xscale="1"
tile_yscale="1"
tile_asset="440"
[lvl_tiles_403]
tile_x="1560"
tile_y="2656"
tile_depth="4"
tile_alpha="1"
tile_xscale="1"
tile_yscale="1"
tile_asset="440"
[lvl_tiles_404]
tile_x="1960"
tile_y="2584"
tile_depth="4"
tile_alpha="1"
tile_xscale="1"
tile_yscale="1"
tile_asset="438"
[lvl_tiles_405]
tile_x="1960"
tile_y="2592"
tile_depth="4"
tile_alpha="1"
tile_xscale="1"
tile_yscale="1"
tile_asset="440"
[lvl_tiles_406]
tile_x="1960"
tile_y="2656"
tile_depth="4"
tile_alpha="1"
tile_xscale="1"
tile_yscale="1"
tile_asset="440"
[lvl_tiles_407]
tile_x="2196"
tile_y="2584"
tile_depth="4"
tile_alpha="1"
tile_xscale="1"
tile_yscale="1"
tile_asset="438"
[lvl_tiles_408]
tile_x="2196"
tile_y="2592"
tile_depth="4"
tile_alpha="1"
tile_xscale="1"
tile_yscale="1"
tile_asset="440"
[lvl_tiles_409]
tile_x="2196"
tile_y="2656"
tile_depth="4"
tile_alpha="1"
tile_xscale="1"
tile_yscale="1"
tile_asset="440"
[lvl_tiles_410]
tile_x="2564"
tile_y="2584"
tile_depth="4"
tile_alpha="1"
tile_xscale="1"
tile_yscale="1"
tile_asset="438"
[lvl_tiles_411]
tile_x="2564"
tile_y="2592"
tile_depth="4"
tile_alpha="1"
tile_xscale="1"
tile_yscale="1"
tile_asset="440"
[lvl_tiles_412]
tile_x="2564"
tile_y="2656"
tile_depth="4"
tile_alpha="1"
tile_xscale="1"
tile_yscale="1"
tile_asset="440"
[lvl_tiles_413]
tile_x="2996"
tile_y="2584"
tile_depth="4"
tile_alpha="1"
tile_xscale="1"
tile_yscale="1"
tile_asset="438"
[lvl_tiles_414]
tile_x="2996"
tile_y="2592"
tile_depth="4"
tile_alpha="1"
tile_xscale="1"
tile_yscale="1"
tile_asset="440"
[lvl_tiles_415]
tile_x="2996"
tile_y="2656"
tile_depth="4"
tile_alpha="1"
tile_xscale="1"
tile_yscale="1"
tile_asset="440"
[lvl_tiles_416]
tile_x="3980"
tile_y="2584"
tile_depth="4"
tile_alpha="1"
tile_xscale="1"
tile_yscale="1"
tile_asset="438"
[lvl_tiles_417]
tile_x="3980"
tile_y="2592"
tile_depth="4"
tile_alpha="1"
tile_xscale="1"
tile_yscale="1"
tile_asset="440"
[lvl_tiles_418]
tile_x="3980"
tile_y="2656"
tile_depth="4"
tile_alpha="1"
tile_xscale="1"
tile_yscale="1"
tile_asset="440"
[lvl_tiles_419]
tile_x="4652"
tile_y="2584"
tile_depth="4"
tile_alpha="1"
tile_xscale="1"
tile_yscale="1"
tile_asset="438"
[lvl_tiles_420]
tile_x="4652"
tile_y="2592"
tile_depth="4"
tile_alpha="1"
tile_xscale="1"
tile_yscale="1"
tile_asset="440"
[lvl_tiles_421]
tile_x="4208"
tile_y="2584"
tile_depth="4"
tile_alpha="1"
tile_xscale="1"
tile_yscale="1"
tile_asset="438"
[lvl_tiles_422]
tile_x="4208"
tile_y="2592"
tile_depth="4"
tile_alpha="1"
tile_xscale="1"
tile_yscale="1"
tile_asset="440"
[lvl_tiles_423]
tile_x="4208"
tile_y="2656"
tile_depth="4"
tile_alpha="1"
tile_xscale="1"
tile_yscale="1"
tile_asset="440"
[lvl_tiles_424]
tile_x="436"
tile_y="2672"
tile_depth="4"
tile_alpha="1"
tile_xscale="1"
tile_yscale="1"
tile_asset="407"
[lvl_tiles_425]
tile_x="2068"
tile_y="2672"
tile_depth="4"
tile_alpha="1"
tile_xscale="1"
tile_yscale="1"
tile_asset="407"
[lvl_tiles_426]
tile_x="2376"
tile_y="2672"
tile_depth="4"
tile_alpha="1"
tile_xscale="1"
tile_yscale="1"
tile_asset="407"
[lvl_tiles_427]
tile_x="2764"
tile_y="2672"
tile_depth="4"
tile_alpha="1"
tile_xscale="1"
tile_yscale="1"
tile_asset="407"
[lvl_tiles_428]
tile_x="3120"
tile_y="2672"
tile_depth="4"
tile_alpha="1"
tile_xscale="1"
tile_yscale="1"
tile_asset="407"
[lvl_tiles_429]
tile_x="3872"
tile_y="2672"
tile_depth="4"
tile_alpha="1"
tile_xscale="1"
tile_yscale="1"
tile_asset="407"
[lvl_tiles_430]
tile_x="4592"
tile_y="2672"
tile_depth="4"
tile_alpha="1"
tile_xscale="1"
tile_yscale="1"
tile_asset="407"
[lvl_tiles_431]
tile_x="0"
tile_y="2760"
tile_depth="0"
tile_alpha="1"
tile_xscale="1"
tile_yscale="1"
tile_asset="93"
[lvl_tiles_432]
tile_x="0"
tile_y="2760"
tile_depth="0"
tile_alpha="1"
tile_xscale="1"
tile_yscale="1"
tile_asset="93"
[lvl_tiles_433]
tile_x="128"
tile_y="2760"
tile_depth="0"
tile_alpha="1"
tile_xscale="1"
tile_yscale="1"
tile_asset="93"
[lvl_tiles_434]
tile_x="256"
tile_y="2760"
tile_depth="0"
tile_alpha="1"
tile_xscale="1"
tile_yscale="1"
tile_asset="93"
[lvl_tiles_435]
tile_x="384"
tile_y="2760"
tile_depth="0"
tile_alpha="1"
tile_xscale="1"
tile_yscale="1"
tile_asset="93"
[lvl_tiles_436]
tile_x="512"
tile_y="2760"
tile_depth="0"
tile_alpha="1"
tile_xscale="1"
tile_yscale="1"
tile_asset="93"
[lvl_tiles_437]
tile_x="768"
tile_y="2760"
tile_depth="0"
tile_alpha="1"
tile_xscale="1"
tile_yscale="1"
tile_asset="93"
[lvl_tiles_438]
tile_x="896"
tile_y="2760"
tile_depth="0"
tile_alpha="1"
tile_xscale="1"
tile_yscale="1"
tile_asset="93"
[lvl_tiles_439]
tile_x="1024"
tile_y="2760"
tile_depth="0"
tile_alpha="1"
tile_xscale="1"
tile_yscale="1"
tile_asset="93"
[lvl_tiles_440]
tile_x="1152"
tile_y="2760"
tile_depth="0"
tile_alpha="1"
tile_xscale="1"
tile_yscale="1"
tile_asset="93"
[lvl_tiles_441]
tile_x="1280"
tile_y="2760"
tile_depth="0"
tile_alpha="1"
tile_xscale="1"
tile_yscale="1"
tile_asset="93"
[lvl_tiles_442]
tile_x="1408"
tile_y="2760"
tile_depth="0"
tile_alpha="1"
tile_xscale="1"
tile_yscale="1"
tile_asset="93"
[lvl_tiles_443]
tile_x="1536"
tile_y="2760"
tile_depth="0"
tile_alpha="1"
tile_xscale="1"
tile_yscale="1"
tile_asset="93"
[lvl_tiles_444]
tile_x="1664"
tile_y="2760"
tile_depth="0"
tile_alpha="1"
tile_xscale="1"
tile_yscale="1"
tile_asset="93"
[lvl_tiles_445]
tile_x="1792"
tile_y="2760"
tile_depth="0"
tile_alpha="1"
tile_xscale="1"
tile_yscale="1"
tile_asset="93"
[lvl_tiles_446]
tile_x="1920"
tile_y="2760"
tile_depth="0"
tile_alpha="1"
tile_xscale="1"
tile_yscale="1"
tile_asset="93"
[lvl_tiles_447]
tile_x="2048"
tile_y="2760"
tile_depth="0"
tile_alpha="1"
tile_xscale="1"
tile_yscale="1"
tile_asset="93"
[lvl_tiles_448]
tile_x="2176"
tile_y="2760"
tile_depth="0"
tile_alpha="1"
tile_xscale="1"
tile_yscale="1"
tile_asset="93"
[lvl_tiles_449]
tile_x="2304"
tile_y="2760"
tile_depth="0"
tile_alpha="1"
tile_xscale="1"
tile_yscale="1"
tile_asset="93"
[lvl_tiles_450]
tile_x="2432"
tile_y="2760"
tile_depth="0"
tile_alpha="1"
tile_xscale="1"
tile_yscale="1"
tile_asset="93"
[lvl_tiles_451]
tile_x="2560"
tile_y="2760"
tile_depth="0"
tile_alpha="1"
tile_xscale="1"
tile_yscale="1"
tile_asset="93"
[lvl_tiles_452]
tile_x="2688"
tile_y="2760"
tile_depth="0"
tile_alpha="1"
tile_xscale="1"
tile_yscale="1"
tile_asset="93"
[lvl_tiles_453]
tile_x="2816"
tile_y="2760"
tile_depth="0"
tile_alpha="1"
tile_xscale="1"
tile_yscale="1"
tile_asset="93"
[lvl_tiles_454]
tile_x="2816"
tile_y="2760"
tile_depth="0"
tile_alpha="1"
tile_xscale="1"
tile_yscale="1"
tile_asset="93"
[lvl_tiles_455]
tile_x="2944"
tile_y="2760"
tile_depth="0"
tile_alpha="1"
tile_xscale="1"
tile_yscale="1"
tile_asset="93"
[lvl_tiles_456]
tile_x="3072"
tile_y="2760"
tile_depth="0"
tile_alpha="1"
tile_xscale="1"
tile_yscale="1"
tile_asset="93"
[lvl_tiles_457]
tile_x="3200"
tile_y="2760"
tile_depth="0"
tile_alpha="1"
tile_xscale="1"
tile_yscale="1"
tile_asset="93"
[lvl_tiles_458]
tile_x="3328"
tile_y="2760"
tile_depth="0"
tile_alpha="1"
tile_xscale="1"
tile_yscale="1"
tile_asset="93"
[lvl_tiles_459]
tile_x="3456"
tile_y="2760"
tile_depth="0"
tile_alpha="1"
tile_xscale="1"
tile_yscale="1"
tile_asset="93"
[lvl_tiles_460]
tile_x="3584"
tile_y="2760"
tile_depth="0"
tile_alpha="1"
tile_xscale="1"
tile_yscale="1"
tile_asset="93"
[lvl_tiles_461]
tile_x="3712"
tile_y="2760"
tile_depth="0"
tile_alpha="1"
tile_xscale="1"
tile_yscale="1"
tile_asset="93"
[lvl_tiles_462]
tile_x="3840"
tile_y="2760"
tile_depth="0"
tile_alpha="1"
tile_xscale="1"
tile_yscale="1"
tile_asset="93"
[lvl_tiles_463]
tile_x="3968"
tile_y="2760"
tile_depth="0"
tile_alpha="1"
tile_xscale="1"
tile_yscale="1"
tile_asset="93"
[lvl_tiles_464]
tile_x="4096"
tile_y="2760"
tile_depth="0"
tile_alpha="1"
tile_xscale="1"
tile_yscale="1"
tile_asset="93"
[lvl_tiles_465]
tile_x="4224"
tile_y="2760"
tile_depth="0"
tile_alpha="1"
tile_xscale="1"
tile_yscale="1"
tile_asset="93"
[lvl_tiles_466]
tile_x="4352"
tile_y="2760"
tile_depth="0"
tile_alpha="1"
tile_xscale="1"
tile_yscale="1"
tile_asset="93"
[lvl_tiles_467]
tile_x="4480"
tile_y="2760"
tile_depth="0"
tile_alpha="1"
tile_xscale="1"
tile_yscale="1"
tile_asset="93"
[lvl_tiles_468]
tile_x="4608"
tile_y="2760"
tile_depth="0"
tile_alpha="1"
tile_xscale="1"
tile_yscale="1"
tile_asset="93"
[lvl_tiles_469]
tile_x="640"
tile_y="2760"
tile_depth="0"
tile_alpha="1"
tile_xscale="1"
tile_yscale="1"
tile_asset="93"
[lvl_tiles_470]
tile_x="0"
tile_y="2756"
tile_depth="-1"
tile_alpha="1"
tile_xscale="1"
tile_yscale="1"
tile_asset="781"
[lvl_tiles_471]
tile_x="0"
tile_y="2756"
tile_depth="-1"
tile_alpha="1"
tile_xscale="1"
tile_yscale="1"
tile_asset="781"
[lvl_tiles_472]
tile_x="48"
tile_y="2756"
tile_depth="-1"
tile_alpha="1"
tile_xscale="1"
tile_yscale="1"
tile_asset="781"
[lvl_tiles_473]
tile_x="96"
tile_y="2756"
tile_depth="-1"
tile_alpha="1"
tile_xscale="1"
tile_yscale="1"
tile_asset="781"
[lvl_tiles_474]
tile_x="144"
tile_y="2756"
tile_depth="-1"
tile_alpha="1"
tile_xscale="1"
tile_yscale="1"
tile_asset="781"
[lvl_tiles_475]
tile_x="192"
tile_y="2756"
tile_depth="-1"
tile_alpha="1"
tile_xscale="1"
tile_yscale="1"
tile_asset="781"
[lvl_tiles_476]
tile_x="240"
tile_y="2756"
tile_depth="-1"
tile_alpha="1"
tile_xscale="1"
tile_yscale="1"
tile_asset="781"
[lvl_tiles_477]
tile_x="288"
tile_y="2756"
tile_depth="-1"
tile_alpha="1"
tile_xscale="1"
tile_yscale="1"
tile_asset="781"
[lvl_tiles_478]
tile_x="336"
tile_y="2756"
tile_depth="-1"
tile_alpha="1"
tile_xscale="1"
tile_yscale="1"
tile_asset="781"
[lvl_tiles_479]
tile_x="384"
tile_y="2756"
tile_depth="-1"
tile_alpha="1"
tile_xscale="1"
tile_yscale="1"
tile_asset="781"
[lvl_tiles_480]
tile_x="432"
tile_y="2756"
tile_depth="-1"
tile_alpha="1"
tile_xscale="1"
tile_yscale="1"
tile_asset="781"
[lvl_tiles_481]
tile_x="480"
tile_y="2756"
tile_depth="-1"
tile_alpha="1"
tile_xscale="1"
tile_yscale="1"
tile_asset="781"
[lvl_tiles_482]
tile_x="528"
tile_y="2756"
tile_depth="-1"
tile_alpha="1"
tile_xscale="1"
tile_yscale="1"
tile_asset="781"
[lvl_tiles_483]
tile_x="576"
tile_y="2756"
tile_depth="-1"
tile_alpha="1"
tile_xscale="1"
tile_yscale="1"
tile_asset="781"
[lvl_tiles_484]
tile_x="624"
tile_y="2756"
tile_depth="-1"
tile_alpha="1"
tile_xscale="1"
tile_yscale="1"
tile_asset="781"
[lvl_tiles_485]
tile_x="672"
tile_y="2756"
tile_depth="-1"
tile_alpha="1"
tile_xscale="1"
tile_yscale="1"
tile_asset="781"
[lvl_tiles_486]
tile_x="720"
tile_y="2756"
tile_depth="-1"
tile_alpha="1"
tile_xscale="1"
tile_yscale="1"
tile_asset="781"
[lvl_tiles_487]
tile_x="768"
tile_y="2756"
tile_depth="-1"
tile_alpha="1"
tile_xscale="1"
tile_yscale="1"
tile_asset="781"
[lvl_tiles_488]
tile_x="816"
tile_y="2756"
tile_depth="-1"
tile_alpha="1"
tile_xscale="1"
tile_yscale="1"
tile_asset="781"
[lvl_tiles_489]
tile_x="864"
tile_y="2756"
tile_depth="-1"
tile_alpha="1"
tile_xscale="1"
tile_yscale="1"
tile_asset="781"
[lvl_tiles_490]
tile_x="912"
tile_y="2756"
tile_depth="-1"
tile_alpha="1"
tile_xscale="1"
tile_yscale="1"
tile_asset="781"
[lvl_tiles_491]
tile_x="960"
tile_y="2756"
tile_depth="-1"
tile_alpha="1"
tile_xscale="1"
tile_yscale="1"
tile_asset="781"
[lvl_tiles_492]
tile_x="1008"
tile_y="2756"
tile_depth="-1"
tile_alpha="1"
tile_xscale="1"
tile_yscale="1"
tile_asset="781"
[lvl_tiles_493]
tile_x="1056"
tile_y="2756"
tile_depth="-1"
tile_alpha="1"
tile_xscale="1"
tile_yscale="1"
tile_asset="781"
[lvl_tiles_494]
tile_x="1104"
tile_y="2756"
tile_depth="-1"
tile_alpha="1"
tile_xscale="1"
tile_yscale="1"
tile_asset="781"
[lvl_tiles_495]
tile_x="1152"
tile_y="2756"
tile_depth="-1"
tile_alpha="1"
tile_xscale="1"
tile_yscale="1"
tile_asset="781"
[lvl_tiles_496]
tile_x="1200"
tile_y="2756"
tile_depth="-1"
tile_alpha="1"
tile_xscale="1"
tile_yscale="1"
tile_asset="781"
[lvl_tiles_497]
tile_x="1248"
tile_y="2756"
tile_depth="-1"
tile_alpha="1"
tile_xscale="1"
tile_yscale="1"
tile_asset="781"
[lvl_tiles_498]
tile_x="1296"
tile_y="2756"
tile_depth="-1"
tile_alpha="1"
tile_xscale="1"
tile_yscale="1"
tile_asset="781"
[lvl_tiles_499]
tile_x="1344"
tile_y="2756"
tile_depth="-1"
tile_alpha="1"
tile_xscale="1"
tile_yscale="1"
tile_asset="781"
[lvl_tiles_500]
tile_x="1392"
tile_y="2756"
tile_depth="-1"
tile_alpha="1"
tile_xscale="1"
tile_yscale="1"
tile_asset="781"
[lvl_tiles_501]
tile_x="1440"
tile_y="2756"
tile_depth="-1"
tile_alpha="1"
tile_xscale="1"
tile_yscale="1"
tile_asset="781"
[lvl_tiles_502]
tile_x="1488"
tile_y="2756"
tile_depth="-1"
tile_alpha="1"
tile_xscale="1"
tile_yscale="1"
tile_asset="781"
[lvl_tiles_503]
tile_x="1536"
tile_y="2756"
tile_depth="-1"
tile_alpha="1"
tile_xscale="1"
tile_yscale="1"
tile_asset="781"
[lvl_tiles_504]
tile_x="1584"
tile_y="2756"
tile_depth="-1"
tile_alpha="1"
tile_xscale="1"
tile_yscale="1"
tile_asset="781"
[lvl_tiles_505]
tile_x="1632"
tile_y="2756"
tile_depth="-1"
tile_alpha="1"
tile_xscale="1"
tile_yscale="1"
tile_asset="781"
[lvl_tiles_506]
tile_x="1680"
tile_y="2756"
tile_depth="-1"
tile_alpha="1"
tile_xscale="1"
tile_yscale="1"
tile_asset="781"
[lvl_tiles_507]
tile_x="1728"
tile_y="2756"
tile_depth="-1"
tile_alpha="1"
tile_xscale="1"
tile_yscale="1"
tile_asset="781"
[lvl_tiles_508]
tile_x="1776"
tile_y="2756"
tile_depth="-1"
tile_alpha="1"
tile_xscale="1"
tile_yscale="1"
tile_asset="781"
[lvl_tiles_509]
tile_x="1824"
tile_y="2756"
tile_depth="-1"
tile_alpha="1"
tile_xscale="1"
tile_yscale="1"
tile_asset="781"
[lvl_tiles_510]
tile_x="1872"
tile_y="2756"
tile_depth="-1"
tile_alpha="1"
tile_xscale="1"
tile_yscale="1"
tile_asset="781"
[lvl_tiles_511]
tile_x="1920"
tile_y="2756"
tile_depth="-1"
tile_alpha="1"
tile_xscale="1"
tile_yscale="1"
tile_asset="781"
[lvl_tiles_512]
tile_x="1968"
tile_y="2756"
tile_depth="-1"
tile_alpha="1"
tile_xscale="1"
tile_yscale="1"
tile_asset="781"
[lvl_tiles_513]
tile_x="2016"
tile_y="2756"
tile_depth="-1"
tile_alpha="1"
tile_xscale="1"
tile_yscale="1"
tile_asset="781"
[lvl_tiles_514]
tile_x="2064"
tile_y="2756"
tile_depth="-1"
tile_alpha="1"
tile_xscale="1"
tile_yscale="1"
tile_asset="781"
[lvl_tiles_515]
tile_x="2112"
tile_y="2756"
tile_depth="-1"
tile_alpha="1"
tile_xscale="1"
tile_yscale="1"
tile_asset="781"
[lvl_tiles_516]
tile_x="2160"
tile_y="2756"
tile_depth="-1"
tile_alpha="1"
tile_xscale="1"
tile_yscale="1"
tile_asset="781"
[lvl_tiles_517]
tile_x="2208"
tile_y="2756"
tile_depth="-1"
tile_alpha="1"
tile_xscale="1"
tile_yscale="1"
tile_asset="781"
[lvl_tiles_518]
tile_x="2256"
tile_y="2756"
tile_depth="-1"
tile_alpha="1"
tile_xscale="1"
tile_yscale="1"
tile_asset="781"
[lvl_tiles_519]
tile_x="2304"
tile_y="2756"
tile_depth="-1"
tile_alpha="1"
tile_xscale="1"
tile_yscale="1"
tile_asset="781"
[lvl_tiles_520]
tile_x="2352"
tile_y="2756"
tile_depth="-1"
tile_alpha="1"
tile_xscale="1"
tile_yscale="1"
tile_asset="781"
[lvl_tiles_521]
tile_x="2400"
tile_y="2756"
tile_depth="-1"
tile_alpha="1"
tile_xscale="1"
tile_yscale="1"
tile_asset="781"
[lvl_tiles_522]
tile_x="2448"
tile_y="2756"
tile_depth="-1"
tile_alpha="1"
tile_xscale="1"
tile_yscale="1"
tile_asset="781"
[lvl_tiles_523]
tile_x="2496"
tile_y="2756"
tile_depth="-1"
tile_alpha="1"
tile_xscale="1"
tile_yscale="1"
tile_asset="781"
[lvl_tiles_524]
tile_x="2544"
tile_y="2756"
tile_depth="-1"
tile_alpha="1"
tile_xscale="1"
tile_yscale="1"
tile_asset="781"
[lvl_tiles_525]
tile_x="2592"
tile_y="2756"
tile_depth="-1"
tile_alpha="1"
tile_xscale="1"
tile_yscale="1"
tile_asset="781"
[lvl_tiles_526]
tile_x="2640"
tile_y="2756"
tile_depth="-1"
tile_alpha="1"
tile_xscale="1"
tile_yscale="1"
tile_asset="781"
[lvl_tiles_527]
tile_x="2688"
tile_y="2756"
tile_depth="-1"
tile_alpha="1"
tile_xscale="1"
tile_yscale="1"
tile_asset="781"
[lvl_tiles_528]
tile_x="2736"
tile_y="2756"
tile_depth="-1"
tile_alpha="1"
tile_xscale="1"
tile_yscale="1"
tile_asset="781"
[lvl_tiles_529]
tile_x="2784"
tile_y="2756"
tile_depth="-1"
tile_alpha="1"
tile_xscale="1"
tile_yscale="1"
tile_asset="781"
[lvl_tiles_530]
tile_x="2832"
tile_y="2756"
tile_depth="-1"
tile_alpha="1"
tile_xscale="1"
tile_yscale="1"
tile_asset="781"
[lvl_tiles_531]
tile_x="2880"
tile_y="2756"
tile_depth="-1"
tile_alpha="1"
tile_xscale="1"
tile_yscale="1"
tile_asset="781"
[lvl_tiles_532]
tile_x="2928"
tile_y="2756"
tile_depth="-1"
tile_alpha="1"
tile_xscale="1"
tile_yscale="1"
tile_asset="781"
[lvl_tiles_533]
tile_x="2976"
tile_y="2756"
tile_depth="-1"
tile_alpha="1"
tile_xscale="1"
tile_yscale="1"
tile_asset="781"
[lvl_tiles_534]
tile_x="3024"
tile_y="2756"
tile_depth="-1"
tile_alpha="1"
tile_xscale="1"
tile_yscale="1"
tile_asset="781"
[lvl_tiles_535]
tile_x="3072"
tile_y="2756"
tile_depth="-1"
tile_alpha="1"
tile_xscale="1"
tile_yscale="1"
tile_asset="781"
[lvl_tiles_536]
tile_x="3120"
tile_y="2756"
tile_depth="-1"
tile_alpha="1"
tile_xscale="1"
tile_yscale="1"
tile_asset="781"
[lvl_tiles_537]
tile_x="3168"
tile_y="2756"
tile_depth="-1"
tile_alpha="1"
tile_xscale="1"
tile_yscale="1"
tile_asset="781"
[lvl_tiles_538]
tile_x="3216"
tile_y="2756"
tile_depth="-1"
tile_alpha="1"
tile_xscale="1"
tile_yscale="1"
tile_asset="781"
[lvl_tiles_539]
tile_x="3264"
tile_y="2756"
tile_depth="-1"
tile_alpha="1"
tile_xscale="1"
tile_yscale="1"
tile_asset="781"
[lvl_tiles_540]
tile_x="3312"
tile_y="2756"
tile_depth="-1"
tile_alpha="1"
tile_xscale="1"
tile_yscale="1"
tile_asset="781"
[lvl_tiles_541]
tile_x="3360"
tile_y="2756"
tile_depth="-1"
tile_alpha="1"
tile_xscale="1"
tile_yscale="1"
tile_asset="781"
[lvl_tiles_542]
tile_x="3408"
tile_y="2756"
tile_depth="-1"
tile_alpha="1"
tile_xscale="1"
tile_yscale="1"
tile_asset="781"
[lvl_tiles_543]
tile_x="3456"
tile_y="2756"
tile_depth="-1"
tile_alpha="1"
tile_xscale="1"
tile_yscale="1"
tile_asset="781"
[lvl_tiles_544]
tile_x="3504"
tile_y="2756"
tile_depth="-1"
tile_alpha="1"
tile_xscale="1"
tile_yscale="1"
tile_asset="781"
[lvl_tiles_545]
tile_x="3552"
tile_y="2756"
tile_depth="-1"
tile_alpha="1"
tile_xscale="1"
tile_yscale="1"
tile_asset="781"
[lvl_tiles_546]
tile_x="3600"
tile_y="2756"
tile_depth="-1"
tile_alpha="1"
tile_xscale="1"
tile_yscale="1"
tile_asset="781"
[lvl_tiles_547]
tile_x="3648"
tile_y="2756"
tile_depth="-1"
tile_alpha="1"
tile_xscale="1"
tile_yscale="1"
tile_asset="781"
[lvl_tiles_548]
tile_x="3696"
tile_y="2756"
tile_depth="-1"
tile_alpha="1"
tile_xscale="1"
tile_yscale="1"
tile_asset="781"
[lvl_tiles_549]
tile_x="3744"
tile_y="2756"
tile_depth="-1"
tile_alpha="1"
tile_xscale="1"
tile_yscale="1"
tile_asset="781"
[lvl_tiles_550]
tile_x="3792"
tile_y="2756"
tile_depth="-1"
tile_alpha="1"
tile_xscale="1"
tile_yscale="1"
tile_asset="781"
[lvl_tiles_551]
tile_x="3840"
tile_y="2756"
tile_depth="-1"
tile_alpha="1"
tile_xscale="1"
tile_yscale="1"
tile_asset="781"
[lvl_tiles_552]
tile_x="3888"
tile_y="2756"
tile_depth="-1"
tile_alpha="1"
tile_xscale="1"
tile_yscale="1"
tile_asset="781"
[lvl_tiles_553]
tile_x="3936"
tile_y="2756"
tile_depth="-1"
tile_alpha="1"
tile_xscale="1"
tile_yscale="1"
tile_asset="781"
[lvl_tiles_554]
tile_x="3984"
tile_y="2756"
tile_depth="-1"
tile_alpha="1"
tile_xscale="1"
tile_yscale="1"
tile_asset="781"
[lvl_tiles_555]
tile_x="4032"
tile_y="2756"
tile_depth="-1"
tile_alpha="1"
tile_xscale="1"
tile_yscale="1"
tile_asset="781"
[lvl_tiles_556]
tile_x="4080"
tile_y="2756"
tile_depth="-1"
tile_alpha="1"
tile_xscale="1"
tile_yscale="1"
tile_asset="781"
[lvl_tiles_557]
tile_x="4128"
tile_y="2756"
tile_depth="-1"
tile_alpha="1"
tile_xscale="1"
tile_yscale="1"
tile_asset="781"
[lvl_tiles_558]
tile_x="4176"
tile_y="2756"
tile_depth="-1"
tile_alpha="1"
tile_xscale="1"
tile_yscale="1"
tile_asset="781"
[lvl_tiles_559]
tile_x="4224"
tile_y="2756"
tile_depth="-1"
tile_alpha="1"
tile_xscale="1"
tile_yscale="1"
tile_asset="781"
[lvl_tiles_560]
tile_x="4272"
tile_y="2756"
tile_depth="-1"
tile_alpha="1"
tile_xscale="1"
tile_yscale="1"
tile_asset="781"
[lvl_tiles_561]
tile_x="4320"
tile_y="2756"
tile_depth="-1"
tile_alpha="1"
tile_xscale="1"
tile_yscale="1"
tile_asset="781"
[lvl_tiles_562]
tile_x="4368"
tile_y="2756"
tile_depth="-1"
tile_alpha="1"
tile_xscale="1"
tile_yscale="1"
tile_asset="781"
[lvl_tiles_563]
tile_x="4416"
tile_y="2756"
tile_depth="-1"
tile_alpha="1"
tile_xscale="1"
tile_yscale="1"
tile_asset="781"
[lvl_tiles_564]
tile_x="4464"
tile_y="2756"
tile_depth="-1"
tile_alpha="1"
tile_xscale="1"
tile_yscale="1"
tile_asset="781"
[lvl_tiles_565]
tile_x="4512"
tile_y="2756"
tile_depth="-1"
tile_alpha="1"
tile_xscale="1"
tile_yscale="1"
tile_asset="781"
[lvl_tiles_566]
tile_x="4560"
tile_y="2756"
tile_depth="-1"
tile_alpha="1"
tile_xscale="1"
tile_yscale="1"
tile_asset="781"
[lvl_tiles_567]
tile_x="4608"
tile_y="2756"
tile_depth="-1"
tile_alpha="1"
tile_xscale="1"
tile_yscale="1"
tile_asset="781"
[lvl_tiles_568]
tile_x="4656"
tile_y="2756"
tile_depth="-1"
tile_alpha="1"
tile_xscale="1"
tile_yscale="1"
tile_asset="781"
[lvl_tiles_569]
tile_x="4704"
tile_y="2756"
tile_depth="-1"
tile_alpha="1"
tile_xscale="1"
tile_yscale="1"
tile_asset="781"
[lvl_tiles_570]
tile_x="1197"
tile_y="2585"
tile_depth="-1"
tile_alpha="1"
tile_xscale="1"
tile_yscale="1"
tile_asset="458"
[lvl_tiles_571]
tile_x="1219"
tile_y="2676"
tile_depth="-1"
tile_alpha="1"
tile_xscale="1"
tile_yscale="1"
tile_asset="73"
[lvl_tiles_572]
tile_x="1254"
tile_y="2657"
tile_depth="-1"
tile_alpha="1"
tile_xscale="1"
tile_yscale="1"
tile_asset="462"
[lvl_tiles_573]
tile_x="1340"
tile_y="2657"
tile_depth="-1"
tile_alpha="1"
tile_xscale="1"
tile_yscale="1"
tile_asset="462"
[lvl_tiles_574]
tile_x="3506"
tile_y="2565"
tile_depth="-1"
tile_alpha="1"
tile_xscale="1"
tile_yscale="1"
tile_asset="485"
[lvl_tiles_575]
tile_x="3555"
tile_y="2703"
tile_depth="-1"
tile_alpha="1"
tile_xscale="1"
tile_yscale="1"
tile_asset="408"
[lvl_tiles_576]
tile_x="1278"
tile_y="2679"
tile_depth="-2"
tile_alpha="1"
tile_xscale="1"
tile_yscale="1"
tile_asset="459"
[lvl_tiles_577]
tile_x="1279"
tile_y="2703"
tile_depth="-2"
tile_alpha="1"
tile_xscale="1"
tile_yscale="1"
tile_asset="785"
[lvl_tiles_578]
tile_x="1366"
tile_y="2688"
tile_depth="-2"
tile_alpha="1"
tile_xscale="1"
tile_yscale="1"
tile_asset="484"
[lvl_tiles_579]
tile_x="1366"
tile_y="2703"
tile_depth="-2"
tile_alpha="1"
tile_xscale="1"
tile_yscale="1"
tile_asset="785"
[lvl_objects_0]
obj_ignore="-1"
[lvl_objects_1]
obj_ignore="-1"
[lvl_objects_2]
obj_x="528"
obj_y="4408"
obj_asset="136"
obj_item="0"
[lvl_objects_3]
obj_x="1316"
obj_y="2735"
obj_asset="465"
obj_item="0"
[lvl_objects_4]
obj_x="1272"
obj_y="2736"
obj_asset="464"
obj_item="0"
[lvl_objects_5]
obj_x="1401"
obj_y="2736"
obj_asset="464"
obj_item="0"
[lvl_objects_6]
obj_x="1360"
obj_y="2735"
obj_asset="465"
obj_item="0"
[lvl_objects_7]
obj_x="0"
obj_y="0"
obj_asset="218"
obj_item="0"
[lvl_health]
health="14"
